  [1m[36mActiveRecord::SchemaMigration Load (0.1ms)[0m  [1mSELECT "schema_migrations".* FROM "schema_migrations"[0m
  [1m[35m (0.1ms)[0m  begin transaction
  [1m[36m (0.1ms)[0m  [1mcommit transaction[0m
  [1m[35m (0.0ms)[0m  begin transaction
  [1m[36m (0.0ms)[0m  [1mSAVEPOINT active_record_1[0m
  [1m[35mSQL (0.2ms)[0m  INSERT INTO "movies" ("title", "rating", "release_date", "created_at", "updated_at") VALUES (?, ?, ?, ?, ?)  [["title", "Aladdin"], ["rating", "G"], ["release_date", "1992-11-25 00:00:00.000000"], ["created_at", "2020-02-26 18:55:14.872679"], ["updated_at", "2020-02-26 18:55:14.872679"]]
  [1m[36m (0.0ms)[0m  [1mRELEASE SAVEPOINT active_record_1[0m
  [1m[35m (0.0ms)[0m  SAVEPOINT active_record_1
  [1m[36mSQL (0.6ms)[0m  [1mINSERT INTO "movies" ("title", "rating", "release_date", "created_at", "updated_at") VALUES (?, ?, ?, ?, ?)[0m  [["title", "The Terminator"], ["rating", "R"], ["release_date", "1984-10-26 00:00:00.000000"], ["created_at", "2020-02-26 18:55:14.874283"], ["updated_at", "2020-02-26 18:55:14.874283"]]
  [1m[35m (0.0ms)[0m  RELEASE SAVEPOINT active_record_1
  [1m[36m (0.0ms)[0m  [1mSAVEPOINT active_record_1[0m
  [1m[35mSQL (0.1ms)[0m  INSERT INTO "movies" ("title", "rating", "release_date", "created_at", "updated_at") VALUES (?, ?, ?, ?, ?)  [["title", "When Harry Met Sally"], ["rating", "R"], ["release_date", "1989-07-21 00:00:00.000000"], ["created_at", "2020-02-26 18:55:14.875934"], ["updated_at", "2020-02-26 18:55:14.875934"]]
  [1m[36m (0.0ms)[0m  [1mRELEASE SAVEPOINT active_record_1[0m
  [1m[35m (0.1ms)[0m  SAVEPOINT active_record_1
  [1m[36mSQL (0.1ms)[0m  [1mINSERT INTO "movies" ("title", "rating", "release_date", "created_at", "updated_at") VALUES (?, ?, ?, ?, ?)[0m  [["title", "The Help"], ["rating", "PG-13"], ["release_date", "2011-08-10 00:00:00.000000"], ["created_at", "2020-02-26 18:55:14.877056"], ["updated_at", "2020-02-26 18:55:14.877056"]]
  [1m[35m (0.0ms)[0m  RELEASE SAVEPOINT active_record_1
  [1m[36m (0.0ms)[0m  [1mSAVEPOINT active_record_1[0m
  [1m[35mSQL (0.1ms)[0m  INSERT INTO "movies" ("title", "rating", "release_date", "created_at", "updated_at") VALUES (?, ?, ?, ?, ?)  [["title", "Chocolat"], ["rating", "PG-13"], ["release_date", "2001-01-05 00:00:00.000000"], ["created_at", "2020-02-26 18:55:14.878133"], ["updated_at", "2020-02-26 18:55:14.878133"]]
  [1m[36m (0.0ms)[0m  [1mRELEASE SAVEPOINT active_record_1[0m
  [1m[35m (0.0ms)[0m  SAVEPOINT active_record_1
  [1m[36mSQL (0.1ms)[0m  [1mINSERT INTO "movies" ("title", "rating", "release_date", "created_at", "updated_at") VALUES (?, ?, ?, ?, ?)[0m  [["title", "Amelie"], ["rating", "R"], ["release_date", "2001-04-25 00:00:00.000000"], ["created_at", "2020-02-26 18:55:14.879189"], ["updated_at", "2020-02-26 18:55:14.879189"]]
  [1m[35m (0.0ms)[0m  RELEASE SAVEPOINT active_record_1
  [1m[36m (0.0ms)[0m  [1mSAVEPOINT active_record_1[0m
  [1m[35mSQL (0.1ms)[0m  INSERT INTO "movies" ("title", "rating", "release_date", "created_at", "updated_at") VALUES (?, ?, ?, ?, ?)  [["title", "2001: A Space Odyssey"], ["rating", "G"], ["release_date", "1968-04-06 00:00:00.000000"], ["created_at", "2020-02-26 18:55:14.880268"], ["updated_at", "2020-02-26 18:55:14.880268"]]
  [1m[36m (0.1ms)[0m  [1mRELEASE SAVEPOINT active_record_1[0m
  [1m[35m (0.0ms)[0m  SAVEPOINT active_record_1
  [1m[36mSQL (0.1ms)[0m  [1mINSERT INTO "movies" ("title", "rating", "release_date", "created_at", "updated_at") VALUES (?, ?, ?, ?, ?)[0m  [["title", "The Incredibles"], ["rating", "PG"], ["release_date", "2004-11-05 00:00:00.000000"], ["created_at", "2020-02-26 18:55:14.881362"], ["updated_at", "2020-02-26 18:55:14.881362"]]
  [1m[35m (0.1ms)[0m  RELEASE SAVEPOINT active_record_1
  [1m[36m (0.0ms)[0m  [1mSAVEPOINT active_record_1[0m
  [1m[35mSQL (0.1ms)[0m  INSERT INTO "movies" ("title", "rating", "release_date", "created_at", "updated_at") VALUES (?, ?, ?, ?, ?)  [["title", "Raiders of the Lost Ark"], ["rating", "PG"], ["release_date", "1981-06-12 00:00:00.000000"], ["created_at", "2020-02-26 18:55:14.882450"], ["updated_at", "2020-02-26 18:55:14.882450"]]
  [1m[36m (0.0ms)[0m  [1mRELEASE SAVEPOINT active_record_1[0m
  [1m[35m (0.0ms)[0m  SAVEPOINT active_record_1
  [1m[36mSQL (0.1ms)[0m  [1mINSERT INTO "movies" ("title", "rating", "release_date", "created_at", "updated_at") VALUES (?, ?, ?, ?, ?)[0m  [["title", "Chicken Run"], ["rating", "G"], ["release_date", "2000-06-21 00:00:00.000000"], ["created_at", "2020-02-26 18:55:14.883527"], ["updated_at", "2020-02-26 18:55:14.883527"]]
  [1m[35m (0.0ms)[0m  RELEASE SAVEPOINT active_record_1
Started GET "/movies" for 127.0.0.1 at 2020-02-26 18:55:14 +0000
Processing by MoviesController#index as HTML
  [1m[36mMovie Load (0.2ms)[0m  [1mSELECT "movies".* FROM "movies" WHERE "movies"."rating" IN ('G', 'PG', 'PG-13', 'NC-17', 'R')[0m
  Rendered movies/index.html.haml within layouts/application (5.4ms)
Completed 200 OK in 230ms (Views: 221.1ms | ActiveRecord: 0.2ms)
Started GET "/movies?utf8=%E2%9C%93&ratings[PG]=1&ratings[NC-17]=1&ratings[R]=1&commit=Refresh" for 127.0.0.1 at 2020-02-26 18:55:15 +0000
Processing by MoviesController#index as HTML
  Parameters: {"utf8"=>"✓", "ratings"=>{"PG"=>"1", "NC-17"=>"1", "R"=>"1"}, "commit"=>"Refresh"}
Redirected to http://www.example.com/movies?ratings%5BNC-17%5D=1&ratings%5BPG%5D=1&ratings%5BR%5D=1
Completed 302 Found in 1ms (ActiveRecord: 0.0ms)
Started GET "/movies?ratings[NC-17]=1&ratings[PG]=1&ratings[R]=1" for 127.0.0.1 at 2020-02-26 18:55:15 +0000
Processing by MoviesController#index as HTML
  Parameters: {"ratings"=>{"NC-17"=>"1", "PG"=>"1", "R"=>"1"}}
  [1m[35mMovie Load (0.2ms)[0m  SELECT "movies".* FROM "movies" WHERE "movies"."rating" IN ('NC-17', 'PG', 'R')
  Rendered movies/index.html.haml within layouts/application (2.0ms)
Completed 200 OK in 3ms (Views: 2.9ms | ActiveRecord: 0.2ms)
  [1m[36m (0.2ms)[0m  [1mrollback transaction[0m
  [1m[35m (0.0ms)[0m  begin transaction
  [1m[36m (0.0ms)[0m  [1mcommit transaction[0m
  [1m[35m (0.0ms)[0m  begin transaction
  [1m[36m (0.0ms)[0m  [1mSAVEPOINT active_record_1[0m
  [1m[35mSQL (0.1ms)[0m  INSERT INTO "movies" ("title", "rating", "release_date", "created_at", "updated_at") VALUES (?, ?, ?, ?, ?)  [["title", "Aladdin"], ["rating", "G"], ["release_date", "1992-11-25 00:00:00.000000"], ["created_at", "2020-02-26 18:55:15.167257"], ["updated_at", "2020-02-26 18:55:15.167257"]]
  [1m[36m (0.0ms)[0m  [1mRELEASE SAVEPOINT active_record_1[0m
  [1m[35m (0.0ms)[0m  SAVEPOINT active_record_1
  [1m[36mSQL (0.1ms)[0m  [1mINSERT INTO "movies" ("title", "rating", "release_date", "created_at", "updated_at") VALUES (?, ?, ?, ?, ?)[0m  [["title", "The Terminator"], ["rating", "R"], ["release_date", "1984-10-26 00:00:00.000000"], ["created_at", "2020-02-26 18:55:15.168566"], ["updated_at", "2020-02-26 18:55:15.168566"]]
  [1m[35m (0.1ms)[0m  RELEASE SAVEPOINT active_record_1
  [1m[36m (0.0ms)[0m  [1mSAVEPOINT active_record_1[0m
  [1m[35mSQL (0.1ms)[0m  INSERT INTO "movies" ("title", "rating", "release_date", "created_at", "updated_at") VALUES (?, ?, ?, ?, ?)  [["title", "When Harry Met Sally"], ["rating", "R"], ["release_date", "1989-07-21 00:00:00.000000"], ["created_at", "2020-02-26 18:55:15.169759"], ["updated_at", "2020-02-26 18:55:15.169759"]]
  [1m[36m (0.0ms)[0m  [1mRELEASE SAVEPOINT active_record_1[0m
  [1m[35m (0.0ms)[0m  SAVEPOINT active_record_1
  [1m[36mSQL (0.1ms)[0m  [1mINSERT INTO "movies" ("title", "rating", "release_date", "created_at", "updated_at") VALUES (?, ?, ?, ?, ?)[0m  [["title", "The Help"], ["rating", "PG-13"], ["release_date", "2011-08-10 00:00:00.000000"], ["created_at", "2020-02-26 18:55:15.170840"], ["updated_at", "2020-02-26 18:55:15.170840"]]
  [1m[35m (0.0ms)[0m  RELEASE SAVEPOINT active_record_1
  [1m[36m (0.0ms)[0m  [1mSAVEPOINT active_record_1[0m
  [1m[35mSQL (0.1ms)[0m  INSERT INTO "movies" ("title", "rating", "release_date", "created_at", "updated_at") VALUES (?, ?, ?, ?, ?)  [["title", "Chocolat"], ["rating", "PG-13"], ["release_date", "2001-01-05 00:00:00.000000"], ["created_at", "2020-02-26 18:55:15.171919"], ["updated_at", "2020-02-26 18:55:15.171919"]]
  [1m[36m (0.0ms)[0m  [1mRELEASE SAVEPOINT active_record_1[0m
  [1m[35m (0.1ms)[0m  SAVEPOINT active_record_1
  [1m[36mSQL (0.1ms)[0m  [1mINSERT INTO "movies" ("title", "rating", "release_date", "created_at", "updated_at") VALUES (?, ?, ?, ?, ?)[0m  [["title", "Amelie"], ["rating", "R"], ["release_date", "2001-04-25 00:00:00.000000"], ["created_at", "2020-02-26 18:55:15.173042"], ["updated_at", "2020-02-26 18:55:15.173042"]]
  [1m[35m (0.0ms)[0m  RELEASE SAVEPOINT active_record_1
  [1m[36m (0.0ms)[0m  [1mSAVEPOINT active_record_1[0m
  [1m[35mSQL (0.1ms)[0m  INSERT INTO "movies" ("title", "rating", "release_date", "created_at", "updated_at") VALUES (?, ?, ?, ?, ?)  [["title", "2001: A Space Odyssey"], ["rating", "G"], ["release_date", "1968-04-06 00:00:00.000000"], ["created_at", "2020-02-26 18:55:15.174124"], ["updated_at", "2020-02-26 18:55:15.174124"]]
  [1m[36m (0.0ms)[0m  [1mRELEASE SAVEPOINT active_record_1[0m
  [1m[35m (0.0ms)[0m  SAVEPOINT active_record_1
  [1m[36mSQL (0.1ms)[0m  [1mINSERT INTO "movies" ("title", "rating", "release_date", "created_at", "updated_at") VALUES (?, ?, ?, ?, ?)[0m  [["title", "The Incredibles"], ["rating", "PG"], ["release_date", "2004-11-05 00:00:00.000000"], ["created_at", "2020-02-26 18:55:15.175219"], ["updated_at", "2020-02-26 18:55:15.175219"]]
  [1m[35m (0.0ms)[0m  RELEASE SAVEPOINT active_record_1
  [1m[36m (0.0ms)[0m  [1mSAVEPOINT active_record_1[0m
  [1m[35mSQL (0.1ms)[0m  INSERT INTO "movies" ("title", "rating", "release_date", "created_at", "updated_at") VALUES (?, ?, ?, ?, ?)  [["title", "Raiders of the Lost Ark"], ["rating", "PG"], ["release_date", "1981-06-12 00:00:00.000000"], ["created_at", "2020-02-26 18:55:15.176295"], ["updated_at", "2020-02-26 18:55:15.176295"]]
  [1m[36m (0.0ms)[0m  [1mRELEASE SAVEPOINT active_record_1[0m
  [1m[35m (0.0ms)[0m  SAVEPOINT active_record_1
  [1m[36mSQL (0.1ms)[0m  [1mINSERT INTO "movies" ("title", "rating", "release_date", "created_at", "updated_at") VALUES (?, ?, ?, ?, ?)[0m  [["title", "Chicken Run"], ["rating", "G"], ["release_date", "2000-06-21 00:00:00.000000"], ["created_at", "2020-02-26 18:55:15.177398"], ["updated_at", "2020-02-26 18:55:15.177398"]]
  [1m[35m (0.0ms)[0m  RELEASE SAVEPOINT active_record_1
Started GET "/movies" for 127.0.0.1 at 2020-02-26 18:55:15 +0000
Processing by MoviesController#index as HTML
  [1m[36mMovie Load (0.2ms)[0m  [1mSELECT "movies".* FROM "movies" WHERE "movies"."rating" IN ('G', 'PG', 'PG-13', 'NC-17', 'R')[0m
  Rendered movies/index.html.haml within layouts/application (2.5ms)
Completed 200 OK in 4ms (Views: 3.4ms | ActiveRecord: 0.2ms)
Started GET "/movies?utf8=%E2%9C%93&ratings[G]=1&ratings[PG]=1&ratings[PG-13]=1&ratings[NC-17]=1&ratings[R]=1&commit=Refresh" for 127.0.0.1 at 2020-02-26 18:55:15 +0000
Processing by MoviesController#index as HTML
  Parameters: {"utf8"=>"✓", "ratings"=>{"G"=>"1", "PG"=>"1", "PG-13"=>"1", "NC-17"=>"1", "R"=>"1"}, "commit"=>"Refresh"}
Redirected to http://www.example.com/movies?ratings%5BG%5D=1&ratings%5BNC-17%5D=1&ratings%5BPG%5D=1&ratings%5BPG-13%5D=1&ratings%5BR%5D=1
Completed 302 Found in 1ms (ActiveRecord: 0.0ms)
Started GET "/movies?ratings[G]=1&ratings[NC-17]=1&ratings[PG]=1&ratings[PG-13]=1&ratings[R]=1" for 127.0.0.1 at 2020-02-26 18:55:15 +0000
Processing by MoviesController#index as HTML
  Parameters: {"ratings"=>{"G"=>"1", "NC-17"=>"1", "PG"=>"1", "PG-13"=>"1", "R"=>"1"}}
  [1m[35mMovie Load (0.2ms)[0m  SELECT "movies".* FROM "movies" WHERE "movies"."rating" IN ('G', 'NC-17', 'PG', 'PG-13', 'R')
  Rendered movies/index.html.haml within layouts/application (2.7ms)
Completed 200 OK in 4ms (Views: 3.5ms | ActiveRecord: 0.2ms)
  [1m[36mMovie Load (0.1ms)[0m  [1mSELECT "movies".* FROM "movies"[0m
  [1m[35m (0.2ms)[0m  rollback transaction
  [1m[36m (0.1ms)[0m  [1mbegin transaction[0m
  [1m[35m (0.0ms)[0m  commit transaction
  [1m[36m (0.0ms)[0m  [1mbegin transaction[0m
  [1m[35m (0.0ms)[0m  SAVEPOINT active_record_1
  [1m[36mSQL (0.1ms)[0m  [1mINSERT INTO "movies" ("title", "rating", "release_date", "created_at", "updated_at") VALUES (?, ?, ?, ?, ?)[0m  [["title", "Aladdin"], ["rating", "G"], ["release_date", "1992-11-25 00:00:00.000000"], ["created_at", "2020-02-26 18:55:15.247891"], ["updated_at", "2020-02-26 18:55:15.247891"]]
  [1m[35m (0.0ms)[0m  RELEASE SAVEPOINT active_record_1
  [1m[36m (0.0ms)[0m  [1mSAVEPOINT active_record_1[0m
  [1m[35mSQL (0.1ms)[0m  INSERT INTO "movies" ("title", "rating", "release_date", "created_at", "updated_at") VALUES (?, ?, ?, ?, ?)  [["title", "The Terminator"], ["rating", "R"], ["release_date", "1984-10-26 00:00:00.000000"], ["created_at", "2020-02-26 18:55:15.249243"], ["updated_at", "2020-02-26 18:55:15.249243"]]
  [1m[36m (0.0ms)[0m  [1mRELEASE SAVEPOINT active_record_1[0m
  [1m[35m (0.0ms)[0m  SAVEPOINT active_record_1
  [1m[36mSQL (0.1ms)[0m  [1mINSERT INTO "movies" ("title", "rating", "release_date", "created_at", "updated_at") VALUES (?, ?, ?, ?, ?)[0m  [["title", "When Harry Met Sally"], ["rating", "R"], ["release_date", "1989-07-21 00:00:00.000000"], ["created_at", "2020-02-26 18:55:15.250359"], ["updated_at", "2020-02-26 18:55:15.250359"]]
  [1m[35m (0.0ms)[0m  RELEASE SAVEPOINT active_record_1
  [1m[36m (0.0ms)[0m  [1mSAVEPOINT active_record_1[0m
  [1m[35mSQL (0.1ms)[0m  INSERT INTO "movies" ("title", "rating", "release_date", "created_at", "updated_at") VALUES (?, ?, ?, ?, ?)  [["title", "The Help"], ["rating", "PG-13"], ["release_date", "2011-08-10 00:00:00.000000"], ["created_at", "2020-02-26 18:55:15.251429"], ["updated_at", "2020-02-26 18:55:15.251429"]]
  [1m[36m (0.0ms)[0m  [1mRELEASE SAVEPOINT active_record_1[0m
  [1m[35m (0.0ms)[0m  SAVEPOINT active_record_1
  [1m[36mSQL (0.1ms)[0m  [1mINSERT INTO "movies" ("title", "rating", "release_date", "created_at", "updated_at") VALUES (?, ?, ?, ?, ?)[0m  [["title", "Chocolat"], ["rating", "PG-13"], ["release_date", "2001-01-05 00:00:00.000000"], ["created_at", "2020-02-26 18:55:15.252492"], ["updated_at", "2020-02-26 18:55:15.252492"]]
  [1m[35m (0.0ms)[0m  RELEASE SAVEPOINT active_record_1
  [1m[36m (0.0ms)[0m  [1mSAVEPOINT active_record_1[0m
  [1m[35mSQL (0.1ms)[0m  INSERT INTO "movies" ("title", "rating", "release_date", "created_at", "updated_at") VALUES (?, ?, ?, ?, ?)  [["title", "Amelie"], ["rating", "R"], ["release_date", "2001-04-25 00:00:00.000000"], ["created_at", "2020-02-26 18:55:15.253583"], ["updated_at", "2020-02-26 18:55:15.253583"]]
  [1m[36m (0.0ms)[0m  [1mRELEASE SAVEPOINT active_record_1[0m
  [1m[35m (0.0ms)[0m  SAVEPOINT active_record_1
  [1m[36mSQL (0.1ms)[0m  [1mINSERT INTO "movies" ("title", "rating", "release_date", "created_at", "updated_at") VALUES (?, ?, ?, ?, ?)[0m  [["title", "2001: A Space Odyssey"], ["rating", "G"], ["release_date", "1968-04-06 00:00:00.000000"], ["created_at", "2020-02-26 18:55:15.254639"], ["updated_at", "2020-02-26 18:55:15.254639"]]
  [1m[35m (0.0ms)[0m  RELEASE SAVEPOINT active_record_1
  [1m[36m (0.0ms)[0m  [1mSAVEPOINT active_record_1[0m
  [1m[35mSQL (0.1ms)[0m  INSERT INTO "movies" ("title", "rating", "release_date", "created_at", "updated_at") VALUES (?, ?, ?, ?, ?)  [["title", "The Incredibles"], ["rating", "PG"], ["release_date", "2004-11-05 00:00:00.000000"], ["created_at", "2020-02-26 18:55:15.255700"], ["updated_at", "2020-02-26 18:55:15.255700"]]
  [1m[36m (0.0ms)[0m  [1mRELEASE SAVEPOINT active_record_1[0m
  [1m[35m (0.0ms)[0m  SAVEPOINT active_record_1
  [1m[36mSQL (0.1ms)[0m  [1mINSERT INTO "movies" ("title", "rating", "release_date", "created_at", "updated_at") VALUES (?, ?, ?, ?, ?)[0m  [["title", "Raiders of the Lost Ark"], ["rating", "PG"], ["release_date", "1981-06-12 00:00:00.000000"], ["created_at", "2020-02-26 18:55:15.256757"], ["updated_at", "2020-02-26 18:55:15.256757"]]
  [1m[35m (0.0ms)[0m  RELEASE SAVEPOINT active_record_1
  [1m[36m (0.0ms)[0m  [1mSAVEPOINT active_record_1[0m
  [1m[35mSQL (0.1ms)[0m  INSERT INTO "movies" ("title", "rating", "release_date", "created_at", "updated_at") VALUES (?, ?, ?, ?, ?)  [["title", "Chicken Run"], ["rating", "G"], ["release_date", "2000-06-21 00:00:00.000000"], ["created_at", "2020-02-26 18:55:15.257835"], ["updated_at", "2020-02-26 18:55:15.257835"]]
  [1m[36m (0.0ms)[0m  [1mRELEASE SAVEPOINT active_record_1[0m
Started GET "/movies" for 127.0.0.1 at 2020-02-26 18:55:15 +0000
Processing by MoviesController#index as HTML
  [1m[35mMovie Load (0.2ms)[0m  SELECT "movies".* FROM "movies" WHERE "movies"."rating" IN ('G', 'PG', 'PG-13', 'NC-17', 'R')
  Rendered movies/index.html.haml within layouts/application (9.0ms)
Completed 200 OK in 12ms (Views: 10.6ms | ActiveRecord: 0.2ms)
Started GET "/movies?ratings[G]=G&ratings[NC-17]=NC-17&ratings[PG]=PG&ratings[PG-13]=PG-13&ratings[R]=R&sort=title" for 127.0.0.1 at 2020-02-26 18:55:15 +0000
Processing by MoviesController#index as HTML
  Parameters: {"ratings"=>{"G"=>"G", "NC-17"=>"NC-17", "PG"=>"PG", "PG-13"=>"PG-13", "R"=>"R"}, "sort"=>"title"}
Redirected to http://www.example.com/movies?ratings%5BG%5D=G&ratings%5BNC-17%5D=NC-17&ratings%5BPG%5D=PG&ratings%5BPG-13%5D=PG-13&ratings%5BR%5D=R&sort=title
Completed 302 Found in 1ms (ActiveRecord: 0.0ms)
Started GET "/movies?ratings[G]=G&ratings[NC-17]=NC-17&ratings[PG]=PG&ratings[PG-13]=PG-13&ratings[R]=R&sort=title" for 127.0.0.1 at 2020-02-26 18:55:15 +0000
Processing by MoviesController#index as HTML
  Parameters: {"ratings"=>{"G"=>"G", "NC-17"=>"NC-17", "PG"=>"PG", "PG-13"=>"PG-13", "R"=>"R"}, "sort"=>"title"}
  [1m[36mMovie Load (0.2ms)[0m  [1mSELECT "movies".* FROM "movies" WHERE "movies"."rating" IN ('G', 'NC-17', 'PG', 'PG-13', 'R')  ORDER BY "movies"."title" ASC[0m
  Rendered movies/index.html.haml within layouts/application (4.8ms)
Completed 200 OK in 7ms (Views: 6.7ms | ActiveRecord: 0.2ms)
  [1m[35m (0.2ms)[0m  rollback transaction
  [1m[36m (0.1ms)[0m  [1mbegin transaction[0m
  [1m[35m (0.0ms)[0m  commit transaction
  [1m[36m (0.0ms)[0m  [1mbegin transaction[0m
  [1m[35m (0.1ms)[0m  SAVEPOINT active_record_1
  [1m[36mSQL (0.2ms)[0m  [1mINSERT INTO "movies" ("title", "rating", "release_date", "created_at", "updated_at") VALUES (?, ?, ?, ?, ?)[0m  [["title", "Aladdin"], ["rating", "G"], ["release_date", "1992-11-25 00:00:00.000000"], ["created_at", "2020-02-26 18:55:15.312459"], ["updated_at", "2020-02-26 18:55:15.312459"]]
  [1m[35m (0.0ms)[0m  RELEASE SAVEPOINT active_record_1
  [1m[36m (0.0ms)[0m  [1mSAVEPOINT active_record_1[0m
  [1m[35mSQL (0.1ms)[0m  INSERT INTO "movies" ("title", "rating", "release_date", "created_at", "updated_at") VALUES (?, ?, ?, ?, ?)  [["title", "The Terminator"], ["rating", "R"], ["release_date", "1984-10-26 00:00:00.000000"], ["created_at", "2020-02-26 18:55:15.314208"], ["updated_at", "2020-02-26 18:55:15.314208"]]
  [1m[36m (0.0ms)[0m  [1mRELEASE SAVEPOINT active_record_1[0m
  [1m[35m (0.0ms)[0m  SAVEPOINT active_record_1
  [1m[36mSQL (0.1ms)[0m  [1mINSERT INTO "movies" ("title", "rating", "release_date", "created_at", "updated_at") VALUES (?, ?, ?, ?, ?)[0m  [["title", "When Harry Met Sally"], ["rating", "R"], ["release_date", "1989-07-21 00:00:00.000000"], ["created_at", "2020-02-26 18:55:15.316308"], ["updated_at", "2020-02-26 18:55:15.316308"]]
  [1m[35m (0.0ms)[0m  RELEASE SAVEPOINT active_record_1
  [1m[36m (0.0ms)[0m  [1mSAVEPOINT active_record_1[0m
  [1m[35mSQL (0.1ms)[0m  INSERT INTO "movies" ("title", "rating", "release_date", "created_at", "updated_at") VALUES (?, ?, ?, ?, ?)  [["title", "The Help"], ["rating", "PG-13"], ["release_date", "2011-08-10 00:00:00.000000"], ["created_at", "2020-02-26 18:55:15.317866"], ["updated_at", "2020-02-26 18:55:15.317866"]]
  [1m[36m (0.4ms)[0m  [1mRELEASE SAVEPOINT active_record_1[0m
  [1m[35m (0.0ms)[0m  SAVEPOINT active_record_1
  [1m[36mSQL (0.4ms)[0m  [1mINSERT INTO "movies" ("title", "rating", "release_date", "created_at", "updated_at") VALUES (?, ?, ?, ?, ?)[0m  [["title", "Chocolat"], ["rating", "PG-13"], ["release_date", "2001-01-05 00:00:00.000000"], ["created_at", "2020-02-26 18:55:15.319346"], ["updated_at", "2020-02-26 18:55:15.319346"]]
  [1m[35m (0.0ms)[0m  RELEASE SAVEPOINT active_record_1
  [1m[36m (0.0ms)[0m  [1mSAVEPOINT active_record_1[0m
  [1m[35mSQL (0.1ms)[0m  INSERT INTO "movies" ("title", "rating", "release_date", "created_at", "updated_at") VALUES (?, ?, ?, ?, ?)  [["title", "Amelie"], ["rating", "R"], ["release_date", "2001-04-25 00:00:00.000000"], ["created_at", "2020-02-26 18:55:15.320807"], ["updated_at", "2020-02-26 18:55:15.320807"]]
  [1m[36m (0.0ms)[0m  [1mRELEASE SAVEPOINT active_record_1[0m
  [1m[35m (0.0ms)[0m  SAVEPOINT active_record_1
  [1m[36mSQL (0.1ms)[0m  [1mINSERT INTO "movies" ("title", "rating", "release_date", "created_at", "updated_at") VALUES (?, ?, ?, ?, ?)[0m  [["title", "2001: A Space Odyssey"], ["rating", "G"], ["release_date", "1968-04-06 00:00:00.000000"], ["created_at", "2020-02-26 18:55:15.322886"], ["updated_at", "2020-02-26 18:55:15.322886"]]
  [1m[35m (0.0ms)[0m  RELEASE SAVEPOINT active_record_1
  [1m[36m (0.0ms)[0m  [1mSAVEPOINT active_record_1[0m
  [1m[35mSQL (0.1ms)[0m  INSERT INTO "movies" ("title", "rating", "release_date", "created_at", "updated_at") VALUES (?, ?, ?, ?, ?)  [["title", "The Incredibles"], ["rating", "PG"], ["release_date", "2004-11-05 00:00:00.000000"], ["created_at", "2020-02-26 18:55:15.326231"], ["updated_at", "2020-02-26 18:55:15.326231"]]
  [1m[36m (0.0ms)[0m  [1mRELEASE SAVEPOINT active_record_1[0m
  [1m[35m (0.0ms)[0m  SAVEPOINT active_record_1
  [1m[36mSQL (0.1ms)[0m  [1mINSERT INTO "movies" ("title", "rating", "release_date", "created_at", "updated_at") VALUES (?, ?, ?, ?, ?)[0m  [["title", "Raiders of the Lost Ark"], ["rating", "PG"], ["release_date", "1981-06-12 00:00:00.000000"], ["created_at", "2020-02-26 18:55:15.328346"], ["updated_at", "2020-02-26 18:55:15.328346"]]
  [1m[35m (0.0ms)[0m  RELEASE SAVEPOINT active_record_1
  [1m[36m (0.0ms)[0m  [1mSAVEPOINT active_record_1[0m
  [1m[35mSQL (0.1ms)[0m  INSERT INTO "movies" ("title", "rating", "release_date", "created_at", "updated_at") VALUES (?, ?, ?, ?, ?)  [["title", "Chicken Run"], ["rating", "G"], ["release_date", "2000-06-21 00:00:00.000000"], ["created_at", "2020-02-26 18:55:15.330560"], ["updated_at", "2020-02-26 18:55:15.330560"]]
  [1m[36m (0.0ms)[0m  [1mRELEASE SAVEPOINT active_record_1[0m
Started GET "/movies" for 127.0.0.1 at 2020-02-26 18:55:15 +0000
Processing by MoviesController#index as HTML
  [1m[35mMovie Load (0.5ms)[0m  SELECT "movies".* FROM "movies" WHERE "movies"."rating" IN ('G', 'PG', 'PG-13', 'NC-17', 'R')
  Rendered movies/index.html.haml within layouts/application (5.0ms)
Completed 200 OK in 7ms (Views: 6.2ms | ActiveRecord: 0.5ms)
Started GET "/movies?ratings[G]=G&ratings[NC-17]=NC-17&ratings[PG]=PG&ratings[PG-13]=PG-13&ratings[R]=R&sort=release_date" for 127.0.0.1 at 2020-02-26 18:55:15 +0000
Processing by MoviesController#index as HTML
  Parameters: {"ratings"=>{"G"=>"G", "NC-17"=>"NC-17", "PG"=>"PG", "PG-13"=>"PG-13", "R"=>"R"}, "sort"=>"release_date"}
Redirected to http://www.example.com/movies?ratings%5BG%5D=G&ratings%5BNC-17%5D=NC-17&ratings%5BPG%5D=PG&ratings%5BPG-13%5D=PG-13&ratings%5BR%5D=R&sort=release_date
Completed 302 Found in 1ms (ActiveRecord: 0.0ms)
Started GET "/movies?ratings[G]=G&ratings[NC-17]=NC-17&ratings[PG]=PG&ratings[PG-13]=PG-13&ratings[R]=R&sort=release_date" for 127.0.0.1 at 2020-02-26 18:55:15 +0000
Processing by MoviesController#index as HTML
  Parameters: {"ratings"=>{"G"=>"G", "NC-17"=>"NC-17", "PG"=>"PG", "PG-13"=>"PG-13", "R"=>"R"}, "sort"=>"release_date"}
  [1m[36mMovie Load (0.2ms)[0m  [1mSELECT "movies".* FROM "movies" WHERE "movies"."rating" IN ('G', 'NC-17', 'PG', 'PG-13', 'R')  ORDER BY "movies"."release_date" ASC[0m
  Rendered movies/index.html.haml within layouts/application (4.9ms)
Completed 200 OK in 7ms (Views: 6.8ms | ActiveRecord: 0.2ms)
  [1m[35m (0.1ms)[0m  rollback transaction
  [1m[36mActiveRecord::SchemaMigration Load (0.1ms)[0m  [1mSELECT "schema_migrations".* FROM "schema_migrations"[0m
  [1m[35m (0.1ms)[0m  begin transaction
  [1m[36m (0.0ms)[0m  [1mcommit transaction[0m
  [1m[35m (0.0ms)[0m  begin transaction
  [1m[36m (0.0ms)[0m  [1mSAVEPOINT active_record_1[0m
  [1m[35mSQL (0.2ms)[0m  INSERT INTO "movies" ("title", "rating", "release_date", "created_at", "updated_at") VALUES (?, ?, ?, ?, ?)  [["title", "Aladdin"], ["rating", "G"], ["release_date", "1992-11-25 00:00:00.000000"], ["created_at", "2020-02-26 19:26:29.941340"], ["updated_at", "2020-02-26 19:26:29.941340"]]
  [1m[36m (0.0ms)[0m  [1mRELEASE SAVEPOINT active_record_1[0m
  [1m[35m (0.0ms)[0m  SAVEPOINT active_record_1
  [1m[36mSQL (0.1ms)[0m  [1mINSERT INTO "movies" ("title", "rating", "release_date", "created_at", "updated_at") VALUES (?, ?, ?, ?, ?)[0m  [["title", "The Terminator"], ["rating", "R"], ["release_date", "1984-10-26 00:00:00.000000"], ["created_at", "2020-02-26 19:26:29.942891"], ["updated_at", "2020-02-26 19:26:29.942891"]]
  [1m[35m (0.0ms)[0m  RELEASE SAVEPOINT active_record_1
  [1m[36m (0.0ms)[0m  [1mSAVEPOINT active_record_1[0m
  [1m[35mSQL (0.1ms)[0m  INSERT INTO "movies" ("title", "rating", "release_date", "created_at", "updated_at") VALUES (?, ?, ?, ?, ?)  [["title", "When Harry Met Sally"], ["rating", "R"], ["release_date", "1989-07-21 00:00:00.000000"], ["created_at", "2020-02-26 19:26:29.944024"], ["updated_at", "2020-02-26 19:26:29.944024"]]
  [1m[36m (0.0ms)[0m  [1mRELEASE SAVEPOINT active_record_1[0m
  [1m[35m (0.0ms)[0m  SAVEPOINT active_record_1
  [1m[36mSQL (1.4ms)[0m  [1mINSERT INTO "movies" ("title", "rating", "release_date", "created_at", "updated_at") VALUES (?, ?, ?, ?, ?)[0m  [["title", "The Help"], ["rating", "PG-13"], ["release_date", "2011-08-10 00:00:00.000000"], ["created_at", "2020-02-26 19:26:29.946397"], ["updated_at", "2020-02-26 19:26:29.946397"]]
  [1m[35m (0.0ms)[0m  RELEASE SAVEPOINT active_record_1
  [1m[36m (0.0ms)[0m  [1mSAVEPOINT active_record_1[0m
  [1m[35mSQL (0.1ms)[0m  INSERT INTO "movies" ("title", "rating", "release_date", "created_at", "updated_at") VALUES (?, ?, ?, ?, ?)  [["title", "Chocolat"], ["rating", "PG-13"], ["release_date", "2001-01-05 00:00:00.000000"], ["created_at", "2020-02-26 19:26:29.948821"], ["updated_at", "2020-02-26 19:26:29.948821"]]
  [1m[36m (0.0ms)[0m  [1mRELEASE SAVEPOINT active_record_1[0m
  [1m[35m (0.0ms)[0m  SAVEPOINT active_record_1
  [1m[36mSQL (0.1ms)[0m  [1mINSERT INTO "movies" ("title", "rating", "release_date", "created_at", "updated_at") VALUES (?, ?, ?, ?, ?)[0m  [["title", "Amelie"], ["rating", "R"], ["release_date", "2001-04-25 00:00:00.000000"], ["created_at", "2020-02-26 19:26:29.952275"], ["updated_at", "2020-02-26 19:26:29.952275"]]
  [1m[35m (0.0ms)[0m  RELEASE SAVEPOINT active_record_1
  [1m[36m (0.0ms)[0m  [1mSAVEPOINT active_record_1[0m
  [1m[35mSQL (1.3ms)[0m  INSERT INTO "movies" ("title", "rating", "release_date", "created_at", "updated_at") VALUES (?, ?, ?, ?, ?)  [["title", "2001: A Space Odyssey"], ["rating", "G"], ["release_date", "1968-04-06 00:00:00.000000"], ["created_at", "2020-02-26 19:26:29.954569"], ["updated_at", "2020-02-26 19:26:29.954569"]]
  [1m[36m (0.0ms)[0m  [1mRELEASE SAVEPOINT active_record_1[0m
  [1m[35m (0.0ms)[0m  SAVEPOINT active_record_1
  [1m[36mSQL (0.1ms)[0m  [1mINSERT INTO "movies" ("title", "rating", "release_date", "created_at", "updated_at") VALUES (?, ?, ?, ?, ?)[0m  [["title", "The Incredibles"], ["rating", "PG"], ["release_date", "2004-11-05 00:00:00.000000"], ["created_at", "2020-02-26 19:26:29.956948"], ["updated_at", "2020-02-26 19:26:29.956948"]]
  [1m[35m (0.0ms)[0m  RELEASE SAVEPOINT active_record_1
  [1m[36m (0.0ms)[0m  [1mSAVEPOINT active_record_1[0m
  [1m[35mSQL (0.1ms)[0m  INSERT INTO "movies" ("title", "rating", "release_date", "created_at", "updated_at") VALUES (?, ?, ?, ?, ?)  [["title", "Raiders of the Lost Ark"], ["rating", "PG"], ["release_date", "1981-06-12 00:00:00.000000"], ["created_at", "2020-02-26 19:26:29.960510"], ["updated_at", "2020-02-26 19:26:29.960510"]]
  [1m[36m (0.0ms)[0m  [1mRELEASE SAVEPOINT active_record_1[0m
  [1m[35m (0.0ms)[0m  SAVEPOINT active_record_1
  [1m[36mSQL (0.1ms)[0m  [1mINSERT INTO "movies" ("title", "rating", "release_date", "created_at", "updated_at") VALUES (?, ?, ?, ?, ?)[0m  [["title", "Chicken Run"], ["rating", "G"], ["release_date", "2000-06-21 00:00:00.000000"], ["created_at", "2020-02-26 19:26:29.962927"], ["updated_at", "2020-02-26 19:26:29.962927"]]
  [1m[35m (0.0ms)[0m  RELEASE SAVEPOINT active_record_1
Started GET "/movies" for 127.0.0.1 at 2020-02-26 19:26:29 +0000
Processing by MoviesController#index as HTML
  [1m[36mMovie Load (0.2ms)[0m  [1mSELECT "movies".* FROM "movies" WHERE "movies"."rating" IN ('G', 'PG', 'PG-13', 'NC-17', 'R')[0m
  Rendered movies/index.html.haml within layouts/application (16.7ms)
Completed 200 OK in 164ms (Views: 152.9ms | ActiveRecord: 0.2ms)
Started GET "/movies?utf8=%E2%9C%93&ratings[PG]=1&ratings[NC-17]=1&ratings[R]=1&commit=Refresh" for 127.0.0.1 at 2020-02-26 19:26:30 +0000
Processing by MoviesController#index as HTML
  Parameters: {"utf8"=>"✓", "ratings"=>{"PG"=>"1", "NC-17"=>"1", "R"=>"1"}, "commit"=>"Refresh"}
Redirected to http://www.example.com/movies?ratings%5BNC-17%5D=1&ratings%5BPG%5D=1&ratings%5BR%5D=1
Completed 302 Found in 1ms (ActiveRecord: 0.0ms)
Started GET "/movies?ratings[NC-17]=1&ratings[PG]=1&ratings[R]=1" for 127.0.0.1 at 2020-02-26 19:26:30 +0000
Processing by MoviesController#index as HTML
  Parameters: {"ratings"=>{"NC-17"=>"1", "PG"=>"1", "R"=>"1"}}
  [1m[35mMovie Load (0.2ms)[0m  SELECT "movies".* FROM "movies" WHERE "movies"."rating" IN ('NC-17', 'PG', 'R')
  Rendered movies/index.html.haml within layouts/application (2.0ms)
Completed 200 OK in 3ms (Views: 2.9ms | ActiveRecord: 0.2ms)
  [1m[36m (0.2ms)[0m  [1mrollback transaction[0m
  [1m[35m (0.0ms)[0m  begin transaction
  [1m[36m (0.0ms)[0m  [1mcommit transaction[0m
  [1m[35m (0.0ms)[0m  begin transaction
  [1m[36m (0.0ms)[0m  [1mSAVEPOINT active_record_1[0m
  [1m[35mSQL (0.1ms)[0m  INSERT INTO "movies" ("title", "rating", "release_date", "created_at", "updated_at") VALUES (?, ?, ?, ?, ?)  [["title", "Aladdin"], ["rating", "G"], ["release_date", "1992-11-25 00:00:00.000000"], ["created_at", "2020-02-26 19:26:30.194533"], ["updated_at", "2020-02-26 19:26:30.194533"]]
  [1m[36m (0.0ms)[0m  [1mRELEASE SAVEPOINT active_record_1[0m
  [1m[35m (0.1ms)[0m  SAVEPOINT active_record_1
  [1m[36mSQL (0.1ms)[0m  [1mINSERT INTO "movies" ("title", "rating", "release_date", "created_at", "updated_at") VALUES (?, ?, ?, ?, ?)[0m  [["title", "The Terminator"], ["rating", "R"], ["release_date", "1984-10-26 00:00:00.000000"], ["created_at", "2020-02-26 19:26:30.195853"], ["updated_at", "2020-02-26 19:26:30.195853"]]
  [1m[35m (0.0ms)[0m  RELEASE SAVEPOINT active_record_1
  [1m[36m (0.0ms)[0m  [1mSAVEPOINT active_record_1[0m
  [1m[35mSQL (0.1ms)[0m  INSERT INTO "movies" ("title", "rating", "release_date", "created_at", "updated_at") VALUES (?, ?, ?, ?, ?)  [["title", "When Harry Met Sally"], ["rating", "R"], ["release_date", "1989-07-21 00:00:00.000000"], ["created_at", "2020-02-26 19:26:30.197025"], ["updated_at", "2020-02-26 19:26:30.197025"]]
  [1m[36m (0.0ms)[0m  [1mRELEASE SAVEPOINT active_record_1[0m
  [1m[35m (0.0ms)[0m  SAVEPOINT active_record_1
  [1m[36mSQL (0.1ms)[0m  [1mINSERT INTO "movies" ("title", "rating", "release_date", "created_at", "updated_at") VALUES (?, ?, ?, ?, ?)[0m  [["title", "The Help"], ["rating", "PG-13"], ["release_date", "2011-08-10 00:00:00.000000"], ["created_at", "2020-02-26 19:26:30.198159"], ["updated_at", "2020-02-26 19:26:30.198159"]]
  [1m[35m (0.0ms)[0m  RELEASE SAVEPOINT active_record_1
  [1m[36m (0.0ms)[0m  [1mSAVEPOINT active_record_1[0m
  [1m[35mSQL (0.1ms)[0m  INSERT INTO "movies" ("title", "rating", "release_date", "created_at", "updated_at") VALUES (?, ?, ?, ?, ?)  [["title", "Chocolat"], ["rating", "PG-13"], ["release_date", "2001-01-05 00:00:00.000000"], ["created_at", "2020-02-26 19:26:30.199218"], ["updated_at", "2020-02-26 19:26:30.199218"]]
  [1m[36m (0.0ms)[0m  [1mRELEASE SAVEPOINT active_record_1[0m
  [1m[35m (0.0ms)[0m  SAVEPOINT active_record_1
  [1m[36mSQL (0.1ms)[0m  [1mINSERT INTO "movies" ("title", "rating", "release_date", "created_at", "updated_at") VALUES (?, ?, ?, ?, ?)[0m  [["title", "Amelie"], ["rating", "R"], ["release_date", "2001-04-25 00:00:00.000000"], ["created_at", "2020-02-26 19:26:30.200300"], ["updated_at", "2020-02-26 19:26:30.200300"]]
  [1m[35m (0.0ms)[0m  RELEASE SAVEPOINT active_record_1
  [1m[36m (0.0ms)[0m  [1mSAVEPOINT active_record_1[0m
  [1m[35mSQL (0.1ms)[0m  INSERT INTO "movies" ("title", "rating", "release_date", "created_at", "updated_at") VALUES (?, ?, ?, ?, ?)  [["title", "2001: A Space Odyssey"], ["rating", "G"], ["release_date", "1968-04-06 00:00:00.000000"], ["created_at", "2020-02-26 19:26:30.201390"], ["updated_at", "2020-02-26 19:26:30.201390"]]
  [1m[36m (0.0ms)[0m  [1mRELEASE SAVEPOINT active_record_1[0m
  [1m[35m (0.0ms)[0m  SAVEPOINT active_record_1
  [1m[36mSQL (0.1ms)[0m  [1mINSERT INTO "movies" ("title", "rating", "release_date", "created_at", "updated_at") VALUES (?, ?, ?, ?, ?)[0m  [["title", "The Incredibles"], ["rating", "PG"], ["release_date", "2004-11-05 00:00:00.000000"], ["created_at", "2020-02-26 19:26:30.202464"], ["updated_at", "2020-02-26 19:26:30.202464"]]
  [1m[35m (0.0ms)[0m  RELEASE SAVEPOINT active_record_1
  [1m[36m (0.0ms)[0m  [1mSAVEPOINT active_record_1[0m
  [1m[35mSQL (0.1ms)[0m  INSERT INTO "movies" ("title", "rating", "release_date", "created_at", "updated_at") VALUES (?, ?, ?, ?, ?)  [["title", "Raiders of the Lost Ark"], ["rating", "PG"], ["release_date", "1981-06-12 00:00:00.000000"], ["created_at", "2020-02-26 19:26:30.203539"], ["updated_at", "2020-02-26 19:26:30.203539"]]
  [1m[36m (0.0ms)[0m  [1mRELEASE SAVEPOINT active_record_1[0m
  [1m[35m (0.0ms)[0m  SAVEPOINT active_record_1
  [1m[36mSQL (0.1ms)[0m  [1mINSERT INTO "movies" ("title", "rating", "release_date", "created_at", "updated_at") VALUES (?, ?, ?, ?, ?)[0m  [["title", "Chicken Run"], ["rating", "G"], ["release_date", "2000-06-21 00:00:00.000000"], ["created_at", "2020-02-26 19:26:30.204591"], ["updated_at", "2020-02-26 19:26:30.204591"]]
  [1m[35m (0.0ms)[0m  RELEASE SAVEPOINT active_record_1
Started GET "/movies" for 127.0.0.1 at 2020-02-26 19:26:30 +0000
Processing by MoviesController#index as HTML
  [1m[36mMovie Load (0.2ms)[0m  [1mSELECT "movies".* FROM "movies" WHERE "movies"."rating" IN ('G', 'PG', 'PG-13', 'NC-17', 'R')[0m
  Rendered movies/index.html.haml within layouts/application (2.5ms)
Completed 200 OK in 4ms (Views: 3.4ms | ActiveRecord: 0.2ms)
Started GET "/movies?utf8=%E2%9C%93&ratings[G]=1&ratings[PG]=1&ratings[PG-13]=1&ratings[NC-17]=1&ratings[R]=1&commit=Refresh" for 127.0.0.1 at 2020-02-26 19:26:30 +0000
Processing by MoviesController#index as HTML
  Parameters: {"utf8"=>"✓", "ratings"=>{"G"=>"1", "PG"=>"1", "PG-13"=>"1", "NC-17"=>"1", "R"=>"1"}, "commit"=>"Refresh"}
Redirected to http://www.example.com/movies?ratings%5BG%5D=1&ratings%5BNC-17%5D=1&ratings%5BPG%5D=1&ratings%5BPG-13%5D=1&ratings%5BR%5D=1
Completed 302 Found in 1ms (ActiveRecord: 0.0ms)
Started GET "/movies?ratings[G]=1&ratings[NC-17]=1&ratings[PG]=1&ratings[PG-13]=1&ratings[R]=1" for 127.0.0.1 at 2020-02-26 19:26:30 +0000
Processing by MoviesController#index as HTML
  Parameters: {"ratings"=>{"G"=>"1", "NC-17"=>"1", "PG"=>"1", "PG-13"=>"1", "R"=>"1"}}
  [1m[35mMovie Load (0.2ms)[0m  SELECT "movies".* FROM "movies" WHERE "movies"."rating" IN ('G', 'NC-17', 'PG', 'PG-13', 'R')
  Rendered movies/index.html.haml within layouts/application (2.4ms)
Completed 200 OK in 4ms (Views: 3.2ms | ActiveRecord: 0.2ms)
  [1m[36mMovie Load (0.1ms)[0m  [1mSELECT "movies".* FROM "movies"[0m
  [1m[35m (0.2ms)[0m  rollback transaction
  [1m[36m (0.0ms)[0m  [1mbegin transaction[0m
  [1m[35m (0.0ms)[0m  commit transaction
  [1m[36m (0.0ms)[0m  [1mbegin transaction[0m
  [1m[35m (0.0ms)[0m  SAVEPOINT active_record_1
  [1m[36mSQL (0.1ms)[0m  [1mINSERT INTO "movies" ("title", "rating", "release_date", "created_at", "updated_at") VALUES (?, ?, ?, ?, ?)[0m  [["title", "Aladdin"], ["rating", "G"], ["release_date", "1992-11-25 00:00:00.000000"], ["created_at", "2020-02-26 19:26:30.270492"], ["updated_at", "2020-02-26 19:26:30.270492"]]
  [1m[35m (0.0ms)[0m  RELEASE SAVEPOINT active_record_1
  [1m[36m (0.0ms)[0m  [1mSAVEPOINT active_record_1[0m
  [1m[35mSQL (0.1ms)[0m  INSERT INTO "movies" ("title", "rating", "release_date", "created_at", "updated_at") VALUES (?, ?, ?, ?, ?)  [["title", "The Terminator"], ["rating", "R"], ["release_date", "1984-10-26 00:00:00.000000"], ["created_at", "2020-02-26 19:26:30.271802"], ["updated_at", "2020-02-26 19:26:30.271802"]]
  [1m[36m (0.0ms)[0m  [1mRELEASE SAVEPOINT active_record_1[0m
  [1m[35m (0.0ms)[0m  SAVEPOINT active_record_1
  [1m[36mSQL (0.1ms)[0m  [1mINSERT INTO "movies" ("title", "rating", "release_date", "created_at", "updated_at") VALUES (?, ?, ?, ?, ?)[0m  [["title", "When Harry Met Sally"], ["rating", "R"], ["release_date", "1989-07-21 00:00:00.000000"], ["created_at", "2020-02-26 19:26:30.272946"], ["updated_at", "2020-02-26 19:26:30.272946"]]
  [1m[35m (0.0ms)[0m  RELEASE SAVEPOINT active_record_1
  [1m[36m (0.0ms)[0m  [1mSAVEPOINT active_record_1[0m
  [1m[35mSQL (0.1ms)[0m  INSERT INTO "movies" ("title", "rating", "release_date", "created_at", "updated_at") VALUES (?, ?, ?, ?, ?)  [["title", "The Help"], ["rating", "PG-13"], ["release_date", "2011-08-10 00:00:00.000000"], ["created_at", "2020-02-26 19:26:30.274031"], ["updated_at", "2020-02-26 19:26:30.274031"]]
  [1m[36m (0.0ms)[0m  [1mRELEASE SAVEPOINT active_record_1[0m
  [1m[35m (0.0ms)[0m  SAVEPOINT active_record_1
  [1m[36mSQL (0.1ms)[0m  [1mINSERT INTO "movies" ("title", "rating", "release_date", "created_at", "updated_at") VALUES (?, ?, ?, ?, ?)[0m  [["title", "Chocolat"], ["rating", "PG-13"], ["release_date", "2001-01-05 00:00:00.000000"], ["created_at", "2020-02-26 19:26:30.276456"], ["updated_at", "2020-02-26 19:26:30.276456"]]
  [1m[35m (0.0ms)[0m  RELEASE SAVEPOINT active_record_1
  [1m[36m (0.0ms)[0m  [1mSAVEPOINT active_record_1[0m
  [1m[35mSQL (0.1ms)[0m  INSERT INTO "movies" ("title", "rating", "release_date", "created_at", "updated_at") VALUES (?, ?, ?, ?, ?)  [["title", "Amelie"], ["rating", "R"], ["release_date", "2001-04-25 00:00:00.000000"], ["created_at", "2020-02-26 19:26:30.277606"], ["updated_at", "2020-02-26 19:26:30.277606"]]
  [1m[36m (0.0ms)[0m  [1mRELEASE SAVEPOINT active_record_1[0m
  [1m[35m (0.0ms)[0m  SAVEPOINT active_record_1
  [1m[36mSQL (0.1ms)[0m  [1mINSERT INTO "movies" ("title", "rating", "release_date", "created_at", "updated_at") VALUES (?, ?, ?, ?, ?)[0m  [["title", "2001: A Space Odyssey"], ["rating", "G"], ["release_date", "1968-04-06 00:00:00.000000"], ["created_at", "2020-02-26 19:26:30.278679"], ["updated_at", "2020-02-26 19:26:30.278679"]]
  [1m[35m (0.0ms)[0m  RELEASE SAVEPOINT active_record_1
  [1m[36m (0.0ms)[0m  [1mSAVEPOINT active_record_1[0m
  [1m[35mSQL (0.1ms)[0m  INSERT INTO "movies" ("title", "rating", "release_date", "created_at", "updated_at") VALUES (?, ?, ?, ?, ?)  [["title", "The Incredibles"], ["rating", "PG"], ["release_date", "2004-11-05 00:00:00.000000"], ["created_at", "2020-02-26 19:26:30.279750"], ["updated_at", "2020-02-26 19:26:30.279750"]]
  [1m[36m (0.0ms)[0m  [1mRELEASE SAVEPOINT active_record_1[0m
  [1m[35m (0.0ms)[0m  SAVEPOINT active_record_1
  [1m[36mSQL (0.1ms)[0m  [1mINSERT INTO "movies" ("title", "rating", "release_date", "created_at", "updated_at") VALUES (?, ?, ?, ?, ?)[0m  [["title", "Raiders of the Lost Ark"], ["rating", "PG"], ["release_date", "1981-06-12 00:00:00.000000"], ["created_at", "2020-02-26 19:26:30.280809"], ["updated_at", "2020-02-26 19:26:30.280809"]]
  [1m[35m (0.0ms)[0m  RELEASE SAVEPOINT active_record_1
  [1m[36m (0.0ms)[0m  [1mSAVEPOINT active_record_1[0m
  [1m[35mSQL (0.1ms)[0m  INSERT INTO "movies" ("title", "rating", "release_date", "created_at", "updated_at") VALUES (?, ?, ?, ?, ?)  [["title", "Chicken Run"], ["rating", "G"], ["release_date", "2000-06-21 00:00:00.000000"], ["created_at", "2020-02-26 19:26:30.281906"], ["updated_at", "2020-02-26 19:26:30.281906"]]
  [1m[36m (0.0ms)[0m  [1mRELEASE SAVEPOINT active_record_1[0m
Started GET "/movies" for 127.0.0.1 at 2020-02-26 19:26:30 +0000
Processing by MoviesController#index as HTML
  [1m[35mMovie Load (0.2ms)[0m  SELECT "movies".* FROM "movies" WHERE "movies"."rating" IN ('G', 'PG', 'PG-13', 'NC-17', 'R')
  Rendered movies/index.html.haml within layouts/application (2.6ms)
Completed 200 OK in 4ms (Views: 3.4ms | ActiveRecord: 0.2ms)
Started GET "/movies?ratings[G]=G&ratings[NC-17]=NC-17&ratings[PG]=PG&ratings[PG-13]=PG-13&ratings[R]=R&sort=title" for 127.0.0.1 at 2020-02-26 19:26:30 +0000
Processing by MoviesController#index as HTML
  Parameters: {"ratings"=>{"G"=>"G", "NC-17"=>"NC-17", "PG"=>"PG", "PG-13"=>"PG-13", "R"=>"R"}, "sort"=>"title"}
Redirected to http://www.example.com/movies?ratings%5BG%5D=G&ratings%5BNC-17%5D=NC-17&ratings%5BPG%5D=PG&ratings%5BPG-13%5D=PG-13&ratings%5BR%5D=R&sort=title
Completed 302 Found in 1ms (ActiveRecord: 0.0ms)
Started GET "/movies?ratings[G]=G&ratings[NC-17]=NC-17&ratings[PG]=PG&ratings[PG-13]=PG-13&ratings[R]=R&sort=title" for 127.0.0.1 at 2020-02-26 19:26:30 +0000
Processing by MoviesController#index as HTML
  Parameters: {"ratings"=>{"G"=>"G", "NC-17"=>"NC-17", "PG"=>"PG", "PG-13"=>"PG-13", "R"=>"R"}, "sort"=>"title"}
  [1m[36mMovie Load (0.2ms)[0m  [1mSELECT "movies".* FROM "movies" WHERE "movies"."rating" IN ('G', 'NC-17', 'PG', 'PG-13', 'R')  ORDER BY "movies"."title" ASC[0m
  Rendered movies/index.html.haml within layouts/application (2.7ms)
Completed 200 OK in 4ms (Views: 3.4ms | ActiveRecord: 0.2ms)
  [1m[35m (0.2ms)[0m  rollback transaction
  [1m[36m (0.0ms)[0m  [1mbegin transaction[0m
  [1m[35m (0.0ms)[0m  commit transaction
  [1m[36m (0.0ms)[0m  [1mbegin transaction[0m
  [1m[35m (0.0ms)[0m  SAVEPOINT active_record_1
  [1m[36mSQL (0.1ms)[0m  [1mINSERT INTO "movies" ("title", "rating", "release_date", "created_at", "updated_at") VALUES (?, ?, ?, ?, ?)[0m  [["title", "Aladdin"], ["rating", "G"], ["release_date", "1992-11-25 00:00:00.000000"], ["created_at", "2020-02-26 19:26:30.311837"], ["updated_at", "2020-02-26 19:26:30.311837"]]
  [1m[35m (0.0ms)[0m  RELEASE SAVEPOINT active_record_1
  [1m[36m (0.0ms)[0m  [1mSAVEPOINT active_record_1[0m
  [1m[35mSQL (0.1ms)[0m  INSERT INTO "movies" ("title", "rating", "release_date", "created_at", "updated_at") VALUES (?, ?, ?, ?, ?)  [["title", "The Terminator"], ["rating", "R"], ["release_date", "1984-10-26 00:00:00.000000"], ["created_at", "2020-02-26 19:26:30.313180"], ["updated_at", "2020-02-26 19:26:30.313180"]]
  [1m[36m (0.0ms)[0m  [1mRELEASE SAVEPOINT active_record_1[0m
  [1m[35m (0.0ms)[0m  SAVEPOINT active_record_1
  [1m[36mSQL (0.1ms)[0m  [1mINSERT INTO "movies" ("title", "rating", "release_date", "created_at", "updated_at") VALUES (?, ?, ?, ?, ?)[0m  [["title", "When Harry Met Sally"], ["rating", "R"], ["release_date", "1989-07-21 00:00:00.000000"], ["created_at", "2020-02-26 19:26:30.314308"], ["updated_at", "2020-02-26 19:26:30.314308"]]
  [1m[35m (0.0ms)[0m  RELEASE SAVEPOINT active_record_1
  [1m[36m (0.0ms)[0m  [1mSAVEPOINT active_record_1[0m
  [1m[35mSQL (0.1ms)[0m  INSERT INTO "movies" ("title", "rating", "release_date", "created_at", "updated_at") VALUES (?, ?, ?, ?, ?)  [["title", "The Help"], ["rating", "PG-13"], ["release_date", "2011-08-10 00:00:00.000000"], ["created_at", "2020-02-26 19:26:30.315372"], ["updated_at", "2020-02-26 19:26:30.315372"]]
  [1m[36m (0.0ms)[0m  [1mRELEASE SAVEPOINT active_record_1[0m
  [1m[35m (0.0ms)[0m  SAVEPOINT active_record_1
  [1m[36mSQL (0.1ms)[0m  [1mINSERT INTO "movies" ("title", "rating", "release_date", "created_at", "updated_at") VALUES (?, ?, ?, ?, ?)[0m  [["title", "Chocolat"], ["rating", "PG-13"], ["release_date", "2001-01-05 00:00:00.000000"], ["created_at", "2020-02-26 19:26:30.316441"], ["updated_at", "2020-02-26 19:26:30.316441"]]
  [1m[35m (0.0ms)[0m  RELEASE SAVEPOINT active_record_1
  [1m[36m (0.0ms)[0m  [1mSAVEPOINT active_record_1[0m
  [1m[35mSQL (0.1ms)[0m  INSERT INTO "movies" ("title", "rating", "release_date", "created_at", "updated_at") VALUES (?, ?, ?, ?, ?)  [["title", "Amelie"], ["rating", "R"], ["release_date", "2001-04-25 00:00:00.000000"], ["created_at", "2020-02-26 19:26:30.317540"], ["updated_at", "2020-02-26 19:26:30.317540"]]
  [1m[36m (0.0ms)[0m  [1mRELEASE SAVEPOINT active_record_1[0m
  [1m[35m (0.0ms)[0m  SAVEPOINT active_record_1
  [1m[36mSQL (0.1ms)[0m  [1mINSERT INTO "movies" ("title", "rating", "release_date", "created_at", "updated_at") VALUES (?, ?, ?, ?, ?)[0m  [["title", "2001: A Space Odyssey"], ["rating", "G"], ["release_date", "1968-04-06 00:00:00.000000"], ["created_at", "2020-02-26 19:26:30.318631"], ["updated_at", "2020-02-26 19:26:30.318631"]]
  [1m[35m (0.0ms)[0m  RELEASE SAVEPOINT active_record_1
  [1m[36m (0.0ms)[0m  [1mSAVEPOINT active_record_1[0m
  [1m[35mSQL (0.1ms)[0m  INSERT INTO "movies" ("title", "rating", "release_date", "created_at", "updated_at") VALUES (?, ?, ?, ?, ?)  [["title", "The Incredibles"], ["rating", "PG"], ["release_date", "2004-11-05 00:00:00.000000"], ["created_at", "2020-02-26 19:26:30.319691"], ["updated_at", "2020-02-26 19:26:30.319691"]]
  [1m[36m (0.0ms)[0m  [1mRELEASE SAVEPOINT active_record_1[0m
  [1m[35m (0.0ms)[0m  SAVEPOINT active_record_1
  [1m[36mSQL (0.1ms)[0m  [1mINSERT INTO "movies" ("title", "rating", "release_date", "created_at", "updated_at") VALUES (?, ?, ?, ?, ?)[0m  [["title", "Raiders of the Lost Ark"], ["rating", "PG"], ["release_date", "1981-06-12 00:00:00.000000"], ["created_at", "2020-02-26 19:26:30.320752"], ["updated_at", "2020-02-26 19:26:30.320752"]]
  [1m[35m (0.0ms)[0m  RELEASE SAVEPOINT active_record_1
  [1m[36m (0.0ms)[0m  [1mSAVEPOINT active_record_1[0m
  [1m[35mSQL (0.1ms)[0m  INSERT INTO "movies" ("title", "rating", "release_date", "created_at", "updated_at") VALUES (?, ?, ?, ?, ?)  [["title", "Chicken Run"], ["rating", "G"], ["release_date", "2000-06-21 00:00:00.000000"], ["created_at", "2020-02-26 19:26:30.321855"], ["updated_at", "2020-02-26 19:26:30.321855"]]
  [1m[36m (0.0ms)[0m  [1mRELEASE SAVEPOINT active_record_1[0m
Started GET "/movies" for 127.0.0.1 at 2020-02-26 19:26:30 +0000
Processing by MoviesController#index as HTML
  [1m[35mMovie Load (0.1ms)[0m  SELECT "movies".* FROM "movies" WHERE "movies"."rating" IN ('G', 'PG', 'PG-13', 'NC-17', 'R')
  Rendered movies/index.html.haml within layouts/application (2.5ms)
Completed 200 OK in 4ms (Views: 3.4ms | ActiveRecord: 0.1ms)
Started GET "/movies?ratings[G]=G&ratings[NC-17]=NC-17&ratings[PG]=PG&ratings[PG-13]=PG-13&ratings[R]=R&sort=release_date" for 127.0.0.1 at 2020-02-26 19:26:30 +0000
Processing by MoviesController#index as HTML
  Parameters: {"ratings"=>{"G"=>"G", "NC-17"=>"NC-17", "PG"=>"PG", "PG-13"=>"PG-13", "R"=>"R"}, "sort"=>"release_date"}
Redirected to http://www.example.com/movies?ratings%5BG%5D=G&ratings%5BNC-17%5D=NC-17&ratings%5BPG%5D=PG&ratings%5BPG-13%5D=PG-13&ratings%5BR%5D=R&sort=release_date
Completed 302 Found in 0ms (ActiveRecord: 0.0ms)
Started GET "/movies?ratings[G]=G&ratings[NC-17]=NC-17&ratings[PG]=PG&ratings[PG-13]=PG-13&ratings[R]=R&sort=release_date" for 127.0.0.1 at 2020-02-26 19:26:30 +0000
Processing by MoviesController#index as HTML
  Parameters: {"ratings"=>{"G"=>"G", "NC-17"=>"NC-17", "PG"=>"PG", "PG-13"=>"PG-13", "R"=>"R"}, "sort"=>"release_date"}
  [1m[36mMovie Load (0.2ms)[0m  [1mSELECT "movies".* FROM "movies" WHERE "movies"."rating" IN ('G', 'NC-17', 'PG', 'PG-13', 'R')  ORDER BY "movies"."release_date" ASC[0m
  Rendered movies/index.html.haml within layouts/application (2.4ms)
Completed 200 OK in 4ms (Views: 3.1ms | ActiveRecord: 0.2ms)
  [1m[35m (0.1ms)[0m  rollback transaction
  [1m[36mActiveRecord::SchemaMigration Load (0.1ms)[0m  [1mSELECT "schema_migrations".* FROM "schema_migrations"[0m
  [1m[35m (0.1ms)[0m  begin transaction
  [1m[36m (0.0ms)[0m  [1mcommit transaction[0m
  [1m[35m (0.0ms)[0m  begin transaction
  [1m[36m (0.1ms)[0m  [1mSAVEPOINT active_record_1[0m
  [1m[35mSQL (0.2ms)[0m  INSERT INTO "movies" ("title", "rating", "release_date", "created_at", "updated_at") VALUES (?, ?, ?, ?, ?)  [["title", "Aladdin"], ["rating", "G"], ["release_date", "1992-11-25 00:00:00.000000"], ["created_at", "2020-03-10 17:16:52.578344"], ["updated_at", "2020-03-10 17:16:52.578344"]]
  [1m[36m (0.0ms)[0m  [1mRELEASE SAVEPOINT active_record_1[0m
  [1m[35m (0.0ms)[0m  SAVEPOINT active_record_1
  [1m[36mSQL (3.6ms)[0m  [1mINSERT INTO "movies" ("title", "rating", "release_date", "created_at", "updated_at") VALUES (?, ?, ?, ?, ?)[0m  [["title", "The Terminator"], ["rating", "R"], ["release_date", "1984-10-26 00:00:00.000000"], ["created_at", "2020-03-10 17:16:52.580228"], ["updated_at", "2020-03-10 17:16:52.580228"]]
  [1m[35m (0.1ms)[0m  RELEASE SAVEPOINT active_record_1
  [1m[36m (0.0ms)[0m  [1mSAVEPOINT active_record_1[0m
  [1m[35mSQL (0.1ms)[0m  INSERT INTO "movies" ("title", "rating", "release_date", "created_at", "updated_at") VALUES (?, ?, ?, ?, ?)  [["title", "When Harry Met Sally"], ["rating", "R"], ["release_date", "1989-07-21 00:00:00.000000"], ["created_at", "2020-03-10 17:16:52.585086"], ["updated_at", "2020-03-10 17:16:52.585086"]]
  [1m[36m (0.1ms)[0m  [1mRELEASE SAVEPOINT active_record_1[0m
  [1m[35m (0.0ms)[0m  SAVEPOINT active_record_1
  [1m[36mSQL (0.1ms)[0m  [1mINSERT INTO "movies" ("title", "rating", "release_date", "created_at", "updated_at") VALUES (?, ?, ?, ?, ?)[0m  [["title", "The Help"], ["rating", "PG-13"], ["release_date", "2011-08-10 00:00:00.000000"], ["created_at", "2020-03-10 17:16:52.586409"], ["updated_at", "2020-03-10 17:16:52.586409"]]
  [1m[35m (0.0ms)[0m  RELEASE SAVEPOINT active_record_1
  [1m[36m (0.0ms)[0m  [1mSAVEPOINT active_record_1[0m
  [1m[35mSQL (0.1ms)[0m  INSERT INTO "movies" ("title", "rating", "release_date", "created_at", "updated_at") VALUES (?, ?, ?, ?, ?)  [["title", "Chocolat"], ["rating", "PG-13"], ["release_date", "2001-01-05 00:00:00.000000"], ["created_at", "2020-03-10 17:16:52.587699"], ["updated_at", "2020-03-10 17:16:52.587699"]]
  [1m[36m (0.0ms)[0m  [1mRELEASE SAVEPOINT active_record_1[0m
  [1m[35m (0.0ms)[0m  SAVEPOINT active_record_1
  [1m[36mSQL (0.1ms)[0m  [1mINSERT INTO "movies" ("title", "rating", "release_date", "created_at", "updated_at") VALUES (?, ?, ?, ?, ?)[0m  [["title", "Amelie"], ["rating", "R"], ["release_date", "2001-04-25 00:00:00.000000"], ["created_at", "2020-03-10 17:16:52.589051"], ["updated_at", "2020-03-10 17:16:52.589051"]]
  [1m[35m (0.0ms)[0m  RELEASE SAVEPOINT active_record_1
  [1m[36m (0.0ms)[0m  [1mSAVEPOINT active_record_1[0m
  [1m[35mSQL (0.1ms)[0m  INSERT INTO "movies" ("title", "rating", "release_date", "created_at", "updated_at") VALUES (?, ?, ?, ?, ?)  [["title", "2001: A Space Odyssey"], ["rating", "G"], ["release_date", "1968-04-06 00:00:00.000000"], ["created_at", "2020-03-10 17:16:52.590334"], ["updated_at", "2020-03-10 17:16:52.590334"]]
  [1m[36m (0.0ms)[0m  [1mRELEASE SAVEPOINT active_record_1[0m
  [1m[35m (0.0ms)[0m  SAVEPOINT active_record_1
  [1m[36mSQL (0.1ms)[0m  [1mINSERT INTO "movies" ("title", "rating", "release_date", "created_at", "updated_at") VALUES (?, ?, ?, ?, ?)[0m  [["title", "The Incredibles"], ["rating", "PG"], ["release_date", "2004-11-05 00:00:00.000000"], ["created_at", "2020-03-10 17:16:52.591632"], ["updated_at", "2020-03-10 17:16:52.591632"]]
  [1m[35m (0.0ms)[0m  RELEASE SAVEPOINT active_record_1
  [1m[36m (0.1ms)[0m  [1mSAVEPOINT active_record_1[0m
  [1m[35mSQL (0.1ms)[0m  INSERT INTO "movies" ("title", "rating", "release_date", "created_at", "updated_at") VALUES (?, ?, ?, ?, ?)  [["title", "Raiders of the Lost Ark"], ["rating", "PG"], ["release_date", "1981-06-12 00:00:00.000000"], ["created_at", "2020-03-10 17:16:52.592966"], ["updated_at", "2020-03-10 17:16:52.592966"]]
  [1m[36m (0.1ms)[0m  [1mRELEASE SAVEPOINT active_record_1[0m
  [1m[35m (0.0ms)[0m  SAVEPOINT active_record_1
  [1m[36mSQL (0.1ms)[0m  [1mINSERT INTO "movies" ("title", "rating", "release_date", "created_at", "updated_at") VALUES (?, ?, ?, ?, ?)[0m  [["title", "Chicken Run"], ["rating", "G"], ["release_date", "2000-06-21 00:00:00.000000"], ["created_at", "2020-03-10 17:16:52.594282"], ["updated_at", "2020-03-10 17:16:52.594282"]]
  [1m[35m (0.0ms)[0m  RELEASE SAVEPOINT active_record_1
Started GET "/movies" for 127.0.0.1 at 2020-03-10 17:16:52 +0000
Processing by MoviesController#index as HTML
  [1m[36mMovie Load (0.2ms)[0m  [1mSELECT "movies".* FROM "movies" WHERE "movies"."rating" IN ('G', 'PG', 'PG-13', 'NC-17', 'R')[0m
  Rendered movies/index.html.haml within layouts/application (7.1ms)
Completed 200 OK in 177ms (Views: 164.1ms | ActiveRecord: 0.2ms)
Started GET "/movies?utf8=%E2%9C%93&ratings[PG]=1&ratings[NC-17]=1&ratings[R]=1&commit=Refresh" for 127.0.0.1 at 2020-03-10 17:16:52 +0000
Processing by MoviesController#index as HTML
  Parameters: {"utf8"=>"✓", "ratings"=>{"PG"=>"1", "NC-17"=>"1", "R"=>"1"}, "commit"=>"Refresh"}
Redirected to http://www.example.com/movies?ratings%5BNC-17%5D=1&ratings%5BPG%5D=1&ratings%5BR%5D=1
Completed 302 Found in 1ms (ActiveRecord: 0.0ms)
Started GET "/movies?ratings[NC-17]=1&ratings[PG]=1&ratings[R]=1" for 127.0.0.1 at 2020-03-10 17:16:52 +0000
Processing by MoviesController#index as HTML
  Parameters: {"ratings"=>{"NC-17"=>"1", "PG"=>"1", "R"=>"1"}}
  [1m[35mMovie Load (0.2ms)[0m  SELECT "movies".* FROM "movies" WHERE "movies"."rating" IN ('NC-17', 'PG', 'R')
  Rendered movies/index.html.haml within layouts/application (2.4ms)
Completed 200 OK in 4ms (Views: 3.4ms | ActiveRecord: 0.2ms)
  [1m[36m (0.2ms)[0m  [1mrollback transaction[0m
  [1m[35m (0.1ms)[0m  begin transaction
  [1m[36m (0.0ms)[0m  [1mcommit transaction[0m
  [1m[35m (0.0ms)[0m  begin transaction
  [1m[36m (0.0ms)[0m  [1mSAVEPOINT active_record_1[0m
  [1m[35mSQL (0.1ms)[0m  INSERT INTO "movies" ("title", "rating", "release_date", "created_at", "updated_at") VALUES (?, ?, ?, ?, ?)  [["title", "Aladdin"], ["rating", "G"], ["release_date", "1992-11-25 00:00:00.000000"], ["created_at", "2020-03-10 17:16:52.830044"], ["updated_at", "2020-03-10 17:16:52.830044"]]
  [1m[36m (0.1ms)[0m  [1mRELEASE SAVEPOINT active_record_1[0m
  [1m[35m (0.0ms)[0m  SAVEPOINT active_record_1
  [1m[36mSQL (0.1ms)[0m  [1mINSERT INTO "movies" ("title", "rating", "release_date", "created_at", "updated_at") VALUES (?, ?, ?, ?, ?)[0m  [["title", "The Terminator"], ["rating", "R"], ["release_date", "1984-10-26 00:00:00.000000"], ["created_at", "2020-03-10 17:16:52.831657"], ["updated_at", "2020-03-10 17:16:52.831657"]]
  [1m[35m (0.0ms)[0m  RELEASE SAVEPOINT active_record_1
  [1m[36m (0.0ms)[0m  [1mSAVEPOINT active_record_1[0m
  [1m[35mSQL (0.1ms)[0m  INSERT INTO "movies" ("title", "rating", "release_date", "created_at", "updated_at") VALUES (?, ?, ?, ?, ?)  [["title", "When Harry Met Sally"], ["rating", "R"], ["release_date", "1989-07-21 00:00:00.000000"], ["created_at", "2020-03-10 17:16:52.833072"], ["updated_at", "2020-03-10 17:16:52.833072"]]
  [1m[36m (0.1ms)[0m  [1mRELEASE SAVEPOINT active_record_1[0m
  [1m[35m (0.0ms)[0m  SAVEPOINT active_record_1
  [1m[36mSQL (0.1ms)[0m  [1mINSERT INTO "movies" ("title", "rating", "release_date", "created_at", "updated_at") VALUES (?, ?, ?, ?, ?)[0m  [["title", "The Help"], ["rating", "PG-13"], ["release_date", "2011-08-10 00:00:00.000000"], ["created_at", "2020-03-10 17:16:52.834393"], ["updated_at", "2020-03-10 17:16:52.834393"]]
  [1m[35m (0.0ms)[0m  RELEASE SAVEPOINT active_record_1
  [1m[36m (0.0ms)[0m  [1mSAVEPOINT active_record_1[0m
  [1m[35mSQL (0.1ms)[0m  INSERT INTO "movies" ("title", "rating", "release_date", "created_at", "updated_at") VALUES (?, ?, ?, ?, ?)  [["title", "Chocolat"], ["rating", "PG-13"], ["release_date", "2001-01-05 00:00:00.000000"], ["created_at", "2020-03-10 17:16:52.835691"], ["updated_at", "2020-03-10 17:16:52.835691"]]
  [1m[36m (0.0ms)[0m  [1mRELEASE SAVEPOINT active_record_1[0m
  [1m[35m (0.0ms)[0m  SAVEPOINT active_record_1
  [1m[36mSQL (0.1ms)[0m  [1mINSERT INTO "movies" ("title", "rating", "release_date", "created_at", "updated_at") VALUES (?, ?, ?, ?, ?)[0m  [["title", "Amelie"], ["rating", "R"], ["release_date", "2001-04-25 00:00:00.000000"], ["created_at", "2020-03-10 17:16:52.837036"], ["updated_at", "2020-03-10 17:16:52.837036"]]
  [1m[35m (0.0ms)[0m  RELEASE SAVEPOINT active_record_1
  [1m[36m (0.0ms)[0m  [1mSAVEPOINT active_record_1[0m
  [1m[35mSQL (0.1ms)[0m  INSERT INTO "movies" ("title", "rating", "release_date", "created_at", "updated_at") VALUES (?, ?, ?, ?, ?)  [["title", "2001: A Space Odyssey"], ["rating", "G"], ["release_date", "1968-04-06 00:00:00.000000"], ["created_at", "2020-03-10 17:16:52.838351"], ["updated_at", "2020-03-10 17:16:52.838351"]]
  [1m[36m (0.0ms)[0m  [1mRELEASE SAVEPOINT active_record_1[0m
  [1m[35m (0.0ms)[0m  SAVEPOINT active_record_1
  [1m[36mSQL (0.1ms)[0m  [1mINSERT INTO "movies" ("title", "rating", "release_date", "created_at", "updated_at") VALUES (?, ?, ?, ?, ?)[0m  [["title", "The Incredibles"], ["rating", "PG"], ["release_date", "2004-11-05 00:00:00.000000"], ["created_at", "2020-03-10 17:16:52.839651"], ["updated_at", "2020-03-10 17:16:52.839651"]]
  [1m[35m (0.1ms)[0m  RELEASE SAVEPOINT active_record_1
  [1m[36m (0.0ms)[0m  [1mSAVEPOINT active_record_1[0m
  [1m[35mSQL (0.1ms)[0m  INSERT INTO "movies" ("title", "rating", "release_date", "created_at", "updated_at") VALUES (?, ?, ?, ?, ?)  [["title", "Raiders of the Lost Ark"], ["rating", "PG"], ["release_date", "1981-06-12 00:00:00.000000"], ["created_at", "2020-03-10 17:16:52.840988"], ["updated_at", "2020-03-10 17:16:52.840988"]]
  [1m[36m (0.1ms)[0m  [1mRELEASE SAVEPOINT active_record_1[0m
  [1m[35m (0.0ms)[0m  SAVEPOINT active_record_1
  [1m[36mSQL (0.1ms)[0m  [1mINSERT INTO "movies" ("title", "rating", "release_date", "created_at", "updated_at") VALUES (?, ?, ?, ?, ?)[0m  [["title", "Chicken Run"], ["rating", "G"], ["release_date", "2000-06-21 00:00:00.000000"], ["created_at", "2020-03-10 17:16:52.842284"], ["updated_at", "2020-03-10 17:16:52.842284"]]
  [1m[35m (0.1ms)[0m  RELEASE SAVEPOINT active_record_1
Started GET "/movies" for 127.0.0.1 at 2020-03-10 17:16:52 +0000
Processing by MoviesController#index as HTML
  [1m[36mMovie Load (0.2ms)[0m  [1mSELECT "movies".* FROM "movies" WHERE "movies"."rating" IN ('G', 'PG', 'PG-13', 'NC-17', 'R')[0m
  Rendered movies/index.html.haml within layouts/application (3.2ms)
Completed 200 OK in 5ms (Views: 4.3ms | ActiveRecord: 0.2ms)
Started GET "/movies?utf8=%E2%9C%93&ratings[G]=1&ratings[PG]=1&ratings[PG-13]=1&ratings[NC-17]=1&ratings[R]=1&commit=Refresh" for 127.0.0.1 at 2020-03-10 17:16:52 +0000
Processing by MoviesController#index as HTML
  Parameters: {"utf8"=>"✓", "ratings"=>{"G"=>"1", "PG"=>"1", "PG-13"=>"1", "NC-17"=>"1", "R"=>"1"}, "commit"=>"Refresh"}
Redirected to http://www.example.com/movies?ratings%5BG%5D=1&ratings%5BNC-17%5D=1&ratings%5BPG%5D=1&ratings%5BPG-13%5D=1&ratings%5BR%5D=1
Completed 302 Found in 1ms (ActiveRecord: 0.0ms)
Started GET "/movies?ratings[G]=1&ratings[NC-17]=1&ratings[PG]=1&ratings[PG-13]=1&ratings[R]=1" for 127.0.0.1 at 2020-03-10 17:16:52 +0000
Processing by MoviesController#index as HTML
  Parameters: {"ratings"=>{"G"=>"1", "NC-17"=>"1", "PG"=>"1", "PG-13"=>"1", "R"=>"1"}}
  [1m[35mMovie Load (0.2ms)[0m  SELECT "movies".* FROM "movies" WHERE "movies"."rating" IN ('G', 'NC-17', 'PG', 'PG-13', 'R')
  Rendered movies/index.html.haml within layouts/application (3.3ms)
Completed 200 OK in 5ms (Views: 4.3ms | ActiveRecord: 0.2ms)
  [1m[36mMovie Load (0.1ms)[0m  [1mSELECT "movies".* FROM "movies"[0m
  [1m[35m (0.2ms)[0m  rollback transaction
  [1m[36m (0.1ms)[0m  [1mbegin transaction[0m
  [1m[35m (0.0ms)[0m  commit transaction
  [1m[36m (0.0ms)[0m  [1mbegin transaction[0m
  [1m[35m (0.0ms)[0m  SAVEPOINT active_record_1
  [1m[36mSQL (0.2ms)[0m  [1mINSERT INTO "movies" ("title", "rating", "release_date", "created_at", "updated_at") VALUES (?, ?, ?, ?, ?)[0m  [["title", "Aladdin"], ["rating", "G"], ["release_date", "1992-11-25 00:00:00.000000"], ["created_at", "2020-03-10 17:16:52.890862"], ["updated_at", "2020-03-10 17:16:52.890862"]]
  [1m[35m (0.0ms)[0m  RELEASE SAVEPOINT active_record_1
  [1m[36m (0.0ms)[0m  [1mSAVEPOINT active_record_1[0m
  [1m[35mSQL (0.1ms)[0m  INSERT INTO "movies" ("title", "rating", "release_date", "created_at", "updated_at") VALUES (?, ?, ?, ?, ?)  [["title", "The Terminator"], ["rating", "R"], ["release_date", "1984-10-26 00:00:00.000000"], ["created_at", "2020-03-10 17:16:52.892546"], ["updated_at", "2020-03-10 17:16:52.892546"]]
  [1m[36m (0.0ms)[0m  [1mRELEASE SAVEPOINT active_record_1[0m
  [1m[35m (0.0ms)[0m  SAVEPOINT active_record_1
  [1m[36mSQL (0.1ms)[0m  [1mINSERT INTO "movies" ("title", "rating", "release_date", "created_at", "updated_at") VALUES (?, ?, ?, ?, ?)[0m  [["title", "When Harry Met Sally"], ["rating", "R"], ["release_date", "1989-07-21 00:00:00.000000"], ["created_at", "2020-03-10 17:16:52.895212"], ["updated_at", "2020-03-10 17:16:52.895212"]]
  [1m[35m (0.0ms)[0m  RELEASE SAVEPOINT active_record_1
  [1m[36m (0.0ms)[0m  [1mSAVEPOINT active_record_1[0m
  [1m[35mSQL (0.1ms)[0m  INSERT INTO "movies" ("title", "rating", "release_date", "created_at", "updated_at") VALUES (?, ?, ?, ?, ?)  [["title", "The Help"], ["rating", "PG-13"], ["release_date", "2011-08-10 00:00:00.000000"], ["created_at", "2020-03-10 17:16:52.896617"], ["updated_at", "2020-03-10 17:16:52.896617"]]
  [1m[36m (0.0ms)[0m  [1mRELEASE SAVEPOINT active_record_1[0m
  [1m[35m (0.0ms)[0m  SAVEPOINT active_record_1
  [1m[36mSQL (0.1ms)[0m  [1mINSERT INTO "movies" ("title", "rating", "release_date", "created_at", "updated_at") VALUES (?, ?, ?, ?, ?)[0m  [["title", "Chocolat"], ["rating", "PG-13"], ["release_date", "2001-01-05 00:00:00.000000"], ["created_at", "2020-03-10 17:16:52.897934"], ["updated_at", "2020-03-10 17:16:52.897934"]]
  [1m[35m (0.0ms)[0m  RELEASE SAVEPOINT active_record_1
  [1m[36m (0.0ms)[0m  [1mSAVEPOINT active_record_1[0m
  [1m[35mSQL (0.1ms)[0m  INSERT INTO "movies" ("title", "rating", "release_date", "created_at", "updated_at") VALUES (?, ?, ?, ?, ?)  [["title", "Amelie"], ["rating", "R"], ["release_date", "2001-04-25 00:00:00.000000"], ["created_at", "2020-03-10 17:16:52.899241"], ["updated_at", "2020-03-10 17:16:52.899241"]]
  [1m[36m (0.1ms)[0m  [1mRELEASE SAVEPOINT active_record_1[0m
  [1m[35m (0.0ms)[0m  SAVEPOINT active_record_1
  [1m[36mSQL (0.1ms)[0m  [1mINSERT INTO "movies" ("title", "rating", "release_date", "created_at", "updated_at") VALUES (?, ?, ?, ?, ?)[0m  [["title", "2001: A Space Odyssey"], ["rating", "G"], ["release_date", "1968-04-06 00:00:00.000000"], ["created_at", "2020-03-10 17:16:52.900578"], ["updated_at", "2020-03-10 17:16:52.900578"]]
  [1m[35m (0.1ms)[0m  RELEASE SAVEPOINT active_record_1
  [1m[36m (0.0ms)[0m  [1mSAVEPOINT active_record_1[0m
  [1m[35mSQL (0.1ms)[0m  INSERT INTO "movies" ("title", "rating", "release_date", "created_at", "updated_at") VALUES (?, ?, ?, ?, ?)  [["title", "The Incredibles"], ["rating", "PG"], ["release_date", "2004-11-05 00:00:00.000000"], ["created_at", "2020-03-10 17:16:52.901874"], ["updated_at", "2020-03-10 17:16:52.901874"]]
  [1m[36m (0.0ms)[0m  [1mRELEASE SAVEPOINT active_record_1[0m
  [1m[35m (0.0ms)[0m  SAVEPOINT active_record_1
  [1m[36mSQL (0.1ms)[0m  [1mINSERT INTO "movies" ("title", "rating", "release_date", "created_at", "updated_at") VALUES (?, ?, ?, ?, ?)[0m  [["title", "Raiders of the Lost Ark"], ["rating", "PG"], ["release_date", "1981-06-12 00:00:00.000000"], ["created_at", "2020-03-10 17:16:52.903183"], ["updated_at", "2020-03-10 17:16:52.903183"]]
  [1m[35m (0.1ms)[0m  RELEASE SAVEPOINT active_record_1
  [1m[36m (0.0ms)[0m  [1mSAVEPOINT active_record_1[0m
  [1m[35mSQL (0.1ms)[0m  INSERT INTO "movies" ("title", "rating", "release_date", "created_at", "updated_at") VALUES (?, ?, ?, ?, ?)  [["title", "Chicken Run"], ["rating", "G"], ["release_date", "2000-06-21 00:00:00.000000"], ["created_at", "2020-03-10 17:16:52.904520"], ["updated_at", "2020-03-10 17:16:52.904520"]]
  [1m[36m (0.1ms)[0m  [1mRELEASE SAVEPOINT active_record_1[0m
Started GET "/movies" for 127.0.0.1 at 2020-03-10 17:16:52 +0000
Processing by MoviesController#index as HTML
  [1m[35mMovie Load (0.2ms)[0m  SELECT "movies".* FROM "movies" WHERE "movies"."rating" IN ('G', 'PG', 'PG-13', 'NC-17', 'R')
  Rendered movies/index.html.haml within layouts/application (3.8ms)
Completed 200 OK in 34ms (Views: 5.0ms | ActiveRecord: 0.2ms)
Started GET "/movies?ratings[G]=G&ratings[NC-17]=NC-17&ratings[PG]=PG&ratings[PG-13]=PG-13&ratings[R]=R&sort=title" for 127.0.0.1 at 2020-03-10 17:16:52 +0000
Processing by MoviesController#index as HTML
  Parameters: {"ratings"=>{"G"=>"G", "NC-17"=>"NC-17", "PG"=>"PG", "PG-13"=>"PG-13", "R"=>"R"}, "sort"=>"title"}
Redirected to http://www.example.com/movies?ratings%5BG%5D=G&ratings%5BNC-17%5D=NC-17&ratings%5BPG%5D=PG&ratings%5BPG-13%5D=PG-13&ratings%5BR%5D=R&sort=title
Completed 302 Found in 1ms (ActiveRecord: 0.0ms)
Started GET "/movies?ratings[G]=G&ratings[NC-17]=NC-17&ratings[PG]=PG&ratings[PG-13]=PG-13&ratings[R]=R&sort=title" for 127.0.0.1 at 2020-03-10 17:16:52 +0000
Processing by MoviesController#index as HTML
  Parameters: {"ratings"=>{"G"=>"G", "NC-17"=>"NC-17", "PG"=>"PG", "PG-13"=>"PG-13", "R"=>"R"}, "sort"=>"title"}
  [1m[36mMovie Load (0.2ms)[0m  [1mSELECT "movies".* FROM "movies" WHERE "movies"."rating" IN ('G', 'NC-17', 'PG', 'PG-13', 'R')  ORDER BY "movies"."title" ASC[0m
  Rendered movies/index.html.haml within layouts/application (3.3ms)
Completed 200 OK in 5ms (Views: 4.2ms | ActiveRecord: 0.2ms)
  [1m[35m (0.2ms)[0m  rollback transaction
  [1m[36m (0.1ms)[0m  [1mbegin transaction[0m
  [1m[35m (0.0ms)[0m  commit transaction
  [1m[36m (0.0ms)[0m  [1mbegin transaction[0m
  [1m[35m (0.0ms)[0m  SAVEPOINT active_record_1
  [1m[36mSQL (0.1ms)[0m  [1mINSERT INTO "movies" ("title", "rating", "release_date", "created_at", "updated_at") VALUES (?, ?, ?, ?, ?)[0m  [["title", "Aladdin"], ["rating", "G"], ["release_date", "1992-11-25 00:00:00.000000"], ["created_at", "2020-03-10 17:16:52.967038"], ["updated_at", "2020-03-10 17:16:52.967038"]]
  [1m[35m (0.0ms)[0m  RELEASE SAVEPOINT active_record_1
  [1m[36m (0.0ms)[0m  [1mSAVEPOINT active_record_1[0m
  [1m[35mSQL (0.1ms)[0m  INSERT INTO "movies" ("title", "rating", "release_date", "created_at", "updated_at") VALUES (?, ?, ?, ?, ?)  [["title", "The Terminator"], ["rating", "R"], ["release_date", "1984-10-26 00:00:00.000000"], ["created_at", "2020-03-10 17:16:52.968654"], ["updated_at", "2020-03-10 17:16:52.968654"]]
  [1m[36m (0.1ms)[0m  [1mRELEASE SAVEPOINT active_record_1[0m
  [1m[35m (0.0ms)[0m  SAVEPOINT active_record_1
  [1m[36mSQL (0.1ms)[0m  [1mINSERT INTO "movies" ("title", "rating", "release_date", "created_at", "updated_at") VALUES (?, ?, ?, ?, ?)[0m  [["title", "When Harry Met Sally"], ["rating", "R"], ["release_date", "1989-07-21 00:00:00.000000"], ["created_at", "2020-03-10 17:16:52.970020"], ["updated_at", "2020-03-10 17:16:52.970020"]]
  [1m[35m (0.0ms)[0m  RELEASE SAVEPOINT active_record_1
  [1m[36m (0.0ms)[0m  [1mSAVEPOINT active_record_1[0m
  [1m[35mSQL (0.1ms)[0m  INSERT INTO "movies" ("title", "rating", "release_date", "created_at", "updated_at") VALUES (?, ?, ?, ?, ?)  [["title", "The Help"], ["rating", "PG-13"], ["release_date", "2011-08-10 00:00:00.000000"], ["created_at", "2020-03-10 17:16:52.971362"], ["updated_at", "2020-03-10 17:16:52.971362"]]
  [1m[36m (0.0ms)[0m  [1mRELEASE SAVEPOINT active_record_1[0m
  [1m[35m (0.0ms)[0m  SAVEPOINT active_record_1
  [1m[36mSQL (0.1ms)[0m  [1mINSERT INTO "movies" ("title", "rating", "release_date", "created_at", "updated_at") VALUES (?, ?, ?, ?, ?)[0m  [["title", "Chocolat"], ["rating", "PG-13"], ["release_date", "2001-01-05 00:00:00.000000"], ["created_at", "2020-03-10 17:16:52.972721"], ["updated_at", "2020-03-10 17:16:52.972721"]]
  [1m[35m (0.0ms)[0m  RELEASE SAVEPOINT active_record_1
  [1m[36m (0.0ms)[0m  [1mSAVEPOINT active_record_1[0m
  [1m[35mSQL (0.1ms)[0m  INSERT INTO "movies" ("title", "rating", "release_date", "created_at", "updated_at") VALUES (?, ?, ?, ?, ?)  [["title", "Amelie"], ["rating", "R"], ["release_date", "2001-04-25 00:00:00.000000"], ["created_at", "2020-03-10 17:16:52.974027"], ["updated_at", "2020-03-10 17:16:52.974027"]]
  [1m[36m (0.0ms)[0m  [1mRELEASE SAVEPOINT active_record_1[0m
  [1m[35m (0.0ms)[0m  SAVEPOINT active_record_1
  [1m[36mSQL (0.1ms)[0m  [1mINSERT INTO "movies" ("title", "rating", "release_date", "created_at", "updated_at") VALUES (?, ?, ?, ?, ?)[0m  [["title", "2001: A Space Odyssey"], ["rating", "G"], ["release_date", "1968-04-06 00:00:00.000000"], ["created_at", "2020-03-10 17:16:52.975315"], ["updated_at", "2020-03-10 17:16:52.975315"]]
  [1m[35m (0.0ms)[0m  RELEASE SAVEPOINT active_record_1
  [1m[36m (0.0ms)[0m  [1mSAVEPOINT active_record_1[0m
  [1m[35mSQL (0.1ms)[0m  INSERT INTO "movies" ("title", "rating", "release_date", "created_at", "updated_at") VALUES (?, ?, ?, ?, ?)  [["title", "The Incredibles"], ["rating", "PG"], ["release_date", "2004-11-05 00:00:00.000000"], ["created_at", "2020-03-10 17:16:52.976694"], ["updated_at", "2020-03-10 17:16:52.976694"]]
  [1m[36m (0.0ms)[0m  [1mRELEASE SAVEPOINT active_record_1[0m
  [1m[35m (0.0ms)[0m  SAVEPOINT active_record_1
  [1m[36mSQL (0.1ms)[0m  [1mINSERT INTO "movies" ("title", "rating", "release_date", "created_at", "updated_at") VALUES (?, ?, ?, ?, ?)[0m  [["title", "Raiders of the Lost Ark"], ["rating", "PG"], ["release_date", "1981-06-12 00:00:00.000000"], ["created_at", "2020-03-10 17:16:52.978007"], ["updated_at", "2020-03-10 17:16:52.978007"]]
  [1m[35m (0.0ms)[0m  RELEASE SAVEPOINT active_record_1
  [1m[36m (0.0ms)[0m  [1mSAVEPOINT active_record_1[0m
  [1m[35mSQL (0.1ms)[0m  INSERT INTO "movies" ("title", "rating", "release_date", "created_at", "updated_at") VALUES (?, ?, ?, ?, ?)  [["title", "Chicken Run"], ["rating", "G"], ["release_date", "2000-06-21 00:00:00.000000"], ["created_at", "2020-03-10 17:16:52.979343"], ["updated_at", "2020-03-10 17:16:52.979343"]]
  [1m[36m (0.0ms)[0m  [1mRELEASE SAVEPOINT active_record_1[0m
Started GET "/movies" for 127.0.0.1 at 2020-03-10 17:16:52 +0000
Processing by MoviesController#index as HTML
  [1m[35mMovie Load (0.2ms)[0m  SELECT "movies".* FROM "movies" WHERE "movies"."rating" IN ('G', 'PG', 'PG-13', 'NC-17', 'R')
  Rendered movies/index.html.haml within layouts/application (3.1ms)
Completed 200 OK in 5ms (Views: 4.2ms | ActiveRecord: 0.2ms)
Started GET "/movies?ratings[G]=G&ratings[NC-17]=NC-17&ratings[PG]=PG&ratings[PG-13]=PG-13&ratings[R]=R&sort=release_date" for 127.0.0.1 at 2020-03-10 17:16:52 +0000
Processing by MoviesController#index as HTML
  Parameters: {"ratings"=>{"G"=>"G", "NC-17"=>"NC-17", "PG"=>"PG", "PG-13"=>"PG-13", "R"=>"R"}, "sort"=>"release_date"}
Redirected to http://www.example.com/movies?ratings%5BG%5D=G&ratings%5BNC-17%5D=NC-17&ratings%5BPG%5D=PG&ratings%5BPG-13%5D=PG-13&ratings%5BR%5D=R&sort=release_date
Completed 302 Found in 1ms (ActiveRecord: 0.0ms)
Started GET "/movies?ratings[G]=G&ratings[NC-17]=NC-17&ratings[PG]=PG&ratings[PG-13]=PG-13&ratings[R]=R&sort=release_date" for 127.0.0.1 at 2020-03-10 17:16:52 +0000
Processing by MoviesController#index as HTML
  Parameters: {"ratings"=>{"G"=>"G", "NC-17"=>"NC-17", "PG"=>"PG", "PG-13"=>"PG-13", "R"=>"R"}, "sort"=>"release_date"}
  [1m[36mMovie Load (0.2ms)[0m  [1mSELECT "movies".* FROM "movies" WHERE "movies"."rating" IN ('G', 'NC-17', 'PG', 'PG-13', 'R')  ORDER BY "movies"."release_date" ASC[0m
  Rendered movies/index.html.haml within layouts/application (3.0ms)
Completed 200 OK in 5ms (Views: 3.9ms | ActiveRecord: 0.2ms)
  [1m[35m (0.1ms)[0m  rollback transaction
  [1m[36mActiveRecord::SchemaMigration Load (0.1ms)[0m  [1mSELECT "schema_migrations".* FROM "schema_migrations"[0m
  [1m[35m (0.1ms)[0m  begin transaction
  [1m[36m (0.1ms)[0m  [1mrollback transaction[0m
  [1m[35m (0.0ms)[0m  begin transaction
  [1m[36m (0.1ms)[0m  [1mrollback transaction[0m
  [1m[35m (0.0ms)[0m  begin transaction
  [1m[36m (0.0ms)[0m  [1mrollback transaction[0m
  [1m[35m (0.0ms)[0m  begin transaction
  [1m[36m (0.1ms)[0m  [1mrollback transaction[0m
  [1m[35m (0.0ms)[0m  begin transaction
  [1m[36m (0.0ms)[0m  [1mrollback transaction[0m
  [1m[35m (0.0ms)[0m  begin transaction
  [1m[36m (0.0ms)[0m  [1mrollback transaction[0m
  [1m[35m (0.0ms)[0m  begin transaction
  [1m[36m (0.0ms)[0m  [1mrollback transaction[0m
  [1m[36mActiveRecord::SchemaMigration Load (0.1ms)[0m  [1mSELECT "schema_migrations".* FROM "schema_migrations"[0m
  [1m[35m (0.1ms)[0m  begin transaction
  [1m[36m (0.1ms)[0m  [1mrollback transaction[0m
  [1m[35m (0.1ms)[0m  begin transaction
  [1m[36m (0.0ms)[0m  [1mrollback transaction[0m
  [1m[35m (0.0ms)[0m  begin transaction
  [1m[36m (0.0ms)[0m  [1mrollback transaction[0m
  [1m[35m (0.0ms)[0m  begin transaction
  [1m[36m (0.0ms)[0m  [1mrollback transaction[0m
  [1m[35m (0.0ms)[0m  begin transaction
  [1m[36m (0.0ms)[0m  [1mrollback transaction[0m
  [1m[35m (0.0ms)[0m  begin transaction
  [1m[36m (0.0ms)[0m  [1mrollback transaction[0m
  [1m[35m (0.0ms)[0m  begin transaction
  [1m[36m (0.0ms)[0m  [1mrollback transaction[0m
  [1m[36mActiveRecord::SchemaMigration Load (0.1ms)[0m  [1mSELECT "schema_migrations".* FROM "schema_migrations"[0m
  [1m[35m (0.1ms)[0m  begin transaction
  [1m[36m (0.1ms)[0m  [1mrollback transaction[0m
  [1m[35m (0.0ms)[0m  begin transaction
  [1m[36m (0.0ms)[0m  [1mrollback transaction[0m
  [1m[35m (0.0ms)[0m  begin transaction
  [1m[36m (0.0ms)[0m  [1mrollback transaction[0m
  [1m[35m (0.0ms)[0m  begin transaction
  [1m[36m (0.0ms)[0m  [1mrollback transaction[0m
  [1m[35m (0.0ms)[0m  begin transaction
  [1m[36m (0.0ms)[0m  [1mrollback transaction[0m
  [1m[35m (0.0ms)[0m  begin transaction
  [1m[36m (0.0ms)[0m  [1mrollback transaction[0m
  [1m[35m (0.0ms)[0m  begin transaction
  [1m[36m (0.0ms)[0m  [1mrollback transaction[0m
  [1m[36mActiveRecord::SchemaMigration Load (0.1ms)[0m  [1mSELECT "schema_migrations".* FROM "schema_migrations"[0m
  [1m[35m (0.1ms)[0m  begin transaction
  [1m[36m (0.1ms)[0m  [1mrollback transaction[0m
  [1m[35m (0.0ms)[0m  begin transaction
  [1m[36m (0.0ms)[0m  [1mrollback transaction[0m
  [1m[35m (0.0ms)[0m  begin transaction
  [1m[36m (0.0ms)[0m  [1mrollback transaction[0m
  [1m[35m (0.0ms)[0m  begin transaction
  [1m[36m (0.0ms)[0m  [1mrollback transaction[0m
  [1m[35m (0.0ms)[0m  begin transaction
  [1m[36m (0.0ms)[0m  [1mrollback transaction[0m
  [1m[35m (0.0ms)[0m  begin transaction
  [1m[36m (0.0ms)[0m  [1mrollback transaction[0m
  [1m[35m (0.0ms)[0m  begin transaction
  [1m[36m (0.0ms)[0m  [1mrollback transaction[0m
  [1m[36mActiveRecord::SchemaMigration Load (0.1ms)[0m  [1mSELECT "schema_migrations".* FROM "schema_migrations"[0m
  [1m[35m (0.1ms)[0m  begin transaction
  [1m[36m (0.0ms)[0m  [1mrollback transaction[0m
  [1m[35m (0.0ms)[0m  begin transaction
  [1m[36m (0.0ms)[0m  [1mrollback transaction[0m
  [1m[35m (0.0ms)[0m  begin transaction
  [1m[36m (0.0ms)[0m  [1mrollback transaction[0m
  [1m[35m (0.0ms)[0m  begin transaction
  [1m[36m (0.0ms)[0m  [1mrollback transaction[0m
  [1m[35m (0.0ms)[0m  begin transaction
  [1m[36m (0.0ms)[0m  [1mrollback transaction[0m
  [1m[35m (0.0ms)[0m  begin transaction
  [1m[36m (0.0ms)[0m  [1mrollback transaction[0m
  [1m[35m (0.0ms)[0m  begin transaction
  [1m[36m (0.0ms)[0m  [1mrollback transaction[0m
  [1m[36mActiveRecord::SchemaMigration Load (0.1ms)[0m  [1mSELECT "schema_migrations".* FROM "schema_migrations"[0m
  [1m[35m (0.1ms)[0m  begin transaction
  [1m[36m (0.1ms)[0m  [1mrollback transaction[0m
  [1m[35m (0.0ms)[0m  begin transaction
  [1m[36m (0.0ms)[0m  [1mrollback transaction[0m
  [1m[35m (0.0ms)[0m  begin transaction
  [1m[36m (0.0ms)[0m  [1mrollback transaction[0m
  [1m[35m (0.0ms)[0m  begin transaction
  [1m[36m (0.0ms)[0m  [1mrollback transaction[0m
  [1m[35m (0.0ms)[0m  begin transaction
  [1m[36m (0.1ms)[0m  [1mrollback transaction[0m
  [1m[35m (0.0ms)[0m  begin transaction
  [1m[36m (0.0ms)[0m  [1mrollback transaction[0m
  [1m[35m (0.1ms)[0m  begin transaction
  [1m[36m (0.0ms)[0m  [1mrollback transaction[0m
  [1m[36mActiveRecord::SchemaMigration Load (0.1ms)[0m  [1mSELECT "schema_migrations".* FROM "schema_migrations"[0m
  [1m[35m (0.1ms)[0m  begin transaction
  [1m[36m (0.1ms)[0m  [1mrollback transaction[0m
  [1m[35m (0.1ms)[0m  begin transaction
  [1m[36m (0.1ms)[0m  [1mrollback transaction[0m
  [1m[35m (0.1ms)[0m  begin transaction
  [1m[36m (0.1ms)[0m  [1mrollback transaction[0m
  [1m[35m (0.1ms)[0m  begin transaction
  [1m[36m (0.0ms)[0m  [1mrollback transaction[0m
  [1m[35m (0.1ms)[0m  begin transaction
  [1m[36m (0.0ms)[0m  [1mrollback transaction[0m
  [1m[35m (0.1ms)[0m  begin transaction
  [1m[36m (0.1ms)[0m  [1mrollback transaction[0m
  [1m[35m (0.1ms)[0m  begin transaction
  [1m[36m (0.1ms)[0m  [1mrollback transaction[0m
  [1m[36mActiveRecord::SchemaMigration Load (0.1ms)[0m  [1mSELECT "schema_migrations".* FROM "schema_migrations"[0m
  [1m[35m (0.1ms)[0m  begin transaction
  [1m[36m (0.0ms)[0m  [1mcommit transaction[0m
  [1m[35m (0.0ms)[0m  begin transaction
  [1m[36m (0.1ms)[0m  [1mSAVEPOINT active_record_1[0m
  [1m[35mSQL (0.2ms)[0m  INSERT INTO "movies" ("title", "rating", "director", "release_date", "created_at", "updated_at") VALUES (?, ?, ?, ?, ?, ?)  [["title", "Star Wars"], ["rating", "PG"], ["director", "George Lucas"], ["release_date", "1977-05-25 00:00:00.000000"], ["created_at", "2020-03-10 18:23:38.742052"], ["updated_at", "2020-03-10 18:23:38.742052"]]
  [1m[36m (0.0ms)[0m  [1mRELEASE SAVEPOINT active_record_1[0m
  [1m[35m (0.0ms)[0m  SAVEPOINT active_record_1
  [1m[36mSQL (0.1ms)[0m  [1mINSERT INTO "movies" ("title", "rating", "director", "release_date", "created_at", "updated_at") VALUES (?, ?, ?, ?, ?, ?)[0m  [["title", "Blade Runner"], ["rating", "PG"], ["director", "Ridley Scott"], ["release_date", "1982-06-25 00:00:00.000000"], ["created_at", "2020-03-10 18:23:38.743989"], ["updated_at", "2020-03-10 18:23:38.743989"]]
  [1m[35m (0.0ms)[0m  RELEASE SAVEPOINT active_record_1
  [1m[36m (0.0ms)[0m  [1mSAVEPOINT active_record_1[0m
  [1m[35mSQL (0.1ms)[0m  INSERT INTO "movies" ("title", "rating", "director", "release_date", "created_at", "updated_at") VALUES (?, ?, ?, ?, ?, ?)  [["title", "Alien"], ["rating", "R"], ["director", ""], ["release_date", "1979-05-25 00:00:00.000000"], ["created_at", "2020-03-10 18:23:38.745472"], ["updated_at", "2020-03-10 18:23:38.745472"]]
  [1m[36m (0.0ms)[0m  [1mRELEASE SAVEPOINT active_record_1[0m
  [1m[35m (0.0ms)[0m  SAVEPOINT active_record_1
  [1m[36mSQL (0.1ms)[0m  [1mINSERT INTO "movies" ("title", "rating", "director", "release_date", "created_at", "updated_at") VALUES (?, ?, ?, ?, ?, ?)[0m  [["title", "THX-1138"], ["rating", "R"], ["director", "George Lucas"], ["release_date", "1971-03-11 00:00:00.000000"], ["created_at", "2020-03-10 18:23:38.746833"], ["updated_at", "2020-03-10 18:23:38.746833"]]
  [1m[35m (0.1ms)[0m  RELEASE SAVEPOINT active_record_1
  [1m[36m (0.2ms)[0m  [1mrollback transaction[0m
  [1m[35m (0.1ms)[0m  begin transaction
  [1m[36m (0.0ms)[0m  [1mcommit transaction[0m
  [1m[35m (0.0ms)[0m  begin transaction
  [1m[36m (0.0ms)[0m  [1mSAVEPOINT active_record_1[0m
  [1m[35mSQL (0.1ms)[0m  INSERT INTO "movies" ("title", "rating", "director", "release_date", "created_at", "updated_at") VALUES (?, ?, ?, ?, ?, ?)  [["title", "Star Wars"], ["rating", "PG"], ["director", "George Lucas"], ["release_date", "1977-05-25 00:00:00.000000"], ["created_at", "2020-03-10 18:23:38.766432"], ["updated_at", "2020-03-10 18:23:38.766432"]]
  [1m[36m (0.0ms)[0m  [1mRELEASE SAVEPOINT active_record_1[0m
  [1m[35m (0.1ms)[0m  SAVEPOINT active_record_1
  [1m[36mSQL (0.1ms)[0m  [1mINSERT INTO "movies" ("title", "rating", "director", "release_date", "created_at", "updated_at") VALUES (?, ?, ?, ?, ?, ?)[0m  [["title", "Blade Runner"], ["rating", "PG"], ["director", "Ridley Scott"], ["release_date", "1982-06-25 00:00:00.000000"], ["created_at", "2020-03-10 18:23:38.767997"], ["updated_at", "2020-03-10 18:23:38.767997"]]
  [1m[35m (0.0ms)[0m  RELEASE SAVEPOINT active_record_1
  [1m[36m (0.0ms)[0m  [1mSAVEPOINT active_record_1[0m
  [1m[35mSQL (0.1ms)[0m  INSERT INTO "movies" ("title", "rating", "director", "release_date", "created_at", "updated_at") VALUES (?, ?, ?, ?, ?, ?)  [["title", "Alien"], ["rating", "R"], ["director", ""], ["release_date", "1979-05-25 00:00:00.000000"], ["created_at", "2020-03-10 18:23:38.769406"], ["updated_at", "2020-03-10 18:23:38.769406"]]
  [1m[36m (0.0ms)[0m  [1mRELEASE SAVEPOINT active_record_1[0m
  [1m[35m (0.0ms)[0m  SAVEPOINT active_record_1
  [1m[36mSQL (0.1ms)[0m  [1mINSERT INTO "movies" ("title", "rating", "director", "release_date", "created_at", "updated_at") VALUES (?, ?, ?, ?, ?, ?)[0m  [["title", "THX-1138"], ["rating", "R"], ["director", "George Lucas"], ["release_date", "1971-03-11 00:00:00.000000"], ["created_at", "2020-03-10 18:23:38.770767"], ["updated_at", "2020-03-10 18:23:38.770767"]]
  [1m[35m (0.0ms)[0m  RELEASE SAVEPOINT active_record_1
  [1m[36m (0.1ms)[0m  [1mrollback transaction[0m
  [1m[35m (0.1ms)[0m  begin transaction
  [1m[36m (0.0ms)[0m  [1mcommit transaction[0m
  [1m[35m (0.0ms)[0m  begin transaction
  [1m[36m (0.0ms)[0m  [1mSAVEPOINT active_record_1[0m
  [1m[35mSQL (0.1ms)[0m  INSERT INTO "movies" ("title", "rating", "director", "release_date", "created_at", "updated_at") VALUES (?, ?, ?, ?, ?, ?)  [["title", "Star Wars"], ["rating", "PG"], ["director", "George Lucas"], ["release_date", "1977-05-25 00:00:00.000000"], ["created_at", "2020-03-10 18:23:38.780089"], ["updated_at", "2020-03-10 18:23:38.780089"]]
  [1m[36m (0.1ms)[0m  [1mRELEASE SAVEPOINT active_record_1[0m
  [1m[35m (0.0ms)[0m  SAVEPOINT active_record_1
  [1m[36mSQL (0.1ms)[0m  [1mINSERT INTO "movies" ("title", "rating", "director", "release_date", "created_at", "updated_at") VALUES (?, ?, ?, ?, ?, ?)[0m  [["title", "Blade Runner"], ["rating", "PG"], ["director", "Ridley Scott"], ["release_date", "1982-06-25 00:00:00.000000"], ["created_at", "2020-03-10 18:23:38.781676"], ["updated_at", "2020-03-10 18:23:38.781676"]]
  [1m[35m (0.0ms)[0m  RELEASE SAVEPOINT active_record_1
  [1m[36m (0.0ms)[0m  [1mSAVEPOINT active_record_1[0m
  [1m[35mSQL (0.1ms)[0m  INSERT INTO "movies" ("title", "rating", "director", "release_date", "created_at", "updated_at") VALUES (?, ?, ?, ?, ?, ?)  [["title", "Alien"], ["rating", "R"], ["director", ""], ["release_date", "1979-05-25 00:00:00.000000"], ["created_at", "2020-03-10 18:23:38.783031"], ["updated_at", "2020-03-10 18:23:38.783031"]]
  [1m[36m (0.0ms)[0m  [1mRELEASE SAVEPOINT active_record_1[0m
  [1m[35m (0.0ms)[0m  SAVEPOINT active_record_1
  [1m[36mSQL (0.1ms)[0m  [1mINSERT INTO "movies" ("title", "rating", "director", "release_date", "created_at", "updated_at") VALUES (?, ?, ?, ?, ?, ?)[0m  [["title", "THX-1138"], ["rating", "R"], ["director", "George Lucas"], ["release_date", "1971-03-11 00:00:00.000000"], ["created_at", "2020-03-10 18:23:38.784506"], ["updated_at", "2020-03-10 18:23:38.784506"]]
  [1m[35m (0.0ms)[0m  RELEASE SAVEPOINT active_record_1
  [1m[36m (0.1ms)[0m  [1mrollback transaction[0m
  [1m[35m (0.0ms)[0m  begin transaction
  [1m[36m (0.0ms)[0m  [1mcommit transaction[0m
  [1m[35m (0.0ms)[0m  begin transaction
  [1m[36m (0.0ms)[0m  [1mSAVEPOINT active_record_1[0m
  [1m[35mSQL (0.2ms)[0m  INSERT INTO "movies" ("title", "rating", "release_date", "created_at", "updated_at") VALUES (?, ?, ?, ?, ?)  [["title", "Aladdin"], ["rating", "G"], ["release_date", "1992-11-25 00:00:00.000000"], ["created_at", "2020-03-10 18:23:38.792502"], ["updated_at", "2020-03-10 18:23:38.792502"]]
  [1m[36m (0.0ms)[0m  [1mRELEASE SAVEPOINT active_record_1[0m
  [1m[35m (0.0ms)[0m  SAVEPOINT active_record_1
  [1m[36mSQL (0.1ms)[0m  [1mINSERT INTO "movies" ("title", "rating", "release_date", "created_at", "updated_at") VALUES (?, ?, ?, ?, ?)[0m  [["title", "The Terminator"], ["rating", "R"], ["release_date", "1984-10-26 00:00:00.000000"], ["created_at", "2020-03-10 18:23:38.793981"], ["updated_at", "2020-03-10 18:23:38.793981"]]
  [1m[35m (0.1ms)[0m  RELEASE SAVEPOINT active_record_1
  [1m[36m (0.0ms)[0m  [1mSAVEPOINT active_record_1[0m
  [1m[35mSQL (0.1ms)[0m  INSERT INTO "movies" ("title", "rating", "release_date", "created_at", "updated_at") VALUES (?, ?, ?, ?, ?)  [["title", "When Harry Met Sally"], ["rating", "R"], ["release_date", "1989-07-21 00:00:00.000000"], ["created_at", "2020-03-10 18:23:38.795372"], ["updated_at", "2020-03-10 18:23:38.795372"]]
  [1m[36m (0.0ms)[0m  [1mRELEASE SAVEPOINT active_record_1[0m
  [1m[35m (0.0ms)[0m  SAVEPOINT active_record_1
  [1m[36mSQL (0.1ms)[0m  [1mINSERT INTO "movies" ("title", "rating", "release_date", "created_at", "updated_at") VALUES (?, ?, ?, ?, ?)[0m  [["title", "The Help"], ["rating", "PG-13"], ["release_date", "2011-08-10 00:00:00.000000"], ["created_at", "2020-03-10 18:23:38.796738"], ["updated_at", "2020-03-10 18:23:38.796738"]]
  [1m[35m (0.0ms)[0m  RELEASE SAVEPOINT active_record_1
  [1m[36m (0.1ms)[0m  [1mSAVEPOINT active_record_1[0m
  [1m[35mSQL (0.1ms)[0m  INSERT INTO "movies" ("title", "rating", "release_date", "created_at", "updated_at") VALUES (?, ?, ?, ?, ?)  [["title", "Chocolat"], ["rating", "PG-13"], ["release_date", "2001-01-05 00:00:00.000000"], ["created_at", "2020-03-10 18:23:38.798068"], ["updated_at", "2020-03-10 18:23:38.798068"]]
  [1m[36m (0.1ms)[0m  [1mRELEASE SAVEPOINT active_record_1[0m
  [1m[35m (0.0ms)[0m  SAVEPOINT active_record_1
  [1m[36mSQL (0.1ms)[0m  [1mINSERT INTO "movies" ("title", "rating", "release_date", "created_at", "updated_at") VALUES (?, ?, ?, ?, ?)[0m  [["title", "Amelie"], ["rating", "R"], ["release_date", "2001-04-25 00:00:00.000000"], ["created_at", "2020-03-10 18:23:38.799572"], ["updated_at", "2020-03-10 18:23:38.799572"]]
  [1m[35m (0.0ms)[0m  RELEASE SAVEPOINT active_record_1
  [1m[36m (0.0ms)[0m  [1mSAVEPOINT active_record_1[0m
  [1m[35mSQL (0.1ms)[0m  INSERT INTO "movies" ("title", "rating", "release_date", "created_at", "updated_at") VALUES (?, ?, ?, ?, ?)  [["title", "2001: A Space Odyssey"], ["rating", "G"], ["release_date", "1968-04-06 00:00:00.000000"], ["created_at", "2020-03-10 18:23:38.800956"], ["updated_at", "2020-03-10 18:23:38.800956"]]
  [1m[36m (0.0ms)[0m  [1mRELEASE SAVEPOINT active_record_1[0m
  [1m[35m (0.0ms)[0m  SAVEPOINT active_record_1
  [1m[36mSQL (0.1ms)[0m  [1mINSERT INTO "movies" ("title", "rating", "release_date", "created_at", "updated_at") VALUES (?, ?, ?, ?, ?)[0m  [["title", "The Incredibles"], ["rating", "PG"], ["release_date", "2004-11-05 00:00:00.000000"], ["created_at", "2020-03-10 18:23:38.802261"], ["updated_at", "2020-03-10 18:23:38.802261"]]
  [1m[35m (0.1ms)[0m  RELEASE SAVEPOINT active_record_1
  [1m[36m (0.0ms)[0m  [1mSAVEPOINT active_record_1[0m
  [1m[35mSQL (0.1ms)[0m  INSERT INTO "movies" ("title", "rating", "release_date", "created_at", "updated_at") VALUES (?, ?, ?, ?, ?)  [["title", "Raiders of the Lost Ark"], ["rating", "PG"], ["release_date", "1981-06-12 00:00:00.000000"], ["created_at", "2020-03-10 18:23:38.803596"], ["updated_at", "2020-03-10 18:23:38.803596"]]
  [1m[36m (0.1ms)[0m  [1mRELEASE SAVEPOINT active_record_1[0m
  [1m[35m (0.0ms)[0m  SAVEPOINT active_record_1
  [1m[36mSQL (0.1ms)[0m  [1mINSERT INTO "movies" ("title", "rating", "release_date", "created_at", "updated_at") VALUES (?, ?, ?, ?, ?)[0m  [["title", "Chicken Run"], ["rating", "G"], ["release_date", "2000-06-21 00:00:00.000000"], ["created_at", "2020-03-10 18:23:38.804952"], ["updated_at", "2020-03-10 18:23:38.804952"]]
  [1m[35m (0.0ms)[0m  RELEASE SAVEPOINT active_record_1
Started GET "/movies" for 127.0.0.1 at 2020-03-10 18:23:38 +0000
Processing by MoviesController#index as HTML
  [1m[36mMovie Load (0.2ms)[0m  [1mSELECT "movies".* FROM "movies" WHERE "movies"."rating" IN ('G', 'PG', 'PG-13', 'NC-17', 'R')[0m
  Rendered movies/index.html.haml within layouts/application (6.6ms)
Completed 200 OK in 153ms (Views: 142.9ms | ActiveRecord: 0.2ms)
Started GET "/movies?utf8=%E2%9C%93&ratings[PG]=1&ratings[NC-17]=1&ratings[R]=1&commit=Refresh" for 127.0.0.1 at 2020-03-10 18:23:38 +0000
Processing by MoviesController#index as HTML
  Parameters: {"utf8"=>"✓", "ratings"=>{"PG"=>"1", "NC-17"=>"1", "R"=>"1"}, "commit"=>"Refresh"}
Redirected to http://www.example.com/movies?ratings%5BNC-17%5D=1&ratings%5BPG%5D=1&ratings%5BR%5D=1
Completed 302 Found in 1ms (ActiveRecord: 0.0ms)
Started GET "/movies?ratings[NC-17]=1&ratings[PG]=1&ratings[R]=1" for 127.0.0.1 at 2020-03-10 18:23:38 +0000
Processing by MoviesController#index as HTML
  Parameters: {"ratings"=>{"NC-17"=>"1", "PG"=>"1", "R"=>"1"}}
  [1m[35mMovie Load (0.2ms)[0m  SELECT "movies".* FROM "movies" WHERE "movies"."rating" IN ('NC-17', 'PG', 'R')
  Rendered movies/index.html.haml within layouts/application (2.4ms)
Completed 200 OK in 4ms (Views: 3.5ms | ActiveRecord: 0.2ms)
  [1m[36m (0.2ms)[0m  [1mrollback transaction[0m
  [1m[35m (0.1ms)[0m  begin transaction
  [1m[36m (0.0ms)[0m  [1mcommit transaction[0m
  [1m[35m (0.0ms)[0m  begin transaction
  [1m[36m (0.1ms)[0m  [1mSAVEPOINT active_record_1[0m
  [1m[35mSQL (0.2ms)[0m  INSERT INTO "movies" ("title", "rating", "release_date", "created_at", "updated_at") VALUES (?, ?, ?, ?, ?)  [["title", "Aladdin"], ["rating", "G"], ["release_date", "1992-11-25 00:00:00.000000"], ["created_at", "2020-03-10 18:23:39.005091"], ["updated_at", "2020-03-10 18:23:39.005091"]]
  [1m[36m (0.1ms)[0m  [1mRELEASE SAVEPOINT active_record_1[0m
  [1m[35m (0.0ms)[0m  SAVEPOINT active_record_1
  [1m[36mSQL (0.1ms)[0m  [1mINSERT INTO "movies" ("title", "rating", "release_date", "created_at", "updated_at") VALUES (?, ?, ?, ?, ?)[0m  [["title", "The Terminator"], ["rating", "R"], ["release_date", "1984-10-26 00:00:00.000000"], ["created_at", "2020-03-10 18:23:39.006734"], ["updated_at", "2020-03-10 18:23:39.006734"]]
  [1m[35m (0.1ms)[0m  RELEASE SAVEPOINT active_record_1
  [1m[36m (0.0ms)[0m  [1mSAVEPOINT active_record_1[0m
  [1m[35mSQL (0.1ms)[0m  INSERT INTO "movies" ("title", "rating", "release_date", "created_at", "updated_at") VALUES (?, ?, ?, ?, ?)  [["title", "When Harry Met Sally"], ["rating", "R"], ["release_date", "1989-07-21 00:00:00.000000"], ["created_at", "2020-03-10 18:23:39.008156"], ["updated_at", "2020-03-10 18:23:39.008156"]]
  [1m[36m (0.1ms)[0m  [1mRELEASE SAVEPOINT active_record_1[0m
  [1m[35m (0.0ms)[0m  SAVEPOINT active_record_1
  [1m[36mSQL (0.1ms)[0m  [1mINSERT INTO "movies" ("title", "rating", "release_date", "created_at", "updated_at") VALUES (?, ?, ?, ?, ?)[0m  [["title", "The Help"], ["rating", "PG-13"], ["release_date", "2011-08-10 00:00:00.000000"], ["created_at", "2020-03-10 18:23:39.009623"], ["updated_at", "2020-03-10 18:23:39.009623"]]
  [1m[35m (0.0ms)[0m  RELEASE SAVEPOINT active_record_1
  [1m[36m (0.1ms)[0m  [1mSAVEPOINT active_record_1[0m
  [1m[35mSQL (0.1ms)[0m  INSERT INTO "movies" ("title", "rating", "release_date", "created_at", "updated_at") VALUES (?, ?, ?, ?, ?)  [["title", "Chocolat"], ["rating", "PG-13"], ["release_date", "2001-01-05 00:00:00.000000"], ["created_at", "2020-03-10 18:23:39.010994"], ["updated_at", "2020-03-10 18:23:39.010994"]]
  [1m[36m (0.1ms)[0m  [1mRELEASE SAVEPOINT active_record_1[0m
  [1m[35m (0.0ms)[0m  SAVEPOINT active_record_1
  [1m[36mSQL (0.1ms)[0m  [1mINSERT INTO "movies" ("title", "rating", "release_date", "created_at", "updated_at") VALUES (?, ?, ?, ?, ?)[0m  [["title", "Amelie"], ["rating", "R"], ["release_date", "2001-04-25 00:00:00.000000"], ["created_at", "2020-03-10 18:23:39.012325"], ["updated_at", "2020-03-10 18:23:39.012325"]]
  [1m[35m (0.0ms)[0m  RELEASE SAVEPOINT active_record_1
  [1m[36m (0.0ms)[0m  [1mSAVEPOINT active_record_1[0m
  [1m[35mSQL (0.1ms)[0m  INSERT INTO "movies" ("title", "rating", "release_date", "created_at", "updated_at") VALUES (?, ?, ?, ?, ?)  [["title", "2001: A Space Odyssey"], ["rating", "G"], ["release_date", "1968-04-06 00:00:00.000000"], ["created_at", "2020-03-10 18:23:39.013688"], ["updated_at", "2020-03-10 18:23:39.013688"]]
  [1m[36m (0.1ms)[0m  [1mRELEASE SAVEPOINT active_record_1[0m
  [1m[35m (0.1ms)[0m  SAVEPOINT active_record_1
  [1m[36mSQL (0.1ms)[0m  [1mINSERT INTO "movies" ("title", "rating", "release_date", "created_at", "updated_at") VALUES (?, ?, ?, ?, ?)[0m  [["title", "The Incredibles"], ["rating", "PG"], ["release_date", "2004-11-05 00:00:00.000000"], ["created_at", "2020-03-10 18:23:39.015096"], ["updated_at", "2020-03-10 18:23:39.015096"]]
  [1m[35m (0.0ms)[0m  RELEASE SAVEPOINT active_record_1
  [1m[36m (0.0ms)[0m  [1mSAVEPOINT active_record_1[0m
  [1m[35mSQL (0.1ms)[0m  INSERT INTO "movies" ("title", "rating", "release_date", "created_at", "updated_at") VALUES (?, ?, ?, ?, ?)  [["title", "Raiders of the Lost Ark"], ["rating", "PG"], ["release_date", "1981-06-12 00:00:00.000000"], ["created_at", "2020-03-10 18:23:39.016489"], ["updated_at", "2020-03-10 18:23:39.016489"]]
  [1m[36m (0.1ms)[0m  [1mRELEASE SAVEPOINT active_record_1[0m
  [1m[35m (0.0ms)[0m  SAVEPOINT active_record_1
  [1m[36mSQL (0.1ms)[0m  [1mINSERT INTO "movies" ("title", "rating", "release_date", "created_at", "updated_at") VALUES (?, ?, ?, ?, ?)[0m  [["title", "Chicken Run"], ["rating", "G"], ["release_date", "2000-06-21 00:00:00.000000"], ["created_at", "2020-03-10 18:23:39.017803"], ["updated_at", "2020-03-10 18:23:39.017803"]]
  [1m[35m (0.0ms)[0m  RELEASE SAVEPOINT active_record_1
Started GET "/movies" for 127.0.0.1 at 2020-03-10 18:23:39 +0000
Processing by MoviesController#index as HTML
  [1m[36mMovie Load (0.2ms)[0m  [1mSELECT "movies".* FROM "movies" WHERE "movies"."rating" IN ('G', 'PG', 'PG-13', 'NC-17', 'R')[0m
  Rendered movies/index.html.haml within layouts/application (3.2ms)
Completed 200 OK in 5ms (Views: 4.2ms | ActiveRecord: 0.2ms)
Started GET "/movies?utf8=%E2%9C%93&ratings[G]=1&ratings[PG]=1&ratings[PG-13]=1&ratings[NC-17]=1&ratings[R]=1&commit=Refresh" for 127.0.0.1 at 2020-03-10 18:23:39 +0000
Processing by MoviesController#index as HTML
  Parameters: {"utf8"=>"✓", "ratings"=>{"G"=>"1", "PG"=>"1", "PG-13"=>"1", "NC-17"=>"1", "R"=>"1"}, "commit"=>"Refresh"}
Redirected to http://www.example.com/movies?ratings%5BG%5D=1&ratings%5BNC-17%5D=1&ratings%5BPG%5D=1&ratings%5BPG-13%5D=1&ratings%5BR%5D=1
Completed 302 Found in 1ms (ActiveRecord: 0.0ms)
Started GET "/movies?ratings[G]=1&ratings[NC-17]=1&ratings[PG]=1&ratings[PG-13]=1&ratings[R]=1" for 127.0.0.1 at 2020-03-10 18:23:39 +0000
Processing by MoviesController#index as HTML
  Parameters: {"ratings"=>{"G"=>"1", "NC-17"=>"1", "PG"=>"1", "PG-13"=>"1", "R"=>"1"}}
  [1m[35mMovie Load (0.2ms)[0m  SELECT "movies".* FROM "movies" WHERE "movies"."rating" IN ('G', 'NC-17', 'PG', 'PG-13', 'R')
  Rendered movies/index.html.haml within layouts/application (3.2ms)
Completed 200 OK in 10ms (Views: 4.6ms | ActiveRecord: 0.2ms)
  [1m[36mMovie Load (0.1ms)[0m  [1mSELECT "movies".* FROM "movies"[0m
  [1m[35m (0.2ms)[0m  rollback transaction
  [1m[36m (0.1ms)[0m  [1mbegin transaction[0m
  [1m[35m (0.0ms)[0m  commit transaction
  [1m[36m (0.0ms)[0m  [1mbegin transaction[0m
  [1m[35m (0.0ms)[0m  SAVEPOINT active_record_1
  [1m[36mSQL (0.1ms)[0m  [1mINSERT INTO "movies" ("title", "rating", "release_date", "created_at", "updated_at") VALUES (?, ?, ?, ?, ?)[0m  [["title", "Aladdin"], ["rating", "G"], ["release_date", "1992-11-25 00:00:00.000000"], ["created_at", "2020-03-10 18:23:39.073072"], ["updated_at", "2020-03-10 18:23:39.073072"]]
  [1m[35m (0.1ms)[0m  RELEASE SAVEPOINT active_record_1
  [1m[36m (0.0ms)[0m  [1mSAVEPOINT active_record_1[0m
  [1m[35mSQL (0.1ms)[0m  INSERT INTO "movies" ("title", "rating", "release_date", "created_at", "updated_at") VALUES (?, ?, ?, ?, ?)  [["title", "The Terminator"], ["rating", "R"], ["release_date", "1984-10-26 00:00:00.000000"], ["created_at", "2020-03-10 18:23:39.074701"], ["updated_at", "2020-03-10 18:23:39.074701"]]
  [1m[36m (0.0ms)[0m  [1mRELEASE SAVEPOINT active_record_1[0m
  [1m[35m (0.1ms)[0m  SAVEPOINT active_record_1
  [1m[36mSQL (0.1ms)[0m  [1mINSERT INTO "movies" ("title", "rating", "release_date", "created_at", "updated_at") VALUES (?, ?, ?, ?, ?)[0m  [["title", "When Harry Met Sally"], ["rating", "R"], ["release_date", "1989-07-21 00:00:00.000000"], ["created_at", "2020-03-10 18:23:39.076199"], ["updated_at", "2020-03-10 18:23:39.076199"]]
  [1m[35m (0.1ms)[0m  RELEASE SAVEPOINT active_record_1
  [1m[36m (0.0ms)[0m  [1mSAVEPOINT active_record_1[0m
  [1m[35mSQL (0.1ms)[0m  INSERT INTO "movies" ("title", "rating", "release_date", "created_at", "updated_at") VALUES (?, ?, ?, ?, ?)  [["title", "The Help"], ["rating", "PG-13"], ["release_date", "2011-08-10 00:00:00.000000"], ["created_at", "2020-03-10 18:23:39.077563"], ["updated_at", "2020-03-10 18:23:39.077563"]]
  [1m[36m (0.1ms)[0m  [1mRELEASE SAVEPOINT active_record_1[0m
  [1m[35m (0.0ms)[0m  SAVEPOINT active_record_1
  [1m[36mSQL (0.1ms)[0m  [1mINSERT INTO "movies" ("title", "rating", "release_date", "created_at", "updated_at") VALUES (?, ?, ?, ?, ?)[0m  [["title", "Chocolat"], ["rating", "PG-13"], ["release_date", "2001-01-05 00:00:00.000000"], ["created_at", "2020-03-10 18:23:39.078911"], ["updated_at", "2020-03-10 18:23:39.078911"]]
  [1m[35m (0.1ms)[0m  RELEASE SAVEPOINT active_record_1
  [1m[36m (0.0ms)[0m  [1mSAVEPOINT active_record_1[0m
  [1m[35mSQL (0.1ms)[0m  INSERT INTO "movies" ("title", "rating", "release_date", "created_at", "updated_at") VALUES (?, ?, ?, ?, ?)  [["title", "Amelie"], ["rating", "R"], ["release_date", "2001-04-25 00:00:00.000000"], ["created_at", "2020-03-10 18:23:39.080321"], ["updated_at", "2020-03-10 18:23:39.080321"]]
  [1m[36m (0.0ms)[0m  [1mRELEASE SAVEPOINT active_record_1[0m
  [1m[35m (0.0ms)[0m  SAVEPOINT active_record_1
  [1m[36mSQL (0.1ms)[0m  [1mINSERT INTO "movies" ("title", "rating", "release_date", "created_at", "updated_at") VALUES (?, ?, ?, ?, ?)[0m  [["title", "2001: A Space Odyssey"], ["rating", "G"], ["release_date", "1968-04-06 00:00:00.000000"], ["created_at", "2020-03-10 18:23:39.081640"], ["updated_at", "2020-03-10 18:23:39.081640"]]
  [1m[35m (0.0ms)[0m  RELEASE SAVEPOINT active_record_1
  [1m[36m (0.0ms)[0m  [1mSAVEPOINT active_record_1[0m
  [1m[35mSQL (0.1ms)[0m  INSERT INTO "movies" ("title", "rating", "release_date", "created_at", "updated_at") VALUES (?, ?, ?, ?, ?)  [["title", "The Incredibles"], ["rating", "PG"], ["release_date", "2004-11-05 00:00:00.000000"], ["created_at", "2020-03-10 18:23:39.082952"], ["updated_at", "2020-03-10 18:23:39.082952"]]
  [1m[36m (0.1ms)[0m  [1mRELEASE SAVEPOINT active_record_1[0m
  [1m[35m (0.0ms)[0m  SAVEPOINT active_record_1
  [1m[36mSQL (0.1ms)[0m  [1mINSERT INTO "movies" ("title", "rating", "release_date", "created_at", "updated_at") VALUES (?, ?, ?, ?, ?)[0m  [["title", "Raiders of the Lost Ark"], ["rating", "PG"], ["release_date", "1981-06-12 00:00:00.000000"], ["created_at", "2020-03-10 18:23:39.084342"], ["updated_at", "2020-03-10 18:23:39.084342"]]
  [1m[35m (0.0ms)[0m  RELEASE SAVEPOINT active_record_1
  [1m[36m (0.1ms)[0m  [1mSAVEPOINT active_record_1[0m
  [1m[35mSQL (0.1ms)[0m  INSERT INTO "movies" ("title", "rating", "release_date", "created_at", "updated_at") VALUES (?, ?, ?, ?, ?)  [["title", "Chicken Run"], ["rating", "G"], ["release_date", "2000-06-21 00:00:00.000000"], ["created_at", "2020-03-10 18:23:39.085691"], ["updated_at", "2020-03-10 18:23:39.085691"]]
  [1m[36m (0.1ms)[0m  [1mRELEASE SAVEPOINT active_record_1[0m
Started GET "/movies" for 127.0.0.1 at 2020-03-10 18:23:39 +0000
Processing by MoviesController#index as HTML
  [1m[35mMovie Load (0.2ms)[0m  SELECT "movies".* FROM "movies" WHERE "movies"."rating" IN ('G', 'PG', 'PG-13', 'NC-17', 'R')
  Rendered movies/index.html.haml within layouts/application (3.1ms)
Completed 200 OK in 5ms (Views: 4.2ms | ActiveRecord: 0.2ms)
Started GET "/movies?ratings[G]=G&ratings[NC-17]=NC-17&ratings[PG]=PG&ratings[PG-13]=PG-13&ratings[R]=R&sort=title" for 127.0.0.1 at 2020-03-10 18:23:39 +0000
Processing by MoviesController#index as HTML
  Parameters: {"ratings"=>{"G"=>"G", "NC-17"=>"NC-17", "PG"=>"PG", "PG-13"=>"PG-13", "R"=>"R"}, "sort"=>"title"}
Redirected to http://www.example.com/movies?ratings%5BG%5D=G&ratings%5BNC-17%5D=NC-17&ratings%5BPG%5D=PG&ratings%5BPG-13%5D=PG-13&ratings%5BR%5D=R&sort=title
Completed 302 Found in 1ms (ActiveRecord: 0.0ms)
Started GET "/movies?ratings[G]=G&ratings[NC-17]=NC-17&ratings[PG]=PG&ratings[PG-13]=PG-13&ratings[R]=R&sort=title" for 127.0.0.1 at 2020-03-10 18:23:39 +0000
Processing by MoviesController#index as HTML
  Parameters: {"ratings"=>{"G"=>"G", "NC-17"=>"NC-17", "PG"=>"PG", "PG-13"=>"PG-13", "R"=>"R"}, "sort"=>"title"}
  [1m[36mMovie Load (0.2ms)[0m  [1mSELECT "movies".* FROM "movies" WHERE "movies"."rating" IN ('G', 'NC-17', 'PG', 'PG-13', 'R')  ORDER BY "movies"."title" ASC[0m
  Rendered movies/index.html.haml within layouts/application (3.1ms)
Completed 200 OK in 5ms (Views: 3.9ms | ActiveRecord: 0.2ms)
  [1m[35m (0.2ms)[0m  rollback transaction
  [1m[36m (0.1ms)[0m  [1mbegin transaction[0m
  [1m[35m (0.0ms)[0m  commit transaction
  [1m[36m (0.0ms)[0m  [1mbegin transaction[0m
  [1m[35m (0.0ms)[0m  SAVEPOINT active_record_1
  [1m[36mSQL (0.2ms)[0m  [1mINSERT INTO "movies" ("title", "rating", "release_date", "created_at", "updated_at") VALUES (?, ?, ?, ?, ?)[0m  [["title", "Aladdin"], ["rating", "G"], ["release_date", "1992-11-25 00:00:00.000000"], ["created_at", "2020-03-10 18:23:39.116855"], ["updated_at", "2020-03-10 18:23:39.116855"]]
  [1m[35m (0.1ms)[0m  RELEASE SAVEPOINT active_record_1
  [1m[36m (0.0ms)[0m  [1mSAVEPOINT active_record_1[0m
  [1m[35mSQL (0.1ms)[0m  INSERT INTO "movies" ("title", "rating", "release_date", "created_at", "updated_at") VALUES (?, ?, ?, ?, ?)  [["title", "The Terminator"], ["rating", "R"], ["release_date", "1984-10-26 00:00:00.000000"], ["created_at", "2020-03-10 18:23:39.118453"], ["updated_at", "2020-03-10 18:23:39.118453"]]
  [1m[36m (0.0ms)[0m  [1mRELEASE SAVEPOINT active_record_1[0m
  [1m[35m (0.0ms)[0m  SAVEPOINT active_record_1
  [1m[36mSQL (0.1ms)[0m  [1mINSERT INTO "movies" ("title", "rating", "release_date", "created_at", "updated_at") VALUES (?, ?, ?, ?, ?)[0m  [["title", "When Harry Met Sally"], ["rating", "R"], ["release_date", "1989-07-21 00:00:00.000000"], ["created_at", "2020-03-10 18:23:39.119820"], ["updated_at", "2020-03-10 18:23:39.119820"]]
  [1m[35m (0.1ms)[0m  RELEASE SAVEPOINT active_record_1
  [1m[36m (0.0ms)[0m  [1mSAVEPOINT active_record_1[0m
  [1m[35mSQL (0.1ms)[0m  INSERT INTO "movies" ("title", "rating", "release_date", "created_at", "updated_at") VALUES (?, ?, ?, ?, ?)  [["title", "The Help"], ["rating", "PG-13"], ["release_date", "2011-08-10 00:00:00.000000"], ["created_at", "2020-03-10 18:23:39.121224"], ["updated_at", "2020-03-10 18:23:39.121224"]]
  [1m[36m (0.0ms)[0m  [1mRELEASE SAVEPOINT active_record_1[0m
  [1m[35m (0.0ms)[0m  SAVEPOINT active_record_1
  [1m[36mSQL (0.1ms)[0m  [1mINSERT INTO "movies" ("title", "rating", "release_date", "created_at", "updated_at") VALUES (?, ?, ?, ?, ?)[0m  [["title", "Chocolat"], ["rating", "PG-13"], ["release_date", "2001-01-05 00:00:00.000000"], ["created_at", "2020-03-10 18:23:39.122575"], ["updated_at", "2020-03-10 18:23:39.122575"]]
  [1m[35m (0.0ms)[0m  RELEASE SAVEPOINT active_record_1
  [1m[36m (0.1ms)[0m  [1mSAVEPOINT active_record_1[0m
  [1m[35mSQL (0.1ms)[0m  INSERT INTO "movies" ("title", "rating", "release_date", "created_at", "updated_at") VALUES (?, ?, ?, ?, ?)  [["title", "Amelie"], ["rating", "R"], ["release_date", "2001-04-25 00:00:00.000000"], ["created_at", "2020-03-10 18:23:39.123957"], ["updated_at", "2020-03-10 18:23:39.123957"]]
  [1m[36m (0.0ms)[0m  [1mRELEASE SAVEPOINT active_record_1[0m
  [1m[35m (0.0ms)[0m  SAVEPOINT active_record_1
  [1m[36mSQL (0.1ms)[0m  [1mINSERT INTO "movies" ("title", "rating", "release_date", "created_at", "updated_at") VALUES (?, ?, ?, ?, ?)[0m  [["title", "2001: A Space Odyssey"], ["rating", "G"], ["release_date", "1968-04-06 00:00:00.000000"], ["created_at", "2020-03-10 18:23:39.125355"], ["updated_at", "2020-03-10 18:23:39.125355"]]
  [1m[35m (0.0ms)[0m  RELEASE SAVEPOINT active_record_1
  [1m[36m (0.0ms)[0m  [1mSAVEPOINT active_record_1[0m
  [1m[35mSQL (0.1ms)[0m  INSERT INTO "movies" ("title", "rating", "release_date", "created_at", "updated_at") VALUES (?, ?, ?, ?, ?)  [["title", "The Incredibles"], ["rating", "PG"], ["release_date", "2004-11-05 00:00:00.000000"], ["created_at", "2020-03-10 18:23:39.126710"], ["updated_at", "2020-03-10 18:23:39.126710"]]
  [1m[36m (0.0ms)[0m  [1mRELEASE SAVEPOINT active_record_1[0m
  [1m[35m (0.0ms)[0m  SAVEPOINT active_record_1
  [1m[36mSQL (0.1ms)[0m  [1mINSERT INTO "movies" ("title", "rating", "release_date", "created_at", "updated_at") VALUES (?, ?, ?, ?, ?)[0m  [["title", "Raiders of the Lost Ark"], ["rating", "PG"], ["release_date", "1981-06-12 00:00:00.000000"], ["created_at", "2020-03-10 18:23:39.128061"], ["updated_at", "2020-03-10 18:23:39.128061"]]
  [1m[35m (0.0ms)[0m  RELEASE SAVEPOINT active_record_1
  [1m[36m (0.1ms)[0m  [1mSAVEPOINT active_record_1[0m
  [1m[35mSQL (0.1ms)[0m  INSERT INTO "movies" ("title", "rating", "release_date", "created_at", "updated_at") VALUES (?, ?, ?, ?, ?)  [["title", "Chicken Run"], ["rating", "G"], ["release_date", "2000-06-21 00:00:00.000000"], ["created_at", "2020-03-10 18:23:39.129429"], ["updated_at", "2020-03-10 18:23:39.129429"]]
  [1m[36m (0.0ms)[0m  [1mRELEASE SAVEPOINT active_record_1[0m
Started GET "/movies" for 127.0.0.1 at 2020-03-10 18:23:39 +0000
Processing by MoviesController#index as HTML
  [1m[35mMovie Load (0.2ms)[0m  SELECT "movies".* FROM "movies" WHERE "movies"."rating" IN ('G', 'PG', 'PG-13', 'NC-17', 'R')
  Rendered movies/index.html.haml within layouts/application (3.0ms)
Completed 200 OK in 5ms (Views: 4.1ms | ActiveRecord: 0.2ms)
Started GET "/movies?ratings[G]=G&ratings[NC-17]=NC-17&ratings[PG]=PG&ratings[PG-13]=PG-13&ratings[R]=R&sort=release_date" for 127.0.0.1 at 2020-03-10 18:23:39 +0000
Processing by MoviesController#index as HTML
  Parameters: {"ratings"=>{"G"=>"G", "NC-17"=>"NC-17", "PG"=>"PG", "PG-13"=>"PG-13", "R"=>"R"}, "sort"=>"release_date"}
Redirected to http://www.example.com/movies?ratings%5BG%5D=G&ratings%5BNC-17%5D=NC-17&ratings%5BPG%5D=PG&ratings%5BPG-13%5D=PG-13&ratings%5BR%5D=R&sort=release_date
Completed 302 Found in 27ms (ActiveRecord: 0.0ms)
Started GET "/movies?ratings[G]=G&ratings[NC-17]=NC-17&ratings[PG]=PG&ratings[PG-13]=PG-13&ratings[R]=R&sort=release_date" for 127.0.0.1 at 2020-03-10 18:23:39 +0000
Processing by MoviesController#index as HTML
  Parameters: {"ratings"=>{"G"=>"G", "NC-17"=>"NC-17", "PG"=>"PG", "PG-13"=>"PG-13", "R"=>"R"}, "sort"=>"release_date"}
  [1m[36mMovie Load (0.2ms)[0m  [1mSELECT "movies".* FROM "movies" WHERE "movies"."rating" IN ('G', 'NC-17', 'PG', 'PG-13', 'R')  ORDER BY "movies"."release_date" ASC[0m
  Rendered movies/index.html.haml within layouts/application (3.5ms)
Completed 200 OK in 5ms (Views: 4.5ms | ActiveRecord: 0.2ms)
  [1m[35m (0.2ms)[0m  rollback transaction
  [1m[36mActiveRecord::SchemaMigration Load (0.1ms)[0m  [1mSELECT "schema_migrations".* FROM "schema_migrations"[0m
  [1m[35m (0.1ms)[0m  begin transaction
  [1m[36m (0.0ms)[0m  [1mcommit transaction[0m
  [1m[35m (0.0ms)[0m  begin transaction
  [1m[36m (0.1ms)[0m  [1mSAVEPOINT active_record_1[0m
  [1m[35mSQL (0.2ms)[0m  INSERT INTO "movies" ("title", "rating", "director", "release_date", "created_at", "updated_at") VALUES (?, ?, ?, ?, ?, ?)  [["title", "Star Wars"], ["rating", "PG"], ["director", "George Lucas"], ["release_date", "1977-05-25 00:00:00.000000"], ["created_at", "2020-03-10 18:29:48.874856"], ["updated_at", "2020-03-10 18:29:48.874856"]]
  [1m[36m (0.0ms)[0m  [1mRELEASE SAVEPOINT active_record_1[0m
  [1m[35m (0.0ms)[0m  SAVEPOINT active_record_1
  [1m[36mSQL (0.1ms)[0m  [1mINSERT INTO "movies" ("title", "rating", "director", "release_date", "created_at", "updated_at") VALUES (?, ?, ?, ?, ?, ?)[0m  [["title", "Blade Runner"], ["rating", "PG"], ["director", "Ridley Scott"], ["release_date", "1982-06-25 00:00:00.000000"], ["created_at", "2020-03-10 18:29:48.876802"], ["updated_at", "2020-03-10 18:29:48.876802"]]
  [1m[35m (0.0ms)[0m  RELEASE SAVEPOINT active_record_1
  [1m[36m (0.0ms)[0m  [1mSAVEPOINT active_record_1[0m
  [1m[35mSQL (0.1ms)[0m  INSERT INTO "movies" ("title", "rating", "director", "release_date", "created_at", "updated_at") VALUES (?, ?, ?, ?, ?, ?)  [["title", "Alien"], ["rating", "R"], ["director", ""], ["release_date", "1979-05-25 00:00:00.000000"], ["created_at", "2020-03-10 18:29:48.878218"], ["updated_at", "2020-03-10 18:29:48.878218"]]
  [1m[36m (0.0ms)[0m  [1mRELEASE SAVEPOINT active_record_1[0m
  [1m[35m (0.0ms)[0m  SAVEPOINT active_record_1
  [1m[36mSQL (0.1ms)[0m  [1mINSERT INTO "movies" ("title", "rating", "director", "release_date", "created_at", "updated_at") VALUES (?, ?, ?, ?, ?, ?)[0m  [["title", "THX-1138"], ["rating", "R"], ["director", "George Lucas"], ["release_date", "1971-03-11 00:00:00.000000"], ["created_at", "2020-03-10 18:29:48.879554"], ["updated_at", "2020-03-10 18:29:48.879554"]]
  [1m[35m (0.0ms)[0m  RELEASE SAVEPOINT active_record_1
  [1m[36mMovie Load (0.1ms)[0m  [1mSELECT  "movies".* FROM "movies" WHERE "movies"."title" = ? LIMIT 1[0m  [["title", "Alien"]]
Started GET "/movies/3/edit" for 127.0.0.1 at 2020-03-10 18:29:48 +0000
Processing by MoviesController#edit as HTML
  Parameters: {"id"=>"3"}
  [1m[35mMovie Load (0.1ms)[0m  SELECT  "movies".* FROM "movies" WHERE "movies"."id" = ? LIMIT 1  [["id", 3]]
  Rendered movies/edit.html.haml within layouts/application (9.2ms)
Completed 200 OK in 211ms (Views: 209.6ms | ActiveRecord: 0.1ms)
Started PUT "/movies/3" for 127.0.0.1 at 2020-03-10 18:29:49 +0000
Processing by MoviesController#update as HTML
  Parameters: {"utf8"=>"✓", "movie"=>{"title"=>"Alien", "rating"=>"R", "director"=>"Ridley Scott", "release_date(1i)"=>"1979", "release_date(2i)"=>"5", "release_date(3i)"=>"25"}, "commit"=>"Update Movie Info", "id"=>"3"}
  [1m[36mMovie Load (0.1ms)[0m  [1mSELECT  "movies".* FROM "movies" WHERE "movies"."id" = ? LIMIT 1[0m  [["id", 3]]
  [1m[35m (0.1ms)[0m  SAVEPOINT active_record_1
  [1m[36mSQL (0.1ms)[0m  [1mUPDATE "movies" SET "director" = ?, "updated_at" = ? WHERE "movies"."id" = ?[0m  [["director", "Ridley Scott"], ["updated_at", "2020-03-10 18:29:49.131387"], ["id", 3]]
  [1m[35m (0.0ms)[0m  RELEASE SAVEPOINT active_record_1
Redirected to http://www.example.com/movies/3
Completed 302 Found in 3ms (ActiveRecord: 0.3ms)
Started GET "/movies/3" for 127.0.0.1 at 2020-03-10 18:29:49 +0000
Processing by MoviesController#show as HTML
  Parameters: {"id"=>"3"}
  [1m[36mMovie Load (0.0ms)[0m  [1mSELECT  "movies".* FROM "movies" WHERE "movies"."id" = ? LIMIT 1[0m  [["id", 3]]
  Rendered movies/show.html.haml within layouts/application (2.3ms)
Completed 200 OK in 4ms (Views: 4.0ms | ActiveRecord: 0.0ms)
  [1m[35m (0.2ms)[0m  rollback transaction
  [1m[36m (0.1ms)[0m  [1mbegin transaction[0m
  [1m[35m (0.0ms)[0m  commit transaction
  [1m[36m (0.0ms)[0m  [1mbegin transaction[0m
  [1m[35m (0.0ms)[0m  SAVEPOINT active_record_1
  [1m[36mSQL (0.1ms)[0m  [1mINSERT INTO "movies" ("title", "rating", "director", "release_date", "created_at", "updated_at") VALUES (?, ?, ?, ?, ?, ?)[0m  [["title", "Star Wars"], ["rating", "PG"], ["director", "George Lucas"], ["release_date", "1977-05-25 00:00:00.000000"], ["created_at", "2020-03-10 18:29:49.145409"], ["updated_at", "2020-03-10 18:29:49.145409"]]
  [1m[35m (0.1ms)[0m  RELEASE SAVEPOINT active_record_1
  [1m[36m (0.0ms)[0m  [1mSAVEPOINT active_record_1[0m
  [1m[35mSQL (0.1ms)[0m  INSERT INTO "movies" ("title", "rating", "director", "release_date", "created_at", "updated_at") VALUES (?, ?, ?, ?, ?, ?)  [["title", "Blade Runner"], ["rating", "PG"], ["director", "Ridley Scott"], ["release_date", "1982-06-25 00:00:00.000000"], ["created_at", "2020-03-10 18:29:49.146986"], ["updated_at", "2020-03-10 18:29:49.146986"]]
  [1m[36m (0.1ms)[0m  [1mRELEASE SAVEPOINT active_record_1[0m
  [1m[35m (0.0ms)[0m  SAVEPOINT active_record_1
  [1m[36mSQL (0.1ms)[0m  [1mINSERT INTO "movies" ("title", "rating", "director", "release_date", "created_at", "updated_at") VALUES (?, ?, ?, ?, ?, ?)[0m  [["title", "Alien"], ["rating", "R"], ["director", ""], ["release_date", "1979-05-25 00:00:00.000000"], ["created_at", "2020-03-10 18:29:49.148440"], ["updated_at", "2020-03-10 18:29:49.148440"]]
  [1m[35m (0.0ms)[0m  RELEASE SAVEPOINT active_record_1
  [1m[36m (0.0ms)[0m  [1mSAVEPOINT active_record_1[0m
  [1m[35mSQL (0.1ms)[0m  INSERT INTO "movies" ("title", "rating", "director", "release_date", "created_at", "updated_at") VALUES (?, ?, ?, ?, ?, ?)  [["title", "THX-1138"], ["rating", "R"], ["director", "George Lucas"], ["release_date", "1971-03-11 00:00:00.000000"], ["created_at", "2020-03-10 18:29:49.149835"], ["updated_at", "2020-03-10 18:29:49.149835"]]
  [1m[36m (0.0ms)[0m  [1mRELEASE SAVEPOINT active_record_1[0m
  [1m[35mMovie Load (0.0ms)[0m  SELECT  "movies".* FROM "movies" WHERE "movies"."title" = ? LIMIT 1  [["title", "Star Wars"]]
Started GET "/movies/1" for 127.0.0.1 at 2020-03-10 18:29:49 +0000
Processing by MoviesController#show as HTML
  Parameters: {"id"=>"1"}
  [1m[36mMovie Load (0.1ms)[0m  [1mSELECT  "movies".* FROM "movies" WHERE "movies"."id" = ? LIMIT 1[0m  [["id", 1]]
  Rendered movies/show.html.haml within layouts/application (0.5ms)
Completed 200 OK in 2ms (Views: 1.7ms | ActiveRecord: 0.1ms)
  [1m[35m (0.1ms)[0m  rollback transaction
  [1m[36m (0.0ms)[0m  [1mbegin transaction[0m
  [1m[35m (0.0ms)[0m  commit transaction
  [1m[36m (0.0ms)[0m  [1mbegin transaction[0m
  [1m[35m (0.0ms)[0m  SAVEPOINT active_record_1
  [1m[36mSQL (0.1ms)[0m  [1mINSERT INTO "movies" ("title", "rating", "director", "release_date", "created_at", "updated_at") VALUES (?, ?, ?, ?, ?, ?)[0m  [["title", "Star Wars"], ["rating", "PG"], ["director", "George Lucas"], ["release_date", "1977-05-25 00:00:00.000000"], ["created_at", "2020-03-10 18:29:49.165518"], ["updated_at", "2020-03-10 18:29:49.165518"]]
  [1m[35m (0.0ms)[0m  RELEASE SAVEPOINT active_record_1
  [1m[36m (0.0ms)[0m  [1mSAVEPOINT active_record_1[0m
  [1m[35mSQL (0.1ms)[0m  INSERT INTO "movies" ("title", "rating", "director", "release_date", "created_at", "updated_at") VALUES (?, ?, ?, ?, ?, ?)  [["title", "Blade Runner"], ["rating", "PG"], ["director", "Ridley Scott"], ["release_date", "1982-06-25 00:00:00.000000"], ["created_at", "2020-03-10 18:29:49.167005"], ["updated_at", "2020-03-10 18:29:49.167005"]]
  [1m[36m (0.0ms)[0m  [1mRELEASE SAVEPOINT active_record_1[0m
  [1m[35m (0.0ms)[0m  SAVEPOINT active_record_1
  [1m[36mSQL (0.1ms)[0m  [1mINSERT INTO "movies" ("title", "rating", "director", "release_date", "created_at", "updated_at") VALUES (?, ?, ?, ?, ?, ?)[0m  [["title", "Alien"], ["rating", "R"], ["director", ""], ["release_date", "1979-05-25 00:00:00.000000"], ["created_at", "2020-03-10 18:29:49.168469"], ["updated_at", "2020-03-10 18:29:49.168469"]]
  [1m[35m (0.0ms)[0m  RELEASE SAVEPOINT active_record_1
  [1m[36m (0.0ms)[0m  [1mSAVEPOINT active_record_1[0m
  [1m[35mSQL (0.1ms)[0m  INSERT INTO "movies" ("title", "rating", "director", "release_date", "created_at", "updated_at") VALUES (?, ?, ?, ?, ?, ?)  [["title", "THX-1138"], ["rating", "R"], ["director", "George Lucas"], ["release_date", "1971-03-11 00:00:00.000000"], ["created_at", "2020-03-10 18:29:49.169862"], ["updated_at", "2020-03-10 18:29:49.169862"]]
  [1m[36m (0.0ms)[0m  [1mRELEASE SAVEPOINT active_record_1[0m
  [1m[35mMovie Load (0.0ms)[0m  SELECT  "movies".* FROM "movies" WHERE "movies"."title" = ? LIMIT 1  [["title", "Alien"]]
Started GET "/movies/3" for 127.0.0.1 at 2020-03-10 18:29:49 +0000
Processing by MoviesController#show as HTML
  Parameters: {"id"=>"3"}
  [1m[36mMovie Load (0.0ms)[0m  [1mSELECT  "movies".* FROM "movies" WHERE "movies"."id" = ? LIMIT 1[0m  [["id", 3]]
  Rendered movies/show.html.haml within layouts/application (0.5ms)
Completed 200 OK in 2ms (Views: 1.8ms | ActiveRecord: 0.0ms)
  [1m[35m (0.1ms)[0m  rollback transaction
  [1m[36m (0.0ms)[0m  [1mbegin transaction[0m
  [1m[35m (0.0ms)[0m  commit transaction
  [1m[36m (0.0ms)[0m  [1mbegin transaction[0m
  [1m[35m (0.0ms)[0m  SAVEPOINT active_record_1
  [1m[36mSQL (0.2ms)[0m  [1mINSERT INTO "movies" ("title", "rating", "release_date", "created_at", "updated_at") VALUES (?, ?, ?, ?, ?)[0m  [["title", "Aladdin"], ["rating", "G"], ["release_date", "1992-11-25 00:00:00.000000"], ["created_at", "2020-03-10 18:29:49.187480"], ["updated_at", "2020-03-10 18:29:49.187480"]]
  [1m[35m (0.1ms)[0m  RELEASE SAVEPOINT active_record_1
  [1m[36m (0.0ms)[0m  [1mSAVEPOINT active_record_1[0m
  [1m[35mSQL (0.1ms)[0m  INSERT INTO "movies" ("title", "rating", "release_date", "created_at", "updated_at") VALUES (?, ?, ?, ?, ?)  [["title", "The Terminator"], ["rating", "R"], ["release_date", "1984-10-26 00:00:00.000000"], ["created_at", "2020-03-10 18:29:49.189065"], ["updated_at", "2020-03-10 18:29:49.189065"]]
  [1m[36m (0.0ms)[0m  [1mRELEASE SAVEPOINT active_record_1[0m
  [1m[35m (0.1ms)[0m  SAVEPOINT active_record_1
  [1m[36mSQL (0.1ms)[0m  [1mINSERT INTO "movies" ("title", "rating", "release_date", "created_at", "updated_at") VALUES (?, ?, ?, ?, ?)[0m  [["title", "When Harry Met Sally"], ["rating", "R"], ["release_date", "1989-07-21 00:00:00.000000"], ["created_at", "2020-03-10 18:29:49.190478"], ["updated_at", "2020-03-10 18:29:49.190478"]]
  [1m[35m (0.0ms)[0m  RELEASE SAVEPOINT active_record_1
  [1m[36m (0.0ms)[0m  [1mSAVEPOINT active_record_1[0m
  [1m[35mSQL (0.1ms)[0m  INSERT INTO "movies" ("title", "rating", "release_date", "created_at", "updated_at") VALUES (?, ?, ?, ?, ?)  [["title", "The Help"], ["rating", "PG-13"], ["release_date", "2011-08-10 00:00:00.000000"], ["created_at", "2020-03-10 18:29:49.191816"], ["updated_at", "2020-03-10 18:29:49.191816"]]
  [1m[36m (0.1ms)[0m  [1mRELEASE SAVEPOINT active_record_1[0m
  [1m[35m (0.0ms)[0m  SAVEPOINT active_record_1
  [1m[36mSQL (0.1ms)[0m  [1mINSERT INTO "movies" ("title", "rating", "release_date", "created_at", "updated_at") VALUES (?, ?, ?, ?, ?)[0m  [["title", "Chocolat"], ["rating", "PG-13"], ["release_date", "2001-01-05 00:00:00.000000"], ["created_at", "2020-03-10 18:29:49.193198"], ["updated_at", "2020-03-10 18:29:49.193198"]]
  [1m[35m (0.0ms)[0m  RELEASE SAVEPOINT active_record_1
  [1m[36m (0.0ms)[0m  [1mSAVEPOINT active_record_1[0m
  [1m[35mSQL (0.1ms)[0m  INSERT INTO "movies" ("title", "rating", "release_date", "created_at", "updated_at") VALUES (?, ?, ?, ?, ?)  [["title", "Amelie"], ["rating", "R"], ["release_date", "2001-04-25 00:00:00.000000"], ["created_at", "2020-03-10 18:29:49.194545"], ["updated_at", "2020-03-10 18:29:49.194545"]]
  [1m[36m (0.0ms)[0m  [1mRELEASE SAVEPOINT active_record_1[0m
  [1m[35m (0.0ms)[0m  SAVEPOINT active_record_1
  [1m[36mSQL (0.1ms)[0m  [1mINSERT INTO "movies" ("title", "rating", "release_date", "created_at", "updated_at") VALUES (?, ?, ?, ?, ?)[0m  [["title", "2001: A Space Odyssey"], ["rating", "G"], ["release_date", "1968-04-06 00:00:00.000000"], ["created_at", "2020-03-10 18:29:49.195886"], ["updated_at", "2020-03-10 18:29:49.195886"]]
  [1m[35m (0.1ms)[0m  RELEASE SAVEPOINT active_record_1
  [1m[36m (0.0ms)[0m  [1mSAVEPOINT active_record_1[0m
  [1m[35mSQL (0.1ms)[0m  INSERT INTO "movies" ("title", "rating", "release_date", "created_at", "updated_at") VALUES (?, ?, ?, ?, ?)  [["title", "The Incredibles"], ["rating", "PG"], ["release_date", "2004-11-05 00:00:00.000000"], ["created_at", "2020-03-10 18:29:49.197255"], ["updated_at", "2020-03-10 18:29:49.197255"]]
  [1m[36m (0.0ms)[0m  [1mRELEASE SAVEPOINT active_record_1[0m
  [1m[35m (0.0ms)[0m  SAVEPOINT active_record_1
  [1m[36mSQL (0.1ms)[0m  [1mINSERT INTO "movies" ("title", "rating", "release_date", "created_at", "updated_at") VALUES (?, ?, ?, ?, ?)[0m  [["title", "Raiders of the Lost Ark"], ["rating", "PG"], ["release_date", "1981-06-12 00:00:00.000000"], ["created_at", "2020-03-10 18:29:49.198584"], ["updated_at", "2020-03-10 18:29:49.198584"]]
  [1m[35m (0.0ms)[0m  RELEASE SAVEPOINT active_record_1
  [1m[36m (0.0ms)[0m  [1mSAVEPOINT active_record_1[0m
  [1m[35mSQL (0.1ms)[0m  INSERT INTO "movies" ("title", "rating", "release_date", "created_at", "updated_at") VALUES (?, ?, ?, ?, ?)  [["title", "Chicken Run"], ["rating", "G"], ["release_date", "2000-06-21 00:00:00.000000"], ["created_at", "2020-03-10 18:29:49.199958"], ["updated_at", "2020-03-10 18:29:49.199958"]]
  [1m[36m (0.0ms)[0m  [1mRELEASE SAVEPOINT active_record_1[0m
Started GET "/movies" for 127.0.0.1 at 2020-03-10 18:29:49 +0000
Processing by MoviesController#index as HTML
  [1m[35mMovie Load (0.2ms)[0m  SELECT "movies".* FROM "movies" WHERE "movies"."rating" IN ('G', 'PG', 'PG-13', 'NC-17', 'R')
  Rendered movies/index.html.haml within layouts/application (7.1ms)
Completed 200 OK in 9ms (Views: 8.5ms | ActiveRecord: 0.2ms)
Started GET "/movies?utf8=%E2%9C%93&ratings[PG]=1&ratings[NC-17]=1&ratings[R]=1&commit=Refresh" for 127.0.0.1 at 2020-03-10 18:29:49 +0000
Processing by MoviesController#index as HTML
  Parameters: {"utf8"=>"✓", "ratings"=>{"PG"=>"1", "NC-17"=>"1", "R"=>"1"}, "commit"=>"Refresh"}
Redirected to http://www.example.com/movies?ratings%5BNC-17%5D=1&ratings%5BPG%5D=1&ratings%5BR%5D=1
Completed 302 Found in 1ms (ActiveRecord: 0.0ms)
Started GET "/movies?ratings[NC-17]=1&ratings[PG]=1&ratings[R]=1" for 127.0.0.1 at 2020-03-10 18:29:49 +0000
Processing by MoviesController#index as HTML
  Parameters: {"ratings"=>{"NC-17"=>"1", "PG"=>"1", "R"=>"1"}}
  [1m[36mMovie Load (0.2ms)[0m  [1mSELECT "movies".* FROM "movies" WHERE "movies"."rating" IN ('NC-17', 'PG', 'R')[0m
  Rendered movies/index.html.haml within layouts/application (2.3ms)
Completed 200 OK in 4ms (Views: 3.4ms | ActiveRecord: 0.2ms)
  [1m[35m (0.2ms)[0m  rollback transaction
  [1m[36m (0.1ms)[0m  [1mbegin transaction[0m
  [1m[35m (0.0ms)[0m  commit transaction
  [1m[36m (0.0ms)[0m  [1mbegin transaction[0m
  [1m[35m (0.0ms)[0m  SAVEPOINT active_record_1
  [1m[36mSQL (0.1ms)[0m  [1mINSERT INTO "movies" ("title", "rating", "release_date", "created_at", "updated_at") VALUES (?, ?, ?, ?, ?)[0m  [["title", "Aladdin"], ["rating", "G"], ["release_date", "1992-11-25 00:00:00.000000"], ["created_at", "2020-03-10 18:29:49.251674"], ["updated_at", "2020-03-10 18:29:49.251674"]]
  [1m[35m (0.0ms)[0m  RELEASE SAVEPOINT active_record_1
  [1m[36m (0.0ms)[0m  [1mSAVEPOINT active_record_1[0m
  [1m[35mSQL (0.1ms)[0m  INSERT INTO "movies" ("title", "rating", "release_date", "created_at", "updated_at") VALUES (?, ?, ?, ?, ?)  [["title", "The Terminator"], ["rating", "R"], ["release_date", "1984-10-26 00:00:00.000000"], ["created_at", "2020-03-10 18:29:49.253266"], ["updated_at", "2020-03-10 18:29:49.253266"]]
  [1m[36m (0.0ms)[0m  [1mRELEASE SAVEPOINT active_record_1[0m
  [1m[35m (0.0ms)[0m  SAVEPOINT active_record_1
  [1m[36mSQL (0.1ms)[0m  [1mINSERT INTO "movies" ("title", "rating", "release_date", "created_at", "updated_at") VALUES (?, ?, ?, ?, ?)[0m  [["title", "When Harry Met Sally"], ["rating", "R"], ["release_date", "1989-07-21 00:00:00.000000"], ["created_at", "2020-03-10 18:29:49.254650"], ["updated_at", "2020-03-10 18:29:49.254650"]]
  [1m[35m (0.0ms)[0m  RELEASE SAVEPOINT active_record_1
  [1m[36m (0.0ms)[0m  [1mSAVEPOINT active_record_1[0m
  [1m[35mSQL (0.1ms)[0m  INSERT INTO "movies" ("title", "rating", "release_date", "created_at", "updated_at") VALUES (?, ?, ?, ?, ?)  [["title", "The Help"], ["rating", "PG-13"], ["release_date", "2011-08-10 00:00:00.000000"], ["created_at", "2020-03-10 18:29:49.256043"], ["updated_at", "2020-03-10 18:29:49.256043"]]
  [1m[36m (0.0ms)[0m  [1mRELEASE SAVEPOINT active_record_1[0m
  [1m[35m (0.0ms)[0m  SAVEPOINT active_record_1
  [1m[36mSQL (0.1ms)[0m  [1mINSERT INTO "movies" ("title", "rating", "release_date", "created_at", "updated_at") VALUES (?, ?, ?, ?, ?)[0m  [["title", "Chocolat"], ["rating", "PG-13"], ["release_date", "2001-01-05 00:00:00.000000"], ["created_at", "2020-03-10 18:29:49.257387"], ["updated_at", "2020-03-10 18:29:49.257387"]]
  [1m[35m (0.1ms)[0m  RELEASE SAVEPOINT active_record_1
  [1m[36m (0.0ms)[0m  [1mSAVEPOINT active_record_1[0m
  [1m[35mSQL (0.1ms)[0m  INSERT INTO "movies" ("title", "rating", "release_date", "created_at", "updated_at") VALUES (?, ?, ?, ?, ?)  [["title", "Amelie"], ["rating", "R"], ["release_date", "2001-04-25 00:00:00.000000"], ["created_at", "2020-03-10 18:29:49.258748"], ["updated_at", "2020-03-10 18:29:49.258748"]]
  [1m[36m (0.0ms)[0m  [1mRELEASE SAVEPOINT active_record_1[0m
  [1m[35m (0.0ms)[0m  SAVEPOINT active_record_1
  [1m[36mSQL (0.1ms)[0m  [1mINSERT INTO "movies" ("title", "rating", "release_date", "created_at", "updated_at") VALUES (?, ?, ?, ?, ?)[0m  [["title", "2001: A Space Odyssey"], ["rating", "G"], ["release_date", "1968-04-06 00:00:00.000000"], ["created_at", "2020-03-10 18:29:49.260121"], ["updated_at", "2020-03-10 18:29:49.260121"]]
  [1m[35m (0.1ms)[0m  RELEASE SAVEPOINT active_record_1
  [1m[36m (0.0ms)[0m  [1mSAVEPOINT active_record_1[0m
  [1m[35mSQL (0.1ms)[0m  INSERT INTO "movies" ("title", "rating", "release_date", "created_at", "updated_at") VALUES (?, ?, ?, ?, ?)  [["title", "The Incredibles"], ["rating", "PG"], ["release_date", "2004-11-05 00:00:00.000000"], ["created_at", "2020-03-10 18:29:49.261466"], ["updated_at", "2020-03-10 18:29:49.261466"]]
  [1m[36m (0.0ms)[0m  [1mRELEASE SAVEPOINT active_record_1[0m
  [1m[35m (0.0ms)[0m  SAVEPOINT active_record_1
  [1m[36mSQL (0.1ms)[0m  [1mINSERT INTO "movies" ("title", "rating", "release_date", "created_at", "updated_at") VALUES (?, ?, ?, ?, ?)[0m  [["title", "Raiders of the Lost Ark"], ["rating", "PG"], ["release_date", "1981-06-12 00:00:00.000000"], ["created_at", "2020-03-10 18:29:49.262815"], ["updated_at", "2020-03-10 18:29:49.262815"]]
  [1m[35m (0.0ms)[0m  RELEASE SAVEPOINT active_record_1
  [1m[36m (0.0ms)[0m  [1mSAVEPOINT active_record_1[0m
  [1m[35mSQL (0.1ms)[0m  INSERT INTO "movies" ("title", "rating", "release_date", "created_at", "updated_at") VALUES (?, ?, ?, ?, ?)  [["title", "Chicken Run"], ["rating", "G"], ["release_date", "2000-06-21 00:00:00.000000"], ["created_at", "2020-03-10 18:29:49.264166"], ["updated_at", "2020-03-10 18:29:49.264166"]]
  [1m[36m (0.0ms)[0m  [1mRELEASE SAVEPOINT active_record_1[0m
Started GET "/movies" for 127.0.0.1 at 2020-03-10 18:29:49 +0000
Processing by MoviesController#index as HTML
  [1m[35mMovie Load (0.2ms)[0m  SELECT "movies".* FROM "movies" WHERE "movies"."rating" IN ('G', 'PG', 'PG-13', 'NC-17', 'R')
  Rendered movies/index.html.haml within layouts/application (3.1ms)
Completed 200 OK in 5ms (Views: 4.2ms | ActiveRecord: 0.2ms)
Started GET "/movies?utf8=%E2%9C%93&ratings[G]=1&ratings[PG]=1&ratings[PG-13]=1&ratings[NC-17]=1&ratings[R]=1&commit=Refresh" for 127.0.0.1 at 2020-03-10 18:29:49 +0000
Processing by MoviesController#index as HTML
  Parameters: {"utf8"=>"✓", "ratings"=>{"G"=>"1", "PG"=>"1", "PG-13"=>"1", "NC-17"=>"1", "R"=>"1"}, "commit"=>"Refresh"}
Redirected to http://www.example.com/movies?ratings%5BG%5D=1&ratings%5BNC-17%5D=1&ratings%5BPG%5D=1&ratings%5BPG-13%5D=1&ratings%5BR%5D=1
Completed 302 Found in 1ms (ActiveRecord: 0.0ms)
Started GET "/movies?ratings[G]=1&ratings[NC-17]=1&ratings[PG]=1&ratings[PG-13]=1&ratings[R]=1" for 127.0.0.1 at 2020-03-10 18:29:49 +0000
Processing by MoviesController#index as HTML
  Parameters: {"ratings"=>{"G"=>"1", "NC-17"=>"1", "PG"=>"1", "PG-13"=>"1", "R"=>"1"}}
  [1m[36mMovie Load (0.1ms)[0m  [1mSELECT "movies".* FROM "movies" WHERE "movies"."rating" IN ('G', 'NC-17', 'PG', 'PG-13', 'R')[0m
  Rendered movies/index.html.haml within layouts/application (3.0ms)
Completed 200 OK in 4ms (Views: 3.9ms | ActiveRecord: 0.1ms)
  [1m[35mMovie Load (0.1ms)[0m  SELECT "movies".* FROM "movies"
  [1m[36m (0.2ms)[0m  [1mrollback transaction[0m
  [1m[35m (0.1ms)[0m  begin transaction
  [1m[36m (0.0ms)[0m  [1mcommit transaction[0m
  [1m[35m (0.0ms)[0m  begin transaction
  [1m[36m (0.0ms)[0m  [1mSAVEPOINT active_record_1[0m
  [1m[35mSQL (0.1ms)[0m  INSERT INTO "movies" ("title", "rating", "release_date", "created_at", "updated_at") VALUES (?, ?, ?, ?, ?)  [["title", "Aladdin"], ["rating", "G"], ["release_date", "1992-11-25 00:00:00.000000"], ["created_at", "2020-03-10 18:29:49.336740"], ["updated_at", "2020-03-10 18:29:49.336740"]]
  [1m[36m (0.0ms)[0m  [1mRELEASE SAVEPOINT active_record_1[0m
  [1m[35m (0.0ms)[0m  SAVEPOINT active_record_1
  [1m[36mSQL (0.1ms)[0m  [1mINSERT INTO "movies" ("title", "rating", "release_date", "created_at", "updated_at") VALUES (?, ?, ?, ?, ?)[0m  [["title", "The Terminator"], ["rating", "R"], ["release_date", "1984-10-26 00:00:00.000000"], ["created_at", "2020-03-10 18:29:49.338351"], ["updated_at", "2020-03-10 18:29:49.338351"]]
  [1m[35m (0.0ms)[0m  RELEASE SAVEPOINT active_record_1
  [1m[36m (0.0ms)[0m  [1mSAVEPOINT active_record_1[0m
  [1m[35mSQL (0.1ms)[0m  INSERT INTO "movies" ("title", "rating", "release_date", "created_at", "updated_at") VALUES (?, ?, ?, ?, ?)  [["title", "When Harry Met Sally"], ["rating", "R"], ["release_date", "1989-07-21 00:00:00.000000"], ["created_at", "2020-03-10 18:29:49.339769"], ["updated_at", "2020-03-10 18:29:49.339769"]]
  [1m[36m (0.0ms)[0m  [1mRELEASE SAVEPOINT active_record_1[0m
  [1m[35m (0.0ms)[0m  SAVEPOINT active_record_1
  [1m[36mSQL (0.1ms)[0m  [1mINSERT INTO "movies" ("title", "rating", "release_date", "created_at", "updated_at") VALUES (?, ?, ?, ?, ?)[0m  [["title", "The Help"], ["rating", "PG-13"], ["release_date", "2011-08-10 00:00:00.000000"], ["created_at", "2020-03-10 18:29:49.341161"], ["updated_at", "2020-03-10 18:29:49.341161"]]
  [1m[35m (0.0ms)[0m  RELEASE SAVEPOINT active_record_1
  [1m[36m (0.0ms)[0m  [1mSAVEPOINT active_record_1[0m
  [1m[35mSQL (0.1ms)[0m  INSERT INTO "movies" ("title", "rating", "release_date", "created_at", "updated_at") VALUES (?, ?, ?, ?, ?)  [["title", "Chocolat"], ["rating", "PG-13"], ["release_date", "2001-01-05 00:00:00.000000"], ["created_at", "2020-03-10 18:29:49.342561"], ["updated_at", "2020-03-10 18:29:49.342561"]]
  [1m[36m (0.0ms)[0m  [1mRELEASE SAVEPOINT active_record_1[0m
  [1m[35m (0.1ms)[0m  SAVEPOINT active_record_1
  [1m[36mSQL (0.1ms)[0m  [1mINSERT INTO "movies" ("title", "rating", "release_date", "created_at", "updated_at") VALUES (?, ?, ?, ?, ?)[0m  [["title", "Amelie"], ["rating", "R"], ["release_date", "2001-04-25 00:00:00.000000"], ["created_at", "2020-03-10 18:29:49.344001"], ["updated_at", "2020-03-10 18:29:49.344001"]]
  [1m[35m (0.0ms)[0m  RELEASE SAVEPOINT active_record_1
  [1m[36m (0.0ms)[0m  [1mSAVEPOINT active_record_1[0m
  [1m[35mSQL (0.1ms)[0m  INSERT INTO "movies" ("title", "rating", "release_date", "created_at", "updated_at") VALUES (?, ?, ?, ?, ?)  [["title", "2001: A Space Odyssey"], ["rating", "G"], ["release_date", "1968-04-06 00:00:00.000000"], ["created_at", "2020-03-10 18:29:49.345417"], ["updated_at", "2020-03-10 18:29:49.345417"]]
  [1m[36m (0.0ms)[0m  [1mRELEASE SAVEPOINT active_record_1[0m
  [1m[35m (0.0ms)[0m  SAVEPOINT active_record_1
  [1m[36mSQL (0.1ms)[0m  [1mINSERT INTO "movies" ("title", "rating", "release_date", "created_at", "updated_at") VALUES (?, ?, ?, ?, ?)[0m  [["title", "The Incredibles"], ["rating", "PG"], ["release_date", "2004-11-05 00:00:00.000000"], ["created_at", "2020-03-10 18:29:49.346818"], ["updated_at", "2020-03-10 18:29:49.346818"]]
  [1m[35m (0.0ms)[0m  RELEASE SAVEPOINT active_record_1
  [1m[36m (0.0ms)[0m  [1mSAVEPOINT active_record_1[0m
  [1m[35mSQL (0.1ms)[0m  INSERT INTO "movies" ("title", "rating", "release_date", "created_at", "updated_at") VALUES (?, ?, ?, ?, ?)  [["title", "Raiders of the Lost Ark"], ["rating", "PG"], ["release_date", "1981-06-12 00:00:00.000000"], ["created_at", "2020-03-10 18:29:49.348276"], ["updated_at", "2020-03-10 18:29:49.348276"]]
  [1m[36m (0.0ms)[0m  [1mRELEASE SAVEPOINT active_record_1[0m
  [1m[35m (0.0ms)[0m  SAVEPOINT active_record_1
  [1m[36mSQL (0.1ms)[0m  [1mINSERT INTO "movies" ("title", "rating", "release_date", "created_at", "updated_at") VALUES (?, ?, ?, ?, ?)[0m  [["title", "Chicken Run"], ["rating", "G"], ["release_date", "2000-06-21 00:00:00.000000"], ["created_at", "2020-03-10 18:29:49.349682"], ["updated_at", "2020-03-10 18:29:49.349682"]]
  [1m[35m (0.0ms)[0m  RELEASE SAVEPOINT active_record_1
Started GET "/movies" for 127.0.0.1 at 2020-03-10 18:29:49 +0000
Processing by MoviesController#index as HTML
  [1m[36mMovie Load (0.2ms)[0m  [1mSELECT "movies".* FROM "movies" WHERE "movies"."rating" IN ('G', 'PG', 'PG-13', 'NC-17', 'R')[0m
  Rendered movies/index.html.haml within layouts/application (3.1ms)
Completed 200 OK in 5ms (Views: 4.2ms | ActiveRecord: 0.2ms)
Started GET "/movies?ratings[G]=G&ratings[NC-17]=NC-17&ratings[PG]=PG&ratings[PG-13]=PG-13&ratings[R]=R&sort=title" for 127.0.0.1 at 2020-03-10 18:29:49 +0000
Processing by MoviesController#index as HTML
  Parameters: {"ratings"=>{"G"=>"G", "NC-17"=>"NC-17", "PG"=>"PG", "PG-13"=>"PG-13", "R"=>"R"}, "sort"=>"title"}
Redirected to http://www.example.com/movies?ratings%5BG%5D=G&ratings%5BNC-17%5D=NC-17&ratings%5BPG%5D=PG&ratings%5BPG-13%5D=PG-13&ratings%5BR%5D=R&sort=title
Completed 302 Found in 1ms (ActiveRecord: 0.0ms)
Started GET "/movies?ratings[G]=G&ratings[NC-17]=NC-17&ratings[PG]=PG&ratings[PG-13]=PG-13&ratings[R]=R&sort=title" for 127.0.0.1 at 2020-03-10 18:29:49 +0000
Processing by MoviesController#index as HTML
  Parameters: {"ratings"=>{"G"=>"G", "NC-17"=>"NC-17", "PG"=>"PG", "PG-13"=>"PG-13", "R"=>"R"}, "sort"=>"title"}
  [1m[35mMovie Load (0.2ms)[0m  SELECT "movies".* FROM "movies" WHERE "movies"."rating" IN ('G', 'NC-17', 'PG', 'PG-13', 'R')  ORDER BY "movies"."title" ASC
  Rendered movies/index.html.haml within layouts/application (3.0ms)
Completed 200 OK in 4ms (Views: 3.8ms | ActiveRecord: 0.2ms)
  [1m[36m (0.1ms)[0m  [1mrollback transaction[0m
  [1m[35m (0.1ms)[0m  begin transaction
  [1m[36m (0.0ms)[0m  [1mcommit transaction[0m
  [1m[35m (0.0ms)[0m  begin transaction
  [1m[36m (0.0ms)[0m  [1mSAVEPOINT active_record_1[0m
  [1m[35mSQL (0.1ms)[0m  INSERT INTO "movies" ("title", "rating", "release_date", "created_at", "updated_at") VALUES (?, ?, ?, ?, ?)  [["title", "Aladdin"], ["rating", "G"], ["release_date", "1992-11-25 00:00:00.000000"], ["created_at", "2020-03-10 18:29:49.378972"], ["updated_at", "2020-03-10 18:29:49.378972"]]
  [1m[36m (0.1ms)[0m  [1mRELEASE SAVEPOINT active_record_1[0m
  [1m[35m (0.0ms)[0m  SAVEPOINT active_record_1
  [1m[36mSQL (0.1ms)[0m  [1mINSERT INTO "movies" ("title", "rating", "release_date", "created_at", "updated_at") VALUES (?, ?, ?, ?, ?)[0m  [["title", "The Terminator"], ["rating", "R"], ["release_date", "1984-10-26 00:00:00.000000"], ["created_at", "2020-03-10 18:29:49.380519"], ["updated_at", "2020-03-10 18:29:49.380519"]]
  [1m[35m (0.1ms)[0m  RELEASE SAVEPOINT active_record_1
  [1m[36m (0.0ms)[0m  [1mSAVEPOINT active_record_1[0m
  [1m[35mSQL (0.1ms)[0m  INSERT INTO "movies" ("title", "rating", "release_date", "created_at", "updated_at") VALUES (?, ?, ?, ?, ?)  [["title", "When Harry Met Sally"], ["rating", "R"], ["release_date", "1989-07-21 00:00:00.000000"], ["created_at", "2020-03-10 18:29:49.381909"], ["updated_at", "2020-03-10 18:29:49.381909"]]
  [1m[36m (0.0ms)[0m  [1mRELEASE SAVEPOINT active_record_1[0m
  [1m[35m (0.0ms)[0m  SAVEPOINT active_record_1
  [1m[36mSQL (0.1ms)[0m  [1mINSERT INTO "movies" ("title", "rating", "release_date", "created_at", "updated_at") VALUES (?, ?, ?, ?, ?)[0m  [["title", "The Help"], ["rating", "PG-13"], ["release_date", "2011-08-10 00:00:00.000000"], ["created_at", "2020-03-10 18:29:49.383244"], ["updated_at", "2020-03-10 18:29:49.383244"]]
  [1m[35m (0.0ms)[0m  RELEASE SAVEPOINT active_record_1
  [1m[36m (0.0ms)[0m  [1mSAVEPOINT active_record_1[0m
  [1m[35mSQL (0.1ms)[0m  INSERT INTO "movies" ("title", "rating", "release_date", "created_at", "updated_at") VALUES (?, ?, ?, ?, ?)  [["title", "Chocolat"], ["rating", "PG-13"], ["release_date", "2001-01-05 00:00:00.000000"], ["created_at", "2020-03-10 18:29:49.384610"], ["updated_at", "2020-03-10 18:29:49.384610"]]
  [1m[36m (0.0ms)[0m  [1mRELEASE SAVEPOINT active_record_1[0m
  [1m[35m (0.0ms)[0m  SAVEPOINT active_record_1
  [1m[36mSQL (0.1ms)[0m  [1mINSERT INTO "movies" ("title", "rating", "release_date", "created_at", "updated_at") VALUES (?, ?, ?, ?, ?)[0m  [["title", "Amelie"], ["rating", "R"], ["release_date", "2001-04-25 00:00:00.000000"], ["created_at", "2020-03-10 18:29:49.385942"], ["updated_at", "2020-03-10 18:29:49.385942"]]
  [1m[35m (0.0ms)[0m  RELEASE SAVEPOINT active_record_1
  [1m[36m (0.0ms)[0m  [1mSAVEPOINT active_record_1[0m
  [1m[35mSQL (0.1ms)[0m  INSERT INTO "movies" ("title", "rating", "release_date", "created_at", "updated_at") VALUES (?, ?, ?, ?, ?)  [["title", "2001: A Space Odyssey"], ["rating", "G"], ["release_date", "1968-04-06 00:00:00.000000"], ["created_at", "2020-03-10 18:29:49.387266"], ["updated_at", "2020-03-10 18:29:49.387266"]]
  [1m[36m (0.0ms)[0m  [1mRELEASE SAVEPOINT active_record_1[0m
  [1m[35m (0.0ms)[0m  SAVEPOINT active_record_1
  [1m[36mSQL (0.1ms)[0m  [1mINSERT INTO "movies" ("title", "rating", "release_date", "created_at", "updated_at") VALUES (?, ?, ?, ?, ?)[0m  [["title", "The Incredibles"], ["rating", "PG"], ["release_date", "2004-11-05 00:00:00.000000"], ["created_at", "2020-03-10 18:29:49.388623"], ["updated_at", "2020-03-10 18:29:49.388623"]]
  [1m[35m (0.0ms)[0m  RELEASE SAVEPOINT active_record_1
  [1m[36m (0.0ms)[0m  [1mSAVEPOINT active_record_1[0m
  [1m[35mSQL (0.1ms)[0m  INSERT INTO "movies" ("title", "rating", "release_date", "created_at", "updated_at") VALUES (?, ?, ?, ?, ?)  [["title", "Raiders of the Lost Ark"], ["rating", "PG"], ["release_date", "1981-06-12 00:00:00.000000"], ["created_at", "2020-03-10 18:29:49.389950"], ["updated_at", "2020-03-10 18:29:49.389950"]]
  [1m[36m (0.0ms)[0m  [1mRELEASE SAVEPOINT active_record_1[0m
  [1m[35m (0.0ms)[0m  SAVEPOINT active_record_1
  [1m[36mSQL (0.1ms)[0m  [1mINSERT INTO "movies" ("title", "rating", "release_date", "created_at", "updated_at") VALUES (?, ?, ?, ?, ?)[0m  [["title", "Chicken Run"], ["rating", "G"], ["release_date", "2000-06-21 00:00:00.000000"], ["created_at", "2020-03-10 18:29:49.391275"], ["updated_at", "2020-03-10 18:29:49.391275"]]
  [1m[35m (0.0ms)[0m  RELEASE SAVEPOINT active_record_1
Started GET "/movies" for 127.0.0.1 at 2020-03-10 18:29:49 +0000
Processing by MoviesController#index as HTML
  [1m[36mMovie Load (0.1ms)[0m  [1mSELECT "movies".* FROM "movies" WHERE "movies"."rating" IN ('G', 'PG', 'PG-13', 'NC-17', 'R')[0m
  Rendered movies/index.html.haml within layouts/application (2.9ms)
Completed 200 OK in 4ms (Views: 3.9ms | ActiveRecord: 0.1ms)
Started GET "/movies?ratings[G]=G&ratings[NC-17]=NC-17&ratings[PG]=PG&ratings[PG-13]=PG-13&ratings[R]=R&sort=release_date" for 127.0.0.1 at 2020-03-10 18:29:49 +0000
Processing by MoviesController#index as HTML
  Parameters: {"ratings"=>{"G"=>"G", "NC-17"=>"NC-17", "PG"=>"PG", "PG-13"=>"PG-13", "R"=>"R"}, "sort"=>"release_date"}
Redirected to http://www.example.com/movies?ratings%5BG%5D=G&ratings%5BNC-17%5D=NC-17&ratings%5BPG%5D=PG&ratings%5BPG-13%5D=PG-13&ratings%5BR%5D=R&sort=release_date
Completed 302 Found in 1ms (ActiveRecord: 0.0ms)
Started GET "/movies?ratings[G]=G&ratings[NC-17]=NC-17&ratings[PG]=PG&ratings[PG-13]=PG-13&ratings[R]=R&sort=release_date" for 127.0.0.1 at 2020-03-10 18:29:49 +0000
Processing by MoviesController#index as HTML
  Parameters: {"ratings"=>{"G"=>"G", "NC-17"=>"NC-17", "PG"=>"PG", "PG-13"=>"PG-13", "R"=>"R"}, "sort"=>"release_date"}
  [1m[35mMovie Load (0.2ms)[0m  SELECT "movies".* FROM "movies" WHERE "movies"."rating" IN ('G', 'NC-17', 'PG', 'PG-13', 'R')  ORDER BY "movies"."release_date" ASC
  Rendered movies/index.html.haml within layouts/application (2.9ms)
Completed 200 OK in 4ms (Views: 3.8ms | ActiveRecord: 0.2ms)
  [1m[36m (0.1ms)[0m  [1mrollback transaction[0m
  [1m[36mActiveRecord::SchemaMigration Load (0.1ms)[0m  [1mSELECT "schema_migrations".* FROM "schema_migrations"[0m
  [1m[35m (0.1ms)[0m  begin transaction
  [1m[36m (0.0ms)[0m  [1mcommit transaction[0m
  [1m[35m (0.0ms)[0m  begin transaction
  [1m[36m (0.1ms)[0m  [1mSAVEPOINT active_record_1[0m
  [1m[35mSQL (0.2ms)[0m  INSERT INTO "movies" ("title", "rating", "director", "release_date", "created_at", "updated_at") VALUES (?, ?, ?, ?, ?, ?)  [["title", "Star Wars"], ["rating", "PG"], ["director", "George Lucas"], ["release_date", "1977-05-25 00:00:00.000000"], ["created_at", "2020-03-10 18:32:04.271511"], ["updated_at", "2020-03-10 18:32:04.271511"]]
  [1m[36m (0.0ms)[0m  [1mRELEASE SAVEPOINT active_record_1[0m
  [1m[35m (0.0ms)[0m  SAVEPOINT active_record_1
  [1m[36mSQL (0.1ms)[0m  [1mINSERT INTO "movies" ("title", "rating", "director", "release_date", "created_at", "updated_at") VALUES (?, ?, ?, ?, ?, ?)[0m  [["title", "Blade Runner"], ["rating", "PG"], ["director", "Ridley Scott"], ["release_date", "1982-06-25 00:00:00.000000"], ["created_at", "2020-03-10 18:32:04.273441"], ["updated_at", "2020-03-10 18:32:04.273441"]]
  [1m[35m (0.0ms)[0m  RELEASE SAVEPOINT active_record_1
  [1m[36m (0.0ms)[0m  [1mSAVEPOINT active_record_1[0m
  [1m[35mSQL (0.1ms)[0m  INSERT INTO "movies" ("title", "rating", "director", "release_date", "created_at", "updated_at") VALUES (?, ?, ?, ?, ?, ?)  [["title", "Alien"], ["rating", "R"], ["director", ""], ["release_date", "1979-05-25 00:00:00.000000"], ["created_at", "2020-03-10 18:32:04.274835"], ["updated_at", "2020-03-10 18:32:04.274835"]]
  [1m[36m (0.0ms)[0m  [1mRELEASE SAVEPOINT active_record_1[0m
  [1m[35m (0.0ms)[0m  SAVEPOINT active_record_1
  [1m[36mSQL (0.1ms)[0m  [1mINSERT INTO "movies" ("title", "rating", "director", "release_date", "created_at", "updated_at") VALUES (?, ?, ?, ?, ?, ?)[0m  [["title", "THX-1138"], ["rating", "R"], ["director", "George Lucas"], ["release_date", "1971-03-11 00:00:00.000000"], ["created_at", "2020-03-10 18:32:04.276193"], ["updated_at", "2020-03-10 18:32:04.276193"]]
  [1m[35m (0.0ms)[0m  RELEASE SAVEPOINT active_record_1
  [1m[36mMovie Load (0.1ms)[0m  [1mSELECT  "movies".* FROM "movies" WHERE "movies"."title" = ? LIMIT 1[0m  [["title", "Alien"]]
Started GET "/movies/3/edit" for 127.0.0.1 at 2020-03-10 18:32:04 +0000
Processing by MoviesController#edit as HTML
  Parameters: {"id"=>"3"}
  [1m[35mMovie Load (0.1ms)[0m  SELECT  "movies".* FROM "movies" WHERE "movies"."id" = ? LIMIT 1  [["id", 3]]
  Rendered movies/edit.html.haml within layouts/application (9.4ms)
Completed 200 OK in 157ms (Views: 156.4ms | ActiveRecord: 0.1ms)
Started PUT "/movies/3" for 127.0.0.1 at 2020-03-10 18:32:04 +0000
Processing by MoviesController#update as HTML
  Parameters: {"utf8"=>"✓", "movie"=>{"title"=>"Alien", "rating"=>"R", "director"=>"Ridley Scott", "release_date(1i)"=>"1979", "release_date(2i)"=>"5", "release_date(3i)"=>"25"}, "commit"=>"Update Movie Info", "id"=>"3"}
  [1m[36mMovie Load (0.1ms)[0m  [1mSELECT  "movies".* FROM "movies" WHERE "movies"."id" = ? LIMIT 1[0m  [["id", 3]]
  [1m[35m (0.1ms)[0m  SAVEPOINT active_record_1
  [1m[36mSQL (0.1ms)[0m  [1mUPDATE "movies" SET "director" = ?, "updated_at" = ? WHERE "movies"."id" = ?[0m  [["director", "Ridley Scott"], ["updated_at", "2020-03-10 18:32:04.472568"], ["id", 3]]
  [1m[35m (0.0ms)[0m  RELEASE SAVEPOINT active_record_1
Redirected to http://www.example.com/movies/3
Completed 302 Found in 3ms (ActiveRecord: 0.3ms)
Started GET "/movies/3" for 127.0.0.1 at 2020-03-10 18:32:04 +0000
Processing by MoviesController#show as HTML
  Parameters: {"id"=>"3"}
  [1m[36mMovie Load (0.0ms)[0m  [1mSELECT  "movies".* FROM "movies" WHERE "movies"."id" = ? LIMIT 1[0m  [["id", 3]]
  Rendered movies/show.html.haml within layouts/application (2.2ms)
Completed 200 OK in 4ms (Views: 4.0ms | ActiveRecord: 0.0ms)
  [1m[35m (0.1ms)[0m  rollback transaction
  [1m[36m (0.1ms)[0m  [1mbegin transaction[0m
  [1m[35m (0.0ms)[0m  commit transaction
  [1m[36m (0.0ms)[0m  [1mbegin transaction[0m
  [1m[35m (0.0ms)[0m  SAVEPOINT active_record_1
  [1m[36mSQL (0.1ms)[0m  [1mINSERT INTO "movies" ("title", "rating", "director", "release_date", "created_at", "updated_at") VALUES (?, ?, ?, ?, ?, ?)[0m  [["title", "Star Wars"], ["rating", "PG"], ["director", "George Lucas"], ["release_date", "1977-05-25 00:00:00.000000"], ["created_at", "2020-03-10 18:32:04.486984"], ["updated_at", "2020-03-10 18:32:04.486984"]]
  [1m[35m (0.0ms)[0m  RELEASE SAVEPOINT active_record_1
  [1m[36m (0.0ms)[0m  [1mSAVEPOINT active_record_1[0m
  [1m[35mSQL (0.1ms)[0m  INSERT INTO "movies" ("title", "rating", "director", "release_date", "created_at", "updated_at") VALUES (?, ?, ?, ?, ?, ?)  [["title", "Blade Runner"], ["rating", "PG"], ["director", "Ridley Scott"], ["release_date", "1982-06-25 00:00:00.000000"], ["created_at", "2020-03-10 18:32:04.488560"], ["updated_at", "2020-03-10 18:32:04.488560"]]
  [1m[36m (0.0ms)[0m  [1mRELEASE SAVEPOINT active_record_1[0m
  [1m[35m (0.0ms)[0m  SAVEPOINT active_record_1
  [1m[36mSQL (0.1ms)[0m  [1mINSERT INTO "movies" ("title", "rating", "director", "release_date", "created_at", "updated_at") VALUES (?, ?, ?, ?, ?, ?)[0m  [["title", "Alien"], ["rating", "R"], ["director", ""], ["release_date", "1979-05-25 00:00:00.000000"], ["created_at", "2020-03-10 18:32:04.489935"], ["updated_at", "2020-03-10 18:32:04.489935"]]
  [1m[35m (0.0ms)[0m  RELEASE SAVEPOINT active_record_1
  [1m[36m (0.0ms)[0m  [1mSAVEPOINT active_record_1[0m
  [1m[35mSQL (0.1ms)[0m  INSERT INTO "movies" ("title", "rating", "director", "release_date", "created_at", "updated_at") VALUES (?, ?, ?, ?, ?, ?)  [["title", "THX-1138"], ["rating", "R"], ["director", "George Lucas"], ["release_date", "1971-03-11 00:00:00.000000"], ["created_at", "2020-03-10 18:32:04.491269"], ["updated_at", "2020-03-10 18:32:04.491269"]]
  [1m[36m (0.0ms)[0m  [1mRELEASE SAVEPOINT active_record_1[0m
  [1m[35mMovie Load (0.0ms)[0m  SELECT  "movies".* FROM "movies" WHERE "movies"."title" = ? LIMIT 1  [["title", "Star Wars"]]
Started GET "/movies/1" for 127.0.0.1 at 2020-03-10 18:32:04 +0000
Processing by MoviesController#show as HTML
  Parameters: {"id"=>"1"}
  [1m[36mMovie Load (0.0ms)[0m  [1mSELECT  "movies".* FROM "movies" WHERE "movies"."id" = ? LIMIT 1[0m  [["id", 1]]
  Rendered movies/show.html.haml within layouts/application (0.5ms)
Completed 200 OK in 2ms (Views: 1.8ms | ActiveRecord: 0.0ms)
  [1m[35m (0.1ms)[0m  rollback transaction
  [1m[36m (0.1ms)[0m  [1mbegin transaction[0m
  [1m[35m (0.0ms)[0m  commit transaction
  [1m[36m (0.0ms)[0m  [1mbegin transaction[0m
  [1m[35m (0.0ms)[0m  SAVEPOINT active_record_1
  [1m[36mSQL (0.1ms)[0m  [1mINSERT INTO "movies" ("title", "rating", "director", "release_date", "created_at", "updated_at") VALUES (?, ?, ?, ?, ?, ?)[0m  [["title", "Star Wars"], ["rating", "PG"], ["director", "George Lucas"], ["release_date", "1977-05-25 00:00:00.000000"], ["created_at", "2020-03-10 18:32:04.506992"], ["updated_at", "2020-03-10 18:32:04.506992"]]
  [1m[35m (0.0ms)[0m  RELEASE SAVEPOINT active_record_1
  [1m[36m (0.0ms)[0m  [1mSAVEPOINT active_record_1[0m
  [1m[35mSQL (0.1ms)[0m  INSERT INTO "movies" ("title", "rating", "director", "release_date", "created_at", "updated_at") VALUES (?, ?, ?, ?, ?, ?)  [["title", "Blade Runner"], ["rating", "PG"], ["director", "Ridley Scott"], ["release_date", "1982-06-25 00:00:00.000000"], ["created_at", "2020-03-10 18:32:04.508560"], ["updated_at", "2020-03-10 18:32:04.508560"]]
  [1m[36m (0.0ms)[0m  [1mRELEASE SAVEPOINT active_record_1[0m
  [1m[35m (0.0ms)[0m  SAVEPOINT active_record_1
  [1m[36mSQL (0.1ms)[0m  [1mINSERT INTO "movies" ("title", "rating", "director", "release_date", "created_at", "updated_at") VALUES (?, ?, ?, ?, ?, ?)[0m  [["title", "Alien"], ["rating", "R"], ["director", ""], ["release_date", "1979-05-25 00:00:00.000000"], ["created_at", "2020-03-10 18:32:04.509940"], ["updated_at", "2020-03-10 18:32:04.509940"]]
  [1m[35m (0.1ms)[0m  RELEASE SAVEPOINT active_record_1
  [1m[36m (0.0ms)[0m  [1mSAVEPOINT active_record_1[0m
  [1m[35mSQL (0.1ms)[0m  INSERT INTO "movies" ("title", "rating", "director", "release_date", "created_at", "updated_at") VALUES (?, ?, ?, ?, ?, ?)  [["title", "THX-1138"], ["rating", "R"], ["director", "George Lucas"], ["release_date", "1971-03-11 00:00:00.000000"], ["created_at", "2020-03-10 18:32:04.511264"], ["updated_at", "2020-03-10 18:32:04.511264"]]
  [1m[36m (0.0ms)[0m  [1mRELEASE SAVEPOINT active_record_1[0m
  [1m[35mMovie Load (0.0ms)[0m  SELECT  "movies".* FROM "movies" WHERE "movies"."title" = ? LIMIT 1  [["title", "Alien"]]
Started GET "/movies/3" for 127.0.0.1 at 2020-03-10 18:32:04 +0000
Processing by MoviesController#show as HTML
  Parameters: {"id"=>"3"}
  [1m[36mMovie Load (0.0ms)[0m  [1mSELECT  "movies".* FROM "movies" WHERE "movies"."id" = ? LIMIT 1[0m  [["id", 3]]
  Rendered movies/show.html.haml within layouts/application (0.5ms)
Completed 200 OK in 2ms (Views: 1.9ms | ActiveRecord: 0.0ms)
  [1m[35m (0.2ms)[0m  rollback transaction
  [1m[36m (0.1ms)[0m  [1mbegin transaction[0m
  [1m[35m (0.0ms)[0m  commit transaction
  [1m[36m (0.0ms)[0m  [1mbegin transaction[0m
  [1m[35m (0.0ms)[0m  SAVEPOINT active_record_1
  [1m[36mSQL (0.2ms)[0m  [1mINSERT INTO "movies" ("title", "rating", "release_date", "created_at", "updated_at") VALUES (?, ?, ?, ?, ?)[0m  [["title", "Aladdin"], ["rating", "G"], ["release_date", "1992-11-25 00:00:00.000000"], ["created_at", "2020-03-10 18:32:04.528746"], ["updated_at", "2020-03-10 18:32:04.528746"]]
  [1m[35m (0.0ms)[0m  RELEASE SAVEPOINT active_record_1
  [1m[36m (0.0ms)[0m  [1mSAVEPOINT active_record_1[0m
  [1m[35mSQL (0.1ms)[0m  INSERT INTO "movies" ("title", "rating", "release_date", "created_at", "updated_at") VALUES (?, ?, ?, ?, ?)  [["title", "The Terminator"], ["rating", "R"], ["release_date", "1984-10-26 00:00:00.000000"], ["created_at", "2020-03-10 18:32:04.530337"], ["updated_at", "2020-03-10 18:32:04.530337"]]
  [1m[36m (0.0ms)[0m  [1mRELEASE SAVEPOINT active_record_1[0m
  [1m[35m (0.0ms)[0m  SAVEPOINT active_record_1
  [1m[36mSQL (0.1ms)[0m  [1mINSERT INTO "movies" ("title", "rating", "release_date", "created_at", "updated_at") VALUES (?, ?, ?, ?, ?)[0m  [["title", "When Harry Met Sally"], ["rating", "R"], ["release_date", "1989-07-21 00:00:00.000000"], ["created_at", "2020-03-10 18:32:04.531675"], ["updated_at", "2020-03-10 18:32:04.531675"]]
  [1m[35m (0.0ms)[0m  RELEASE SAVEPOINT active_record_1
  [1m[36m (0.0ms)[0m  [1mSAVEPOINT active_record_1[0m
  [1m[35mSQL (0.1ms)[0m  INSERT INTO "movies" ("title", "rating", "release_date", "created_at", "updated_at") VALUES (?, ?, ?, ?, ?)  [["title", "The Help"], ["rating", "PG-13"], ["release_date", "2011-08-10 00:00:00.000000"], ["created_at", "2020-03-10 18:32:04.533007"], ["updated_at", "2020-03-10 18:32:04.533007"]]
  [1m[36m (0.0ms)[0m  [1mRELEASE SAVEPOINT active_record_1[0m
  [1m[35m (0.1ms)[0m  SAVEPOINT active_record_1
  [1m[36mSQL (0.1ms)[0m  [1mINSERT INTO "movies" ("title", "rating", "release_date", "created_at", "updated_at") VALUES (?, ?, ?, ?, ?)[0m  [["title", "Chocolat"], ["rating", "PG-13"], ["release_date", "2001-01-05 00:00:00.000000"], ["created_at", "2020-03-10 18:32:04.534301"], ["updated_at", "2020-03-10 18:32:04.534301"]]
  [1m[35m (0.0ms)[0m  RELEASE SAVEPOINT active_record_1
  [1m[36m (0.0ms)[0m  [1mSAVEPOINT active_record_1[0m
  [1m[35mSQL (0.1ms)[0m  INSERT INTO "movies" ("title", "rating", "release_date", "created_at", "updated_at") VALUES (?, ?, ?, ?, ?)  [["title", "Amelie"], ["rating", "R"], ["release_date", "2001-04-25 00:00:00.000000"], ["created_at", "2020-03-10 18:32:04.535595"], ["updated_at", "2020-03-10 18:32:04.535595"]]
  [1m[36m (0.0ms)[0m  [1mRELEASE SAVEPOINT active_record_1[0m
  [1m[35m (0.0ms)[0m  SAVEPOINT active_record_1
  [1m[36mSQL (0.1ms)[0m  [1mINSERT INTO "movies" ("title", "rating", "release_date", "created_at", "updated_at") VALUES (?, ?, ?, ?, ?)[0m  [["title", "2001: A Space Odyssey"], ["rating", "G"], ["release_date", "1968-04-06 00:00:00.000000"], ["created_at", "2020-03-10 18:32:04.536918"], ["updated_at", "2020-03-10 18:32:04.536918"]]
  [1m[35m (0.0ms)[0m  RELEASE SAVEPOINT active_record_1
  [1m[36m (0.0ms)[0m  [1mSAVEPOINT active_record_1[0m
  [1m[35mSQL (0.1ms)[0m  INSERT INTO "movies" ("title", "rating", "release_date", "created_at", "updated_at") VALUES (?, ?, ?, ?, ?)  [["title", "The Incredibles"], ["rating", "PG"], ["release_date", "2004-11-05 00:00:00.000000"], ["created_at", "2020-03-10 18:32:04.538190"], ["updated_at", "2020-03-10 18:32:04.538190"]]
  [1m[36m (0.0ms)[0m  [1mRELEASE SAVEPOINT active_record_1[0m
  [1m[35m (0.0ms)[0m  SAVEPOINT active_record_1
  [1m[36mSQL (0.1ms)[0m  [1mINSERT INTO "movies" ("title", "rating", "release_date", "created_at", "updated_at") VALUES (?, ?, ?, ?, ?)[0m  [["title", "Raiders of the Lost Ark"], ["rating", "PG"], ["release_date", "1981-06-12 00:00:00.000000"], ["created_at", "2020-03-10 18:32:04.539490"], ["updated_at", "2020-03-10 18:32:04.539490"]]
  [1m[35m (0.0ms)[0m  RELEASE SAVEPOINT active_record_1
  [1m[36m (0.0ms)[0m  [1mSAVEPOINT active_record_1[0m
  [1m[35mSQL (0.1ms)[0m  INSERT INTO "movies" ("title", "rating", "release_date", "created_at", "updated_at") VALUES (?, ?, ?, ?, ?)  [["title", "Chicken Run"], ["rating", "G"], ["release_date", "2000-06-21 00:00:00.000000"], ["created_at", "2020-03-10 18:32:04.540799"], ["updated_at", "2020-03-10 18:32:04.540799"]]
  [1m[36m (0.0ms)[0m  [1mRELEASE SAVEPOINT active_record_1[0m
Started GET "/movies" for 127.0.0.1 at 2020-03-10 18:32:04 +0000
Processing by MoviesController#index as HTML
  [1m[35mMovie Load (0.2ms)[0m  SELECT "movies".* FROM "movies" WHERE "movies"."rating" IN ('G', 'PG', 'PG-13', 'NC-17', 'R')
  Rendered movies/index.html.haml within layouts/application (5.8ms)
Completed 200 OK in 8ms (Views: 7.1ms | ActiveRecord: 0.2ms)
Started GET "/movies?utf8=%E2%9C%93&ratings[PG]=1&ratings[NC-17]=1&ratings[R]=1&commit=Refresh" for 127.0.0.1 at 2020-03-10 18:32:04 +0000
Processing by MoviesController#index as HTML
  Parameters: {"utf8"=>"✓", "ratings"=>{"PG"=>"1", "NC-17"=>"1", "R"=>"1"}, "commit"=>"Refresh"}
Redirected to http://www.example.com/movies?ratings%5BNC-17%5D=1&ratings%5BPG%5D=1&ratings%5BR%5D=1
Completed 302 Found in 1ms (ActiveRecord: 0.0ms)
Started GET "/movies?ratings[NC-17]=1&ratings[PG]=1&ratings[R]=1" for 127.0.0.1 at 2020-03-10 18:32:04 +0000
Processing by MoviesController#index as HTML
  Parameters: {"ratings"=>{"NC-17"=>"1", "PG"=>"1", "R"=>"1"}}
  [1m[36mMovie Load (0.2ms)[0m  [1mSELECT "movies".* FROM "movies" WHERE "movies"."rating" IN ('NC-17', 'PG', 'R')[0m
  Rendered movies/index.html.haml within layouts/application (2.2ms)
Completed 200 OK in 4ms (Views: 3.1ms | ActiveRecord: 0.2ms)
  [1m[35m (0.2ms)[0m  rollback transaction
  [1m[36m (0.1ms)[0m  [1mbegin transaction[0m
  [1m[35m (0.1ms)[0m  commit transaction
  [1m[36m (0.0ms)[0m  [1mbegin transaction[0m
  [1m[35m (0.0ms)[0m  SAVEPOINT active_record_1
  [1m[36mSQL (0.1ms)[0m  [1mINSERT INTO "movies" ("title", "rating", "release_date", "created_at", "updated_at") VALUES (?, ?, ?, ?, ?)[0m  [["title", "Aladdin"], ["rating", "G"], ["release_date", "1992-11-25 00:00:00.000000"], ["created_at", "2020-03-10 18:32:04.586027"], ["updated_at", "2020-03-10 18:32:04.586027"]]
  [1m[35m (0.0ms)[0m  RELEASE SAVEPOINT active_record_1
  [1m[36m (0.0ms)[0m  [1mSAVEPOINT active_record_1[0m
  [1m[35mSQL (0.1ms)[0m  INSERT INTO "movies" ("title", "rating", "release_date", "created_at", "updated_at") VALUES (?, ?, ?, ?, ?)  [["title", "The Terminator"], ["rating", "R"], ["release_date", "1984-10-26 00:00:00.000000"], ["created_at", "2020-03-10 18:32:04.587554"], ["updated_at", "2020-03-10 18:32:04.587554"]]
  [1m[36m (0.0ms)[0m  [1mRELEASE SAVEPOINT active_record_1[0m
  [1m[35m (0.0ms)[0m  SAVEPOINT active_record_1
  [1m[36mSQL (0.1ms)[0m  [1mINSERT INTO "movies" ("title", "rating", "release_date", "created_at", "updated_at") VALUES (?, ?, ?, ?, ?)[0m  [["title", "When Harry Met Sally"], ["rating", "R"], ["release_date", "1989-07-21 00:00:00.000000"], ["created_at", "2020-03-10 18:32:04.588944"], ["updated_at", "2020-03-10 18:32:04.588944"]]
  [1m[35m (0.1ms)[0m  RELEASE SAVEPOINT active_record_1
  [1m[36m (0.0ms)[0m  [1mSAVEPOINT active_record_1[0m
  [1m[35mSQL (0.1ms)[0m  INSERT INTO "movies" ("title", "rating", "release_date", "created_at", "updated_at") VALUES (?, ?, ?, ?, ?)  [["title", "The Help"], ["rating", "PG-13"], ["release_date", "2011-08-10 00:00:00.000000"], ["created_at", "2020-03-10 18:32:04.590242"], ["updated_at", "2020-03-10 18:32:04.590242"]]
  [1m[36m (0.0ms)[0m  [1mRELEASE SAVEPOINT active_record_1[0m
  [1m[35m (0.0ms)[0m  SAVEPOINT active_record_1
  [1m[36mSQL (0.1ms)[0m  [1mINSERT INTO "movies" ("title", "rating", "release_date", "created_at", "updated_at") VALUES (?, ?, ?, ?, ?)[0m  [["title", "Chocolat"], ["rating", "PG-13"], ["release_date", "2001-01-05 00:00:00.000000"], ["created_at", "2020-03-10 18:32:04.591517"], ["updated_at", "2020-03-10 18:32:04.591517"]]
  [1m[35m (0.0ms)[0m  RELEASE SAVEPOINT active_record_1
  [1m[36m (0.0ms)[0m  [1mSAVEPOINT active_record_1[0m
  [1m[35mSQL (0.1ms)[0m  INSERT INTO "movies" ("title", "rating", "release_date", "created_at", "updated_at") VALUES (?, ?, ?, ?, ?)  [["title", "Amelie"], ["rating", "R"], ["release_date", "2001-04-25 00:00:00.000000"], ["created_at", "2020-03-10 18:32:04.592852"], ["updated_at", "2020-03-10 18:32:04.592852"]]
  [1m[36m (0.0ms)[0m  [1mRELEASE SAVEPOINT active_record_1[0m
  [1m[35m (0.0ms)[0m  SAVEPOINT active_record_1
  [1m[36mSQL (0.1ms)[0m  [1mINSERT INTO "movies" ("title", "rating", "release_date", "created_at", "updated_at") VALUES (?, ?, ?, ?, ?)[0m  [["title", "2001: A Space Odyssey"], ["rating", "G"], ["release_date", "1968-04-06 00:00:00.000000"], ["created_at", "2020-03-10 18:32:04.594129"], ["updated_at", "2020-03-10 18:32:04.594129"]]
  [1m[35m (0.1ms)[0m  RELEASE SAVEPOINT active_record_1
  [1m[36m (0.0ms)[0m  [1mSAVEPOINT active_record_1[0m
  [1m[35mSQL (0.1ms)[0m  INSERT INTO "movies" ("title", "rating", "release_date", "created_at", "updated_at") VALUES (?, ?, ?, ?, ?)  [["title", "The Incredibles"], ["rating", "PG"], ["release_date", "2004-11-05 00:00:00.000000"], ["created_at", "2020-03-10 18:32:04.595427"], ["updated_at", "2020-03-10 18:32:04.595427"]]
  [1m[36m (0.1ms)[0m  [1mRELEASE SAVEPOINT active_record_1[0m
  [1m[35m (0.0ms)[0m  SAVEPOINT active_record_1
  [1m[36mSQL (0.1ms)[0m  [1mINSERT INTO "movies" ("title", "rating", "release_date", "created_at", "updated_at") VALUES (?, ?, ?, ?, ?)[0m  [["title", "Raiders of the Lost Ark"], ["rating", "PG"], ["release_date", "1981-06-12 00:00:00.000000"], ["created_at", "2020-03-10 18:32:04.596731"], ["updated_at", "2020-03-10 18:32:04.596731"]]
  [1m[35m (0.1ms)[0m  RELEASE SAVEPOINT active_record_1
  [1m[36m (0.0ms)[0m  [1mSAVEPOINT active_record_1[0m
  [1m[35mSQL (0.1ms)[0m  INSERT INTO "movies" ("title", "rating", "release_date", "created_at", "updated_at") VALUES (?, ?, ?, ?, ?)  [["title", "Chicken Run"], ["rating", "G"], ["release_date", "2000-06-21 00:00:00.000000"], ["created_at", "2020-03-10 18:32:04.598017"], ["updated_at", "2020-03-10 18:32:04.598017"]]
  [1m[36m (0.0ms)[0m  [1mRELEASE SAVEPOINT active_record_1[0m
Started GET "/movies" for 127.0.0.1 at 2020-03-10 18:32:04 +0000
Processing by MoviesController#index as HTML
  [1m[35mMovie Load (0.2ms)[0m  SELECT "movies".* FROM "movies" WHERE "movies"."rating" IN ('G', 'PG', 'PG-13', 'NC-17', 'R')
  Rendered movies/index.html.haml within layouts/application (31.5ms)
Completed 200 OK in 33ms (Views: 32.6ms | ActiveRecord: 0.2ms)
Started GET "/movies?utf8=%E2%9C%93&ratings[G]=1&ratings[PG]=1&ratings[PG-13]=1&ratings[NC-17]=1&ratings[R]=1&commit=Refresh" for 127.0.0.1 at 2020-03-10 18:32:04 +0000
Processing by MoviesController#index as HTML
  Parameters: {"utf8"=>"✓", "ratings"=>{"G"=>"1", "PG"=>"1", "PG-13"=>"1", "NC-17"=>"1", "R"=>"1"}, "commit"=>"Refresh"}
Redirected to http://www.example.com/movies?ratings%5BG%5D=1&ratings%5BNC-17%5D=1&ratings%5BPG%5D=1&ratings%5BPG-13%5D=1&ratings%5BR%5D=1
Completed 302 Found in 1ms (ActiveRecord: 0.0ms)
Started GET "/movies?ratings[G]=1&ratings[NC-17]=1&ratings[PG]=1&ratings[PG-13]=1&ratings[R]=1" for 127.0.0.1 at 2020-03-10 18:32:04 +0000
Processing by MoviesController#index as HTML
  Parameters: {"ratings"=>{"G"=>"1", "NC-17"=>"1", "PG"=>"1", "PG-13"=>"1", "R"=>"1"}}
  [1m[36mMovie Load (0.2ms)[0m  [1mSELECT "movies".* FROM "movies" WHERE "movies"."rating" IN ('G', 'NC-17', 'PG', 'PG-13', 'R')[0m
  Rendered movies/index.html.haml within layouts/application (3.1ms)
Completed 200 OK in 6ms (Views: 5.5ms | ActiveRecord: 0.2ms)
  [1m[35mMovie Load (0.1ms)[0m  SELECT "movies".* FROM "movies"
  [1m[36m (0.2ms)[0m  [1mrollback transaction[0m
  [1m[35m (0.0ms)[0m  begin transaction
  [1m[36m (0.1ms)[0m  [1mcommit transaction[0m
  [1m[35m (0.0ms)[0m  begin transaction
  [1m[36m (0.0ms)[0m  [1mSAVEPOINT active_record_1[0m
  [1m[35mSQL (0.1ms)[0m  INSERT INTO "movies" ("title", "rating", "release_date", "created_at", "updated_at") VALUES (?, ?, ?, ?, ?)  [["title", "Aladdin"], ["rating", "G"], ["release_date", "1992-11-25 00:00:00.000000"], ["created_at", "2020-03-10 18:32:04.693279"], ["updated_at", "2020-03-10 18:32:04.693279"]]
  [1m[36m (0.0ms)[0m  [1mRELEASE SAVEPOINT active_record_1[0m
  [1m[35m (0.0ms)[0m  SAVEPOINT active_record_1
  [1m[36mSQL (0.1ms)[0m  [1mINSERT INTO "movies" ("title", "rating", "release_date", "created_at", "updated_at") VALUES (?, ?, ?, ?, ?)[0m  [["title", "The Terminator"], ["rating", "R"], ["release_date", "1984-10-26 00:00:00.000000"], ["created_at", "2020-03-10 18:32:04.694816"], ["updated_at", "2020-03-10 18:32:04.694816"]]
  [1m[35m (0.0ms)[0m  RELEASE SAVEPOINT active_record_1
  [1m[36m (0.0ms)[0m  [1mSAVEPOINT active_record_1[0m
  [1m[35mSQL (0.1ms)[0m  INSERT INTO "movies" ("title", "rating", "release_date", "created_at", "updated_at") VALUES (?, ?, ?, ?, ?)  [["title", "When Harry Met Sally"], ["rating", "R"], ["release_date", "1989-07-21 00:00:00.000000"], ["created_at", "2020-03-10 18:32:04.696170"], ["updated_at", "2020-03-10 18:32:04.696170"]]
  [1m[36m (0.0ms)[0m  [1mRELEASE SAVEPOINT active_record_1[0m
  [1m[35m (0.0ms)[0m  SAVEPOINT active_record_1
  [1m[36mSQL (0.1ms)[0m  [1mINSERT INTO "movies" ("title", "rating", "release_date", "created_at", "updated_at") VALUES (?, ?, ?, ?, ?)[0m  [["title", "The Help"], ["rating", "PG-13"], ["release_date", "2011-08-10 00:00:00.000000"], ["created_at", "2020-03-10 18:32:04.697444"], ["updated_at", "2020-03-10 18:32:04.697444"]]
  [1m[35m (0.0ms)[0m  RELEASE SAVEPOINT active_record_1
  [1m[36m (0.0ms)[0m  [1mSAVEPOINT active_record_1[0m
  [1m[35mSQL (0.1ms)[0m  INSERT INTO "movies" ("title", "rating", "release_date", "created_at", "updated_at") VALUES (?, ?, ?, ?, ?)  [["title", "Chocolat"], ["rating", "PG-13"], ["release_date", "2001-01-05 00:00:00.000000"], ["created_at", "2020-03-10 18:32:04.698703"], ["updated_at", "2020-03-10 18:32:04.698703"]]
  [1m[36m (0.0ms)[0m  [1mRELEASE SAVEPOINT active_record_1[0m
  [1m[35m (0.1ms)[0m  SAVEPOINT active_record_1
  [1m[36mSQL (0.1ms)[0m  [1mINSERT INTO "movies" ("title", "rating", "release_date", "created_at", "updated_at") VALUES (?, ?, ?, ?, ?)[0m  [["title", "Amelie"], ["rating", "R"], ["release_date", "2001-04-25 00:00:00.000000"], ["created_at", "2020-03-10 18:32:04.699987"], ["updated_at", "2020-03-10 18:32:04.699987"]]
  [1m[35m (0.0ms)[0m  RELEASE SAVEPOINT active_record_1
  [1m[36m (0.0ms)[0m  [1mSAVEPOINT active_record_1[0m
  [1m[35mSQL (0.1ms)[0m  INSERT INTO "movies" ("title", "rating", "release_date", "created_at", "updated_at") VALUES (?, ?, ?, ?, ?)  [["title", "2001: A Space Odyssey"], ["rating", "G"], ["release_date", "1968-04-06 00:00:00.000000"], ["created_at", "2020-03-10 18:32:04.701780"], ["updated_at", "2020-03-10 18:32:04.701780"]]
  [1m[36m (0.0ms)[0m  [1mRELEASE SAVEPOINT active_record_1[0m
  [1m[35m (0.0ms)[0m  SAVEPOINT active_record_1
  [1m[36mSQL (0.1ms)[0m  [1mINSERT INTO "movies" ("title", "rating", "release_date", "created_at", "updated_at") VALUES (?, ?, ?, ?, ?)[0m  [["title", "The Incredibles"], ["rating", "PG"], ["release_date", "2004-11-05 00:00:00.000000"], ["created_at", "2020-03-10 18:32:04.703057"], ["updated_at", "2020-03-10 18:32:04.703057"]]
  [1m[35m (0.1ms)[0m  RELEASE SAVEPOINT active_record_1
  [1m[36m (0.0ms)[0m  [1mSAVEPOINT active_record_1[0m
  [1m[35mSQL (0.1ms)[0m  INSERT INTO "movies" ("title", "rating", "release_date", "created_at", "updated_at") VALUES (?, ?, ?, ?, ?)  [["title", "Raiders of the Lost Ark"], ["rating", "PG"], ["release_date", "1981-06-12 00:00:00.000000"], ["created_at", "2020-03-10 18:32:04.704334"], ["updated_at", "2020-03-10 18:32:04.704334"]]
  [1m[36m (0.0ms)[0m  [1mRELEASE SAVEPOINT active_record_1[0m
  [1m[35m (0.0ms)[0m  SAVEPOINT active_record_1
  [1m[36mSQL (0.1ms)[0m  [1mINSERT INTO "movies" ("title", "rating", "release_date", "created_at", "updated_at") VALUES (?, ?, ?, ?, ?)[0m  [["title", "Chicken Run"], ["rating", "G"], ["release_date", "2000-06-21 00:00:00.000000"], ["created_at", "2020-03-10 18:32:04.705600"], ["updated_at", "2020-03-10 18:32:04.705600"]]
  [1m[35m (0.0ms)[0m  RELEASE SAVEPOINT active_record_1
Started GET "/movies" for 127.0.0.1 at 2020-03-10 18:32:04 +0000
Processing by MoviesController#index as HTML
  [1m[36mMovie Load (0.2ms)[0m  [1mSELECT "movies".* FROM "movies" WHERE "movies"."rating" IN ('G', 'PG', 'PG-13', 'NC-17', 'R')[0m
  Rendered movies/index.html.haml within layouts/application (3.0ms)
Completed 200 OK in 5ms (Views: 4.0ms | ActiveRecord: 0.2ms)
Started GET "/movies?ratings[G]=G&ratings[NC-17]=NC-17&ratings[PG]=PG&ratings[PG-13]=PG-13&ratings[R]=R&sort=title" for 127.0.0.1 at 2020-03-10 18:32:04 +0000
Processing by MoviesController#index as HTML
  Parameters: {"ratings"=>{"G"=>"G", "NC-17"=>"NC-17", "PG"=>"PG", "PG-13"=>"PG-13", "R"=>"R"}, "sort"=>"title"}
Redirected to http://www.example.com/movies?ratings%5BG%5D=G&ratings%5BNC-17%5D=NC-17&ratings%5BPG%5D=PG&ratings%5BPG-13%5D=PG-13&ratings%5BR%5D=R&sort=title
Completed 302 Found in 1ms (ActiveRecord: 0.0ms)
Started GET "/movies?ratings[G]=G&ratings[NC-17]=NC-17&ratings[PG]=PG&ratings[PG-13]=PG-13&ratings[R]=R&sort=title" for 127.0.0.1 at 2020-03-10 18:32:04 +0000
Processing by MoviesController#index as HTML
  Parameters: {"ratings"=>{"G"=>"G", "NC-17"=>"NC-17", "PG"=>"PG", "PG-13"=>"PG-13", "R"=>"R"}, "sort"=>"title"}
  [1m[35mMovie Load (0.2ms)[0m  SELECT "movies".* FROM "movies" WHERE "movies"."rating" IN ('G', 'NC-17', 'PG', 'PG-13', 'R')  ORDER BY "movies"."title" ASC
  Rendered movies/index.html.haml within layouts/application (2.9ms)
Completed 200 OK in 5ms (Views: 4.7ms | ActiveRecord: 0.2ms)
  [1m[36m (0.2ms)[0m  [1mrollback transaction[0m
  [1m[35m (0.1ms)[0m  begin transaction
  [1m[36m (0.0ms)[0m  [1mcommit transaction[0m
  [1m[35m (0.0ms)[0m  begin transaction
  [1m[36m (0.1ms)[0m  [1mSAVEPOINT active_record_1[0m
  [1m[35mSQL (0.2ms)[0m  INSERT INTO "movies" ("title", "rating", "release_date", "created_at", "updated_at") VALUES (?, ?, ?, ?, ?)  [["title", "Aladdin"], ["rating", "G"], ["release_date", "1992-11-25 00:00:00.000000"], ["created_at", "2020-03-10 18:32:04.745447"], ["updated_at", "2020-03-10 18:32:04.745447"]]
  [1m[36m (0.0ms)[0m  [1mRELEASE SAVEPOINT active_record_1[0m
  [1m[35m (0.0ms)[0m  SAVEPOINT active_record_1
  [1m[36mSQL (0.1ms)[0m  [1mINSERT INTO "movies" ("title", "rating", "release_date", "created_at", "updated_at") VALUES (?, ?, ?, ?, ?)[0m  [["title", "The Terminator"], ["rating", "R"], ["release_date", "1984-10-26 00:00:00.000000"], ["created_at", "2020-03-10 18:32:04.747262"], ["updated_at", "2020-03-10 18:32:04.747262"]]
  [1m[35m (0.0ms)[0m  RELEASE SAVEPOINT active_record_1
  [1m[36m (0.0ms)[0m  [1mSAVEPOINT active_record_1[0m
  [1m[35mSQL (0.1ms)[0m  INSERT INTO "movies" ("title", "rating", "release_date", "created_at", "updated_at") VALUES (?, ?, ?, ?, ?)  [["title", "When Harry Met Sally"], ["rating", "R"], ["release_date", "1989-07-21 00:00:00.000000"], ["created_at", "2020-03-10 18:32:04.749192"], ["updated_at", "2020-03-10 18:32:04.749192"]]
  [1m[36m (0.0ms)[0m  [1mRELEASE SAVEPOINT active_record_1[0m
  [1m[35m (0.0ms)[0m  SAVEPOINT active_record_1
  [1m[36mSQL (0.1ms)[0m  [1mINSERT INTO "movies" ("title", "rating", "release_date", "created_at", "updated_at") VALUES (?, ?, ?, ?, ?)[0m  [["title", "The Help"], ["rating", "PG-13"], ["release_date", "2011-08-10 00:00:00.000000"], ["created_at", "2020-03-10 18:32:04.750754"], ["updated_at", "2020-03-10 18:32:04.750754"]]
  [1m[35m (0.1ms)[0m  RELEASE SAVEPOINT active_record_1
  [1m[36m (0.0ms)[0m  [1mSAVEPOINT active_record_1[0m
  [1m[35mSQL (0.1ms)[0m  INSERT INTO "movies" ("title", "rating", "release_date", "created_at", "updated_at") VALUES (?, ?, ?, ?, ?)  [["title", "Chocolat"], ["rating", "PG-13"], ["release_date", "2001-01-05 00:00:00.000000"], ["created_at", "2020-03-10 18:32:04.752565"], ["updated_at", "2020-03-10 18:32:04.752565"]]
  [1m[36m (0.0ms)[0m  [1mRELEASE SAVEPOINT active_record_1[0m
  [1m[35m (0.0ms)[0m  SAVEPOINT active_record_1
  [1m[36mSQL (0.1ms)[0m  [1mINSERT INTO "movies" ("title", "rating", "release_date", "created_at", "updated_at") VALUES (?, ?, ?, ?, ?)[0m  [["title", "Amelie"], ["rating", "R"], ["release_date", "2001-04-25 00:00:00.000000"], ["created_at", "2020-03-10 18:32:04.754103"], ["updated_at", "2020-03-10 18:32:04.754103"]]
  [1m[35m (0.0ms)[0m  RELEASE SAVEPOINT active_record_1
  [1m[36m (0.0ms)[0m  [1mSAVEPOINT active_record_1[0m
  [1m[35mSQL (0.1ms)[0m  INSERT INTO "movies" ("title", "rating", "release_date", "created_at", "updated_at") VALUES (?, ?, ?, ?, ?)  [["title", "2001: A Space Odyssey"], ["rating", "G"], ["release_date", "1968-04-06 00:00:00.000000"], ["created_at", "2020-03-10 18:32:04.755894"], ["updated_at", "2020-03-10 18:32:04.755894"]]
  [1m[36m (0.0ms)[0m  [1mRELEASE SAVEPOINT active_record_1[0m
  [1m[35m (0.0ms)[0m  SAVEPOINT active_record_1
  [1m[36mSQL (0.1ms)[0m  [1mINSERT INTO "movies" ("title", "rating", "release_date", "created_at", "updated_at") VALUES (?, ?, ?, ?, ?)[0m  [["title", "The Incredibles"], ["rating", "PG"], ["release_date", "2004-11-05 00:00:00.000000"], ["created_at", "2020-03-10 18:32:04.757420"], ["updated_at", "2020-03-10 18:32:04.757420"]]
  [1m[35m (0.0ms)[0m  RELEASE SAVEPOINT active_record_1
  [1m[36m (0.0ms)[0m  [1mSAVEPOINT active_record_1[0m
  [1m[35mSQL (0.1ms)[0m  INSERT INTO "movies" ("title", "rating", "release_date", "created_at", "updated_at") VALUES (?, ?, ?, ?, ?)  [["title", "Raiders of the Lost Ark"], ["rating", "PG"], ["release_date", "1981-06-12 00:00:00.000000"], ["created_at", "2020-03-10 18:32:04.758933"], ["updated_at", "2020-03-10 18:32:04.758933"]]
  [1m[36m (0.0ms)[0m  [1mRELEASE SAVEPOINT active_record_1[0m
  [1m[35m (0.0ms)[0m  SAVEPOINT active_record_1
  [1m[36mSQL (0.1ms)[0m  [1mINSERT INTO "movies" ("title", "rating", "release_date", "created_at", "updated_at") VALUES (?, ?, ?, ?, ?)[0m  [["title", "Chicken Run"], ["rating", "G"], ["release_date", "2000-06-21 00:00:00.000000"], ["created_at", "2020-03-10 18:32:04.760852"], ["updated_at", "2020-03-10 18:32:04.760852"]]
  [1m[35m (0.0ms)[0m  RELEASE SAVEPOINT active_record_1
Started GET "/movies" for 127.0.0.1 at 2020-03-10 18:32:04 +0000
Processing by MoviesController#index as HTML
  [1m[36mMovie Load (0.2ms)[0m  [1mSELECT "movies".* FROM "movies" WHERE "movies"."rating" IN ('G', 'PG', 'PG-13', 'NC-17', 'R')[0m
  Rendered movies/index.html.haml within layouts/application (4.6ms)
Completed 200 OK in 7ms (Views: 6.1ms | ActiveRecord: 0.2ms)
Started GET "/movies?ratings[G]=G&ratings[NC-17]=NC-17&ratings[PG]=PG&ratings[PG-13]=PG-13&ratings[R]=R&sort=release_date" for 127.0.0.1 at 2020-03-10 18:32:04 +0000
Processing by MoviesController#index as HTML
  Parameters: {"ratings"=>{"G"=>"G", "NC-17"=>"NC-17", "PG"=>"PG", "PG-13"=>"PG-13", "R"=>"R"}, "sort"=>"release_date"}
Redirected to http://www.example.com/movies?ratings%5BG%5D=G&ratings%5BNC-17%5D=NC-17&ratings%5BPG%5D=PG&ratings%5BPG-13%5D=PG-13&ratings%5BR%5D=R&sort=release_date
Completed 302 Found in 1ms (ActiveRecord: 0.0ms)
Started GET "/movies?ratings[G]=G&ratings[NC-17]=NC-17&ratings[PG]=PG&ratings[PG-13]=PG-13&ratings[R]=R&sort=release_date" for 127.0.0.1 at 2020-03-10 18:32:04 +0000
Processing by MoviesController#index as HTML
  Parameters: {"ratings"=>{"G"=>"G", "NC-17"=>"NC-17", "PG"=>"PG", "PG-13"=>"PG-13", "R"=>"R"}, "sort"=>"release_date"}
  [1m[35mMovie Load (0.2ms)[0m  SELECT "movies".* FROM "movies" WHERE "movies"."rating" IN ('G', 'NC-17', 'PG', 'PG-13', 'R')  ORDER BY "movies"."release_date" ASC
  Rendered movies/index.html.haml within layouts/application (4.5ms)
Completed 200 OK in 7ms (Views: 5.8ms | ActiveRecord: 0.2ms)
  [1m[36m (0.2ms)[0m  [1mrollback transaction[0m
  [1m[36mActiveRecord::SchemaMigration Load (0.1ms)[0m  [1mSELECT "schema_migrations".* FROM "schema_migrations"[0m
  [1m[35m (0.1ms)[0m  begin transaction
  [1m[36m (0.0ms)[0m  [1mcommit transaction[0m
  [1m[35m (0.0ms)[0m  begin transaction
  [1m[36m (0.0ms)[0m  [1mSAVEPOINT active_record_1[0m
  [1m[35mSQL (0.2ms)[0m  INSERT INTO "movies" ("title", "rating", "director", "release_date", "created_at", "updated_at") VALUES (?, ?, ?, ?, ?, ?)  [["title", "Star Wars"], ["rating", "PG"], ["director", "George Lucas"], ["release_date", "1977-05-25 00:00:00.000000"], ["created_at", "2020-03-10 18:35:19.620847"], ["updated_at", "2020-03-10 18:35:19.620847"]]
  [1m[36m (0.0ms)[0m  [1mRELEASE SAVEPOINT active_record_1[0m
  [1m[35m (0.0ms)[0m  SAVEPOINT active_record_1
  [1m[36mSQL (0.1ms)[0m  [1mINSERT INTO "movies" ("title", "rating", "director", "release_date", "created_at", "updated_at") VALUES (?, ?, ?, ?, ?, ?)[0m  [["title", "Blade Runner"], ["rating", "PG"], ["director", "Ridley Scott"], ["release_date", "1982-06-25 00:00:00.000000"], ["created_at", "2020-03-10 18:35:19.622676"], ["updated_at", "2020-03-10 18:35:19.622676"]]
  [1m[35m (0.0ms)[0m  RELEASE SAVEPOINT active_record_1
  [1m[36m (0.0ms)[0m  [1mSAVEPOINT active_record_1[0m
  [1m[35mSQL (0.1ms)[0m  INSERT INTO "movies" ("title", "rating", "director", "release_date", "created_at", "updated_at") VALUES (?, ?, ?, ?, ?, ?)  [["title", "Alien"], ["rating", "R"], ["director", ""], ["release_date", "1979-05-25 00:00:00.000000"], ["created_at", "2020-03-10 18:35:19.624181"], ["updated_at", "2020-03-10 18:35:19.624181"]]
  [1m[36m (0.0ms)[0m  [1mRELEASE SAVEPOINT active_record_1[0m
  [1m[35m (0.0ms)[0m  SAVEPOINT active_record_1
  [1m[36mSQL (0.1ms)[0m  [1mINSERT INTO "movies" ("title", "rating", "director", "release_date", "created_at", "updated_at") VALUES (?, ?, ?, ?, ?, ?)[0m  [["title", "THX-1138"], ["rating", "R"], ["director", "George Lucas"], ["release_date", "1971-03-11 00:00:00.000000"], ["created_at", "2020-03-10 18:35:19.625577"], ["updated_at", "2020-03-10 18:35:19.625577"]]
  [1m[35m (0.1ms)[0m  RELEASE SAVEPOINT active_record_1
  [1m[36mMovie Load (0.1ms)[0m  [1mSELECT  "movies".* FROM "movies" WHERE "movies"."title" = ? LIMIT 1[0m  [["title", "Alien"]]
Started GET "/movies/3/edit" for 127.0.0.1 at 2020-03-10 18:35:19 +0000
Processing by MoviesController#edit as HTML
  Parameters: {"id"=>"3"}
  [1m[35mMovie Load (0.1ms)[0m  SELECT  "movies".* FROM "movies" WHERE "movies"."id" = ? LIMIT 1  [["id", 3]]
  Rendered movies/edit.html.haml within layouts/application (9.3ms)
Completed 200 OK in 157ms (Views: 155.9ms | ActiveRecord: 0.1ms)
Started PUT "/movies/3" for 127.0.0.1 at 2020-03-10 18:35:19 +0000
Processing by MoviesController#update as HTML
  Parameters: {"utf8"=>"✓", "movie"=>{"title"=>"Alien", "rating"=>"R", "director"=>"Ridley Scott", "release_date(1i)"=>"1979", "release_date(2i)"=>"5", "release_date(3i)"=>"25"}, "commit"=>"Update Movie Info", "id"=>"3"}
  [1m[36mMovie Load (0.1ms)[0m  [1mSELECT  "movies".* FROM "movies" WHERE "movies"."id" = ? LIMIT 1[0m  [["id", 3]]
  [1m[35m (0.1ms)[0m  SAVEPOINT active_record_1
  [1m[36mSQL (0.1ms)[0m  [1mUPDATE "movies" SET "director" = ?, "updated_at" = ? WHERE "movies"."id" = ?[0m  [["director", "Ridley Scott"], ["updated_at", "2020-03-10 18:35:19.817412"], ["id", 3]]
  [1m[35m (0.0ms)[0m  RELEASE SAVEPOINT active_record_1
Redirected to http://www.example.com/movies/3
Completed 302 Found in 3ms (ActiveRecord: 0.3ms)
Started GET "/movies/3" for 127.0.0.1 at 2020-03-10 18:35:19 +0000
Processing by MoviesController#show as HTML
  Parameters: {"id"=>"3"}
  [1m[36mMovie Load (0.0ms)[0m  [1mSELECT  "movies".* FROM "movies" WHERE "movies"."id" = ? LIMIT 1[0m  [["id", 3]]
  Rendered movies/show.html.haml within layouts/application (2.2ms)
Completed 200 OK in 4ms (Views: 3.9ms | ActiveRecord: 0.0ms)
  [1m[35mMovie Load (0.1ms)[0m  SELECT  "movies".* FROM "movies" WHERE "movies"."title" = ? LIMIT 1  [["title", "Alien"]]
  [1m[36m (0.2ms)[0m  [1mrollback transaction[0m
  [1m[35m (0.1ms)[0m  begin transaction
  [1m[36m (0.0ms)[0m  [1mcommit transaction[0m
  [1m[35m (0.0ms)[0m  begin transaction
  [1m[36m (0.0ms)[0m  [1mSAVEPOINT active_record_1[0m
  [1m[35mSQL (0.1ms)[0m  INSERT INTO "movies" ("title", "rating", "director", "release_date", "created_at", "updated_at") VALUES (?, ?, ?, ?, ?, ?)  [["title", "Star Wars"], ["rating", "PG"], ["director", "George Lucas"], ["release_date", "1977-05-25 00:00:00.000000"], ["created_at", "2020-03-10 18:35:19.831741"], ["updated_at", "2020-03-10 18:35:19.831741"]]
  [1m[36m (0.0ms)[0m  [1mRELEASE SAVEPOINT active_record_1[0m
  [1m[35m (0.0ms)[0m  SAVEPOINT active_record_1
  [1m[36mSQL (0.1ms)[0m  [1mINSERT INTO "movies" ("title", "rating", "director", "release_date", "created_at", "updated_at") VALUES (?, ?, ?, ?, ?, ?)[0m  [["title", "Blade Runner"], ["rating", "PG"], ["director", "Ridley Scott"], ["release_date", "1982-06-25 00:00:00.000000"], ["created_at", "2020-03-10 18:35:19.833271"], ["updated_at", "2020-03-10 18:35:19.833271"]]
  [1m[35m (0.0ms)[0m  RELEASE SAVEPOINT active_record_1
  [1m[36m (0.0ms)[0m  [1mSAVEPOINT active_record_1[0m
  [1m[35mSQL (0.1ms)[0m  INSERT INTO "movies" ("title", "rating", "director", "release_date", "created_at", "updated_at") VALUES (?, ?, ?, ?, ?, ?)  [["title", "Alien"], ["rating", "R"], ["director", ""], ["release_date", "1979-05-25 00:00:00.000000"], ["created_at", "2020-03-10 18:35:19.834673"], ["updated_at", "2020-03-10 18:35:19.834673"]]
  [1m[36m (0.0ms)[0m  [1mRELEASE SAVEPOINT active_record_1[0m
  [1m[35m (0.1ms)[0m  SAVEPOINT active_record_1
  [1m[36mSQL (0.1ms)[0m  [1mINSERT INTO "movies" ("title", "rating", "director", "release_date", "created_at", "updated_at") VALUES (?, ?, ?, ?, ?, ?)[0m  [["title", "THX-1138"], ["rating", "R"], ["director", "George Lucas"], ["release_date", "1971-03-11 00:00:00.000000"], ["created_at", "2020-03-10 18:35:19.836040"], ["updated_at", "2020-03-10 18:35:19.836040"]]
  [1m[35m (0.0ms)[0m  RELEASE SAVEPOINT active_record_1
  [1m[36mMovie Load (0.0ms)[0m  [1mSELECT  "movies".* FROM "movies" WHERE "movies"."title" = ? LIMIT 1[0m  [["title", "Star Wars"]]
Started GET "/movies/1" for 127.0.0.1 at 2020-03-10 18:35:19 +0000
Processing by MoviesController#show as HTML
  Parameters: {"id"=>"1"}
  [1m[35mMovie Load (0.0ms)[0m  SELECT  "movies".* FROM "movies" WHERE "movies"."id" = ? LIMIT 1  [["id", 1]]
  Rendered movies/show.html.haml within layouts/application (0.5ms)
Completed 200 OK in 2ms (Views: 1.7ms | ActiveRecord: 0.0ms)
  [1m[36m (0.1ms)[0m  [1mrollback transaction[0m
  [1m[35m (0.1ms)[0m  begin transaction
  [1m[36m (0.0ms)[0m  [1mcommit transaction[0m
  [1m[35m (0.0ms)[0m  begin transaction
  [1m[36m (0.0ms)[0m  [1mSAVEPOINT active_record_1[0m
  [1m[35mSQL (0.1ms)[0m  INSERT INTO "movies" ("title", "rating", "director", "release_date", "created_at", "updated_at") VALUES (?, ?, ?, ?, ?, ?)  [["title", "Star Wars"], ["rating", "PG"], ["director", "George Lucas"], ["release_date", "1977-05-25 00:00:00.000000"], ["created_at", "2020-03-10 18:35:19.852228"], ["updated_at", "2020-03-10 18:35:19.852228"]]
  [1m[36m (0.0ms)[0m  [1mRELEASE SAVEPOINT active_record_1[0m
  [1m[35m (0.1ms)[0m  SAVEPOINT active_record_1
  [1m[36mSQL (0.1ms)[0m  [1mINSERT INTO "movies" ("title", "rating", "director", "release_date", "created_at", "updated_at") VALUES (?, ?, ?, ?, ?, ?)[0m  [["title", "Blade Runner"], ["rating", "PG"], ["director", "Ridley Scott"], ["release_date", "1982-06-25 00:00:00.000000"], ["created_at", "2020-03-10 18:35:19.853732"], ["updated_at", "2020-03-10 18:35:19.853732"]]
  [1m[35m (0.0ms)[0m  RELEASE SAVEPOINT active_record_1
  [1m[36m (0.0ms)[0m  [1mSAVEPOINT active_record_1[0m
  [1m[35mSQL (0.1ms)[0m  INSERT INTO "movies" ("title", "rating", "director", "release_date", "created_at", "updated_at") VALUES (?, ?, ?, ?, ?, ?)  [["title", "Alien"], ["rating", "R"], ["director", ""], ["release_date", "1979-05-25 00:00:00.000000"], ["created_at", "2020-03-10 18:35:19.855104"], ["updated_at", "2020-03-10 18:35:19.855104"]]
  [1m[36m (0.0ms)[0m  [1mRELEASE SAVEPOINT active_record_1[0m
  [1m[35m (0.0ms)[0m  SAVEPOINT active_record_1
  [1m[36mSQL (0.1ms)[0m  [1mINSERT INTO "movies" ("title", "rating", "director", "release_date", "created_at", "updated_at") VALUES (?, ?, ?, ?, ?, ?)[0m  [["title", "THX-1138"], ["rating", "R"], ["director", "George Lucas"], ["release_date", "1971-03-11 00:00:00.000000"], ["created_at", "2020-03-10 18:35:19.856481"], ["updated_at", "2020-03-10 18:35:19.856481"]]
  [1m[35m (0.0ms)[0m  RELEASE SAVEPOINT active_record_1
  [1m[36mMovie Load (0.0ms)[0m  [1mSELECT  "movies".* FROM "movies" WHERE "movies"."title" = ? LIMIT 1[0m  [["title", "Alien"]]
Started GET "/movies/3" for 127.0.0.1 at 2020-03-10 18:35:19 +0000
Processing by MoviesController#show as HTML
  Parameters: {"id"=>"3"}
  [1m[35mMovie Load (0.0ms)[0m  SELECT  "movies".* FROM "movies" WHERE "movies"."id" = ? LIMIT 1  [["id", 3]]
  Rendered movies/show.html.haml within layouts/application (0.5ms)
Completed 200 OK in 2ms (Views: 1.8ms | ActiveRecord: 0.0ms)
  [1m[36m (0.1ms)[0m  [1mrollback transaction[0m
  [1m[35m (0.1ms)[0m  begin transaction
  [1m[36m (0.0ms)[0m  [1mcommit transaction[0m
  [1m[35m (0.0ms)[0m  begin transaction
  [1m[36m (0.0ms)[0m  [1mSAVEPOINT active_record_1[0m
  [1m[35mSQL (0.2ms)[0m  INSERT INTO "movies" ("title", "rating", "release_date", "created_at", "updated_at") VALUES (?, ?, ?, ?, ?)  [["title", "Aladdin"], ["rating", "G"], ["release_date", "1992-11-25 00:00:00.000000"], ["created_at", "2020-03-10 18:35:19.872700"], ["updated_at", "2020-03-10 18:35:19.872700"]]
  [1m[36m (0.1ms)[0m  [1mRELEASE SAVEPOINT active_record_1[0m
  [1m[35m (0.0ms)[0m  SAVEPOINT active_record_1
  [1m[36mSQL (0.1ms)[0m  [1mINSERT INTO "movies" ("title", "rating", "release_date", "created_at", "updated_at") VALUES (?, ?, ?, ?, ?)[0m  [["title", "The Terminator"], ["rating", "R"], ["release_date", "1984-10-26 00:00:00.000000"], ["created_at", "2020-03-10 18:35:19.874189"], ["updated_at", "2020-03-10 18:35:19.874189"]]
  [1m[35m (0.1ms)[0m  RELEASE SAVEPOINT active_record_1
  [1m[36m (0.0ms)[0m  [1mSAVEPOINT active_record_1[0m
  [1m[35mSQL (0.1ms)[0m  INSERT INTO "movies" ("title", "rating", "release_date", "created_at", "updated_at") VALUES (?, ?, ?, ?, ?)  [["title", "When Harry Met Sally"], ["rating", "R"], ["release_date", "1989-07-21 00:00:00.000000"], ["created_at", "2020-03-10 18:35:19.875534"], ["updated_at", "2020-03-10 18:35:19.875534"]]
  [1m[36m (0.0ms)[0m  [1mRELEASE SAVEPOINT active_record_1[0m
  [1m[35m (0.0ms)[0m  SAVEPOINT active_record_1
  [1m[36mSQL (0.1ms)[0m  [1mINSERT INTO "movies" ("title", "rating", "release_date", "created_at", "updated_at") VALUES (?, ?, ?, ?, ?)[0m  [["title", "The Help"], ["rating", "PG-13"], ["release_date", "2011-08-10 00:00:00.000000"], ["created_at", "2020-03-10 18:35:19.876896"], ["updated_at", "2020-03-10 18:35:19.876896"]]
  [1m[35m (0.0ms)[0m  RELEASE SAVEPOINT active_record_1
  [1m[36m (0.1ms)[0m  [1mSAVEPOINT active_record_1[0m
  [1m[35mSQL (0.1ms)[0m  INSERT INTO "movies" ("title", "rating", "release_date", "created_at", "updated_at") VALUES (?, ?, ?, ?, ?)  [["title", "Chocolat"], ["rating", "PG-13"], ["release_date", "2001-01-05 00:00:00.000000"], ["created_at", "2020-03-10 18:35:19.878177"], ["updated_at", "2020-03-10 18:35:19.878177"]]
  [1m[36m (0.0ms)[0m  [1mRELEASE SAVEPOINT active_record_1[0m
  [1m[35m (0.0ms)[0m  SAVEPOINT active_record_1
  [1m[36mSQL (0.1ms)[0m  [1mINSERT INTO "movies" ("title", "rating", "release_date", "created_at", "updated_at") VALUES (?, ?, ?, ?, ?)[0m  [["title", "Amelie"], ["rating", "R"], ["release_date", "2001-04-25 00:00:00.000000"], ["created_at", "2020-03-10 18:35:19.879475"], ["updated_at", "2020-03-10 18:35:19.879475"]]
  [1m[35m (0.0ms)[0m  RELEASE SAVEPOINT active_record_1
  [1m[36m (0.0ms)[0m  [1mSAVEPOINT active_record_1[0m
  [1m[35mSQL (0.1ms)[0m  INSERT INTO "movies" ("title", "rating", "release_date", "created_at", "updated_at") VALUES (?, ?, ?, ?, ?)  [["title", "2001: A Space Odyssey"], ["rating", "G"], ["release_date", "1968-04-06 00:00:00.000000"], ["created_at", "2020-03-10 18:35:19.880799"], ["updated_at", "2020-03-10 18:35:19.880799"]]
  [1m[36m (0.0ms)[0m  [1mRELEASE SAVEPOINT active_record_1[0m
  [1m[35m (0.0ms)[0m  SAVEPOINT active_record_1
  [1m[36mSQL (0.1ms)[0m  [1mINSERT INTO "movies" ("title", "rating", "release_date", "created_at", "updated_at") VALUES (?, ?, ?, ?, ?)[0m  [["title", "The Incredibles"], ["rating", "PG"], ["release_date", "2004-11-05 00:00:00.000000"], ["created_at", "2020-03-10 18:35:19.882085"], ["updated_at", "2020-03-10 18:35:19.882085"]]
  [1m[35m (0.0ms)[0m  RELEASE SAVEPOINT active_record_1
  [1m[36m (0.0ms)[0m  [1mSAVEPOINT active_record_1[0m
  [1m[35mSQL (0.1ms)[0m  INSERT INTO "movies" ("title", "rating", "release_date", "created_at", "updated_at") VALUES (?, ?, ?, ?, ?)  [["title", "Raiders of the Lost Ark"], ["rating", "PG"], ["release_date", "1981-06-12 00:00:00.000000"], ["created_at", "2020-03-10 18:35:19.883384"], ["updated_at", "2020-03-10 18:35:19.883384"]]
  [1m[36m (0.0ms)[0m  [1mRELEASE SAVEPOINT active_record_1[0m
  [1m[35m (0.0ms)[0m  SAVEPOINT active_record_1
  [1m[36mSQL (0.1ms)[0m  [1mINSERT INTO "movies" ("title", "rating", "release_date", "created_at", "updated_at") VALUES (?, ?, ?, ?, ?)[0m  [["title", "Chicken Run"], ["rating", "G"], ["release_date", "2000-06-21 00:00:00.000000"], ["created_at", "2020-03-10 18:35:19.884683"], ["updated_at", "2020-03-10 18:35:19.884683"]]
  [1m[35m (0.0ms)[0m  RELEASE SAVEPOINT active_record_1
Started GET "/movies" for 127.0.0.1 at 2020-03-10 18:35:19 +0000
Processing by MoviesController#index as HTML
  [1m[36mMovie Load (0.2ms)[0m  [1mSELECT "movies".* FROM "movies" WHERE "movies"."rating" IN ('G', 'PG', 'PG-13', 'NC-17', 'R')[0m
  Rendered movies/index.html.haml within layouts/application (5.7ms)
Completed 200 OK in 8ms (Views: 7.1ms | ActiveRecord: 0.2ms)
Started GET "/movies?utf8=%E2%9C%93&ratings[PG]=1&ratings[NC-17]=1&ratings[R]=1&commit=Refresh" for 127.0.0.1 at 2020-03-10 18:35:19 +0000
Processing by MoviesController#index as HTML
  Parameters: {"utf8"=>"✓", "ratings"=>{"PG"=>"1", "NC-17"=>"1", "R"=>"1"}, "commit"=>"Refresh"}
Redirected to http://www.example.com/movies?ratings%5BNC-17%5D=1&ratings%5BPG%5D=1&ratings%5BR%5D=1
Completed 302 Found in 1ms (ActiveRecord: 0.0ms)
Started GET "/movies?ratings[NC-17]=1&ratings[PG]=1&ratings[R]=1" for 127.0.0.1 at 2020-03-10 18:35:19 +0000
Processing by MoviesController#index as HTML
  Parameters: {"ratings"=>{"NC-17"=>"1", "PG"=>"1", "R"=>"1"}}
  [1m[35mMovie Load (0.1ms)[0m  SELECT "movies".* FROM "movies" WHERE "movies"."rating" IN ('NC-17', 'PG', 'R')
  Rendered movies/index.html.haml within layouts/application (2.2ms)
Completed 200 OK in 4ms (Views: 3.3ms | ActiveRecord: 0.1ms)
  [1m[36m (0.2ms)[0m  [1mrollback transaction[0m
  [1m[35m (0.1ms)[0m  begin transaction
  [1m[36m (0.0ms)[0m  [1mcommit transaction[0m
  [1m[35m (0.0ms)[0m  begin transaction
  [1m[36m (0.1ms)[0m  [1mSAVEPOINT active_record_1[0m
  [1m[35mSQL (0.1ms)[0m  INSERT INTO "movies" ("title", "rating", "release_date", "created_at", "updated_at") VALUES (?, ?, ?, ?, ?)  [["title", "Aladdin"], ["rating", "G"], ["release_date", "1992-11-25 00:00:00.000000"], ["created_at", "2020-03-10 18:35:19.928319"], ["updated_at", "2020-03-10 18:35:19.928319"]]
  [1m[36m (0.0ms)[0m  [1mRELEASE SAVEPOINT active_record_1[0m
  [1m[35m (0.0ms)[0m  SAVEPOINT active_record_1
  [1m[36mSQL (0.1ms)[0m  [1mINSERT INTO "movies" ("title", "rating", "release_date", "created_at", "updated_at") VALUES (?, ?, ?, ?, ?)[0m  [["title", "The Terminator"], ["rating", "R"], ["release_date", "1984-10-26 00:00:00.000000"], ["created_at", "2020-03-10 18:35:19.929882"], ["updated_at", "2020-03-10 18:35:19.929882"]]
  [1m[35m (0.1ms)[0m  RELEASE SAVEPOINT active_record_1
  [1m[36m (0.0ms)[0m  [1mSAVEPOINT active_record_1[0m
  [1m[35mSQL (0.1ms)[0m  INSERT INTO "movies" ("title", "rating", "release_date", "created_at", "updated_at") VALUES (?, ?, ?, ?, ?)  [["title", "When Harry Met Sally"], ["rating", "R"], ["release_date", "1989-07-21 00:00:00.000000"], ["created_at", "2020-03-10 18:35:19.931258"], ["updated_at", "2020-03-10 18:35:19.931258"]]
  [1m[36m (0.0ms)[0m  [1mRELEASE SAVEPOINT active_record_1[0m
  [1m[35m (0.0ms)[0m  SAVEPOINT active_record_1
  [1m[36mSQL (0.1ms)[0m  [1mINSERT INTO "movies" ("title", "rating", "release_date", "created_at", "updated_at") VALUES (?, ?, ?, ?, ?)[0m  [["title", "The Help"], ["rating", "PG-13"], ["release_date", "2011-08-10 00:00:00.000000"], ["created_at", "2020-03-10 18:35:19.932614"], ["updated_at", "2020-03-10 18:35:19.932614"]]
  [1m[35m (0.1ms)[0m  RELEASE SAVEPOINT active_record_1
  [1m[36m (0.0ms)[0m  [1mSAVEPOINT active_record_1[0m
  [1m[35mSQL (0.1ms)[0m  INSERT INTO "movies" ("title", "rating", "release_date", "created_at", "updated_at") VALUES (?, ?, ?, ?, ?)  [["title", "Chocolat"], ["rating", "PG-13"], ["release_date", "2001-01-05 00:00:00.000000"], ["created_at", "2020-03-10 18:35:19.934041"], ["updated_at", "2020-03-10 18:35:19.934041"]]
  [1m[36m (0.0ms)[0m  [1mRELEASE SAVEPOINT active_record_1[0m
  [1m[35m (0.1ms)[0m  SAVEPOINT active_record_1
  [1m[36mSQL (0.1ms)[0m  [1mINSERT INTO "movies" ("title", "rating", "release_date", "created_at", "updated_at") VALUES (?, ?, ?, ?, ?)[0m  [["title", "Amelie"], ["rating", "R"], ["release_date", "2001-04-25 00:00:00.000000"], ["created_at", "2020-03-10 18:35:19.935381"], ["updated_at", "2020-03-10 18:35:19.935381"]]
  [1m[35m (0.1ms)[0m  RELEASE SAVEPOINT active_record_1
  [1m[36m (0.0ms)[0m  [1mSAVEPOINT active_record_1[0m
  [1m[35mSQL (0.1ms)[0m  INSERT INTO "movies" ("title", "rating", "release_date", "created_at", "updated_at") VALUES (?, ?, ?, ?, ?)  [["title", "2001: A Space Odyssey"], ["rating", "G"], ["release_date", "1968-04-06 00:00:00.000000"], ["created_at", "2020-03-10 18:35:19.936662"], ["updated_at", "2020-03-10 18:35:19.936662"]]
  [1m[36m (0.0ms)[0m  [1mRELEASE SAVEPOINT active_record_1[0m
  [1m[35m (0.0ms)[0m  SAVEPOINT active_record_1
  [1m[36mSQL (0.1ms)[0m  [1mINSERT INTO "movies" ("title", "rating", "release_date", "created_at", "updated_at") VALUES (?, ?, ?, ?, ?)[0m  [["title", "The Incredibles"], ["rating", "PG"], ["release_date", "2004-11-05 00:00:00.000000"], ["created_at", "2020-03-10 18:35:19.937988"], ["updated_at", "2020-03-10 18:35:19.937988"]]
  [1m[35m (0.0ms)[0m  RELEASE SAVEPOINT active_record_1
  [1m[36m (0.0ms)[0m  [1mSAVEPOINT active_record_1[0m
  [1m[35mSQL (0.1ms)[0m  INSERT INTO "movies" ("title", "rating", "release_date", "created_at", "updated_at") VALUES (?, ?, ?, ?, ?)  [["title", "Raiders of the Lost Ark"], ["rating", "PG"], ["release_date", "1981-06-12 00:00:00.000000"], ["created_at", "2020-03-10 18:35:19.939377"], ["updated_at", "2020-03-10 18:35:19.939377"]]
  [1m[36m (0.0ms)[0m  [1mRELEASE SAVEPOINT active_record_1[0m
  [1m[35m (0.0ms)[0m  SAVEPOINT active_record_1
  [1m[36mSQL (0.1ms)[0m  [1mINSERT INTO "movies" ("title", "rating", "release_date", "created_at", "updated_at") VALUES (?, ?, ?, ?, ?)[0m  [["title", "Chicken Run"], ["rating", "G"], ["release_date", "2000-06-21 00:00:00.000000"], ["created_at", "2020-03-10 18:35:19.940729"], ["updated_at", "2020-03-10 18:35:19.940729"]]
  [1m[35m (0.0ms)[0m  RELEASE SAVEPOINT active_record_1
Started GET "/movies" for 127.0.0.1 at 2020-03-10 18:35:19 +0000
Processing by MoviesController#index as HTML
  [1m[36mMovie Load (0.2ms)[0m  [1mSELECT "movies".* FROM "movies" WHERE "movies"."rating" IN ('G', 'PG', 'PG-13', 'NC-17', 'R')[0m
  Rendered movies/index.html.haml within layouts/application (3.0ms)
Completed 200 OK in 5ms (Views: 4.1ms | ActiveRecord: 0.2ms)
Started GET "/movies?utf8=%E2%9C%93&ratings[G]=1&ratings[PG]=1&ratings[PG-13]=1&ratings[NC-17]=1&ratings[R]=1&commit=Refresh" for 127.0.0.1 at 2020-03-10 18:35:19 +0000
Processing by MoviesController#index as HTML
  Parameters: {"utf8"=>"✓", "ratings"=>{"G"=>"1", "PG"=>"1", "PG-13"=>"1", "NC-17"=>"1", "R"=>"1"}, "commit"=>"Refresh"}
Redirected to http://www.example.com/movies?ratings%5BG%5D=1&ratings%5BNC-17%5D=1&ratings%5BPG%5D=1&ratings%5BPG-13%5D=1&ratings%5BR%5D=1
Completed 302 Found in 1ms (ActiveRecord: 0.0ms)
Started GET "/movies?ratings[G]=1&ratings[NC-17]=1&ratings[PG]=1&ratings[PG-13]=1&ratings[R]=1" for 127.0.0.1 at 2020-03-10 18:35:19 +0000
Processing by MoviesController#index as HTML
  Parameters: {"ratings"=>{"G"=>"1", "NC-17"=>"1", "PG"=>"1", "PG-13"=>"1", "R"=>"1"}}
  [1m[35mMovie Load (0.2ms)[0m  SELECT "movies".* FROM "movies" WHERE "movies"."rating" IN ('G', 'NC-17', 'PG', 'PG-13', 'R')
  Rendered movies/index.html.haml within layouts/application (2.9ms)
Completed 200 OK in 5ms (Views: 3.9ms | ActiveRecord: 0.2ms)
  [1m[36mMovie Load (0.1ms)[0m  [1mSELECT "movies".* FROM "movies"[0m
  [1m[35m (0.2ms)[0m  rollback transaction
  [1m[36m (0.1ms)[0m  [1mbegin transaction[0m
  [1m[35m (0.0ms)[0m  commit transaction
  [1m[36m (0.1ms)[0m  [1mbegin transaction[0m
  [1m[35m (0.1ms)[0m  SAVEPOINT active_record_1
  [1m[36mSQL (0.2ms)[0m  [1mINSERT INTO "movies" ("title", "rating", "release_date", "created_at", "updated_at") VALUES (?, ?, ?, ?, ?)[0m  [["title", "Aladdin"], ["rating", "G"], ["release_date", "1992-11-25 00:00:00.000000"], ["created_at", "2020-03-10 18:35:20.014428"], ["updated_at", "2020-03-10 18:35:20.014428"]]
  [1m[35m (0.0ms)[0m  RELEASE SAVEPOINT active_record_1
  [1m[36m (0.0ms)[0m  [1mSAVEPOINT active_record_1[0m
  [1m[35mSQL (0.1ms)[0m  INSERT INTO "movies" ("title", "rating", "release_date", "created_at", "updated_at") VALUES (?, ?, ?, ?, ?)  [["title", "The Terminator"], ["rating", "R"], ["release_date", "1984-10-26 00:00:00.000000"], ["created_at", "2020-03-10 18:35:20.016125"], ["updated_at", "2020-03-10 18:35:20.016125"]]
  [1m[36m (0.0ms)[0m  [1mRELEASE SAVEPOINT active_record_1[0m
  [1m[35m (0.0ms)[0m  SAVEPOINT active_record_1
  [1m[36mSQL (0.1ms)[0m  [1mINSERT INTO "movies" ("title", "rating", "release_date", "created_at", "updated_at") VALUES (?, ?, ?, ?, ?)[0m  [["title", "When Harry Met Sally"], ["rating", "R"], ["release_date", "1989-07-21 00:00:00.000000"], ["created_at", "2020-03-10 18:35:20.017520"], ["updated_at", "2020-03-10 18:35:20.017520"]]
  [1m[35m (0.0ms)[0m  RELEASE SAVEPOINT active_record_1
  [1m[36m (0.0ms)[0m  [1mSAVEPOINT active_record_1[0m
  [1m[35mSQL (0.1ms)[0m  INSERT INTO "movies" ("title", "rating", "release_date", "created_at", "updated_at") VALUES (?, ?, ?, ?, ?)  [["title", "The Help"], ["rating", "PG-13"], ["release_date", "2011-08-10 00:00:00.000000"], ["created_at", "2020-03-10 18:35:20.018865"], ["updated_at", "2020-03-10 18:35:20.018865"]]
  [1m[36m (0.0ms)[0m  [1mRELEASE SAVEPOINT active_record_1[0m
  [1m[35m (0.0ms)[0m  SAVEPOINT active_record_1
  [1m[36mSQL (0.1ms)[0m  [1mINSERT INTO "movies" ("title", "rating", "release_date", "created_at", "updated_at") VALUES (?, ?, ?, ?, ?)[0m  [["title", "Chocolat"], ["rating", "PG-13"], ["release_date", "2001-01-05 00:00:00.000000"], ["created_at", "2020-03-10 18:35:20.020168"], ["updated_at", "2020-03-10 18:35:20.020168"]]
  [1m[35m (0.0ms)[0m  RELEASE SAVEPOINT active_record_1
  [1m[36m (0.0ms)[0m  [1mSAVEPOINT active_record_1[0m
  [1m[35mSQL (0.1ms)[0m  INSERT INTO "movies" ("title", "rating", "release_date", "created_at", "updated_at") VALUES (?, ?, ?, ?, ?)  [["title", "Amelie"], ["rating", "R"], ["release_date", "2001-04-25 00:00:00.000000"], ["created_at", "2020-03-10 18:35:20.021481"], ["updated_at", "2020-03-10 18:35:20.021481"]]
  [1m[36m (0.0ms)[0m  [1mRELEASE SAVEPOINT active_record_1[0m
  [1m[35m (0.0ms)[0m  SAVEPOINT active_record_1
  [1m[36mSQL (0.1ms)[0m  [1mINSERT INTO "movies" ("title", "rating", "release_date", "created_at", "updated_at") VALUES (?, ?, ?, ?, ?)[0m  [["title", "2001: A Space Odyssey"], ["rating", "G"], ["release_date", "1968-04-06 00:00:00.000000"], ["created_at", "2020-03-10 18:35:20.022795"], ["updated_at", "2020-03-10 18:35:20.022795"]]
  [1m[35m (0.0ms)[0m  RELEASE SAVEPOINT active_record_1
  [1m[36m (0.0ms)[0m  [1mSAVEPOINT active_record_1[0m
  [1m[35mSQL (0.1ms)[0m  INSERT INTO "movies" ("title", "rating", "release_date", "created_at", "updated_at") VALUES (?, ?, ?, ?, ?)  [["title", "The Incredibles"], ["rating", "PG"], ["release_date", "2004-11-05 00:00:00.000000"], ["created_at", "2020-03-10 18:35:20.024114"], ["updated_at", "2020-03-10 18:35:20.024114"]]
  [1m[36m (0.0ms)[0m  [1mRELEASE SAVEPOINT active_record_1[0m
  [1m[35m (0.0ms)[0m  SAVEPOINT active_record_1
  [1m[36mSQL (0.1ms)[0m  [1mINSERT INTO "movies" ("title", "rating", "release_date", "created_at", "updated_at") VALUES (?, ?, ?, ?, ?)[0m  [["title", "Raiders of the Lost Ark"], ["rating", "PG"], ["release_date", "1981-06-12 00:00:00.000000"], ["created_at", "2020-03-10 18:35:20.025407"], ["updated_at", "2020-03-10 18:35:20.025407"]]
  [1m[35m (0.0ms)[0m  RELEASE SAVEPOINT active_record_1
  [1m[36m (0.0ms)[0m  [1mSAVEPOINT active_record_1[0m
  [1m[35mSQL (0.1ms)[0m  INSERT INTO "movies" ("title", "rating", "release_date", "created_at", "updated_at") VALUES (?, ?, ?, ?, ?)  [["title", "Chicken Run"], ["rating", "G"], ["release_date", "2000-06-21 00:00:00.000000"], ["created_at", "2020-03-10 18:35:20.026706"], ["updated_at", "2020-03-10 18:35:20.026706"]]
  [1m[36m (0.0ms)[0m  [1mRELEASE SAVEPOINT active_record_1[0m
Started GET "/movies" for 127.0.0.1 at 2020-03-10 18:35:20 +0000
Processing by MoviesController#index as HTML
  [1m[35mMovie Load (0.2ms)[0m  SELECT "movies".* FROM "movies" WHERE "movies"."rating" IN ('G', 'PG', 'PG-13', 'NC-17', 'R')
  Rendered movies/index.html.haml within layouts/application (3.2ms)
Completed 200 OK in 5ms (Views: 4.3ms | ActiveRecord: 0.2ms)
Started GET "/movies?ratings[G]=G&ratings[NC-17]=NC-17&ratings[PG]=PG&ratings[PG-13]=PG-13&ratings[R]=R&sort=title" for 127.0.0.1 at 2020-03-10 18:35:20 +0000
Processing by MoviesController#index as HTML
  Parameters: {"ratings"=>{"G"=>"G", "NC-17"=>"NC-17", "PG"=>"PG", "PG-13"=>"PG-13", "R"=>"R"}, "sort"=>"title"}
Redirected to http://www.example.com/movies?ratings%5BG%5D=G&ratings%5BNC-17%5D=NC-17&ratings%5BPG%5D=PG&ratings%5BPG-13%5D=PG-13&ratings%5BR%5D=R&sort=title
Completed 302 Found in 1ms (ActiveRecord: 0.0ms)
Started GET "/movies?ratings[G]=G&ratings[NC-17]=NC-17&ratings[PG]=PG&ratings[PG-13]=PG-13&ratings[R]=R&sort=title" for 127.0.0.1 at 2020-03-10 18:35:20 +0000
Processing by MoviesController#index as HTML
  Parameters: {"ratings"=>{"G"=>"G", "NC-17"=>"NC-17", "PG"=>"PG", "PG-13"=>"PG-13", "R"=>"R"}, "sort"=>"title"}
  [1m[36mMovie Load (0.2ms)[0m  [1mSELECT "movies".* FROM "movies" WHERE "movies"."rating" IN ('G', 'NC-17', 'PG', 'PG-13', 'R')  ORDER BY "movies"."title" ASC[0m
  Rendered movies/index.html.haml within layouts/application (3.0ms)
Completed 200 OK in 5ms (Views: 3.9ms | ActiveRecord: 0.2ms)
  [1m[35m (0.1ms)[0m  rollback transaction
  [1m[36m (0.0ms)[0m  [1mbegin transaction[0m
  [1m[35m (0.0ms)[0m  commit transaction
  [1m[36m (0.1ms)[0m  [1mbegin transaction[0m
  [1m[35m (0.0ms)[0m  SAVEPOINT active_record_1
  [1m[36mSQL (0.2ms)[0m  [1mINSERT INTO "movies" ("title", "rating", "release_date", "created_at", "updated_at") VALUES (?, ?, ?, ?, ?)[0m  [["title", "Aladdin"], ["rating", "G"], ["release_date", "1992-11-25 00:00:00.000000"], ["created_at", "2020-03-10 18:35:20.056158"], ["updated_at", "2020-03-10 18:35:20.056158"]]
  [1m[35m (0.0ms)[0m  RELEASE SAVEPOINT active_record_1
  [1m[36m (0.0ms)[0m  [1mSAVEPOINT active_record_1[0m
  [1m[35mSQL (0.1ms)[0m  INSERT INTO "movies" ("title", "rating", "release_date", "created_at", "updated_at") VALUES (?, ?, ?, ?, ?)  [["title", "The Terminator"], ["rating", "R"], ["release_date", "1984-10-26 00:00:00.000000"], ["created_at", "2020-03-10 18:35:20.057671"], ["updated_at", "2020-03-10 18:35:20.057671"]]
  [1m[36m (0.0ms)[0m  [1mRELEASE SAVEPOINT active_record_1[0m
  [1m[35m (0.0ms)[0m  SAVEPOINT active_record_1
  [1m[36mSQL (0.1ms)[0m  [1mINSERT INTO "movies" ("title", "rating", "release_date", "created_at", "updated_at") VALUES (?, ?, ?, ?, ?)[0m  [["title", "When Harry Met Sally"], ["rating", "R"], ["release_date", "1989-07-21 00:00:00.000000"], ["created_at", "2020-03-10 18:35:20.059045"], ["updated_at", "2020-03-10 18:35:20.059045"]]
  [1m[35m (0.0ms)[0m  RELEASE SAVEPOINT active_record_1
  [1m[36m (0.0ms)[0m  [1mSAVEPOINT active_record_1[0m
  [1m[35mSQL (0.1ms)[0m  INSERT INTO "movies" ("title", "rating", "release_date", "created_at", "updated_at") VALUES (?, ?, ?, ?, ?)  [["title", "The Help"], ["rating", "PG-13"], ["release_date", "2011-08-10 00:00:00.000000"], ["created_at", "2020-03-10 18:35:20.060345"], ["updated_at", "2020-03-10 18:35:20.060345"]]
  [1m[36m (0.1ms)[0m  [1mRELEASE SAVEPOINT active_record_1[0m
  [1m[35m (0.0ms)[0m  SAVEPOINT active_record_1
  [1m[36mSQL (0.1ms)[0m  [1mINSERT INTO "movies" ("title", "rating", "release_date", "created_at", "updated_at") VALUES (?, ?, ?, ?, ?)[0m  [["title", "Chocolat"], ["rating", "PG-13"], ["release_date", "2001-01-05 00:00:00.000000"], ["created_at", "2020-03-10 18:35:20.061712"], ["updated_at", "2020-03-10 18:35:20.061712"]]
  [1m[35m (0.0ms)[0m  RELEASE SAVEPOINT active_record_1
  [1m[36m (0.0ms)[0m  [1mSAVEPOINT active_record_1[0m
  [1m[35mSQL (0.1ms)[0m  INSERT INTO "movies" ("title", "rating", "release_date", "created_at", "updated_at") VALUES (?, ?, ?, ?, ?)  [["title", "Amelie"], ["rating", "R"], ["release_date", "2001-04-25 00:00:00.000000"], ["created_at", "2020-03-10 18:35:20.063034"], ["updated_at", "2020-03-10 18:35:20.063034"]]
  [1m[36m (0.0ms)[0m  [1mRELEASE SAVEPOINT active_record_1[0m
  [1m[35m (0.0ms)[0m  SAVEPOINT active_record_1
  [1m[36mSQL (0.1ms)[0m  [1mINSERT INTO "movies" ("title", "rating", "release_date", "created_at", "updated_at") VALUES (?, ?, ?, ?, ?)[0m  [["title", "2001: A Space Odyssey"], ["rating", "G"], ["release_date", "1968-04-06 00:00:00.000000"], ["created_at", "2020-03-10 18:35:20.064337"], ["updated_at", "2020-03-10 18:35:20.064337"]]
  [1m[35m (0.0ms)[0m  RELEASE SAVEPOINT active_record_1
  [1m[36m (0.0ms)[0m  [1mSAVEPOINT active_record_1[0m
  [1m[35mSQL (0.1ms)[0m  INSERT INTO "movies" ("title", "rating", "release_date", "created_at", "updated_at") VALUES (?, ?, ?, ?, ?)  [["title", "The Incredibles"], ["rating", "PG"], ["release_date", "2004-11-05 00:00:00.000000"], ["created_at", "2020-03-10 18:35:20.065616"], ["updated_at", "2020-03-10 18:35:20.065616"]]
  [1m[36m (0.0ms)[0m  [1mRELEASE SAVEPOINT active_record_1[0m
  [1m[35m (0.0ms)[0m  SAVEPOINT active_record_1
  [1m[36mSQL (0.1ms)[0m  [1mINSERT INTO "movies" ("title", "rating", "release_date", "created_at", "updated_at") VALUES (?, ?, ?, ?, ?)[0m  [["title", "Raiders of the Lost Ark"], ["rating", "PG"], ["release_date", "1981-06-12 00:00:00.000000"], ["created_at", "2020-03-10 18:35:20.066907"], ["updated_at", "2020-03-10 18:35:20.066907"]]
  [1m[35m (0.0ms)[0m  RELEASE SAVEPOINT active_record_1
  [1m[36m (0.0ms)[0m  [1mSAVEPOINT active_record_1[0m
  [1m[35mSQL (0.1ms)[0m  INSERT INTO "movies" ("title", "rating", "release_date", "created_at", "updated_at") VALUES (?, ?, ?, ?, ?)  [["title", "Chicken Run"], ["rating", "G"], ["release_date", "2000-06-21 00:00:00.000000"], ["created_at", "2020-03-10 18:35:20.068203"], ["updated_at", "2020-03-10 18:35:20.068203"]]
  [1m[36m (0.0ms)[0m  [1mRELEASE SAVEPOINT active_record_1[0m
Started GET "/movies" for 127.0.0.1 at 2020-03-10 18:35:20 +0000
Processing by MoviesController#index as HTML
  [1m[35mMovie Load (0.2ms)[0m  SELECT "movies".* FROM "movies" WHERE "movies"."rating" IN ('G', 'PG', 'PG-13', 'NC-17', 'R')
  Rendered movies/index.html.haml within layouts/application (2.9ms)
Completed 200 OK in 4ms (Views: 3.8ms | ActiveRecord: 0.2ms)
Started GET "/movies?ratings[G]=G&ratings[NC-17]=NC-17&ratings[PG]=PG&ratings[PG-13]=PG-13&ratings[R]=R&sort=release_date" for 127.0.0.1 at 2020-03-10 18:35:20 +0000
Processing by MoviesController#index as HTML
  Parameters: {"ratings"=>{"G"=>"G", "NC-17"=>"NC-17", "PG"=>"PG", "PG-13"=>"PG-13", "R"=>"R"}, "sort"=>"release_date"}
Redirected to http://www.example.com/movies?ratings%5BG%5D=G&ratings%5BNC-17%5D=NC-17&ratings%5BPG%5D=PG&ratings%5BPG-13%5D=PG-13&ratings%5BR%5D=R&sort=release_date
Completed 302 Found in 1ms (ActiveRecord: 0.0ms)
Started GET "/movies?ratings[G]=G&ratings[NC-17]=NC-17&ratings[PG]=PG&ratings[PG-13]=PG-13&ratings[R]=R&sort=release_date" for 127.0.0.1 at 2020-03-10 18:35:20 +0000
Processing by MoviesController#index as HTML
  Parameters: {"ratings"=>{"G"=>"G", "NC-17"=>"NC-17", "PG"=>"PG", "PG-13"=>"PG-13", "R"=>"R"}, "sort"=>"release_date"}
  [1m[36mMovie Load (0.2ms)[0m  [1mSELECT "movies".* FROM "movies" WHERE "movies"."rating" IN ('G', 'NC-17', 'PG', 'PG-13', 'R')  ORDER BY "movies"."release_date" ASC[0m
  Rendered movies/index.html.haml within layouts/application (2.9ms)
Completed 200 OK in 5ms (Views: 3.9ms | ActiveRecord: 0.2ms)
  [1m[35m (0.1ms)[0m  rollback transaction
  [1m[36mActiveRecord::SchemaMigration Load (0.1ms)[0m  [1mSELECT "schema_migrations".* FROM "schema_migrations"[0m
  [1m[35m (0.1ms)[0m  begin transaction
  [1m[36m (0.0ms)[0m  [1mcommit transaction[0m
  [1m[35m (0.1ms)[0m  begin transaction
  [1m[36m (0.1ms)[0m  [1mSAVEPOINT active_record_1[0m
  [1m[35mSQL (0.2ms)[0m  INSERT INTO "movies" ("title", "rating", "director", "release_date", "created_at", "updated_at") VALUES (?, ?, ?, ?, ?, ?)  [["title", "Star Wars"], ["rating", "PG"], ["director", "George Lucas"], ["release_date", "1977-05-25 00:00:00.000000"], ["created_at", "2020-03-10 18:41:48.296917"], ["updated_at", "2020-03-10 18:41:48.296917"]]
  [1m[36m (0.0ms)[0m  [1mRELEASE SAVEPOINT active_record_1[0m
  [1m[35m (0.0ms)[0m  SAVEPOINT active_record_1
  [1m[36mSQL (0.1ms)[0m  [1mINSERT INTO "movies" ("title", "rating", "director", "release_date", "created_at", "updated_at") VALUES (?, ?, ?, ?, ?, ?)[0m  [["title", "Blade Runner"], ["rating", "PG"], ["director", "Ridley Scott"], ["release_date", "1982-06-25 00:00:00.000000"], ["created_at", "2020-03-10 18:41:48.298860"], ["updated_at", "2020-03-10 18:41:48.298860"]]
  [1m[35m (0.0ms)[0m  RELEASE SAVEPOINT active_record_1
  [1m[36m (0.1ms)[0m  [1mSAVEPOINT active_record_1[0m
  [1m[35mSQL (0.1ms)[0m  INSERT INTO "movies" ("title", "rating", "director", "release_date", "created_at", "updated_at") VALUES (?, ?, ?, ?, ?, ?)  [["title", "Alien"], ["rating", "R"], ["director", ""], ["release_date", "1979-05-25 00:00:00.000000"], ["created_at", "2020-03-10 18:41:48.300369"], ["updated_at", "2020-03-10 18:41:48.300369"]]
  [1m[36m (0.0ms)[0m  [1mRELEASE SAVEPOINT active_record_1[0m
  [1m[35m (0.0ms)[0m  SAVEPOINT active_record_1
  [1m[36mSQL (0.1ms)[0m  [1mINSERT INTO "movies" ("title", "rating", "director", "release_date", "created_at", "updated_at") VALUES (?, ?, ?, ?, ?, ?)[0m  [["title", "THX-1138"], ["rating", "R"], ["director", "George Lucas"], ["release_date", "1971-03-11 00:00:00.000000"], ["created_at", "2020-03-10 18:41:48.301725"], ["updated_at", "2020-03-10 18:41:48.301725"]]
  [1m[35m (0.0ms)[0m  RELEASE SAVEPOINT active_record_1
  [1m[36mMovie Load (0.1ms)[0m  [1mSELECT  "movies".* FROM "movies" WHERE "movies"."title" = ? LIMIT 1[0m  [["title", "Alien"]]
Started GET "/movies/3/edit" for 127.0.0.1 at 2020-03-10 18:41:48 +0000
Processing by MoviesController#edit as HTML
  Parameters: {"id"=>"3"}
  [1m[35mMovie Load (0.1ms)[0m  SELECT  "movies".* FROM "movies" WHERE "movies"."id" = ? LIMIT 1  [["id", 3]]
  Rendered movies/edit.html.haml within layouts/application (9.3ms)
Completed 200 OK in 159ms (Views: 157.7ms | ActiveRecord: 0.1ms)
Started PUT "/movies/3" for 127.0.0.1 at 2020-03-10 18:41:48 +0000
Processing by MoviesController#update as HTML
  Parameters: {"utf8"=>"✓", "movie"=>{"title"=>"Alien", "rating"=>"R", "director"=>"Ridley Scott", "release_date(1i)"=>"1979", "release_date(2i)"=>"5", "release_date(3i)"=>"25"}, "commit"=>"Update Movie Info", "id"=>"3"}
  [1m[36mMovie Load (0.1ms)[0m  [1mSELECT  "movies".* FROM "movies" WHERE "movies"."id" = ? LIMIT 1[0m  [["id", 3]]
  [1m[35m (0.1ms)[0m  SAVEPOINT active_record_1
  [1m[36mSQL (0.1ms)[0m  [1mUPDATE "movies" SET "director" = ?, "updated_at" = ? WHERE "movies"."id" = ?[0m  [["director", "Ridley Scott"], ["updated_at", "2020-03-10 18:41:48.497958"], ["id", 3]]
  [1m[35m (0.0ms)[0m  RELEASE SAVEPOINT active_record_1
Redirected to http://www.example.com/movies/3
Completed 302 Found in 3ms (ActiveRecord: 0.3ms)
Started GET "/movies/3" for 127.0.0.1 at 2020-03-10 18:41:48 +0000
Processing by MoviesController#show as HTML
  Parameters: {"id"=>"3"}
  [1m[36mMovie Load (0.1ms)[0m  [1mSELECT  "movies".* FROM "movies" WHERE "movies"."id" = ? LIMIT 1[0m  [["id", 3]]
  Rendered movies/show.html.haml within layouts/application (2.2ms)
Completed 200 OK in 4ms (Views: 3.9ms | ActiveRecord: 0.1ms)
  [1m[35mMovie Load (0.1ms)[0m  SELECT  "movies".* FROM "movies" WHERE "movies"."title" = ? LIMIT 1  [["title", "Alien"]]
  [1m[36m (0.2ms)[0m  [1mrollback transaction[0m
  [1m[35m (0.1ms)[0m  begin transaction
  [1m[36m (0.0ms)[0m  [1mcommit transaction[0m
  [1m[35m (0.0ms)[0m  begin transaction
  [1m[36m (0.1ms)[0m  [1mSAVEPOINT active_record_1[0m
  [1m[35mSQL (0.1ms)[0m  INSERT INTO "movies" ("title", "rating", "director", "release_date", "created_at", "updated_at") VALUES (?, ?, ?, ?, ?, ?)  [["title", "Star Wars"], ["rating", "PG"], ["director", "George Lucas"], ["release_date", "1977-05-25 00:00:00.000000"], ["created_at", "2020-03-10 18:41:48.511759"], ["updated_at", "2020-03-10 18:41:48.511759"]]
  [1m[36m (0.1ms)[0m  [1mRELEASE SAVEPOINT active_record_1[0m
  [1m[35m (0.0ms)[0m  SAVEPOINT active_record_1
  [1m[36mSQL (0.1ms)[0m  [1mINSERT INTO "movies" ("title", "rating", "director", "release_date", "created_at", "updated_at") VALUES (?, ?, ?, ?, ?, ?)[0m  [["title", "Blade Runner"], ["rating", "PG"], ["director", "Ridley Scott"], ["release_date", "1982-06-25 00:00:00.000000"], ["created_at", "2020-03-10 18:41:48.513325"], ["updated_at", "2020-03-10 18:41:48.513325"]]
  [1m[35m (0.1ms)[0m  RELEASE SAVEPOINT active_record_1
  [1m[36m (0.0ms)[0m  [1mSAVEPOINT active_record_1[0m
  [1m[35mSQL (0.1ms)[0m  INSERT INTO "movies" ("title", "rating", "director", "release_date", "created_at", "updated_at") VALUES (?, ?, ?, ?, ?, ?)  [["title", "Alien"], ["rating", "R"], ["director", ""], ["release_date", "1979-05-25 00:00:00.000000"], ["created_at", "2020-03-10 18:41:48.514734"], ["updated_at", "2020-03-10 18:41:48.514734"]]
  [1m[36m (0.0ms)[0m  [1mRELEASE SAVEPOINT active_record_1[0m
  [1m[35m (0.0ms)[0m  SAVEPOINT active_record_1
  [1m[36mSQL (0.1ms)[0m  [1mINSERT INTO "movies" ("title", "rating", "director", "release_date", "created_at", "updated_at") VALUES (?, ?, ?, ?, ?, ?)[0m  [["title", "THX-1138"], ["rating", "R"], ["director", "George Lucas"], ["release_date", "1971-03-11 00:00:00.000000"], ["created_at", "2020-03-10 18:41:48.516122"], ["updated_at", "2020-03-10 18:41:48.516122"]]
  [1m[35m (0.1ms)[0m  RELEASE SAVEPOINT active_record_1
  [1m[36mMovie Load (0.0ms)[0m  [1mSELECT  "movies".* FROM "movies" WHERE "movies"."title" = ? LIMIT 1[0m  [["title", "Star Wars"]]
Started GET "/movies/1" for 127.0.0.1 at 2020-03-10 18:41:48 +0000
Processing by MoviesController#show as HTML
  Parameters: {"id"=>"1"}
  [1m[35mMovie Load (0.1ms)[0m  SELECT  "movies".* FROM "movies" WHERE "movies"."id" = ? LIMIT 1  [["id", 1]]
  Rendered movies/show.html.haml within layouts/application (0.5ms)
Completed 200 OK in 2ms (Views: 1.8ms | ActiveRecord: 0.1ms)
Started GET "/movies/director/1" for 127.0.0.1 at 2020-03-10 18:41:48 +0000
Processing by MoviesController#director as HTML
  Parameters: {"id"=>"1"}
  [1m[36mMovie Load (0.1ms)[0m  [1mSELECT  "movies".* FROM "movies" WHERE "movies"."id" = ? LIMIT 1[0m  [["id", 1]]
  [1m[35mMovie Load (0.1ms)[0m  SELECT "movies".* FROM "movies" WHERE (director = 'George Lucas')
  Rendered movies/director.html.haml within layouts/application (2.9ms)
Completed 200 OK in 5ms (Views: 4.5ms | ActiveRecord: 0.2ms)
  [1m[36mMovie Load (0.1ms)[0m  [1mSELECT  "movies".* FROM "movies" WHERE "movies"."title" = ? LIMIT 1[0m  [["title", "Star Wars"]]
  [1m[35m (0.2ms)[0m  rollback transaction
  [1m[36m (0.1ms)[0m  [1mbegin transaction[0m
  [1m[35m (0.0ms)[0m  commit transaction
  [1m[36m (0.0ms)[0m  [1mbegin transaction[0m
  [1m[35m (0.0ms)[0m  SAVEPOINT active_record_1
  [1m[36mSQL (0.1ms)[0m  [1mINSERT INTO "movies" ("title", "rating", "director", "release_date", "created_at", "updated_at") VALUES (?, ?, ?, ?, ?, ?)[0m  [["title", "Star Wars"], ["rating", "PG"], ["director", "George Lucas"], ["release_date", "1977-05-25 00:00:00.000000"], ["created_at", "2020-03-10 18:41:48.551616"], ["updated_at", "2020-03-10 18:41:48.551616"]]
  [1m[35m (0.0ms)[0m  RELEASE SAVEPOINT active_record_1
  [1m[36m (0.0ms)[0m  [1mSAVEPOINT active_record_1[0m
  [1m[35mSQL (0.1ms)[0m  INSERT INTO "movies" ("title", "rating", "director", "release_date", "created_at", "updated_at") VALUES (?, ?, ?, ?, ?, ?)  [["title", "Blade Runner"], ["rating", "PG"], ["director", "Ridley Scott"], ["release_date", "1982-06-25 00:00:00.000000"], ["created_at", "2020-03-10 18:41:48.553266"], ["updated_at", "2020-03-10 18:41:48.553266"]]
  [1m[36m (0.0ms)[0m  [1mRELEASE SAVEPOINT active_record_1[0m
  [1m[35m (0.0ms)[0m  SAVEPOINT active_record_1
  [1m[36mSQL (0.1ms)[0m  [1mINSERT INTO "movies" ("title", "rating", "director", "release_date", "created_at", "updated_at") VALUES (?, ?, ?, ?, ?, ?)[0m  [["title", "Alien"], ["rating", "R"], ["director", ""], ["release_date", "1979-05-25 00:00:00.000000"], ["created_at", "2020-03-10 18:41:48.554675"], ["updated_at", "2020-03-10 18:41:48.554675"]]
  [1m[35m (0.0ms)[0m  RELEASE SAVEPOINT active_record_1
  [1m[36m (0.0ms)[0m  [1mSAVEPOINT active_record_1[0m
  [1m[35mSQL (0.1ms)[0m  INSERT INTO "movies" ("title", "rating", "director", "release_date", "created_at", "updated_at") VALUES (?, ?, ?, ?, ?, ?)  [["title", "THX-1138"], ["rating", "R"], ["director", "George Lucas"], ["release_date", "1971-03-11 00:00:00.000000"], ["created_at", "2020-03-10 18:41:48.556051"], ["updated_at", "2020-03-10 18:41:48.556051"]]
  [1m[36m (0.0ms)[0m  [1mRELEASE SAVEPOINT active_record_1[0m
  [1m[35mMovie Load (0.0ms)[0m  SELECT  "movies".* FROM "movies" WHERE "movies"."title" = ? LIMIT 1  [["title", "Alien"]]
Started GET "/movies/3" for 127.0.0.1 at 2020-03-10 18:41:48 +0000
Processing by MoviesController#show as HTML
  Parameters: {"id"=>"3"}
  [1m[36mMovie Load (0.0ms)[0m  [1mSELECT  "movies".* FROM "movies" WHERE "movies"."id" = ? LIMIT 1[0m  [["id", 3]]
  Rendered movies/show.html.haml within layouts/application (0.6ms)
Completed 200 OK in 2ms (Views: 1.9ms | ActiveRecord: 0.0ms)
Started GET "/movies/director/3" for 127.0.0.1 at 2020-03-10 18:41:48 +0000
Processing by MoviesController#director as HTML
  Parameters: {"id"=>"3"}
  [1m[35mMovie Load (0.1ms)[0m  SELECT  "movies".* FROM "movies" WHERE "movies"."id" = ? LIMIT 1  [["id", 3]]
  [1m[36mMovie Load (0.1ms)[0m  [1mSELECT "movies".* FROM "movies" WHERE (director = '')[0m
  Rendered movies/director.html.haml within layouts/application (0.7ms)
Completed 200 OK in 3ms (Views: 1.7ms | ActiveRecord: 0.2ms)
  [1m[35m (0.2ms)[0m  rollback transaction
  [1m[36m (0.1ms)[0m  [1mbegin transaction[0m
  [1m[35m (0.0ms)[0m  commit transaction
  [1m[36m (0.0ms)[0m  [1mbegin transaction[0m
  [1m[35m (0.1ms)[0m  SAVEPOINT active_record_1
  [1m[36mSQL (0.2ms)[0m  [1mINSERT INTO "movies" ("title", "rating", "release_date", "created_at", "updated_at") VALUES (?, ?, ?, ?, ?)[0m  [["title", "Aladdin"], ["rating", "G"], ["release_date", "1992-11-25 00:00:00.000000"], ["created_at", "2020-03-10 18:41:48.603834"], ["updated_at", "2020-03-10 18:41:48.603834"]]
  [1m[35m (0.0ms)[0m  RELEASE SAVEPOINT active_record_1
  [1m[36m (0.1ms)[0m  [1mSAVEPOINT active_record_1[0m
  [1m[35mSQL (0.1ms)[0m  INSERT INTO "movies" ("title", "rating", "release_date", "created_at", "updated_at") VALUES (?, ?, ?, ?, ?)  [["title", "The Terminator"], ["rating", "R"], ["release_date", "1984-10-26 00:00:00.000000"], ["created_at", "2020-03-10 18:41:48.605636"], ["updated_at", "2020-03-10 18:41:48.605636"]]
  [1m[36m (0.0ms)[0m  [1mRELEASE SAVEPOINT active_record_1[0m
  [1m[35m (0.0ms)[0m  SAVEPOINT active_record_1
  [1m[36mSQL (0.1ms)[0m  [1mINSERT INTO "movies" ("title", "rating", "release_date", "created_at", "updated_at") VALUES (?, ?, ?, ?, ?)[0m  [["title", "When Harry Met Sally"], ["rating", "R"], ["release_date", "1989-07-21 00:00:00.000000"], ["created_at", "2020-03-10 18:41:48.607008"], ["updated_at", "2020-03-10 18:41:48.607008"]]
  [1m[35m (0.1ms)[0m  RELEASE SAVEPOINT active_record_1
  [1m[36m (0.0ms)[0m  [1mSAVEPOINT active_record_1[0m
  [1m[35mSQL (0.1ms)[0m  INSERT INTO "movies" ("title", "rating", "release_date", "created_at", "updated_at") VALUES (?, ?, ?, ?, ?)  [["title", "The Help"], ["rating", "PG-13"], ["release_date", "2011-08-10 00:00:00.000000"], ["created_at", "2020-03-10 18:41:48.608465"], ["updated_at", "2020-03-10 18:41:48.608465"]]
  [1m[36m (0.0ms)[0m  [1mRELEASE SAVEPOINT active_record_1[0m
  [1m[35m (0.1ms)[0m  SAVEPOINT active_record_1
  [1m[36mSQL (0.1ms)[0m  [1mINSERT INTO "movies" ("title", "rating", "release_date", "created_at", "updated_at") VALUES (?, ?, ?, ?, ?)[0m  [["title", "Chocolat"], ["rating", "PG-13"], ["release_date", "2001-01-05 00:00:00.000000"], ["created_at", "2020-03-10 18:41:48.609903"], ["updated_at", "2020-03-10 18:41:48.609903"]]
  [1m[35m (0.0ms)[0m  RELEASE SAVEPOINT active_record_1
  [1m[36m (0.1ms)[0m  [1mSAVEPOINT active_record_1[0m
  [1m[35mSQL (0.1ms)[0m  INSERT INTO "movies" ("title", "rating", "release_date", "created_at", "updated_at") VALUES (?, ?, ?, ?, ?)  [["title", "Amelie"], ["rating", "R"], ["release_date", "2001-04-25 00:00:00.000000"], ["created_at", "2020-03-10 18:41:48.611246"], ["updated_at", "2020-03-10 18:41:48.611246"]]
  [1m[36m (0.0ms)[0m  [1mRELEASE SAVEPOINT active_record_1[0m
  [1m[35m (0.0ms)[0m  SAVEPOINT active_record_1
  [1m[36mSQL (0.1ms)[0m  [1mINSERT INTO "movies" ("title", "rating", "release_date", "created_at", "updated_at") VALUES (?, ?, ?, ?, ?)[0m  [["title", "2001: A Space Odyssey"], ["rating", "G"], ["release_date", "1968-04-06 00:00:00.000000"], ["created_at", "2020-03-10 18:41:48.612611"], ["updated_at", "2020-03-10 18:41:48.612611"]]
  [1m[35m (0.0ms)[0m  RELEASE SAVEPOINT active_record_1
  [1m[36m (0.0ms)[0m  [1mSAVEPOINT active_record_1[0m
  [1m[35mSQL (0.1ms)[0m  INSERT INTO "movies" ("title", "rating", "release_date", "created_at", "updated_at") VALUES (?, ?, ?, ?, ?)  [["title", "The Incredibles"], ["rating", "PG"], ["release_date", "2004-11-05 00:00:00.000000"], ["created_at", "2020-03-10 18:41:48.613890"], ["updated_at", "2020-03-10 18:41:48.613890"]]
  [1m[36m (0.0ms)[0m  [1mRELEASE SAVEPOINT active_record_1[0m
  [1m[35m (0.0ms)[0m  SAVEPOINT active_record_1
  [1m[36mSQL (0.1ms)[0m  [1mINSERT INTO "movies" ("title", "rating", "release_date", "created_at", "updated_at") VALUES (?, ?, ?, ?, ?)[0m  [["title", "Raiders of the Lost Ark"], ["rating", "PG"], ["release_date", "1981-06-12 00:00:00.000000"], ["created_at", "2020-03-10 18:41:48.615269"], ["updated_at", "2020-03-10 18:41:48.615269"]]
  [1m[35m (0.1ms)[0m  RELEASE SAVEPOINT active_record_1
  [1m[36m (0.0ms)[0m  [1mSAVEPOINT active_record_1[0m
  [1m[35mSQL (0.1ms)[0m  INSERT INTO "movies" ("title", "rating", "release_date", "created_at", "updated_at") VALUES (?, ?, ?, ?, ?)  [["title", "Chicken Run"], ["rating", "G"], ["release_date", "2000-06-21 00:00:00.000000"], ["created_at", "2020-03-10 18:41:48.616633"], ["updated_at", "2020-03-10 18:41:48.616633"]]
  [1m[36m (0.0ms)[0m  [1mRELEASE SAVEPOINT active_record_1[0m
Started GET "/movies" for 127.0.0.1 at 2020-03-10 18:41:48 +0000
Processing by MoviesController#index as HTML
  [1m[35mMovie Load (0.2ms)[0m  SELECT "movies".* FROM "movies" WHERE "movies"."rating" IN ('G', 'PG', 'PG-13', 'NC-17', 'R')
  Rendered movies/index.html.haml within layouts/application (5.8ms)
Completed 200 OK in 8ms (Views: 7.3ms | ActiveRecord: 0.2ms)
Started GET "/movies?utf8=%E2%9C%93&ratings[PG]=1&ratings[NC-17]=1&ratings[R]=1&commit=Refresh" for 127.0.0.1 at 2020-03-10 18:41:48 +0000
Processing by MoviesController#index as HTML
  Parameters: {"utf8"=>"✓", "ratings"=>{"PG"=>"1", "NC-17"=>"1", "R"=>"1"}, "commit"=>"Refresh"}
Redirected to http://www.example.com/movies?ratings%5BNC-17%5D=1&ratings%5BPG%5D=1&ratings%5BR%5D=1
Completed 302 Found in 1ms (ActiveRecord: 0.0ms)
Started GET "/movies?ratings[NC-17]=1&ratings[PG]=1&ratings[R]=1" for 127.0.0.1 at 2020-03-10 18:41:48 +0000
Processing by MoviesController#index as HTML
  Parameters: {"ratings"=>{"NC-17"=>"1", "PG"=>"1", "R"=>"1"}}
  [1m[36mMovie Load (0.1ms)[0m  [1mSELECT "movies".* FROM "movies" WHERE "movies"."rating" IN ('NC-17', 'PG', 'R')[0m
  Rendered movies/index.html.haml within layouts/application (2.1ms)
Completed 200 OK in 4ms (Views: 3.1ms | ActiveRecord: 0.1ms)
  [1m[35m (0.2ms)[0m  rollback transaction
  [1m[36m (0.1ms)[0m  [1mbegin transaction[0m
  [1m[35m (0.1ms)[0m  commit transaction
  [1m[36m (0.0ms)[0m  [1mbegin transaction[0m
  [1m[35m (0.0ms)[0m  SAVEPOINT active_record_1
  [1m[36mSQL (0.2ms)[0m  [1mINSERT INTO "movies" ("title", "rating", "release_date", "created_at", "updated_at") VALUES (?, ?, ?, ?, ?)[0m  [["title", "Aladdin"], ["rating", "G"], ["release_date", "1992-11-25 00:00:00.000000"], ["created_at", "2020-03-10 18:41:48.689258"], ["updated_at", "2020-03-10 18:41:48.689258"]]
  [1m[35m (0.1ms)[0m  RELEASE SAVEPOINT active_record_1
  [1m[36m (0.0ms)[0m  [1mSAVEPOINT active_record_1[0m
  [1m[35mSQL (0.1ms)[0m  INSERT INTO "movies" ("title", "rating", "release_date", "created_at", "updated_at") VALUES (?, ?, ?, ?, ?)  [["title", "The Terminator"], ["rating", "R"], ["release_date", "1984-10-26 00:00:00.000000"], ["created_at", "2020-03-10 18:41:48.690935"], ["updated_at", "2020-03-10 18:41:48.690935"]]
  [1m[36m (0.0ms)[0m  [1mRELEASE SAVEPOINT active_record_1[0m
  [1m[35m (0.0ms)[0m  SAVEPOINT active_record_1
  [1m[36mSQL (0.1ms)[0m  [1mINSERT INTO "movies" ("title", "rating", "release_date", "created_at", "updated_at") VALUES (?, ?, ?, ?, ?)[0m  [["title", "When Harry Met Sally"], ["rating", "R"], ["release_date", "1989-07-21 00:00:00.000000"], ["created_at", "2020-03-10 18:41:48.692303"], ["updated_at", "2020-03-10 18:41:48.692303"]]
  [1m[35m (0.0ms)[0m  RELEASE SAVEPOINT active_record_1
  [1m[36m (0.0ms)[0m  [1mSAVEPOINT active_record_1[0m
  [1m[35mSQL (0.1ms)[0m  INSERT INTO "movies" ("title", "rating", "release_date", "created_at", "updated_at") VALUES (?, ?, ?, ?, ?)  [["title", "The Help"], ["rating", "PG-13"], ["release_date", "2011-08-10 00:00:00.000000"], ["created_at", "2020-03-10 18:41:48.693602"], ["updated_at", "2020-03-10 18:41:48.693602"]]
  [1m[36m (0.1ms)[0m  [1mRELEASE SAVEPOINT active_record_1[0m
  [1m[35m (0.0ms)[0m  SAVEPOINT active_record_1
  [1m[36mSQL (0.1ms)[0m  [1mINSERT INTO "movies" ("title", "rating", "release_date", "created_at", "updated_at") VALUES (?, ?, ?, ?, ?)[0m  [["title", "Chocolat"], ["rating", "PG-13"], ["release_date", "2001-01-05 00:00:00.000000"], ["created_at", "2020-03-10 18:41:48.694924"], ["updated_at", "2020-03-10 18:41:48.694924"]]
  [1m[35m (0.0ms)[0m  RELEASE SAVEPOINT active_record_1
  [1m[36m (0.0ms)[0m  [1mSAVEPOINT active_record_1[0m
  [1m[35mSQL (0.1ms)[0m  INSERT INTO "movies" ("title", "rating", "release_date", "created_at", "updated_at") VALUES (?, ?, ?, ?, ?)  [["title", "Amelie"], ["rating", "R"], ["release_date", "2001-04-25 00:00:00.000000"], ["created_at", "2020-03-10 18:41:48.696255"], ["updated_at", "2020-03-10 18:41:48.696255"]]
  [1m[36m (0.0ms)[0m  [1mRELEASE SAVEPOINT active_record_1[0m
  [1m[35m (0.0ms)[0m  SAVEPOINT active_record_1
  [1m[36mSQL (0.1ms)[0m  [1mINSERT INTO "movies" ("title", "rating", "release_date", "created_at", "updated_at") VALUES (?, ?, ?, ?, ?)[0m  [["title", "2001: A Space Odyssey"], ["rating", "G"], ["release_date", "1968-04-06 00:00:00.000000"], ["created_at", "2020-03-10 18:41:48.697541"], ["updated_at", "2020-03-10 18:41:48.697541"]]
  [1m[35m (0.0ms)[0m  RELEASE SAVEPOINT active_record_1
  [1m[36m (0.0ms)[0m  [1mSAVEPOINT active_record_1[0m
  [1m[35mSQL (0.1ms)[0m  INSERT INTO "movies" ("title", "rating", "release_date", "created_at", "updated_at") VALUES (?, ?, ?, ?, ?)  [["title", "The Incredibles"], ["rating", "PG"], ["release_date", "2004-11-05 00:00:00.000000"], ["created_at", "2020-03-10 18:41:48.698864"], ["updated_at", "2020-03-10 18:41:48.698864"]]
  [1m[36m (0.0ms)[0m  [1mRELEASE SAVEPOINT active_record_1[0m
  [1m[35m (0.0ms)[0m  SAVEPOINT active_record_1
  [1m[36mSQL (0.1ms)[0m  [1mINSERT INTO "movies" ("title", "rating", "release_date", "created_at", "updated_at") VALUES (?, ?, ?, ?, ?)[0m  [["title", "Raiders of the Lost Ark"], ["rating", "PG"], ["release_date", "1981-06-12 00:00:00.000000"], ["created_at", "2020-03-10 18:41:48.700234"], ["updated_at", "2020-03-10 18:41:48.700234"]]
  [1m[35m (0.0ms)[0m  RELEASE SAVEPOINT active_record_1
  [1m[36m (0.0ms)[0m  [1mSAVEPOINT active_record_1[0m
  [1m[35mSQL (0.1ms)[0m  INSERT INTO "movies" ("title", "rating", "release_date", "created_at", "updated_at") VALUES (?, ?, ?, ?, ?)  [["title", "Chicken Run"], ["rating", "G"], ["release_date", "2000-06-21 00:00:00.000000"], ["created_at", "2020-03-10 18:41:48.701587"], ["updated_at", "2020-03-10 18:41:48.701587"]]
  [1m[36m (0.0ms)[0m  [1mRELEASE SAVEPOINT active_record_1[0m
Started GET "/movies" for 127.0.0.1 at 2020-03-10 18:41:48 +0000
Processing by MoviesController#index as HTML
  [1m[35mMovie Load (0.2ms)[0m  SELECT "movies".* FROM "movies" WHERE "movies"."rating" IN ('G', 'PG', 'PG-13', 'NC-17', 'R')
  Rendered movies/index.html.haml within layouts/application (3.2ms)
Completed 200 OK in 5ms (Views: 4.3ms | ActiveRecord: 0.2ms)
Started GET "/movies?utf8=%E2%9C%93&ratings[G]=1&ratings[PG]=1&ratings[PG-13]=1&ratings[NC-17]=1&ratings[R]=1&commit=Refresh" for 127.0.0.1 at 2020-03-10 18:41:48 +0000
Processing by MoviesController#index as HTML
  Parameters: {"utf8"=>"✓", "ratings"=>{"G"=>"1", "PG"=>"1", "PG-13"=>"1", "NC-17"=>"1", "R"=>"1"}, "commit"=>"Refresh"}
Redirected to http://www.example.com/movies?ratings%5BG%5D=1&ratings%5BNC-17%5D=1&ratings%5BPG%5D=1&ratings%5BPG-13%5D=1&ratings%5BR%5D=1
Completed 302 Found in 1ms (ActiveRecord: 0.0ms)
Started GET "/movies?ratings[G]=1&ratings[NC-17]=1&ratings[PG]=1&ratings[PG-13]=1&ratings[R]=1" for 127.0.0.1 at 2020-03-10 18:41:48 +0000
Processing by MoviesController#index as HTML
  Parameters: {"ratings"=>{"G"=>"1", "NC-17"=>"1", "PG"=>"1", "PG-13"=>"1", "R"=>"1"}}
  [1m[36mMovie Load (0.2ms)[0m  [1mSELECT "movies".* FROM "movies" WHERE "movies"."rating" IN ('G', 'NC-17', 'PG', 'PG-13', 'R')[0m
  Rendered movies/index.html.haml within layouts/application (3.1ms)
Completed 200 OK in 5ms (Views: 4.1ms | ActiveRecord: 0.2ms)
  [1m[35mMovie Load (0.1ms)[0m  SELECT "movies".* FROM "movies"
  [1m[36m (0.2ms)[0m  [1mrollback transaction[0m
  [1m[35m (0.1ms)[0m  begin transaction
  [1m[36m (0.0ms)[0m  [1mcommit transaction[0m
  [1m[35m (0.0ms)[0m  begin transaction
  [1m[36m (0.0ms)[0m  [1mSAVEPOINT active_record_1[0m
  [1m[35mSQL (0.1ms)[0m  INSERT INTO "movies" ("title", "rating", "release_date", "created_at", "updated_at") VALUES (?, ?, ?, ?, ?)  [["title", "Aladdin"], ["rating", "G"], ["release_date", "1992-11-25 00:00:00.000000"], ["created_at", "2020-03-10 18:41:48.747986"], ["updated_at", "2020-03-10 18:41:48.747986"]]
  [1m[36m (0.0ms)[0m  [1mRELEASE SAVEPOINT active_record_1[0m
  [1m[35m (0.0ms)[0m  SAVEPOINT active_record_1
  [1m[36mSQL (0.1ms)[0m  [1mINSERT INTO "movies" ("title", "rating", "release_date", "created_at", "updated_at") VALUES (?, ?, ?, ?, ?)[0m  [["title", "The Terminator"], ["rating", "R"], ["release_date", "1984-10-26 00:00:00.000000"], ["created_at", "2020-03-10 18:41:48.749538"], ["updated_at", "2020-03-10 18:41:48.749538"]]
  [1m[35m (0.0ms)[0m  RELEASE SAVEPOINT active_record_1
  [1m[36m (0.0ms)[0m  [1mSAVEPOINT active_record_1[0m
  [1m[35mSQL (0.1ms)[0m  INSERT INTO "movies" ("title", "rating", "release_date", "created_at", "updated_at") VALUES (?, ?, ?, ?, ?)  [["title", "When Harry Met Sally"], ["rating", "R"], ["release_date", "1989-07-21 00:00:00.000000"], ["created_at", "2020-03-10 18:41:48.750890"], ["updated_at", "2020-03-10 18:41:48.750890"]]
  [1m[36m (0.0ms)[0m  [1mRELEASE SAVEPOINT active_record_1[0m
  [1m[35m (0.0ms)[0m  SAVEPOINT active_record_1
  [1m[36mSQL (0.1ms)[0m  [1mINSERT INTO "movies" ("title", "rating", "release_date", "created_at", "updated_at") VALUES (?, ?, ?, ?, ?)[0m  [["title", "The Help"], ["rating", "PG-13"], ["release_date", "2011-08-10 00:00:00.000000"], ["created_at", "2020-03-10 18:41:48.752265"], ["updated_at", "2020-03-10 18:41:48.752265"]]
  [1m[35m (0.0ms)[0m  RELEASE SAVEPOINT active_record_1
  [1m[36m (0.0ms)[0m  [1mSAVEPOINT active_record_1[0m
  [1m[35mSQL (1.1ms)[0m  INSERT INTO "movies" ("title", "rating", "release_date", "created_at", "updated_at") VALUES (?, ?, ?, ?, ?)  [["title", "Chocolat"], ["rating", "PG-13"], ["release_date", "2001-01-05 00:00:00.000000"], ["created_at", "2020-03-10 18:41:48.753549"], ["updated_at", "2020-03-10 18:41:48.753549"]]
  [1m[36m (0.0ms)[0m  [1mRELEASE SAVEPOINT active_record_1[0m
  [1m[35m (0.0ms)[0m  SAVEPOINT active_record_1
  [1m[36mSQL (0.1ms)[0m  [1mINSERT INTO "movies" ("title", "rating", "release_date", "created_at", "updated_at") VALUES (?, ?, ?, ?, ?)[0m  [["title", "Amelie"], ["rating", "R"], ["release_date", "2001-04-25 00:00:00.000000"], ["created_at", "2020-03-10 18:41:48.755989"], ["updated_at", "2020-03-10 18:41:48.755989"]]
  [1m[35m (0.0ms)[0m  RELEASE SAVEPOINT active_record_1
  [1m[36m (0.0ms)[0m  [1mSAVEPOINT active_record_1[0m
  [1m[35mSQL (0.1ms)[0m  INSERT INTO "movies" ("title", "rating", "release_date", "created_at", "updated_at") VALUES (?, ?, ?, ?, ?)  [["title", "2001: A Space Odyssey"], ["rating", "G"], ["release_date", "1968-04-06 00:00:00.000000"], ["created_at", "2020-03-10 18:41:48.758908"], ["updated_at", "2020-03-10 18:41:48.758908"]]
  [1m[36m (0.1ms)[0m  [1mRELEASE SAVEPOINT active_record_1[0m
  [1m[35m (0.0ms)[0m  SAVEPOINT active_record_1
  [1m[36mSQL (0.1ms)[0m  [1mINSERT INTO "movies" ("title", "rating", "release_date", "created_at", "updated_at") VALUES (?, ?, ?, ?, ?)[0m  [["title", "The Incredibles"], ["rating", "PG"], ["release_date", "2004-11-05 00:00:00.000000"], ["created_at", "2020-03-10 18:41:48.760983"], ["updated_at", "2020-03-10 18:41:48.760983"]]
  [1m[35m (0.0ms)[0m  RELEASE SAVEPOINT active_record_1
  [1m[36m (0.0ms)[0m  [1mSAVEPOINT active_record_1[0m
  [1m[35mSQL (0.1ms)[0m  INSERT INTO "movies" ("title", "rating", "release_date", "created_at", "updated_at") VALUES (?, ?, ?, ?, ?)  [["title", "Raiders of the Lost Ark"], ["rating", "PG"], ["release_date", "1981-06-12 00:00:00.000000"], ["created_at", "2020-03-10 18:41:48.763408"], ["updated_at", "2020-03-10 18:41:48.763408"]]
  [1m[36m (0.1ms)[0m  [1mRELEASE SAVEPOINT active_record_1[0m
  [1m[35m (0.0ms)[0m  SAVEPOINT active_record_1
  [1m[36mSQL (0.1ms)[0m  [1mINSERT INTO "movies" ("title", "rating", "release_date", "created_at", "updated_at") VALUES (?, ?, ?, ?, ?)[0m  [["title", "Chicken Run"], ["rating", "G"], ["release_date", "2000-06-21 00:00:00.000000"], ["created_at", "2020-03-10 18:41:48.765384"], ["updated_at", "2020-03-10 18:41:48.765384"]]
  [1m[35m (0.4ms)[0m  RELEASE SAVEPOINT active_record_1
Started GET "/movies" for 127.0.0.1 at 2020-03-10 18:41:48 +0000
Processing by MoviesController#index as HTML
  [1m[36mMovie Load (0.2ms)[0m  [1mSELECT "movies".* FROM "movies" WHERE "movies"."rating" IN ('G', 'PG', 'PG-13', 'NC-17', 'R')[0m
  Rendered movies/index.html.haml within layouts/application (6.5ms)
Completed 200 OK in 11ms (Views: 10.6ms | ActiveRecord: 0.2ms)
Started GET "/movies?ratings[G]=G&ratings[NC-17]=NC-17&ratings[PG]=PG&ratings[PG-13]=PG-13&ratings[R]=R&sort=title" for 127.0.0.1 at 2020-03-10 18:41:48 +0000
Processing by MoviesController#index as HTML
  Parameters: {"ratings"=>{"G"=>"G", "NC-17"=>"NC-17", "PG"=>"PG", "PG-13"=>"PG-13", "R"=>"R"}, "sort"=>"title"}
Redirected to http://www.example.com/movies?ratings%5BG%5D=G&ratings%5BNC-17%5D=NC-17&ratings%5BPG%5D=PG&ratings%5BPG-13%5D=PG-13&ratings%5BR%5D=R&sort=title
Completed 302 Found in 1ms (ActiveRecord: 0.0ms)
Started GET "/movies?ratings[G]=G&ratings[NC-17]=NC-17&ratings[PG]=PG&ratings[PG-13]=PG-13&ratings[R]=R&sort=title" for 127.0.0.1 at 2020-03-10 18:41:48 +0000
Processing by MoviesController#index as HTML
  Parameters: {"ratings"=>{"G"=>"G", "NC-17"=>"NC-17", "PG"=>"PG", "PG-13"=>"PG-13", "R"=>"R"}, "sort"=>"title"}
  [1m[35mMovie Load (0.2ms)[0m  SELECT "movies".* FROM "movies" WHERE "movies"."rating" IN ('G', 'NC-17', 'PG', 'PG-13', 'R')  ORDER BY "movies"."title" ASC
  Rendered movies/index.html.haml within layouts/application (4.8ms)
Completed 200 OK in 7ms (Views: 6.2ms | ActiveRecord: 0.2ms)
  [1m[36m (0.1ms)[0m  [1mrollback transaction[0m
  [1m[35m (0.1ms)[0m  begin transaction
  [1m[36m (0.0ms)[0m  [1mcommit transaction[0m
  [1m[35m (0.0ms)[0m  begin transaction
  [1m[36m (0.0ms)[0m  [1mSAVEPOINT active_record_1[0m
  [1m[35mSQL (0.2ms)[0m  INSERT INTO "movies" ("title", "rating", "release_date", "created_at", "updated_at") VALUES (?, ?, ?, ?, ?)  [["title", "Aladdin"], ["rating", "G"], ["release_date", "1992-11-25 00:00:00.000000"], ["created_at", "2020-03-10 18:41:48.838871"], ["updated_at", "2020-03-10 18:41:48.838871"]]
  [1m[36m (0.0ms)[0m  [1mRELEASE SAVEPOINT active_record_1[0m
  [1m[35m (0.0ms)[0m  SAVEPOINT active_record_1
  [1m[36mSQL (0.1ms)[0m  [1mINSERT INTO "movies" ("title", "rating", "release_date", "created_at", "updated_at") VALUES (?, ?, ?, ?, ?)[0m  [["title", "The Terminator"], ["rating", "R"], ["release_date", "1984-10-26 00:00:00.000000"], ["created_at", "2020-03-10 18:41:48.840916"], ["updated_at", "2020-03-10 18:41:48.840916"]]
  [1m[35m (0.1ms)[0m  RELEASE SAVEPOINT active_record_1
  [1m[36m (0.0ms)[0m  [1mSAVEPOINT active_record_1[0m
  [1m[35mSQL (0.1ms)[0m  INSERT INTO "movies" ("title", "rating", "release_date", "created_at", "updated_at") VALUES (?, ?, ?, ?, ?)  [["title", "When Harry Met Sally"], ["rating", "R"], ["release_date", "1989-07-21 00:00:00.000000"], ["created_at", "2020-03-10 18:41:48.842719"], ["updated_at", "2020-03-10 18:41:48.842719"]]
  [1m[36m (0.0ms)[0m  [1mRELEASE SAVEPOINT active_record_1[0m
  [1m[35m (0.0ms)[0m  SAVEPOINT active_record_1
  [1m[36mSQL (0.1ms)[0m  [1mINSERT INTO "movies" ("title", "rating", "release_date", "created_at", "updated_at") VALUES (?, ?, ?, ?, ?)[0m  [["title", "The Help"], ["rating", "PG-13"], ["release_date", "2011-08-10 00:00:00.000000"], ["created_at", "2020-03-10 18:41:48.844048"], ["updated_at", "2020-03-10 18:41:48.844048"]]
  [1m[35m (0.0ms)[0m  RELEASE SAVEPOINT active_record_1
  [1m[36m (0.0ms)[0m  [1mSAVEPOINT active_record_1[0m
  [1m[35mSQL (0.1ms)[0m  INSERT INTO "movies" ("title", "rating", "release_date", "created_at", "updated_at") VALUES (?, ?, ?, ?, ?)  [["title", "Chocolat"], ["rating", "PG-13"], ["release_date", "2001-01-05 00:00:00.000000"], ["created_at", "2020-03-10 18:41:48.845748"], ["updated_at", "2020-03-10 18:41:48.845748"]]
  [1m[36m (0.0ms)[0m  [1mRELEASE SAVEPOINT active_record_1[0m
  [1m[35m (0.0ms)[0m  SAVEPOINT active_record_1
  [1m[36mSQL (0.1ms)[0m  [1mINSERT INTO "movies" ("title", "rating", "release_date", "created_at", "updated_at") VALUES (?, ?, ?, ?, ?)[0m  [["title", "Amelie"], ["rating", "R"], ["release_date", "2001-04-25 00:00:00.000000"], ["created_at", "2020-03-10 18:41:48.847301"], ["updated_at", "2020-03-10 18:41:48.847301"]]
  [1m[35m (0.1ms)[0m  RELEASE SAVEPOINT active_record_1
  [1m[36m (0.0ms)[0m  [1mSAVEPOINT active_record_1[0m
  [1m[35mSQL (0.1ms)[0m  INSERT INTO "movies" ("title", "rating", "release_date", "created_at", "updated_at") VALUES (?, ?, ?, ?, ?)  [["title", "2001: A Space Odyssey"], ["rating", "G"], ["release_date", "1968-04-06 00:00:00.000000"], ["created_at", "2020-03-10 18:41:48.848903"], ["updated_at", "2020-03-10 18:41:48.848903"]]
  [1m[36m (0.0ms)[0m  [1mRELEASE SAVEPOINT active_record_1[0m
  [1m[35m (0.0ms)[0m  SAVEPOINT active_record_1
  [1m[36mSQL (0.1ms)[0m  [1mINSERT INTO "movies" ("title", "rating", "release_date", "created_at", "updated_at") VALUES (?, ?, ?, ?, ?)[0m  [["title", "The Incredibles"], ["rating", "PG"], ["release_date", "2004-11-05 00:00:00.000000"], ["created_at", "2020-03-10 18:41:48.850481"], ["updated_at", "2020-03-10 18:41:48.850481"]]
  [1m[35m (0.0ms)[0m  RELEASE SAVEPOINT active_record_1
  [1m[36m (0.0ms)[0m  [1mSAVEPOINT active_record_1[0m
  [1m[35mSQL (0.1ms)[0m  INSERT INTO "movies" ("title", "rating", "release_date", "created_at", "updated_at") VALUES (?, ?, ?, ?, ?)  [["title", "Raiders of the Lost Ark"], ["rating", "PG"], ["release_date", "1981-06-12 00:00:00.000000"], ["created_at", "2020-03-10 18:41:48.852045"], ["updated_at", "2020-03-10 18:41:48.852045"]]
  [1m[36m (0.0ms)[0m  [1mRELEASE SAVEPOINT active_record_1[0m
  [1m[35m (0.0ms)[0m  SAVEPOINT active_record_1
  [1m[36mSQL (0.1ms)[0m  [1mINSERT INTO "movies" ("title", "rating", "release_date", "created_at", "updated_at") VALUES (?, ?, ?, ?, ?)[0m  [["title", "Chicken Run"], ["rating", "G"], ["release_date", "2000-06-21 00:00:00.000000"], ["created_at", "2020-03-10 18:41:48.853348"], ["updated_at", "2020-03-10 18:41:48.853348"]]
  [1m[35m (0.0ms)[0m  RELEASE SAVEPOINT active_record_1
Started GET "/movies" for 127.0.0.1 at 2020-03-10 18:41:48 +0000
Processing by MoviesController#index as HTML
  [1m[36mMovie Load (0.2ms)[0m  [1mSELECT "movies".* FROM "movies" WHERE "movies"."rating" IN ('G', 'PG', 'PG-13', 'NC-17', 'R')[0m
  Rendered movies/index.html.haml within layouts/application (3.8ms)
Completed 200 OK in 6ms (Views: 5.4ms | ActiveRecord: 0.2ms)
Started GET "/movies?ratings[G]=G&ratings[NC-17]=NC-17&ratings[PG]=PG&ratings[PG-13]=PG-13&ratings[R]=R&sort=release_date" for 127.0.0.1 at 2020-03-10 18:41:48 +0000
Processing by MoviesController#index as HTML
  Parameters: {"ratings"=>{"G"=>"G", "NC-17"=>"NC-17", "PG"=>"PG", "PG-13"=>"PG-13", "R"=>"R"}, "sort"=>"release_date"}
Redirected to http://www.example.com/movies?ratings%5BG%5D=G&ratings%5BNC-17%5D=NC-17&ratings%5BPG%5D=PG&ratings%5BPG-13%5D=PG-13&ratings%5BR%5D=R&sort=release_date
Completed 302 Found in 1ms (ActiveRecord: 0.0ms)
Started GET "/movies?ratings[G]=G&ratings[NC-17]=NC-17&ratings[PG]=PG&ratings[PG-13]=PG-13&ratings[R]=R&sort=release_date" for 127.0.0.1 at 2020-03-10 18:41:48 +0000
Processing by MoviesController#index as HTML
  Parameters: {"ratings"=>{"G"=>"G", "NC-17"=>"NC-17", "PG"=>"PG", "PG-13"=>"PG-13", "R"=>"R"}, "sort"=>"release_date"}
  [1m[35mMovie Load (0.2ms)[0m  SELECT "movies".* FROM "movies" WHERE "movies"."rating" IN ('G', 'NC-17', 'PG', 'PG-13', 'R')  ORDER BY "movies"."release_date" ASC
  Rendered movies/index.html.haml within layouts/application (4.1ms)
Completed 200 OK in 6ms (Views: 5.5ms | ActiveRecord: 0.2ms)
  [1m[36m (0.2ms)[0m  [1mrollback transaction[0m
  [1m[36mActiveRecord::SchemaMigration Load (0.1ms)[0m  [1mSELECT "schema_migrations".* FROM "schema_migrations"[0m
  [1m[35m (0.1ms)[0m  begin transaction
  [1m[36m (0.0ms)[0m  [1mcommit transaction[0m
  [1m[35m (0.0ms)[0m  begin transaction
  [1m[36m (0.1ms)[0m  [1mSAVEPOINT active_record_1[0m
  [1m[35mSQL (0.2ms)[0m  INSERT INTO "movies" ("title", "rating", "director", "release_date", "created_at", "updated_at") VALUES (?, ?, ?, ?, ?, ?)  [["title", "Star Wars"], ["rating", "PG"], ["director", "George Lucas"], ["release_date", "1977-05-25 00:00:00.000000"], ["created_at", "2020-03-10 18:44:48.146380"], ["updated_at", "2020-03-10 18:44:48.146380"]]
  [1m[36m (0.0ms)[0m  [1mRELEASE SAVEPOINT active_record_1[0m
  [1m[35m (0.0ms)[0m  SAVEPOINT active_record_1
  [1m[36mSQL (0.1ms)[0m  [1mINSERT INTO "movies" ("title", "rating", "director", "release_date", "created_at", "updated_at") VALUES (?, ?, ?, ?, ?, ?)[0m  [["title", "Blade Runner"], ["rating", "PG"], ["director", "Ridley Scott"], ["release_date", "1982-06-25 00:00:00.000000"], ["created_at", "2020-03-10 18:44:48.148254"], ["updated_at", "2020-03-10 18:44:48.148254"]]
  [1m[35m (0.0ms)[0m  RELEASE SAVEPOINT active_record_1
  [1m[36m (0.0ms)[0m  [1mSAVEPOINT active_record_1[0m
  [1m[35mSQL (0.1ms)[0m  INSERT INTO "movies" ("title", "rating", "director", "release_date", "created_at", "updated_at") VALUES (?, ?, ?, ?, ?, ?)  [["title", "Alien"], ["rating", "R"], ["director", ""], ["release_date", "1979-05-25 00:00:00.000000"], ["created_at", "2020-03-10 18:44:48.149633"], ["updated_at", "2020-03-10 18:44:48.149633"]]
  [1m[36m (0.0ms)[0m  [1mRELEASE SAVEPOINT active_record_1[0m
  [1m[35m (0.0ms)[0m  SAVEPOINT active_record_1
  [1m[36mSQL (0.1ms)[0m  [1mINSERT INTO "movies" ("title", "rating", "director", "release_date", "created_at", "updated_at") VALUES (?, ?, ?, ?, ?, ?)[0m  [["title", "THX-1138"], ["rating", "R"], ["director", "George Lucas"], ["release_date", "1971-03-11 00:00:00.000000"], ["created_at", "2020-03-10 18:44:48.150969"], ["updated_at", "2020-03-10 18:44:48.150969"]]
  [1m[35m (0.0ms)[0m  RELEASE SAVEPOINT active_record_1
  [1m[36mMovie Load (0.1ms)[0m  [1mSELECT  "movies".* FROM "movies" WHERE "movies"."title" = ? LIMIT 1[0m  [["title", "Alien"]]
Started GET "/movies/3/edit" for 127.0.0.1 at 2020-03-10 18:44:48 +0000
Processing by MoviesController#edit as HTML
  Parameters: {"id"=>"3"}
  [1m[35mMovie Load (0.1ms)[0m  SELECT  "movies".* FROM "movies" WHERE "movies"."id" = ? LIMIT 1  [["id", 3]]
  Rendered movies/edit.html.haml within layouts/application (9.2ms)
Completed 200 OK in 205ms (Views: 203.8ms | ActiveRecord: 0.1ms)
Started PUT "/movies/3" for 127.0.0.1 at 2020-03-10 18:44:48 +0000
Processing by MoviesController#update as HTML
  Parameters: {"utf8"=>"✓", "movie"=>{"title"=>"Alien", "rating"=>"R", "director"=>"Ridley Scott", "release_date(1i)"=>"1979", "release_date(2i)"=>"5", "release_date(3i)"=>"25"}, "commit"=>"Update Movie Info", "id"=>"3"}
  [1m[36mMovie Load (0.1ms)[0m  [1mSELECT  "movies".* FROM "movies" WHERE "movies"."id" = ? LIMIT 1[0m  [["id", 3]]
  [1m[35m (0.1ms)[0m  SAVEPOINT active_record_1
  [1m[36mSQL (0.1ms)[0m  [1mUPDATE "movies" SET "director" = ?, "updated_at" = ? WHERE "movies"."id" = ?[0m  [["director", "Ridley Scott"], ["updated_at", "2020-03-10 18:44:48.399076"], ["id", 3]]
  [1m[35m (0.0ms)[0m  RELEASE SAVEPOINT active_record_1
Redirected to http://www.example.com/movies/3
Completed 302 Found in 3ms (ActiveRecord: 0.3ms)
Started GET "/movies/3" for 127.0.0.1 at 2020-03-10 18:44:48 +0000
Processing by MoviesController#show as HTML
  Parameters: {"id"=>"3"}
  [1m[36mMovie Load (0.0ms)[0m  [1mSELECT  "movies".* FROM "movies" WHERE "movies"."id" = ? LIMIT 1[0m  [["id", 3]]
  Rendered movies/show.html.haml within layouts/application (2.2ms)
Completed 200 OK in 4ms (Views: 3.8ms | ActiveRecord: 0.0ms)
  [1m[35mMovie Load (0.1ms)[0m  SELECT  "movies".* FROM "movies" WHERE "movies"."title" = ? LIMIT 1  [["title", "Alien"]]
  [1m[36m (0.1ms)[0m  [1mrollback transaction[0m
  [1m[35m (0.1ms)[0m  begin transaction
  [1m[36m (0.0ms)[0m  [1mcommit transaction[0m
  [1m[35m (0.0ms)[0m  begin transaction
  [1m[36m (0.0ms)[0m  [1mSAVEPOINT active_record_1[0m
  [1m[35mSQL (0.1ms)[0m  INSERT INTO "movies" ("title", "rating", "director", "release_date", "created_at", "updated_at") VALUES (?, ?, ?, ?, ?, ?)  [["title", "Star Wars"], ["rating", "PG"], ["director", "George Lucas"], ["release_date", "1977-05-25 00:00:00.000000"], ["created_at", "2020-03-10 18:44:48.412597"], ["updated_at", "2020-03-10 18:44:48.412597"]]
  [1m[36m (0.0ms)[0m  [1mRELEASE SAVEPOINT active_record_1[0m
  [1m[35m (0.0ms)[0m  SAVEPOINT active_record_1
  [1m[36mSQL (0.1ms)[0m  [1mINSERT INTO "movies" ("title", "rating", "director", "release_date", "created_at", "updated_at") VALUES (?, ?, ?, ?, ?, ?)[0m  [["title", "Blade Runner"], ["rating", "PG"], ["director", "Ridley Scott"], ["release_date", "1982-06-25 00:00:00.000000"], ["created_at", "2020-03-10 18:44:48.414103"], ["updated_at", "2020-03-10 18:44:48.414103"]]
  [1m[35m (0.0ms)[0m  RELEASE SAVEPOINT active_record_1
  [1m[36m (0.1ms)[0m  [1mSAVEPOINT active_record_1[0m
  [1m[35mSQL (0.1ms)[0m  INSERT INTO "movies" ("title", "rating", "director", "release_date", "created_at", "updated_at") VALUES (?, ?, ?, ?, ?, ?)  [["title", "Alien"], ["rating", "R"], ["director", ""], ["release_date", "1979-05-25 00:00:00.000000"], ["created_at", "2020-03-10 18:44:48.415607"], ["updated_at", "2020-03-10 18:44:48.415607"]]
  [1m[36m (0.1ms)[0m  [1mRELEASE SAVEPOINT active_record_1[0m
  [1m[35m (0.1ms)[0m  SAVEPOINT active_record_1
  [1m[36mSQL (0.1ms)[0m  [1mINSERT INTO "movies" ("title", "rating", "director", "release_date", "created_at", "updated_at") VALUES (?, ?, ?, ?, ?, ?)[0m  [["title", "THX-1138"], ["rating", "R"], ["director", "George Lucas"], ["release_date", "1971-03-11 00:00:00.000000"], ["created_at", "2020-03-10 18:44:48.417081"], ["updated_at", "2020-03-10 18:44:48.417081"]]
  [1m[35m (0.0ms)[0m  RELEASE SAVEPOINT active_record_1
  [1m[36mMovie Load (0.0ms)[0m  [1mSELECT  "movies".* FROM "movies" WHERE "movies"."title" = ? LIMIT 1[0m  [["title", "Star Wars"]]
Started GET "/movies/1" for 127.0.0.1 at 2020-03-10 18:44:48 +0000
Processing by MoviesController#show as HTML
  Parameters: {"id"=>"1"}
  [1m[35mMovie Load (0.0ms)[0m  SELECT  "movies".* FROM "movies" WHERE "movies"."id" = ? LIMIT 1  [["id", 1]]
  Rendered movies/show.html.haml within layouts/application (0.5ms)
Completed 200 OK in 2ms (Views: 1.7ms | ActiveRecord: 0.0ms)
Started GET "/movies/director/1" for 127.0.0.1 at 2020-03-10 18:44:48 +0000
Processing by MoviesController#director as HTML
  Parameters: {"id"=>"1"}
  [1m[36mMovie Load (0.0ms)[0m  [1mSELECT  "movies".* FROM "movies" WHERE "movies"."id" = ? LIMIT 1[0m  [["id", 1]]
  [1m[35mMovie Load (0.1ms)[0m  SELECT "movies".* FROM "movies" WHERE (director = 'George Lucas')
  Rendered movies/director.html.haml within layouts/application (2.5ms)
Completed 200 OK in 5ms (Views: 3.8ms | ActiveRecord: 0.2ms)
  [1m[36mMovie Load (0.1ms)[0m  [1mSELECT  "movies".* FROM "movies" WHERE "movies"."title" = ? LIMIT 1[0m  [["title", "Star Wars"]]
  [1m[35m (0.1ms)[0m  rollback transaction
  [1m[36m (0.1ms)[0m  [1mbegin transaction[0m
  [1m[35m (0.0ms)[0m  commit transaction
  [1m[36m (0.0ms)[0m  [1mbegin transaction[0m
  [1m[35m (0.0ms)[0m  SAVEPOINT active_record_1
  [1m[36mSQL (0.1ms)[0m  [1mINSERT INTO "movies" ("title", "rating", "director", "release_date", "created_at", "updated_at") VALUES (?, ?, ?, ?, ?, ?)[0m  [["title", "Star Wars"], ["rating", "PG"], ["director", "George Lucas"], ["release_date", "1977-05-25 00:00:00.000000"], ["created_at", "2020-03-10 18:44:48.452439"], ["updated_at", "2020-03-10 18:44:48.452439"]]
  [1m[35m (0.0ms)[0m  RELEASE SAVEPOINT active_record_1
  [1m[36m (0.0ms)[0m  [1mSAVEPOINT active_record_1[0m
  [1m[35mSQL (0.1ms)[0m  INSERT INTO "movies" ("title", "rating", "director", "release_date", "created_at", "updated_at") VALUES (?, ?, ?, ?, ?, ?)  [["title", "Blade Runner"], ["rating", "PG"], ["director", "Ridley Scott"], ["release_date", "1982-06-25 00:00:00.000000"], ["created_at", "2020-03-10 18:44:48.453999"], ["updated_at", "2020-03-10 18:44:48.453999"]]
  [1m[36m (0.0ms)[0m  [1mRELEASE SAVEPOINT active_record_1[0m
  [1m[35m (0.0ms)[0m  SAVEPOINT active_record_1
  [1m[36mSQL (0.1ms)[0m  [1mINSERT INTO "movies" ("title", "rating", "director", "release_date", "created_at", "updated_at") VALUES (?, ?, ?, ?, ?, ?)[0m  [["title", "Alien"], ["rating", "R"], ["director", ""], ["release_date", "1979-05-25 00:00:00.000000"], ["created_at", "2020-03-10 18:44:48.455391"], ["updated_at", "2020-03-10 18:44:48.455391"]]
  [1m[35m (0.0ms)[0m  RELEASE SAVEPOINT active_record_1
  [1m[36m (0.1ms)[0m  [1mSAVEPOINT active_record_1[0m
  [1m[35mSQL (0.1ms)[0m  INSERT INTO "movies" ("title", "rating", "director", "release_date", "created_at", "updated_at") VALUES (?, ?, ?, ?, ?, ?)  [["title", "THX-1138"], ["rating", "R"], ["director", "George Lucas"], ["release_date", "1971-03-11 00:00:00.000000"], ["created_at", "2020-03-10 18:44:48.456773"], ["updated_at", "2020-03-10 18:44:48.456773"]]
  [1m[36m (0.0ms)[0m  [1mRELEASE SAVEPOINT active_record_1[0m
  [1m[35mMovie Load (0.0ms)[0m  SELECT  "movies".* FROM "movies" WHERE "movies"."title" = ? LIMIT 1  [["title", "Alien"]]
Started GET "/movies/3" for 127.0.0.1 at 2020-03-10 18:44:48 +0000
Processing by MoviesController#show as HTML
  Parameters: {"id"=>"3"}
  [1m[36mMovie Load (0.0ms)[0m  [1mSELECT  "movies".* FROM "movies" WHERE "movies"."id" = ? LIMIT 1[0m  [["id", 3]]
  Rendered movies/show.html.haml within layouts/application (0.6ms)
Completed 200 OK in 2ms (Views: 1.9ms | ActiveRecord: 0.0ms)
Started GET "/movies/director/3" for 127.0.0.1 at 2020-03-10 18:44:48 +0000
Processing by MoviesController#director as HTML
  Parameters: {"id"=>"3"}
  [1m[35mMovie Load (0.1ms)[0m  SELECT  "movies".* FROM "movies" WHERE "movies"."id" = ? LIMIT 1  [["id", 3]]
  [1m[36mMovie Load (0.1ms)[0m  [1mSELECT "movies".* FROM "movies" WHERE (director = '')[0m
  Rendered movies/director.html.haml within layouts/application (0.8ms)
Completed 200 OK in 3ms (Views: 1.8ms | ActiveRecord: 0.2ms)
  [1m[35m (0.2ms)[0m  rollback transaction
  [1m[36m (0.1ms)[0m  [1mbegin transaction[0m
  [1m[35m (0.0ms)[0m  commit transaction
  [1m[36m (0.0ms)[0m  [1mbegin transaction[0m
  [1m[35m (0.1ms)[0m  SAVEPOINT active_record_1
  [1m[36mSQL (0.2ms)[0m  [1mINSERT INTO "movies" ("title", "rating", "release_date", "created_at", "updated_at") VALUES (?, ?, ?, ?, ?)[0m  [["title", "Aladdin"], ["rating", "G"], ["release_date", "1992-11-25 00:00:00.000000"], ["created_at", "2020-03-10 18:44:48.495803"], ["updated_at", "2020-03-10 18:44:48.495803"]]
  [1m[35m (0.0ms)[0m  RELEASE SAVEPOINT active_record_1
  [1m[36m (0.0ms)[0m  [1mSAVEPOINT active_record_1[0m
  [1m[35mSQL (0.1ms)[0m  INSERT INTO "movies" ("title", "rating", "release_date", "created_at", "updated_at") VALUES (?, ?, ?, ?, ?)  [["title", "The Terminator"], ["rating", "R"], ["release_date", "1984-10-26 00:00:00.000000"], ["created_at", "2020-03-10 18:44:48.497588"], ["updated_at", "2020-03-10 18:44:48.497588"]]
  [1m[36m (0.1ms)[0m  [1mRELEASE SAVEPOINT active_record_1[0m
  [1m[35m (0.0ms)[0m  SAVEPOINT active_record_1
  [1m[36mSQL (0.1ms)[0m  [1mINSERT INTO "movies" ("title", "rating", "release_date", "created_at", "updated_at") VALUES (?, ?, ?, ?, ?)[0m  [["title", "When Harry Met Sally"], ["rating", "R"], ["release_date", "1989-07-21 00:00:00.000000"], ["created_at", "2020-03-10 18:44:48.498983"], ["updated_at", "2020-03-10 18:44:48.498983"]]
  [1m[35m (0.0ms)[0m  RELEASE SAVEPOINT active_record_1
  [1m[36m (0.0ms)[0m  [1mSAVEPOINT active_record_1[0m
  [1m[35mSQL (0.1ms)[0m  INSERT INTO "movies" ("title", "rating", "release_date", "created_at", "updated_at") VALUES (?, ?, ?, ?, ?)  [["title", "The Help"], ["rating", "PG-13"], ["release_date", "2011-08-10 00:00:00.000000"], ["created_at", "2020-03-10 18:44:48.500407"], ["updated_at", "2020-03-10 18:44:48.500407"]]
  [1m[36m (0.0ms)[0m  [1mRELEASE SAVEPOINT active_record_1[0m
  [1m[35m (0.0ms)[0m  SAVEPOINT active_record_1
  [1m[36mSQL (0.1ms)[0m  [1mINSERT INTO "movies" ("title", "rating", "release_date", "created_at", "updated_at") VALUES (?, ?, ?, ?, ?)[0m  [["title", "Chocolat"], ["rating", "PG-13"], ["release_date", "2001-01-05 00:00:00.000000"], ["created_at", "2020-03-10 18:44:48.501742"], ["updated_at", "2020-03-10 18:44:48.501742"]]
  [1m[35m (0.0ms)[0m  RELEASE SAVEPOINT active_record_1
  [1m[36m (0.0ms)[0m  [1mSAVEPOINT active_record_1[0m
  [1m[35mSQL (0.1ms)[0m  INSERT INTO "movies" ("title", "rating", "release_date", "created_at", "updated_at") VALUES (?, ?, ?, ?, ?)  [["title", "Amelie"], ["rating", "R"], ["release_date", "2001-04-25 00:00:00.000000"], ["created_at", "2020-03-10 18:44:48.503057"], ["updated_at", "2020-03-10 18:44:48.503057"]]
  [1m[36m (0.1ms)[0m  [1mRELEASE SAVEPOINT active_record_1[0m
  [1m[35m (0.0ms)[0m  SAVEPOINT active_record_1
  [1m[36mSQL (0.1ms)[0m  [1mINSERT INTO "movies" ("title", "rating", "release_date", "created_at", "updated_at") VALUES (?, ?, ?, ?, ?)[0m  [["title", "2001: A Space Odyssey"], ["rating", "G"], ["release_date", "1968-04-06 00:00:00.000000"], ["created_at", "2020-03-10 18:44:48.504408"], ["updated_at", "2020-03-10 18:44:48.504408"]]
  [1m[35m (0.0ms)[0m  RELEASE SAVEPOINT active_record_1
  [1m[36m (0.0ms)[0m  [1mSAVEPOINT active_record_1[0m
  [1m[35mSQL (0.1ms)[0m  INSERT INTO "movies" ("title", "rating", "release_date", "created_at", "updated_at") VALUES (?, ?, ?, ?, ?)  [["title", "The Incredibles"], ["rating", "PG"], ["release_date", "2004-11-05 00:00:00.000000"], ["created_at", "2020-03-10 18:44:48.505708"], ["updated_at", "2020-03-10 18:44:48.505708"]]
  [1m[36m (0.0ms)[0m  [1mRELEASE SAVEPOINT active_record_1[0m
  [1m[35m (0.0ms)[0m  SAVEPOINT active_record_1
  [1m[36mSQL (0.1ms)[0m  [1mINSERT INTO "movies" ("title", "rating", "release_date", "created_at", "updated_at") VALUES (?, ?, ?, ?, ?)[0m  [["title", "Raiders of the Lost Ark"], ["rating", "PG"], ["release_date", "1981-06-12 00:00:00.000000"], ["created_at", "2020-03-10 18:44:48.507024"], ["updated_at", "2020-03-10 18:44:48.507024"]]
  [1m[35m (0.1ms)[0m  RELEASE SAVEPOINT active_record_1
  [1m[36m (0.0ms)[0m  [1mSAVEPOINT active_record_1[0m
  [1m[35mSQL (0.1ms)[0m  INSERT INTO "movies" ("title", "rating", "release_date", "created_at", "updated_at") VALUES (?, ?, ?, ?, ?)  [["title", "Chicken Run"], ["rating", "G"], ["release_date", "2000-06-21 00:00:00.000000"], ["created_at", "2020-03-10 18:44:48.508378"], ["updated_at", "2020-03-10 18:44:48.508378"]]
  [1m[36m (0.1ms)[0m  [1mRELEASE SAVEPOINT active_record_1[0m
Started GET "/movies" for 127.0.0.1 at 2020-03-10 18:44:48 +0000
Processing by MoviesController#index as HTML
  [1m[35mMovie Load (0.2ms)[0m  SELECT "movies".* FROM "movies" WHERE "movies"."rating" IN ('G', 'PG', 'PG-13', 'NC-17', 'R')
  Rendered movies/index.html.haml within layouts/application (6.1ms)
Completed 200 OK in 9ms (Views: 7.7ms | ActiveRecord: 0.2ms)
Started GET "/movies?utf8=%E2%9C%93&ratings[PG]=1&ratings[NC-17]=1&ratings[R]=1&commit=Refresh" for 127.0.0.1 at 2020-03-10 18:44:48 +0000
Processing by MoviesController#index as HTML
  Parameters: {"utf8"=>"✓", "ratings"=>{"PG"=>"1", "NC-17"=>"1", "R"=>"1"}, "commit"=>"Refresh"}
Redirected to http://www.example.com/movies?ratings%5BNC-17%5D=1&ratings%5BPG%5D=1&ratings%5BR%5D=1
Completed 302 Found in 1ms (ActiveRecord: 0.0ms)
Started GET "/movies?ratings[NC-17]=1&ratings[PG]=1&ratings[R]=1" for 127.0.0.1 at 2020-03-10 18:44:48 +0000
Processing by MoviesController#index as HTML
  Parameters: {"ratings"=>{"NC-17"=>"1", "PG"=>"1", "R"=>"1"}}
  [1m[36mMovie Load (0.2ms)[0m  [1mSELECT "movies".* FROM "movies" WHERE "movies"."rating" IN ('NC-17', 'PG', 'R')[0m
  Rendered movies/index.html.haml within layouts/application (2.2ms)
Completed 200 OK in 4ms (Views: 3.2ms | ActiveRecord: 0.2ms)
  [1m[35m (0.1ms)[0m  rollback transaction
  [1m[36m (0.1ms)[0m  [1mbegin transaction[0m
  [1m[35m (0.0ms)[0m  commit transaction
  [1m[36m (0.0ms)[0m  [1mbegin transaction[0m
  [1m[35m (0.0ms)[0m  SAVEPOINT active_record_1
  [1m[36mSQL (0.1ms)[0m  [1mINSERT INTO "movies" ("title", "rating", "release_date", "created_at", "updated_at") VALUES (?, ?, ?, ?, ?)[0m  [["title", "Aladdin"], ["rating", "G"], ["release_date", "1992-11-25 00:00:00.000000"], ["created_at", "2020-03-10 18:44:48.563121"], ["updated_at", "2020-03-10 18:44:48.563121"]]
  [1m[35m (0.0ms)[0m  RELEASE SAVEPOINT active_record_1
  [1m[36m (0.0ms)[0m  [1mSAVEPOINT active_record_1[0m
  [1m[35mSQL (0.1ms)[0m  INSERT INTO "movies" ("title", "rating", "release_date", "created_at", "updated_at") VALUES (?, ?, ?, ?, ?)  [["title", "The Terminator"], ["rating", "R"], ["release_date", "1984-10-26 00:00:00.000000"], ["created_at", "2020-03-10 18:44:48.564672"], ["updated_at", "2020-03-10 18:44:48.564672"]]
  [1m[36m (0.1ms)[0m  [1mRELEASE SAVEPOINT active_record_1[0m
  [1m[35m (0.0ms)[0m  SAVEPOINT active_record_1
  [1m[36mSQL (0.1ms)[0m  [1mINSERT INTO "movies" ("title", "rating", "release_date", "created_at", "updated_at") VALUES (?, ?, ?, ?, ?)[0m  [["title", "When Harry Met Sally"], ["rating", "R"], ["release_date", "1989-07-21 00:00:00.000000"], ["created_at", "2020-03-10 18:44:48.566131"], ["updated_at", "2020-03-10 18:44:48.566131"]]
  [1m[35m (0.0ms)[0m  RELEASE SAVEPOINT active_record_1
  [1m[36m (0.0ms)[0m  [1mSAVEPOINT active_record_1[0m
  [1m[35mSQL (0.1ms)[0m  INSERT INTO "movies" ("title", "rating", "release_date", "created_at", "updated_at") VALUES (?, ?, ?, ?, ?)  [["title", "The Help"], ["rating", "PG-13"], ["release_date", "2011-08-10 00:00:00.000000"], ["created_at", "2020-03-10 18:44:48.567463"], ["updated_at", "2020-03-10 18:44:48.567463"]]
  [1m[36m (0.0ms)[0m  [1mRELEASE SAVEPOINT active_record_1[0m
  [1m[35m (0.0ms)[0m  SAVEPOINT active_record_1
  [1m[36mSQL (0.1ms)[0m  [1mINSERT INTO "movies" ("title", "rating", "release_date", "created_at", "updated_at") VALUES (?, ?, ?, ?, ?)[0m  [["title", "Chocolat"], ["rating", "PG-13"], ["release_date", "2001-01-05 00:00:00.000000"], ["created_at", "2020-03-10 18:44:48.568848"], ["updated_at", "2020-03-10 18:44:48.568848"]]
  [1m[35m (0.0ms)[0m  RELEASE SAVEPOINT active_record_1
  [1m[36m (0.0ms)[0m  [1mSAVEPOINT active_record_1[0m
  [1m[35mSQL (0.1ms)[0m  INSERT INTO "movies" ("title", "rating", "release_date", "created_at", "updated_at") VALUES (?, ?, ?, ?, ?)  [["title", "Amelie"], ["rating", "R"], ["release_date", "2001-04-25 00:00:00.000000"], ["created_at", "2020-03-10 18:44:48.570195"], ["updated_at", "2020-03-10 18:44:48.570195"]]
  [1m[36m (0.0ms)[0m  [1mRELEASE SAVEPOINT active_record_1[0m
  [1m[35m (0.0ms)[0m  SAVEPOINT active_record_1
  [1m[36mSQL (0.1ms)[0m  [1mINSERT INTO "movies" ("title", "rating", "release_date", "created_at", "updated_at") VALUES (?, ?, ?, ?, ?)[0m  [["title", "2001: A Space Odyssey"], ["rating", "G"], ["release_date", "1968-04-06 00:00:00.000000"], ["created_at", "2020-03-10 18:44:48.571513"], ["updated_at", "2020-03-10 18:44:48.571513"]]
  [1m[35m (0.0ms)[0m  RELEASE SAVEPOINT active_record_1
  [1m[36m (0.0ms)[0m  [1mSAVEPOINT active_record_1[0m
  [1m[35mSQL (0.1ms)[0m  INSERT INTO "movies" ("title", "rating", "release_date", "created_at", "updated_at") VALUES (?, ?, ?, ?, ?)  [["title", "The Incredibles"], ["rating", "PG"], ["release_date", "2004-11-05 00:00:00.000000"], ["created_at", "2020-03-10 18:44:48.572866"], ["updated_at", "2020-03-10 18:44:48.572866"]]
  [1m[36m (0.0ms)[0m  [1mRELEASE SAVEPOINT active_record_1[0m
  [1m[35m (0.0ms)[0m  SAVEPOINT active_record_1
  [1m[36mSQL (0.1ms)[0m  [1mINSERT INTO "movies" ("title", "rating", "release_date", "created_at", "updated_at") VALUES (?, ?, ?, ?, ?)[0m  [["title", "Raiders of the Lost Ark"], ["rating", "PG"], ["release_date", "1981-06-12 00:00:00.000000"], ["created_at", "2020-03-10 18:44:48.574170"], ["updated_at", "2020-03-10 18:44:48.574170"]]
  [1m[35m (0.0ms)[0m  RELEASE SAVEPOINT active_record_1
  [1m[36m (0.0ms)[0m  [1mSAVEPOINT active_record_1[0m
  [1m[35mSQL (0.1ms)[0m  INSERT INTO "movies" ("title", "rating", "release_date", "created_at", "updated_at") VALUES (?, ?, ?, ?, ?)  [["title", "Chicken Run"], ["rating", "G"], ["release_date", "2000-06-21 00:00:00.000000"], ["created_at", "2020-03-10 18:44:48.575532"], ["updated_at", "2020-03-10 18:44:48.575532"]]
  [1m[36m (0.0ms)[0m  [1mRELEASE SAVEPOINT active_record_1[0m
Started GET "/movies" for 127.0.0.1 at 2020-03-10 18:44:48 +0000
Processing by MoviesController#index as HTML
  [1m[35mMovie Load (0.1ms)[0m  SELECT "movies".* FROM "movies" WHERE "movies"."rating" IN ('G', 'PG', 'PG-13', 'NC-17', 'R')
  Rendered movies/index.html.haml within layouts/application (2.9ms)
Completed 200 OK in 4ms (Views: 3.9ms | ActiveRecord: 0.1ms)
Started GET "/movies?utf8=%E2%9C%93&ratings[G]=1&ratings[PG]=1&ratings[PG-13]=1&ratings[NC-17]=1&ratings[R]=1&commit=Refresh" for 127.0.0.1 at 2020-03-10 18:44:48 +0000
Processing by MoviesController#index as HTML
  Parameters: {"utf8"=>"✓", "ratings"=>{"G"=>"1", "PG"=>"1", "PG-13"=>"1", "NC-17"=>"1", "R"=>"1"}, "commit"=>"Refresh"}
Redirected to http://www.example.com/movies?ratings%5BG%5D=1&ratings%5BNC-17%5D=1&ratings%5BPG%5D=1&ratings%5BPG-13%5D=1&ratings%5BR%5D=1
Completed 302 Found in 1ms (ActiveRecord: 0.0ms)
Started GET "/movies?ratings[G]=1&ratings[NC-17]=1&ratings[PG]=1&ratings[PG-13]=1&ratings[R]=1" for 127.0.0.1 at 2020-03-10 18:44:48 +0000
Processing by MoviesController#index as HTML
  Parameters: {"ratings"=>{"G"=>"1", "NC-17"=>"1", "PG"=>"1", "PG-13"=>"1", "R"=>"1"}}
  [1m[36mMovie Load (0.2ms)[0m  [1mSELECT "movies".* FROM "movies" WHERE "movies"."rating" IN ('G', 'NC-17', 'PG', 'PG-13', 'R')[0m
  Rendered movies/index.html.haml within layouts/application (3.2ms)
Completed 200 OK in 5ms (Views: 4.2ms | ActiveRecord: 0.2ms)
  [1m[35mMovie Load (0.1ms)[0m  SELECT "movies".* FROM "movies"
  [1m[36m (0.2ms)[0m  [1mrollback transaction[0m
  [1m[35m (0.1ms)[0m  begin transaction
  [1m[36m (0.0ms)[0m  [1mcommit transaction[0m
  [1m[35m (0.0ms)[0m  begin transaction
  [1m[36m (0.0ms)[0m  [1mSAVEPOINT active_record_1[0m
  [1m[35mSQL (0.1ms)[0m  INSERT INTO "movies" ("title", "rating", "release_date", "created_at", "updated_at") VALUES (?, ?, ?, ?, ?)  [["title", "Aladdin"], ["rating", "G"], ["release_date", "1992-11-25 00:00:00.000000"], ["created_at", "2020-03-10 18:44:48.650462"], ["updated_at", "2020-03-10 18:44:48.650462"]]
  [1m[36m (0.1ms)[0m  [1mRELEASE SAVEPOINT active_record_1[0m
  [1m[35m (0.0ms)[0m  SAVEPOINT active_record_1
  [1m[36mSQL (0.1ms)[0m  [1mINSERT INTO "movies" ("title", "rating", "release_date", "created_at", "updated_at") VALUES (?, ?, ?, ?, ?)[0m  [["title", "The Terminator"], ["rating", "R"], ["release_date", "1984-10-26 00:00:00.000000"], ["created_at", "2020-03-10 18:44:48.652111"], ["updated_at", "2020-03-10 18:44:48.652111"]]
  [1m[35m (0.0ms)[0m  RELEASE SAVEPOINT active_record_1
  [1m[36m (0.0ms)[0m  [1mSAVEPOINT active_record_1[0m
  [1m[35mSQL (0.1ms)[0m  INSERT INTO "movies" ("title", "rating", "release_date", "created_at", "updated_at") VALUES (?, ?, ?, ?, ?)  [["title", "When Harry Met Sally"], ["rating", "R"], ["release_date", "1989-07-21 00:00:00.000000"], ["created_at", "2020-03-10 18:44:48.653502"], ["updated_at", "2020-03-10 18:44:48.653502"]]
  [1m[36m (0.0ms)[0m  [1mRELEASE SAVEPOINT active_record_1[0m
  [1m[35m (0.0ms)[0m  SAVEPOINT active_record_1
  [1m[36mSQL (0.1ms)[0m  [1mINSERT INTO "movies" ("title", "rating", "release_date", "created_at", "updated_at") VALUES (?, ?, ?, ?, ?)[0m  [["title", "The Help"], ["rating", "PG-13"], ["release_date", "2011-08-10 00:00:00.000000"], ["created_at", "2020-03-10 18:44:48.654828"], ["updated_at", "2020-03-10 18:44:48.654828"]]
  [1m[35m (0.0ms)[0m  RELEASE SAVEPOINT active_record_1
  [1m[36m (0.0ms)[0m  [1mSAVEPOINT active_record_1[0m
  [1m[35mSQL (0.1ms)[0m  INSERT INTO "movies" ("title", "rating", "release_date", "created_at", "updated_at") VALUES (?, ?, ?, ?, ?)  [["title", "Chocolat"], ["rating", "PG-13"], ["release_date", "2001-01-05 00:00:00.000000"], ["created_at", "2020-03-10 18:44:48.656184"], ["updated_at", "2020-03-10 18:44:48.656184"]]
  [1m[36m (0.1ms)[0m  [1mRELEASE SAVEPOINT active_record_1[0m
  [1m[35m (0.0ms)[0m  SAVEPOINT active_record_1
  [1m[36mSQL (0.1ms)[0m  [1mINSERT INTO "movies" ("title", "rating", "release_date", "created_at", "updated_at") VALUES (?, ?, ?, ?, ?)[0m  [["title", "Amelie"], ["rating", "R"], ["release_date", "2001-04-25 00:00:00.000000"], ["created_at", "2020-03-10 18:44:48.657523"], ["updated_at", "2020-03-10 18:44:48.657523"]]
  [1m[35m (0.0ms)[0m  RELEASE SAVEPOINT active_record_1
  [1m[36m (0.0ms)[0m  [1mSAVEPOINT active_record_1[0m
  [1m[35mSQL (0.1ms)[0m  INSERT INTO "movies" ("title", "rating", "release_date", "created_at", "updated_at") VALUES (?, ?, ?, ?, ?)  [["title", "2001: A Space Odyssey"], ["rating", "G"], ["release_date", "1968-04-06 00:00:00.000000"], ["created_at", "2020-03-10 18:44:48.658820"], ["updated_at", "2020-03-10 18:44:48.658820"]]
  [1m[36m (0.0ms)[0m  [1mRELEASE SAVEPOINT active_record_1[0m
  [1m[35m (0.0ms)[0m  SAVEPOINT active_record_1
  [1m[36mSQL (0.1ms)[0m  [1mINSERT INTO "movies" ("title", "rating", "release_date", "created_at", "updated_at") VALUES (?, ?, ?, ?, ?)[0m  [["title", "The Incredibles"], ["rating", "PG"], ["release_date", "2004-11-05 00:00:00.000000"], ["created_at", "2020-03-10 18:44:48.660135"], ["updated_at", "2020-03-10 18:44:48.660135"]]
  [1m[35m (0.0ms)[0m  RELEASE SAVEPOINT active_record_1
  [1m[36m (0.0ms)[0m  [1mSAVEPOINT active_record_1[0m
  [1m[35mSQL (0.1ms)[0m  INSERT INTO "movies" ("title", "rating", "release_date", "created_at", "updated_at") VALUES (?, ?, ?, ?, ?)  [["title", "Raiders of the Lost Ark"], ["rating", "PG"], ["release_date", "1981-06-12 00:00:00.000000"], ["created_at", "2020-03-10 18:44:48.661432"], ["updated_at", "2020-03-10 18:44:48.661432"]]
  [1m[36m (0.0ms)[0m  [1mRELEASE SAVEPOINT active_record_1[0m
  [1m[35m (0.0ms)[0m  SAVEPOINT active_record_1
  [1m[36mSQL (0.1ms)[0m  [1mINSERT INTO "movies" ("title", "rating", "release_date", "created_at", "updated_at") VALUES (?, ?, ?, ?, ?)[0m  [["title", "Chicken Run"], ["rating", "G"], ["release_date", "2000-06-21 00:00:00.000000"], ["created_at", "2020-03-10 18:44:48.662725"], ["updated_at", "2020-03-10 18:44:48.662725"]]
  [1m[35m (0.0ms)[0m  RELEASE SAVEPOINT active_record_1
Started GET "/movies" for 127.0.0.1 at 2020-03-10 18:44:48 +0000
Processing by MoviesController#index as HTML
  [1m[36mMovie Load (0.2ms)[0m  [1mSELECT "movies".* FROM "movies" WHERE "movies"."rating" IN ('G', 'PG', 'PG-13', 'NC-17', 'R')[0m
  Rendered movies/index.html.haml within layouts/application (3.1ms)
Completed 200 OK in 5ms (Views: 4.1ms | ActiveRecord: 0.2ms)
Started GET "/movies?ratings[G]=G&ratings[NC-17]=NC-17&ratings[PG]=PG&ratings[PG-13]=PG-13&ratings[R]=R&sort=title" for 127.0.0.1 at 2020-03-10 18:44:48 +0000
Processing by MoviesController#index as HTML
  Parameters: {"ratings"=>{"G"=>"G", "NC-17"=>"NC-17", "PG"=>"PG", "PG-13"=>"PG-13", "R"=>"R"}, "sort"=>"title"}
Redirected to http://www.example.com/movies?ratings%5BG%5D=G&ratings%5BNC-17%5D=NC-17&ratings%5BPG%5D=PG&ratings%5BPG-13%5D=PG-13&ratings%5BR%5D=R&sort=title
Completed 302 Found in 1ms (ActiveRecord: 0.0ms)
Started GET "/movies?ratings[G]=G&ratings[NC-17]=NC-17&ratings[PG]=PG&ratings[PG-13]=PG-13&ratings[R]=R&sort=title" for 127.0.0.1 at 2020-03-10 18:44:48 +0000
Processing by MoviesController#index as HTML
  Parameters: {"ratings"=>{"G"=>"G", "NC-17"=>"NC-17", "PG"=>"PG", "PG-13"=>"PG-13", "R"=>"R"}, "sort"=>"title"}
  [1m[35mMovie Load (0.2ms)[0m  SELECT "movies".* FROM "movies" WHERE "movies"."rating" IN ('G', 'NC-17', 'PG', 'PG-13', 'R')  ORDER BY "movies"."title" ASC
  Rendered movies/index.html.haml within layouts/application (3.1ms)
Completed 200 OK in 5ms (Views: 4.0ms | ActiveRecord: 0.2ms)
  [1m[36m (0.2ms)[0m  [1mrollback transaction[0m
  [1m[35m (0.0ms)[0m  begin transaction
  [1m[36m (0.0ms)[0m  [1mcommit transaction[0m
  [1m[35m (0.0ms)[0m  begin transaction
  [1m[36m (0.0ms)[0m  [1mSAVEPOINT active_record_1[0m
  [1m[35mSQL (0.1ms)[0m  INSERT INTO "movies" ("title", "rating", "release_date", "created_at", "updated_at") VALUES (?, ?, ?, ?, ?)  [["title", "Aladdin"], ["rating", "G"], ["release_date", "1992-11-25 00:00:00.000000"], ["created_at", "2020-03-10 18:44:48.692148"], ["updated_at", "2020-03-10 18:44:48.692148"]]
  [1m[36m (0.1ms)[0m  [1mRELEASE SAVEPOINT active_record_1[0m
  [1m[35m (0.0ms)[0m  SAVEPOINT active_record_1
  [1m[36mSQL (0.1ms)[0m  [1mINSERT INTO "movies" ("title", "rating", "release_date", "created_at", "updated_at") VALUES (?, ?, ?, ?, ?)[0m  [["title", "The Terminator"], ["rating", "R"], ["release_date", "1984-10-26 00:00:00.000000"], ["created_at", "2020-03-10 18:44:48.693650"], ["updated_at", "2020-03-10 18:44:48.693650"]]
  [1m[35m (0.0ms)[0m  RELEASE SAVEPOINT active_record_1
  [1m[36m (0.0ms)[0m  [1mSAVEPOINT active_record_1[0m
  [1m[35mSQL (0.1ms)[0m  INSERT INTO "movies" ("title", "rating", "release_date", "created_at", "updated_at") VALUES (?, ?, ?, ?, ?)  [["title", "When Harry Met Sally"], ["rating", "R"], ["release_date", "1989-07-21 00:00:00.000000"], ["created_at", "2020-03-10 18:44:48.695001"], ["updated_at", "2020-03-10 18:44:48.695001"]]
  [1m[36m (0.0ms)[0m  [1mRELEASE SAVEPOINT active_record_1[0m
  [1m[35m (0.0ms)[0m  SAVEPOINT active_record_1
  [1m[36mSQL (0.1ms)[0m  [1mINSERT INTO "movies" ("title", "rating", "release_date", "created_at", "updated_at") VALUES (?, ?, ?, ?, ?)[0m  [["title", "The Help"], ["rating", "PG-13"], ["release_date", "2011-08-10 00:00:00.000000"], ["created_at", "2020-03-10 18:44:48.696328"], ["updated_at", "2020-03-10 18:44:48.696328"]]
  [1m[35m (0.0ms)[0m  RELEASE SAVEPOINT active_record_1
  [1m[36m (0.0ms)[0m  [1mSAVEPOINT active_record_1[0m
  [1m[35mSQL (0.1ms)[0m  INSERT INTO "movies" ("title", "rating", "release_date", "created_at", "updated_at") VALUES (?, ?, ?, ?, ?)  [["title", "Chocolat"], ["rating", "PG-13"], ["release_date", "2001-01-05 00:00:00.000000"], ["created_at", "2020-03-10 18:44:48.697626"], ["updated_at", "2020-03-10 18:44:48.697626"]]
  [1m[36m (0.0ms)[0m  [1mRELEASE SAVEPOINT active_record_1[0m
  [1m[35m (0.0ms)[0m  SAVEPOINT active_record_1
  [1m[36mSQL (0.1ms)[0m  [1mINSERT INTO "movies" ("title", "rating", "release_date", "created_at", "updated_at") VALUES (?, ?, ?, ?, ?)[0m  [["title", "Amelie"], ["rating", "R"], ["release_date", "2001-04-25 00:00:00.000000"], ["created_at", "2020-03-10 18:44:48.698923"], ["updated_at", "2020-03-10 18:44:48.698923"]]
  [1m[35m (0.0ms)[0m  RELEASE SAVEPOINT active_record_1
  [1m[36m (0.0ms)[0m  [1mSAVEPOINT active_record_1[0m
  [1m[35mSQL (0.1ms)[0m  INSERT INTO "movies" ("title", "rating", "release_date", "created_at", "updated_at") VALUES (?, ?, ?, ?, ?)  [["title", "2001: A Space Odyssey"], ["rating", "G"], ["release_date", "1968-04-06 00:00:00.000000"], ["created_at", "2020-03-10 18:44:48.700257"], ["updated_at", "2020-03-10 18:44:48.700257"]]
  [1m[36m (0.0ms)[0m  [1mRELEASE SAVEPOINT active_record_1[0m
  [1m[35m (0.0ms)[0m  SAVEPOINT active_record_1
  [1m[36mSQL (0.1ms)[0m  [1mINSERT INTO "movies" ("title", "rating", "release_date", "created_at", "updated_at") VALUES (?, ?, ?, ?, ?)[0m  [["title", "The Incredibles"], ["rating", "PG"], ["release_date", "2004-11-05 00:00:00.000000"], ["created_at", "2020-03-10 18:44:48.701564"], ["updated_at", "2020-03-10 18:44:48.701564"]]
  [1m[35m (0.0ms)[0m  RELEASE SAVEPOINT active_record_1
  [1m[36m (0.0ms)[0m  [1mSAVEPOINT active_record_1[0m
  [1m[35mSQL (0.1ms)[0m  INSERT INTO "movies" ("title", "rating", "release_date", "created_at", "updated_at") VALUES (?, ?, ?, ?, ?)  [["title", "Raiders of the Lost Ark"], ["rating", "PG"], ["release_date", "1981-06-12 00:00:00.000000"], ["created_at", "2020-03-10 18:44:48.702865"], ["updated_at", "2020-03-10 18:44:48.702865"]]
  [1m[36m (0.0ms)[0m  [1mRELEASE SAVEPOINT active_record_1[0m
  [1m[35m (0.0ms)[0m  SAVEPOINT active_record_1
  [1m[36mSQL (0.1ms)[0m  [1mINSERT INTO "movies" ("title", "rating", "release_date", "created_at", "updated_at") VALUES (?, ?, ?, ?, ?)[0m  [["title", "Chicken Run"], ["rating", "G"], ["release_date", "2000-06-21 00:00:00.000000"], ["created_at", "2020-03-10 18:44:48.704184"], ["updated_at", "2020-03-10 18:44:48.704184"]]
  [1m[35m (0.0ms)[0m  RELEASE SAVEPOINT active_record_1
Started GET "/movies" for 127.0.0.1 at 2020-03-10 18:44:48 +0000
Processing by MoviesController#index as HTML
  [1m[36mMovie Load (0.2ms)[0m  [1mSELECT "movies".* FROM "movies" WHERE "movies"."rating" IN ('G', 'PG', 'PG-13', 'NC-17', 'R')[0m
  Rendered movies/index.html.haml within layouts/application (2.9ms)
Completed 200 OK in 4ms (Views: 3.8ms | ActiveRecord: 0.2ms)
Started GET "/movies?ratings[G]=G&ratings[NC-17]=NC-17&ratings[PG]=PG&ratings[PG-13]=PG-13&ratings[R]=R&sort=release_date" for 127.0.0.1 at 2020-03-10 18:44:48 +0000
Processing by MoviesController#index as HTML
  Parameters: {"ratings"=>{"G"=>"G", "NC-17"=>"NC-17", "PG"=>"PG", "PG-13"=>"PG-13", "R"=>"R"}, "sort"=>"release_date"}
Redirected to http://www.example.com/movies?ratings%5BG%5D=G&ratings%5BNC-17%5D=NC-17&ratings%5BPG%5D=PG&ratings%5BPG-13%5D=PG-13&ratings%5BR%5D=R&sort=release_date
Completed 302 Found in 1ms (ActiveRecord: 0.0ms)
Started GET "/movies?ratings[G]=G&ratings[NC-17]=NC-17&ratings[PG]=PG&ratings[PG-13]=PG-13&ratings[R]=R&sort=release_date" for 127.0.0.1 at 2020-03-10 18:44:48 +0000
Processing by MoviesController#index as HTML
  Parameters: {"ratings"=>{"G"=>"G", "NC-17"=>"NC-17", "PG"=>"PG", "PG-13"=>"PG-13", "R"=>"R"}, "sort"=>"release_date"}
  [1m[35mMovie Load (0.2ms)[0m  SELECT "movies".* FROM "movies" WHERE "movies"."rating" IN ('G', 'NC-17', 'PG', 'PG-13', 'R')  ORDER BY "movies"."release_date" ASC
  Rendered movies/index.html.haml within layouts/application (2.9ms)
Completed 200 OK in 4ms (Views: 3.7ms | ActiveRecord: 0.2ms)
  [1m[36m (0.2ms)[0m  [1mrollback transaction[0m
  [1m[36mActiveRecord::SchemaMigration Load (0.1ms)[0m  [1mSELECT "schema_migrations".* FROM "schema_migrations"[0m
  [1m[35m (0.1ms)[0m  begin transaction
  [1m[36m (0.0ms)[0m  [1mcommit transaction[0m
  [1m[35m (0.0ms)[0m  begin transaction
  [1m[36m (0.1ms)[0m  [1mSAVEPOINT active_record_1[0m
  [1m[35mSQL (0.2ms)[0m  INSERT INTO "movies" ("title", "rating", "director", "release_date", "created_at", "updated_at") VALUES (?, ?, ?, ?, ?, ?)  [["title", "Star Wars"], ["rating", "PG"], ["director", "George Lucas"], ["release_date", "1977-05-25 00:00:00.000000"], ["created_at", "2020-03-10 18:46:29.074799"], ["updated_at", "2020-03-10 18:46:29.074799"]]
  [1m[36m (0.0ms)[0m  [1mRELEASE SAVEPOINT active_record_1[0m
  [1m[35m (0.0ms)[0m  SAVEPOINT active_record_1
  [1m[36mSQL (0.1ms)[0m  [1mINSERT INTO "movies" ("title", "rating", "director", "release_date", "created_at", "updated_at") VALUES (?, ?, ?, ?, ?, ?)[0m  [["title", "Blade Runner"], ["rating", "PG"], ["director", "Ridley Scott"], ["release_date", "1982-06-25 00:00:00.000000"], ["created_at", "2020-03-10 18:46:29.076662"], ["updated_at", "2020-03-10 18:46:29.076662"]]
  [1m[35m (0.0ms)[0m  RELEASE SAVEPOINT active_record_1
  [1m[36m (0.0ms)[0m  [1mSAVEPOINT active_record_1[0m
  [1m[35mSQL (0.1ms)[0m  INSERT INTO "movies" ("title", "rating", "director", "release_date", "created_at", "updated_at") VALUES (?, ?, ?, ?, ?, ?)  [["title", "Alien"], ["rating", "R"], ["director", ""], ["release_date", "1979-05-25 00:00:00.000000"], ["created_at", "2020-03-10 18:46:29.078043"], ["updated_at", "2020-03-10 18:46:29.078043"]]
  [1m[36m (0.0ms)[0m  [1mRELEASE SAVEPOINT active_record_1[0m
  [1m[35m (0.0ms)[0m  SAVEPOINT active_record_1
  [1m[36mSQL (0.1ms)[0m  [1mINSERT INTO "movies" ("title", "rating", "director", "release_date", "created_at", "updated_at") VALUES (?, ?, ?, ?, ?, ?)[0m  [["title", "THX-1138"], ["rating", "R"], ["director", "George Lucas"], ["release_date", "1971-03-11 00:00:00.000000"], ["created_at", "2020-03-10 18:46:29.079324"], ["updated_at", "2020-03-10 18:46:29.079324"]]
  [1m[35m (0.0ms)[0m  RELEASE SAVEPOINT active_record_1
  [1m[36mMovie Load (0.1ms)[0m  [1mSELECT  "movies".* FROM "movies" WHERE "movies"."title" = ? LIMIT 1[0m  [["title", "Alien"]]
Started GET "/movies/3/edit" for 127.0.0.1 at 2020-03-10 18:46:29 +0000
Processing by MoviesController#edit as HTML
  Parameters: {"id"=>"3"}
  [1m[35mMovie Load (0.1ms)[0m  SELECT  "movies".* FROM "movies" WHERE "movies"."id" = ? LIMIT 1  [["id", 3]]
  Rendered movies/edit.html.haml within layouts/application (9.3ms)
Completed 200 OK in 155ms (Views: 154.3ms | ActiveRecord: 0.1ms)
Started PUT "/movies/3" for 127.0.0.1 at 2020-03-10 18:46:29 +0000
Processing by MoviesController#update as HTML
  Parameters: {"utf8"=>"✓", "movie"=>{"title"=>"Alien", "rating"=>"R", "director"=>"Ridley Scott", "release_date(1i)"=>"1979", "release_date(2i)"=>"5", "release_date(3i)"=>"25"}, "commit"=>"Update Movie Info", "id"=>"3"}
  [1m[36mMovie Load (0.1ms)[0m  [1mSELECT  "movies".* FROM "movies" WHERE "movies"."id" = ? LIMIT 1[0m  [["id", 3]]
  [1m[35m (0.1ms)[0m  SAVEPOINT active_record_1
  [1m[36mSQL (0.1ms)[0m  [1mUPDATE "movies" SET "director" = ?, "updated_at" = ? WHERE "movies"."id" = ?[0m  [["director", "Ridley Scott"], ["updated_at", "2020-03-10 18:46:29.272211"], ["id", 3]]
  [1m[35m (0.0ms)[0m  RELEASE SAVEPOINT active_record_1
Redirected to http://www.example.com/movies/3
Completed 302 Found in 3ms (ActiveRecord: 0.3ms)
Started GET "/movies/3" for 127.0.0.1 at 2020-03-10 18:46:29 +0000
Processing by MoviesController#show as HTML
  Parameters: {"id"=>"3"}
  [1m[36mMovie Load (0.0ms)[0m  [1mSELECT  "movies".* FROM "movies" WHERE "movies"."id" = ? LIMIT 1[0m  [["id", 3]]
  Rendered movies/show.html.haml within layouts/application (2.2ms)
Completed 200 OK in 4ms (Views: 3.9ms | ActiveRecord: 0.0ms)
  [1m[35mMovie Load (0.1ms)[0m  SELECT  "movies".* FROM "movies" WHERE "movies"."title" = ? LIMIT 1  [["title", "Alien"]]
  [1m[36m (0.1ms)[0m  [1mrollback transaction[0m
  [1m[35m (0.0ms)[0m  begin transaction
  [1m[36m (0.0ms)[0m  [1mcommit transaction[0m
  [1m[35m (0.0ms)[0m  begin transaction
  [1m[36m (0.0ms)[0m  [1mSAVEPOINT active_record_1[0m
  [1m[35mSQL (0.1ms)[0m  INSERT INTO "movies" ("title", "rating", "director", "release_date", "created_at", "updated_at") VALUES (?, ?, ?, ?, ?, ?)  [["title", "Star Wars"], ["rating", "PG"], ["director", "George Lucas"], ["release_date", "1977-05-25 00:00:00.000000"], ["created_at", "2020-03-10 18:46:29.285668"], ["updated_at", "2020-03-10 18:46:29.285668"]]
  [1m[36m (0.0ms)[0m  [1mRELEASE SAVEPOINT active_record_1[0m
  [1m[35m (0.0ms)[0m  SAVEPOINT active_record_1
  [1m[36mSQL (0.1ms)[0m  [1mINSERT INTO "movies" ("title", "rating", "director", "release_date", "created_at", "updated_at") VALUES (?, ?, ?, ?, ?, ?)[0m  [["title", "Blade Runner"], ["rating", "PG"], ["director", "Ridley Scott"], ["release_date", "1982-06-25 00:00:00.000000"], ["created_at", "2020-03-10 18:46:29.287181"], ["updated_at", "2020-03-10 18:46:29.287181"]]
  [1m[35m (0.0ms)[0m  RELEASE SAVEPOINT active_record_1
  [1m[36m (0.0ms)[0m  [1mSAVEPOINT active_record_1[0m
  [1m[35mSQL (0.1ms)[0m  INSERT INTO "movies" ("title", "rating", "director", "release_date", "created_at", "updated_at") VALUES (?, ?, ?, ?, ?, ?)  [["title", "Alien"], ["rating", "R"], ["director", ""], ["release_date", "1979-05-25 00:00:00.000000"], ["created_at", "2020-03-10 18:46:29.288586"], ["updated_at", "2020-03-10 18:46:29.288586"]]
  [1m[36m (0.0ms)[0m  [1mRELEASE SAVEPOINT active_record_1[0m
  [1m[35m (0.0ms)[0m  SAVEPOINT active_record_1
  [1m[36mSQL (0.1ms)[0m  [1mINSERT INTO "movies" ("title", "rating", "director", "release_date", "created_at", "updated_at") VALUES (?, ?, ?, ?, ?, ?)[0m  [["title", "THX-1138"], ["rating", "R"], ["director", "George Lucas"], ["release_date", "1971-03-11 00:00:00.000000"], ["created_at", "2020-03-10 18:46:29.289892"], ["updated_at", "2020-03-10 18:46:29.289892"]]
  [1m[35m (0.0ms)[0m  RELEASE SAVEPOINT active_record_1
  [1m[36mMovie Load (0.0ms)[0m  [1mSELECT  "movies".* FROM "movies" WHERE "movies"."title" = ? LIMIT 1[0m  [["title", "Star Wars"]]
Started GET "/movies/1" for 127.0.0.1 at 2020-03-10 18:46:29 +0000
Processing by MoviesController#show as HTML
  Parameters: {"id"=>"1"}
  [1m[35mMovie Load (0.1ms)[0m  SELECT  "movies".* FROM "movies" WHERE "movies"."id" = ? LIMIT 1  [["id", 1]]
  Rendered movies/show.html.haml within layouts/application (0.5ms)
Completed 200 OK in 2ms (Views: 1.7ms | ActiveRecord: 0.1ms)
Started GET "/movies/director/1" for 127.0.0.1 at 2020-03-10 18:46:29 +0000
Processing by MoviesController#director as HTML
  Parameters: {"id"=>"1"}
  [1m[36mMovie Load (0.0ms)[0m  [1mSELECT  "movies".* FROM "movies" WHERE "movies"."id" = ? LIMIT 1[0m  [["id", 1]]
  [1m[35mMovie Load (0.1ms)[0m  SELECT "movies".* FROM "movies" WHERE (director = 'George Lucas')
  Rendered movies/director.html.haml within layouts/application (2.6ms)
Completed 200 OK in 4ms (Views: 3.9ms | ActiveRecord: 0.1ms)
  [1m[36mMovie Load (0.1ms)[0m  [1mSELECT  "movies".* FROM "movies" WHERE "movies"."title" = ? LIMIT 1[0m  [["title", "Star Wars"]]
  [1m[35m (0.1ms)[0m  rollback transaction
  [1m[36m (0.0ms)[0m  [1mbegin transaction[0m
  [1m[35m (0.0ms)[0m  commit transaction
  [1m[36m (0.0ms)[0m  [1mbegin transaction[0m
  [1m[35m (0.0ms)[0m  SAVEPOINT active_record_1
  [1m[36mSQL (0.1ms)[0m  [1mINSERT INTO "movies" ("title", "rating", "director", "release_date", "created_at", "updated_at") VALUES (?, ?, ?, ?, ?, ?)[0m  [["title", "Star Wars"], ["rating", "PG"], ["director", "George Lucas"], ["release_date", "1977-05-25 00:00:00.000000"], ["created_at", "2020-03-10 18:46:29.315794"], ["updated_at", "2020-03-10 18:46:29.315794"]]
  [1m[35m (0.0ms)[0m  RELEASE SAVEPOINT active_record_1
  [1m[36m (0.1ms)[0m  [1mSAVEPOINT active_record_1[0m
  [1m[35mSQL (0.1ms)[0m  INSERT INTO "movies" ("title", "rating", "director", "release_date", "created_at", "updated_at") VALUES (?, ?, ?, ?, ?, ?)  [["title", "Blade Runner"], ["rating", "PG"], ["director", "Ridley Scott"], ["release_date", "1982-06-25 00:00:00.000000"], ["created_at", "2020-03-10 18:46:29.317330"], ["updated_at", "2020-03-10 18:46:29.317330"]]
  [1m[36m (0.0ms)[0m  [1mRELEASE SAVEPOINT active_record_1[0m
  [1m[35m (0.0ms)[0m  SAVEPOINT active_record_1
  [1m[36mSQL (0.1ms)[0m  [1mINSERT INTO "movies" ("title", "rating", "director", "release_date", "created_at", "updated_at") VALUES (?, ?, ?, ?, ?, ?)[0m  [["title", "Alien"], ["rating", "R"], ["director", ""], ["release_date", "1979-05-25 00:00:00.000000"], ["created_at", "2020-03-10 18:46:29.318776"], ["updated_at", "2020-03-10 18:46:29.318776"]]
  [1m[35m (0.0ms)[0m  RELEASE SAVEPOINT active_record_1
  [1m[36m (0.0ms)[0m  [1mSAVEPOINT active_record_1[0m
  [1m[35mSQL (0.1ms)[0m  INSERT INTO "movies" ("title", "rating", "director", "release_date", "created_at", "updated_at") VALUES (?, ?, ?, ?, ?, ?)  [["title", "THX-1138"], ["rating", "R"], ["director", "George Lucas"], ["release_date", "1971-03-11 00:00:00.000000"], ["created_at", "2020-03-10 18:46:29.320119"], ["updated_at", "2020-03-10 18:46:29.320119"]]
  [1m[36m (0.0ms)[0m  [1mRELEASE SAVEPOINT active_record_1[0m
  [1m[35mMovie Load (0.0ms)[0m  SELECT  "movies".* FROM "movies" WHERE "movies"."title" = ? LIMIT 1  [["title", "Alien"]]
Started GET "/movies/3" for 127.0.0.1 at 2020-03-10 18:46:29 +0000
Processing by MoviesController#show as HTML
  Parameters: {"id"=>"3"}
  [1m[36mMovie Load (0.0ms)[0m  [1mSELECT  "movies".* FROM "movies" WHERE "movies"."id" = ? LIMIT 1[0m  [["id", 3]]
  Rendered movies/show.html.haml within layouts/application (0.5ms)
Completed 200 OK in 2ms (Views: 1.7ms | ActiveRecord: 0.0ms)
Started GET "/movies/director/3" for 127.0.0.1 at 2020-03-10 18:46:29 +0000
Processing by MoviesController#director as HTML
  Parameters: {"id"=>"3"}
  [1m[35mMovie Load (0.1ms)[0m  SELECT  "movies".* FROM "movies" WHERE "movies"."id" = ? LIMIT 1  [["id", 3]]
  [1m[36mMovie Load (0.1ms)[0m  [1mSELECT "movies".* FROM "movies" WHERE (director = '')[0m
  Rendered movies/director.html.haml within layouts/application (0.7ms)
Completed 200 OK in 2ms (Views: 1.7ms | ActiveRecord: 0.2ms)
  [1m[35m (0.2ms)[0m  rollback transaction
  [1m[36m (0.1ms)[0m  [1mbegin transaction[0m
  [1m[35m (0.0ms)[0m  commit transaction
  [1m[36m (0.0ms)[0m  [1mbegin transaction[0m
  [1m[35m (0.0ms)[0m  SAVEPOINT active_record_1
  [1m[36mSQL (0.2ms)[0m  [1mINSERT INTO "movies" ("title", "rating", "release_date", "created_at", "updated_at") VALUES (?, ?, ?, ?, ?)[0m  [["title", "Aladdin"], ["rating", "G"], ["release_date", "1992-11-25 00:00:00.000000"], ["created_at", "2020-03-10 18:46:29.355522"], ["updated_at", "2020-03-10 18:46:29.355522"]]
  [1m[35m (0.1ms)[0m  RELEASE SAVEPOINT active_record_1
  [1m[36m (0.0ms)[0m  [1mSAVEPOINT active_record_1[0m
  [1m[35mSQL (0.1ms)[0m  INSERT INTO "movies" ("title", "rating", "release_date", "created_at", "updated_at") VALUES (?, ?, ?, ?, ?)  [["title", "The Terminator"], ["rating", "R"], ["release_date", "1984-10-26 00:00:00.000000"], ["created_at", "2020-03-10 18:46:29.357258"], ["updated_at", "2020-03-10 18:46:29.357258"]]
  [1m[36m (0.1ms)[0m  [1mRELEASE SAVEPOINT active_record_1[0m
  [1m[35m (0.0ms)[0m  SAVEPOINT active_record_1
  [1m[36mSQL (0.1ms)[0m  [1mINSERT INTO "movies" ("title", "rating", "release_date", "created_at", "updated_at") VALUES (?, ?, ?, ?, ?)[0m  [["title", "When Harry Met Sally"], ["rating", "R"], ["release_date", "1989-07-21 00:00:00.000000"], ["created_at", "2020-03-10 18:46:29.358618"], ["updated_at", "2020-03-10 18:46:29.358618"]]
  [1m[35m (0.0ms)[0m  RELEASE SAVEPOINT active_record_1
  [1m[36m (0.0ms)[0m  [1mSAVEPOINT active_record_1[0m
  [1m[35mSQL (0.1ms)[0m  INSERT INTO "movies" ("title", "rating", "release_date", "created_at", "updated_at") VALUES (?, ?, ?, ?, ?)  [["title", "The Help"], ["rating", "PG-13"], ["release_date", "2011-08-10 00:00:00.000000"], ["created_at", "2020-03-10 18:46:29.359914"], ["updated_at", "2020-03-10 18:46:29.359914"]]
  [1m[36m (0.0ms)[0m  [1mRELEASE SAVEPOINT active_record_1[0m
  [1m[35m (0.0ms)[0m  SAVEPOINT active_record_1
  [1m[36mSQL (0.1ms)[0m  [1mINSERT INTO "movies" ("title", "rating", "release_date", "created_at", "updated_at") VALUES (?, ?, ?, ?, ?)[0m  [["title", "Chocolat"], ["rating", "PG-13"], ["release_date", "2001-01-05 00:00:00.000000"], ["created_at", "2020-03-10 18:46:29.361215"], ["updated_at", "2020-03-10 18:46:29.361215"]]
  [1m[35m (0.0ms)[0m  RELEASE SAVEPOINT active_record_1
  [1m[36m (0.0ms)[0m  [1mSAVEPOINT active_record_1[0m
  [1m[35mSQL (0.1ms)[0m  INSERT INTO "movies" ("title", "rating", "release_date", "created_at", "updated_at") VALUES (?, ?, ?, ?, ?)  [["title", "Amelie"], ["rating", "R"], ["release_date", "2001-04-25 00:00:00.000000"], ["created_at", "2020-03-10 18:46:29.362504"], ["updated_at", "2020-03-10 18:46:29.362504"]]
  [1m[36m (0.0ms)[0m  [1mRELEASE SAVEPOINT active_record_1[0m
  [1m[35m (0.0ms)[0m  SAVEPOINT active_record_1
  [1m[36mSQL (0.1ms)[0m  [1mINSERT INTO "movies" ("title", "rating", "release_date", "created_at", "updated_at") VALUES (?, ?, ?, ?, ?)[0m  [["title", "2001: A Space Odyssey"], ["rating", "G"], ["release_date", "1968-04-06 00:00:00.000000"], ["created_at", "2020-03-10 18:46:29.363795"], ["updated_at", "2020-03-10 18:46:29.363795"]]
  [1m[35m (0.0ms)[0m  RELEASE SAVEPOINT active_record_1
  [1m[36m (0.0ms)[0m  [1mSAVEPOINT active_record_1[0m
  [1m[35mSQL (0.1ms)[0m  INSERT INTO "movies" ("title", "rating", "release_date", "created_at", "updated_at") VALUES (?, ?, ?, ?, ?)  [["title", "The Incredibles"], ["rating", "PG"], ["release_date", "2004-11-05 00:00:00.000000"], ["created_at", "2020-03-10 18:46:29.365119"], ["updated_at", "2020-03-10 18:46:29.365119"]]
  [1m[36m (0.0ms)[0m  [1mRELEASE SAVEPOINT active_record_1[0m
  [1m[35m (0.0ms)[0m  SAVEPOINT active_record_1
  [1m[36mSQL (0.1ms)[0m  [1mINSERT INTO "movies" ("title", "rating", "release_date", "created_at", "updated_at") VALUES (?, ?, ?, ?, ?)[0m  [["title", "Raiders of the Lost Ark"], ["rating", "PG"], ["release_date", "1981-06-12 00:00:00.000000"], ["created_at", "2020-03-10 18:46:29.366390"], ["updated_at", "2020-03-10 18:46:29.366390"]]
  [1m[35m (0.0ms)[0m  RELEASE SAVEPOINT active_record_1
  [1m[36m (0.0ms)[0m  [1mSAVEPOINT active_record_1[0m
  [1m[35mSQL (0.1ms)[0m  INSERT INTO "movies" ("title", "rating", "release_date", "created_at", "updated_at") VALUES (?, ?, ?, ?, ?)  [["title", "Chicken Run"], ["rating", "G"], ["release_date", "2000-06-21 00:00:00.000000"], ["created_at", "2020-03-10 18:46:29.367674"], ["updated_at", "2020-03-10 18:46:29.367674"]]
  [1m[36m (0.0ms)[0m  [1mRELEASE SAVEPOINT active_record_1[0m
Started GET "/movies" for 127.0.0.1 at 2020-03-10 18:46:29 +0000
Processing by MoviesController#index as HTML
  [1m[35mMovie Load (0.2ms)[0m  SELECT "movies".* FROM "movies" WHERE "movies"."rating" IN ('G', 'PG', 'PG-13', 'NC-17', 'R')
  Rendered movies/index.html.haml within layouts/application (5.7ms)
Completed 200 OK in 8ms (Views: 7.2ms | ActiveRecord: 0.2ms)
Started GET "/movies?utf8=%E2%9C%93&ratings[PG]=1&ratings[NC-17]=1&ratings[R]=1&commit=Refresh" for 127.0.0.1 at 2020-03-10 18:46:29 +0000
Processing by MoviesController#index as HTML
  Parameters: {"utf8"=>"✓", "ratings"=>{"PG"=>"1", "NC-17"=>"1", "R"=>"1"}, "commit"=>"Refresh"}
Redirected to http://www.example.com/movies?ratings%5BNC-17%5D=1&ratings%5BPG%5D=1&ratings%5BR%5D=1
Completed 302 Found in 1ms (ActiveRecord: 0.0ms)
Started GET "/movies?ratings[NC-17]=1&ratings[PG]=1&ratings[R]=1" for 127.0.0.1 at 2020-03-10 18:46:29 +0000
Processing by MoviesController#index as HTML
  Parameters: {"ratings"=>{"NC-17"=>"1", "PG"=>"1", "R"=>"1"}}
  [1m[36mMovie Load (0.1ms)[0m  [1mSELECT "movies".* FROM "movies" WHERE "movies"."rating" IN ('NC-17', 'PG', 'R')[0m
  Rendered movies/index.html.haml within layouts/application (2.1ms)
Completed 200 OK in 4ms (Views: 2.9ms | ActiveRecord: 0.1ms)
  [1m[35m (0.2ms)[0m  rollback transaction
  [1m[36m (0.1ms)[0m  [1mbegin transaction[0m
  [1m[35m (0.0ms)[0m  commit transaction
  [1m[36m (0.0ms)[0m  [1mbegin transaction[0m
  [1m[35m (0.0ms)[0m  SAVEPOINT active_record_1
  [1m[36mSQL (0.1ms)[0m  [1mINSERT INTO "movies" ("title", "rating", "release_date", "created_at", "updated_at") VALUES (?, ?, ?, ?, ?)[0m  [["title", "Aladdin"], ["rating", "G"], ["release_date", "1992-11-25 00:00:00.000000"], ["created_at", "2020-03-10 18:46:29.439798"], ["updated_at", "2020-03-10 18:46:29.439798"]]
  [1m[35m (0.0ms)[0m  RELEASE SAVEPOINT active_record_1
  [1m[36m (0.0ms)[0m  [1mSAVEPOINT active_record_1[0m
  [1m[35mSQL (0.1ms)[0m  INSERT INTO "movies" ("title", "rating", "release_date", "created_at", "updated_at") VALUES (?, ?, ?, ?, ?)  [["title", "The Terminator"], ["rating", "R"], ["release_date", "1984-10-26 00:00:00.000000"], ["created_at", "2020-03-10 18:46:29.441376"], ["updated_at", "2020-03-10 18:46:29.441376"]]
  [1m[36m (0.0ms)[0m  [1mRELEASE SAVEPOINT active_record_1[0m
  [1m[35m (0.0ms)[0m  SAVEPOINT active_record_1
  [1m[36mSQL (0.1ms)[0m  [1mINSERT INTO "movies" ("title", "rating", "release_date", "created_at", "updated_at") VALUES (?, ?, ?, ?, ?)[0m  [["title", "When Harry Met Sally"], ["rating", "R"], ["release_date", "1989-07-21 00:00:00.000000"], ["created_at", "2020-03-10 18:46:29.442718"], ["updated_at", "2020-03-10 18:46:29.442718"]]
  [1m[35m (0.0ms)[0m  RELEASE SAVEPOINT active_record_1
  [1m[36m (0.1ms)[0m  [1mSAVEPOINT active_record_1[0m
  [1m[35mSQL (0.1ms)[0m  INSERT INTO "movies" ("title", "rating", "release_date", "created_at", "updated_at") VALUES (?, ?, ?, ?, ?)  [["title", "The Help"], ["rating", "PG-13"], ["release_date", "2011-08-10 00:00:00.000000"], ["created_at", "2020-03-10 18:46:29.444019"], ["updated_at", "2020-03-10 18:46:29.444019"]]
  [1m[36m (0.0ms)[0m  [1mRELEASE SAVEPOINT active_record_1[0m
  [1m[35m (0.0ms)[0m  SAVEPOINT active_record_1
  [1m[36mSQL (0.1ms)[0m  [1mINSERT INTO "movies" ("title", "rating", "release_date", "created_at", "updated_at") VALUES (?, ?, ?, ?, ?)[0m  [["title", "Chocolat"], ["rating", "PG-13"], ["release_date", "2001-01-05 00:00:00.000000"], ["created_at", "2020-03-10 18:46:29.445303"], ["updated_at", "2020-03-10 18:46:29.445303"]]
  [1m[35m (0.0ms)[0m  RELEASE SAVEPOINT active_record_1
  [1m[36m (0.0ms)[0m  [1mSAVEPOINT active_record_1[0m
  [1m[35mSQL (0.1ms)[0m  INSERT INTO "movies" ("title", "rating", "release_date", "created_at", "updated_at") VALUES (?, ?, ?, ?, ?)  [["title", "Amelie"], ["rating", "R"], ["release_date", "2001-04-25 00:00:00.000000"], ["created_at", "2020-03-10 18:46:29.446600"], ["updated_at", "2020-03-10 18:46:29.446600"]]
  [1m[36m (0.0ms)[0m  [1mRELEASE SAVEPOINT active_record_1[0m
  [1m[35m (0.0ms)[0m  SAVEPOINT active_record_1
  [1m[36mSQL (0.1ms)[0m  [1mINSERT INTO "movies" ("title", "rating", "release_date", "created_at", "updated_at") VALUES (?, ?, ?, ?, ?)[0m  [["title", "2001: A Space Odyssey"], ["rating", "G"], ["release_date", "1968-04-06 00:00:00.000000"], ["created_at", "2020-03-10 18:46:29.447895"], ["updated_at", "2020-03-10 18:46:29.447895"]]
  [1m[35m (0.0ms)[0m  RELEASE SAVEPOINT active_record_1
  [1m[36m (0.0ms)[0m  [1mSAVEPOINT active_record_1[0m
  [1m[35mSQL (0.1ms)[0m  INSERT INTO "movies" ("title", "rating", "release_date", "created_at", "updated_at") VALUES (?, ?, ?, ?, ?)  [["title", "The Incredibles"], ["rating", "PG"], ["release_date", "2004-11-05 00:00:00.000000"], ["created_at", "2020-03-10 18:46:29.449194"], ["updated_at", "2020-03-10 18:46:29.449194"]]
  [1m[36m (0.0ms)[0m  [1mRELEASE SAVEPOINT active_record_1[0m
  [1m[35m (0.0ms)[0m  SAVEPOINT active_record_1
  [1m[36mSQL (0.1ms)[0m  [1mINSERT INTO "movies" ("title", "rating", "release_date", "created_at", "updated_at") VALUES (?, ?, ?, ?, ?)[0m  [["title", "Raiders of the Lost Ark"], ["rating", "PG"], ["release_date", "1981-06-12 00:00:00.000000"], ["created_at", "2020-03-10 18:46:29.450465"], ["updated_at", "2020-03-10 18:46:29.450465"]]
  [1m[35m (0.0ms)[0m  RELEASE SAVEPOINT active_record_1
  [1m[36m (0.0ms)[0m  [1mSAVEPOINT active_record_1[0m
  [1m[35mSQL (0.1ms)[0m  INSERT INTO "movies" ("title", "rating", "release_date", "created_at", "updated_at") VALUES (?, ?, ?, ?, ?)  [["title", "Chicken Run"], ["rating", "G"], ["release_date", "2000-06-21 00:00:00.000000"], ["created_at", "2020-03-10 18:46:29.451731"], ["updated_at", "2020-03-10 18:46:29.451731"]]
  [1m[36m (0.0ms)[0m  [1mRELEASE SAVEPOINT active_record_1[0m
Started GET "/movies" for 127.0.0.1 at 2020-03-10 18:46:29 +0000
Processing by MoviesController#index as HTML
  [1m[35mMovie Load (0.2ms)[0m  SELECT "movies".* FROM "movies" WHERE "movies"."rating" IN ('G', 'PG', 'PG-13', 'NC-17', 'R')
  Rendered movies/index.html.haml within layouts/application (3.0ms)
Completed 200 OK in 5ms (Views: 4.1ms | ActiveRecord: 0.2ms)
Started GET "/movies?utf8=%E2%9C%93&ratings[G]=1&ratings[PG]=1&ratings[PG-13]=1&ratings[NC-17]=1&ratings[R]=1&commit=Refresh" for 127.0.0.1 at 2020-03-10 18:46:29 +0000
Processing by MoviesController#index as HTML
  Parameters: {"utf8"=>"✓", "ratings"=>{"G"=>"1", "PG"=>"1", "PG-13"=>"1", "NC-17"=>"1", "R"=>"1"}, "commit"=>"Refresh"}
Redirected to http://www.example.com/movies?ratings%5BG%5D=1&ratings%5BNC-17%5D=1&ratings%5BPG%5D=1&ratings%5BPG-13%5D=1&ratings%5BR%5D=1
Completed 302 Found in 1ms (ActiveRecord: 0.0ms)
Started GET "/movies?ratings[G]=1&ratings[NC-17]=1&ratings[PG]=1&ratings[PG-13]=1&ratings[R]=1" for 127.0.0.1 at 2020-03-10 18:46:29 +0000
Processing by MoviesController#index as HTML
  Parameters: {"ratings"=>{"G"=>"1", "NC-17"=>"1", "PG"=>"1", "PG-13"=>"1", "R"=>"1"}}
  [1m[36mMovie Load (0.1ms)[0m  [1mSELECT "movies".* FROM "movies" WHERE "movies"."rating" IN ('G', 'NC-17', 'PG', 'PG-13', 'R')[0m
  Rendered movies/index.html.haml within layouts/application (2.8ms)
Completed 200 OK in 4ms (Views: 3.6ms | ActiveRecord: 0.1ms)
  [1m[35mMovie Load (0.1ms)[0m  SELECT "movies".* FROM "movies"
  [1m[36m (0.2ms)[0m  [1mrollback transaction[0m
  [1m[35m (0.0ms)[0m  begin transaction
  [1m[36m (0.0ms)[0m  [1mcommit transaction[0m
  [1m[35m (0.0ms)[0m  begin transaction
  [1m[36m (0.0ms)[0m  [1mSAVEPOINT active_record_1[0m
  [1m[35mSQL (0.1ms)[0m  INSERT INTO "movies" ("title", "rating", "release_date", "created_at", "updated_at") VALUES (?, ?, ?, ?, ?)  [["title", "Aladdin"], ["rating", "G"], ["release_date", "1992-11-25 00:00:00.000000"], ["created_at", "2020-03-10 18:46:29.496452"], ["updated_at", "2020-03-10 18:46:29.496452"]]
  [1m[36m (0.1ms)[0m  [1mRELEASE SAVEPOINT active_record_1[0m
  [1m[35m (0.1ms)[0m  SAVEPOINT active_record_1
  [1m[36mSQL (0.1ms)[0m  [1mINSERT INTO "movies" ("title", "rating", "release_date", "created_at", "updated_at") VALUES (?, ?, ?, ?, ?)[0m  [["title", "The Terminator"], ["rating", "R"], ["release_date", "1984-10-26 00:00:00.000000"], ["created_at", "2020-03-10 18:46:29.497912"], ["updated_at", "2020-03-10 18:46:29.497912"]]
  [1m[35m (0.0ms)[0m  RELEASE SAVEPOINT active_record_1
  [1m[36m (0.0ms)[0m  [1mSAVEPOINT active_record_1[0m
  [1m[35mSQL (0.1ms)[0m  INSERT INTO "movies" ("title", "rating", "release_date", "created_at", "updated_at") VALUES (?, ?, ?, ?, ?)  [["title", "When Harry Met Sally"], ["rating", "R"], ["release_date", "1989-07-21 00:00:00.000000"], ["created_at", "2020-03-10 18:46:29.499219"], ["updated_at", "2020-03-10 18:46:29.499219"]]
  [1m[36m (0.0ms)[0m  [1mRELEASE SAVEPOINT active_record_1[0m
  [1m[35m (0.0ms)[0m  SAVEPOINT active_record_1
  [1m[36mSQL (0.1ms)[0m  [1mINSERT INTO "movies" ("title", "rating", "release_date", "created_at", "updated_at") VALUES (?, ?, ?, ?, ?)[0m  [["title", "The Help"], ["rating", "PG-13"], ["release_date", "2011-08-10 00:00:00.000000"], ["created_at", "2020-03-10 18:46:29.500479"], ["updated_at", "2020-03-10 18:46:29.500479"]]
  [1m[35m (0.0ms)[0m  RELEASE SAVEPOINT active_record_1
  [1m[36m (0.0ms)[0m  [1mSAVEPOINT active_record_1[0m
  [1m[35mSQL (0.1ms)[0m  INSERT INTO "movies" ("title", "rating", "release_date", "created_at", "updated_at") VALUES (?, ?, ?, ?, ?)  [["title", "Chocolat"], ["rating", "PG-13"], ["release_date", "2001-01-05 00:00:00.000000"], ["created_at", "2020-03-10 18:46:29.501803"], ["updated_at", "2020-03-10 18:46:29.501803"]]
  [1m[36m (0.0ms)[0m  [1mRELEASE SAVEPOINT active_record_1[0m
  [1m[35m (0.0ms)[0m  SAVEPOINT active_record_1
  [1m[36mSQL (0.1ms)[0m  [1mINSERT INTO "movies" ("title", "rating", "release_date", "created_at", "updated_at") VALUES (?, ?, ?, ?, ?)[0m  [["title", "Amelie"], ["rating", "R"], ["release_date", "2001-04-25 00:00:00.000000"], ["created_at", "2020-03-10 18:46:29.504089"], ["updated_at", "2020-03-10 18:46:29.504089"]]
  [1m[35m (0.0ms)[0m  RELEASE SAVEPOINT active_record_1
  [1m[36m (0.0ms)[0m  [1mSAVEPOINT active_record_1[0m
  [1m[35mSQL (0.1ms)[0m  INSERT INTO "movies" ("title", "rating", "release_date", "created_at", "updated_at") VALUES (?, ?, ?, ?, ?)  [["title", "2001: A Space Odyssey"], ["rating", "G"], ["release_date", "1968-04-06 00:00:00.000000"], ["created_at", "2020-03-10 18:46:29.506193"], ["updated_at", "2020-03-10 18:46:29.506193"]]
  [1m[36m (0.0ms)[0m  [1mRELEASE SAVEPOINT active_record_1[0m
  [1m[35m (0.0ms)[0m  SAVEPOINT active_record_1
  [1m[36mSQL (0.1ms)[0m  [1mINSERT INTO "movies" ("title", "rating", "release_date", "created_at", "updated_at") VALUES (?, ?, ?, ?, ?)[0m  [["title", "The Incredibles"], ["rating", "PG"], ["release_date", "2004-11-05 00:00:00.000000"], ["created_at", "2020-03-10 18:46:29.508944"], ["updated_at", "2020-03-10 18:46:29.508944"]]
  [1m[35m (0.0ms)[0m  RELEASE SAVEPOINT active_record_1
  [1m[36m (0.0ms)[0m  [1mSAVEPOINT active_record_1[0m
  [1m[35mSQL (0.1ms)[0m  INSERT INTO "movies" ("title", "rating", "release_date", "created_at", "updated_at") VALUES (?, ?, ?, ?, ?)  [["title", "Raiders of the Lost Ark"], ["rating", "PG"], ["release_date", "1981-06-12 00:00:00.000000"], ["created_at", "2020-03-10 18:46:29.510588"], ["updated_at", "2020-03-10 18:46:29.510588"]]
  [1m[36m (0.0ms)[0m  [1mRELEASE SAVEPOINT active_record_1[0m
  [1m[35m (0.0ms)[0m  SAVEPOINT active_record_1
  [1m[36mSQL (0.1ms)[0m  [1mINSERT INTO "movies" ("title", "rating", "release_date", "created_at", "updated_at") VALUES (?, ?, ?, ?, ?)[0m  [["title", "Chicken Run"], ["rating", "G"], ["release_date", "2000-06-21 00:00:00.000000"], ["created_at", "2020-03-10 18:46:29.513141"], ["updated_at", "2020-03-10 18:46:29.513141"]]
  [1m[35m (0.0ms)[0m  RELEASE SAVEPOINT active_record_1
Started GET "/movies" for 127.0.0.1 at 2020-03-10 18:46:29 +0000
Processing by MoviesController#index as HTML
  [1m[36mMovie Load (0.2ms)[0m  [1mSELECT "movies".* FROM "movies" WHERE "movies"."rating" IN ('G', 'PG', 'PG-13', 'NC-17', 'R')[0m
  Rendered movies/index.html.haml within layouts/application (6.6ms)
Completed 200 OK in 16ms (Views: 15.6ms | ActiveRecord: 0.2ms)
Started GET "/movies?ratings[G]=G&ratings[NC-17]=NC-17&ratings[PG]=PG&ratings[PG-13]=PG-13&ratings[R]=R&sort=title" for 127.0.0.1 at 2020-03-10 18:46:29 +0000
Processing by MoviesController#index as HTML
  Parameters: {"ratings"=>{"G"=>"G", "NC-17"=>"NC-17", "PG"=>"PG", "PG-13"=>"PG-13", "R"=>"R"}, "sort"=>"title"}
Redirected to http://www.example.com/movies?ratings%5BG%5D=G&ratings%5BNC-17%5D=NC-17&ratings%5BPG%5D=PG&ratings%5BPG-13%5D=PG-13&ratings%5BR%5D=R&sort=title
Completed 302 Found in 1ms (ActiveRecord: 0.0ms)
Started GET "/movies?ratings[G]=G&ratings[NC-17]=NC-17&ratings[PG]=PG&ratings[PG-13]=PG-13&ratings[R]=R&sort=title" for 127.0.0.1 at 2020-03-10 18:46:29 +0000
Processing by MoviesController#index as HTML
  Parameters: {"ratings"=>{"G"=>"G", "NC-17"=>"NC-17", "PG"=>"PG", "PG-13"=>"PG-13", "R"=>"R"}, "sort"=>"title"}
  [1m[35mMovie Load (0.2ms)[0m  SELECT "movies".* FROM "movies" WHERE "movies"."rating" IN ('G', 'NC-17', 'PG', 'PG-13', 'R')  ORDER BY "movies"."title" ASC
  Rendered movies/index.html.haml within layouts/application (4.7ms)
Completed 200 OK in 7ms (Views: 6.2ms | ActiveRecord: 0.2ms)
  [1m[36m (0.2ms)[0m  [1mrollback transaction[0m
  [1m[35m (0.1ms)[0m  begin transaction
  [1m[36m (0.0ms)[0m  [1mcommit transaction[0m
  [1m[35m (0.0ms)[0m  begin transaction
  [1m[36m (0.1ms)[0m  [1mSAVEPOINT active_record_1[0m
  [1m[35mSQL (0.1ms)[0m  INSERT INTO "movies" ("title", "rating", "release_date", "created_at", "updated_at") VALUES (?, ?, ?, ?, ?)  [["title", "Aladdin"], ["rating", "G"], ["release_date", "1992-11-25 00:00:00.000000"], ["created_at", "2020-03-10 18:46:29.596227"], ["updated_at", "2020-03-10 18:46:29.596227"]]
  [1m[36m (0.0ms)[0m  [1mRELEASE SAVEPOINT active_record_1[0m
  [1m[35m (0.0ms)[0m  SAVEPOINT active_record_1
  [1m[36mSQL (0.1ms)[0m  [1mINSERT INTO "movies" ("title", "rating", "release_date", "created_at", "updated_at") VALUES (?, ?, ?, ?, ?)[0m  [["title", "The Terminator"], ["rating", "R"], ["release_date", "1984-10-26 00:00:00.000000"], ["created_at", "2020-03-10 18:46:29.598022"], ["updated_at", "2020-03-10 18:46:29.598022"]]
  [1m[35m (0.0ms)[0m  RELEASE SAVEPOINT active_record_1
  [1m[36m (0.1ms)[0m  [1mSAVEPOINT active_record_1[0m
  [1m[35mSQL (0.1ms)[0m  INSERT INTO "movies" ("title", "rating", "release_date", "created_at", "updated_at") VALUES (?, ?, ?, ?, ?)  [["title", "When Harry Met Sally"], ["rating", "R"], ["release_date", "1989-07-21 00:00:00.000000"], ["created_at", "2020-03-10 18:46:29.599761"], ["updated_at", "2020-03-10 18:46:29.599761"]]
  [1m[36m (0.0ms)[0m  [1mRELEASE SAVEPOINT active_record_1[0m
  [1m[35m (0.1ms)[0m  SAVEPOINT active_record_1
  [1m[36mSQL (0.1ms)[0m  [1mINSERT INTO "movies" ("title", "rating", "release_date", "created_at", "updated_at") VALUES (?, ?, ?, ?, ?)[0m  [["title", "The Help"], ["rating", "PG-13"], ["release_date", "2011-08-10 00:00:00.000000"], ["created_at", "2020-03-10 18:46:29.601513"], ["updated_at", "2020-03-10 18:46:29.601513"]]
  [1m[35m (0.0ms)[0m  RELEASE SAVEPOINT active_record_1
  [1m[36m (0.0ms)[0m  [1mSAVEPOINT active_record_1[0m
  [1m[35mSQL (0.1ms)[0m  INSERT INTO "movies" ("title", "rating", "release_date", "created_at", "updated_at") VALUES (?, ?, ?, ?, ?)  [["title", "Chocolat"], ["rating", "PG-13"], ["release_date", "2001-01-05 00:00:00.000000"], ["created_at", "2020-03-10 18:46:29.602780"], ["updated_at", "2020-03-10 18:46:29.602780"]]
  [1m[36m (0.0ms)[0m  [1mRELEASE SAVEPOINT active_record_1[0m
  [1m[35m (0.0ms)[0m  SAVEPOINT active_record_1
  [1m[36mSQL (0.1ms)[0m  [1mINSERT INTO "movies" ("title", "rating", "release_date", "created_at", "updated_at") VALUES (?, ?, ?, ?, ?)[0m  [["title", "Amelie"], ["rating", "R"], ["release_date", "2001-04-25 00:00:00.000000"], ["created_at", "2020-03-10 18:46:29.604487"], ["updated_at", "2020-03-10 18:46:29.604487"]]
  [1m[35m (0.0ms)[0m  RELEASE SAVEPOINT active_record_1
  [1m[36m (0.0ms)[0m  [1mSAVEPOINT active_record_1[0m
  [1m[35mSQL (0.1ms)[0m  INSERT INTO "movies" ("title", "rating", "release_date", "created_at", "updated_at") VALUES (?, ?, ?, ?, ?)  [["title", "2001: A Space Odyssey"], ["rating", "G"], ["release_date", "1968-04-06 00:00:00.000000"], ["created_at", "2020-03-10 18:46:29.606032"], ["updated_at", "2020-03-10 18:46:29.606032"]]
  [1m[36m (0.1ms)[0m  [1mRELEASE SAVEPOINT active_record_1[0m
  [1m[35m (0.0ms)[0m  SAVEPOINT active_record_1
  [1m[36mSQL (0.1ms)[0m  [1mINSERT INTO "movies" ("title", "rating", "release_date", "created_at", "updated_at") VALUES (?, ?, ?, ?, ?)[0m  [["title", "The Incredibles"], ["rating", "PG"], ["release_date", "2004-11-05 00:00:00.000000"], ["created_at", "2020-03-10 18:46:29.607547"], ["updated_at", "2020-03-10 18:46:29.607547"]]
  [1m[35m (0.0ms)[0m  RELEASE SAVEPOINT active_record_1
  [1m[36m (0.0ms)[0m  [1mSAVEPOINT active_record_1[0m
  [1m[35mSQL (0.1ms)[0m  INSERT INTO "movies" ("title", "rating", "release_date", "created_at", "updated_at") VALUES (?, ?, ?, ?, ?)  [["title", "Raiders of the Lost Ark"], ["rating", "PG"], ["release_date", "1981-06-12 00:00:00.000000"], ["created_at", "2020-03-10 18:46:29.609083"], ["updated_at", "2020-03-10 18:46:29.609083"]]
  [1m[36m (0.0ms)[0m  [1mRELEASE SAVEPOINT active_record_1[0m
  [1m[35m (0.3ms)[0m  SAVEPOINT active_record_1
  [1m[36mSQL (0.1ms)[0m  [1mINSERT INTO "movies" ("title", "rating", "release_date", "created_at", "updated_at") VALUES (?, ?, ?, ?, ?)[0m  [["title", "Chicken Run"], ["rating", "G"], ["release_date", "2000-06-21 00:00:00.000000"], ["created_at", "2020-03-10 18:46:29.610632"], ["updated_at", "2020-03-10 18:46:29.610632"]]
  [1m[35m (0.1ms)[0m  RELEASE SAVEPOINT active_record_1
Started GET "/movies" for 127.0.0.1 at 2020-03-10 18:46:29 +0000
Processing by MoviesController#index as HTML
  [1m[36mMovie Load (0.2ms)[0m  [1mSELECT "movies".* FROM "movies" WHERE "movies"."rating" IN ('G', 'PG', 'PG-13', 'NC-17', 'R')[0m
  Rendered movies/index.html.haml within layouts/application (3.7ms)
Completed 200 OK in 6ms (Views: 4.9ms | ActiveRecord: 0.2ms)
Started GET "/movies?ratings[G]=G&ratings[NC-17]=NC-17&ratings[PG]=PG&ratings[PG-13]=PG-13&ratings[R]=R&sort=release_date" for 127.0.0.1 at 2020-03-10 18:46:29 +0000
Processing by MoviesController#index as HTML
  Parameters: {"ratings"=>{"G"=>"G", "NC-17"=>"NC-17", "PG"=>"PG", "PG-13"=>"PG-13", "R"=>"R"}, "sort"=>"release_date"}
Redirected to http://www.example.com/movies?ratings%5BG%5D=G&ratings%5BNC-17%5D=NC-17&ratings%5BPG%5D=PG&ratings%5BPG-13%5D=PG-13&ratings%5BR%5D=R&sort=release_date
Completed 302 Found in 1ms (ActiveRecord: 0.0ms)
Started GET "/movies?ratings[G]=G&ratings[NC-17]=NC-17&ratings[PG]=PG&ratings[PG-13]=PG-13&ratings[R]=R&sort=release_date" for 127.0.0.1 at 2020-03-10 18:46:29 +0000
Processing by MoviesController#index as HTML
  Parameters: {"ratings"=>{"G"=>"G", "NC-17"=>"NC-17", "PG"=>"PG", "PG-13"=>"PG-13", "R"=>"R"}, "sort"=>"release_date"}
  [1m[35mMovie Load (0.2ms)[0m  SELECT "movies".* FROM "movies" WHERE "movies"."rating" IN ('G', 'NC-17', 'PG', 'PG-13', 'R')  ORDER BY "movies"."release_date" ASC
  Rendered movies/index.html.haml within layouts/application (3.9ms)
Completed 200 OK in 6ms (Views: 5.3ms | ActiveRecord: 0.2ms)
  [1m[36m (0.2ms)[0m  [1mrollback transaction[0m
  [1m[36mActiveRecord::SchemaMigration Load (0.1ms)[0m  [1mSELECT "schema_migrations".* FROM "schema_migrations"[0m
  [1m[35m (0.1ms)[0m  begin transaction
  [1m[36m (0.0ms)[0m  [1mcommit transaction[0m
  [1m[35m (0.0ms)[0m  begin transaction
  [1m[36m (0.0ms)[0m  [1mSAVEPOINT active_record_1[0m
  [1m[35mSQL (0.2ms)[0m  INSERT INTO "movies" ("title", "rating", "director", "release_date", "created_at", "updated_at") VALUES (?, ?, ?, ?, ?, ?)  [["title", "Star Wars"], ["rating", "PG"], ["director", "George Lucas"], ["release_date", "1977-05-25 00:00:00.000000"], ["created_at", "2020-03-10 18:47:21.279920"], ["updated_at", "2020-03-10 18:47:21.279920"]]
  [1m[36m (0.0ms)[0m  [1mRELEASE SAVEPOINT active_record_1[0m
  [1m[35m (0.0ms)[0m  SAVEPOINT active_record_1
  [1m[36mSQL (0.1ms)[0m  [1mINSERT INTO "movies" ("title", "rating", "director", "release_date", "created_at", "updated_at") VALUES (?, ?, ?, ?, ?, ?)[0m  [["title", "Blade Runner"], ["rating", "PG"], ["director", "Ridley Scott"], ["release_date", "1982-06-25 00:00:00.000000"], ["created_at", "2020-03-10 18:47:21.281800"], ["updated_at", "2020-03-10 18:47:21.281800"]]
  [1m[35m (0.1ms)[0m  RELEASE SAVEPOINT active_record_1
  [1m[36m (0.0ms)[0m  [1mSAVEPOINT active_record_1[0m
  [1m[35mSQL (0.1ms)[0m  INSERT INTO "movies" ("title", "rating", "director", "release_date", "created_at", "updated_at") VALUES (?, ?, ?, ?, ?, ?)  [["title", "Alien"], ["rating", "R"], ["director", ""], ["release_date", "1979-05-25 00:00:00.000000"], ["created_at", "2020-03-10 18:47:21.283202"], ["updated_at", "2020-03-10 18:47:21.283202"]]
  [1m[36m (0.0ms)[0m  [1mRELEASE SAVEPOINT active_record_1[0m
  [1m[35m (0.0ms)[0m  SAVEPOINT active_record_1
  [1m[36mSQL (0.1ms)[0m  [1mINSERT INTO "movies" ("title", "rating", "director", "release_date", "created_at", "updated_at") VALUES (?, ?, ?, ?, ?, ?)[0m  [["title", "THX-1138"], ["rating", "R"], ["director", "George Lucas"], ["release_date", "1971-03-11 00:00:00.000000"], ["created_at", "2020-03-10 18:47:21.284507"], ["updated_at", "2020-03-10 18:47:21.284507"]]
  [1m[35m (0.0ms)[0m  RELEASE SAVEPOINT active_record_1
  [1m[36mMovie Load (0.2ms)[0m  [1mSELECT  "movies".* FROM "movies" WHERE "movies"."title" = ? LIMIT 1[0m  [["title", "Alien"]]
Started GET "/movies/3/edit" for 127.0.0.1 at 2020-03-10 18:47:21 +0000
Processing by MoviesController#edit as HTML
  Parameters: {"id"=>"3"}
  [1m[35mMovie Load (0.2ms)[0m  SELECT  "movies".* FROM "movies" WHERE "movies"."id" = ? LIMIT 1  [["id", 3]]
  Rendered movies/edit.html.haml within layouts/application (9.5ms)
Completed 200 OK in 161ms (Views: 159.6ms | ActiveRecord: 0.2ms)
Started PUT "/movies/3" for 127.0.0.1 at 2020-03-10 18:47:21 +0000
Processing by MoviesController#update as HTML
  Parameters: {"utf8"=>"✓", "movie"=>{"title"=>"Alien", "rating"=>"R", "director"=>"Ridley Scott", "release_date(1i)"=>"1979", "release_date(2i)"=>"5", "release_date(3i)"=>"25"}, "commit"=>"Update Movie Info", "id"=>"3"}
  [1m[36mMovie Load (0.1ms)[0m  [1mSELECT  "movies".* FROM "movies" WHERE "movies"."id" = ? LIMIT 1[0m  [["id", 3]]
  [1m[35m (0.1ms)[0m  SAVEPOINT active_record_1
  [1m[36mSQL (0.1ms)[0m  [1mUPDATE "movies" SET "director" = ?, "updated_at" = ? WHERE "movies"."id" = ?[0m  [["director", "Ridley Scott"], ["updated_at", "2020-03-10 18:47:21.484471"], ["id", 3]]
  [1m[35m (0.0ms)[0m  RELEASE SAVEPOINT active_record_1
Redirected to http://www.example.com/movies/3
Completed 302 Found in 3ms (ActiveRecord: 0.3ms)
Started GET "/movies/3" for 127.0.0.1 at 2020-03-10 18:47:21 +0000
Processing by MoviesController#show as HTML
  Parameters: {"id"=>"3"}
  [1m[36mMovie Load (0.0ms)[0m  [1mSELECT  "movies".* FROM "movies" WHERE "movies"."id" = ? LIMIT 1[0m  [["id", 3]]
  Rendered movies/show.html.haml within layouts/application (2.2ms)
Completed 200 OK in 4ms (Views: 4.0ms | ActiveRecord: 0.0ms)
  [1m[35mMovie Load (0.1ms)[0m  SELECT  "movies".* FROM "movies" WHERE "movies"."title" = ? LIMIT 1  [["title", "Alien"]]
  [1m[36m (0.2ms)[0m  [1mrollback transaction[0m
  [1m[35m (0.1ms)[0m  begin transaction
  [1m[36m (0.0ms)[0m  [1mcommit transaction[0m
  [1m[35m (0.0ms)[0m  begin transaction
  [1m[36m (0.1ms)[0m  [1mSAVEPOINT active_record_1[0m
  [1m[35mSQL (0.1ms)[0m  INSERT INTO "movies" ("title", "rating", "director", "release_date", "created_at", "updated_at") VALUES (?, ?, ?, ?, ?, ?)  [["title", "Star Wars"], ["rating", "PG"], ["director", "George Lucas"], ["release_date", "1977-05-25 00:00:00.000000"], ["created_at", "2020-03-10 18:47:21.498494"], ["updated_at", "2020-03-10 18:47:21.498494"]]
  [1m[36m (0.0ms)[0m  [1mRELEASE SAVEPOINT active_record_1[0m
  [1m[35m (0.0ms)[0m  SAVEPOINT active_record_1
  [1m[36mSQL (0.1ms)[0m  [1mINSERT INTO "movies" ("title", "rating", "director", "release_date", "created_at", "updated_at") VALUES (?, ?, ?, ?, ?, ?)[0m  [["title", "Blade Runner"], ["rating", "PG"], ["director", "Ridley Scott"], ["release_date", "1982-06-25 00:00:00.000000"], ["created_at", "2020-03-10 18:47:21.500078"], ["updated_at", "2020-03-10 18:47:21.500078"]]
  [1m[35m (0.0ms)[0m  RELEASE SAVEPOINT active_record_1
  [1m[36m (0.0ms)[0m  [1mSAVEPOINT active_record_1[0m
  [1m[35mSQL (0.1ms)[0m  INSERT INTO "movies" ("title", "rating", "director", "release_date", "created_at", "updated_at") VALUES (?, ?, ?, ?, ?, ?)  [["title", "Alien"], ["rating", "R"], ["director", ""], ["release_date", "1979-05-25 00:00:00.000000"], ["created_at", "2020-03-10 18:47:21.501456"], ["updated_at", "2020-03-10 18:47:21.501456"]]
  [1m[36m (0.0ms)[0m  [1mRELEASE SAVEPOINT active_record_1[0m
  [1m[35m (0.0ms)[0m  SAVEPOINT active_record_1
  [1m[36mSQL (0.1ms)[0m  [1mINSERT INTO "movies" ("title", "rating", "director", "release_date", "created_at", "updated_at") VALUES (?, ?, ?, ?, ?, ?)[0m  [["title", "THX-1138"], ["rating", "R"], ["director", "George Lucas"], ["release_date", "1971-03-11 00:00:00.000000"], ["created_at", "2020-03-10 18:47:21.502756"], ["updated_at", "2020-03-10 18:47:21.502756"]]
  [1m[35m (0.0ms)[0m  RELEASE SAVEPOINT active_record_1
  [1m[36mMovie Load (0.0ms)[0m  [1mSELECT  "movies".* FROM "movies" WHERE "movies"."title" = ? LIMIT 1[0m  [["title", "Star Wars"]]
Started GET "/movies/1" for 127.0.0.1 at 2020-03-10 18:47:21 +0000
Processing by MoviesController#show as HTML
  Parameters: {"id"=>"1"}
  [1m[35mMovie Load (0.0ms)[0m  SELECT  "movies".* FROM "movies" WHERE "movies"."id" = ? LIMIT 1  [["id", 1]]
  Rendered movies/show.html.haml within layouts/application (0.5ms)
Completed 200 OK in 2ms (Views: 1.8ms | ActiveRecord: 0.0ms)
Started GET "/movies/director/1" for 127.0.0.1 at 2020-03-10 18:47:21 +0000
Processing by MoviesController#director as HTML
  Parameters: {"id"=>"1"}
  [1m[36mMovie Load (0.1ms)[0m  [1mSELECT  "movies".* FROM "movies" WHERE "movies"."id" = ? LIMIT 1[0m  [["id", 1]]
  [1m[35mMovie Load (0.1ms)[0m  SELECT "movies".* FROM "movies" WHERE (director = 'George Lucas')
  Rendered movies/director.html.haml within layouts/application (2.6ms)
Completed 200 OK in 5ms (Views: 3.9ms | ActiveRecord: 0.2ms)
  [1m[36mMovie Load (0.1ms)[0m  [1mSELECT  "movies".* FROM "movies" WHERE "movies"."title" = ? LIMIT 1[0m  [["title", "Star Wars"]]
  [1m[35m (0.1ms)[0m  rollback transaction
  [1m[36m (0.1ms)[0m  [1mbegin transaction[0m
  [1m[35m (0.0ms)[0m  commit transaction
  [1m[36m (0.0ms)[0m  [1mbegin transaction[0m
  [1m[35m (0.0ms)[0m  SAVEPOINT active_record_1
  [1m[36mSQL (0.1ms)[0m  [1mINSERT INTO "movies" ("title", "rating", "director", "release_date", "created_at", "updated_at") VALUES (?, ?, ?, ?, ?, ?)[0m  [["title", "Star Wars"], ["rating", "PG"], ["director", "George Lucas"], ["release_date", "1977-05-25 00:00:00.000000"], ["created_at", "2020-03-10 18:47:21.529358"], ["updated_at", "2020-03-10 18:47:21.529358"]]
  [1m[35m (0.0ms)[0m  RELEASE SAVEPOINT active_record_1
  [1m[36m (0.0ms)[0m  [1mSAVEPOINT active_record_1[0m
  [1m[35mSQL (0.1ms)[0m  INSERT INTO "movies" ("title", "rating", "director", "release_date", "created_at", "updated_at") VALUES (?, ?, ?, ?, ?, ?)  [["title", "Blade Runner"], ["rating", "PG"], ["director", "Ridley Scott"], ["release_date", "1982-06-25 00:00:00.000000"], ["created_at", "2020-03-10 18:47:21.530854"], ["updated_at", "2020-03-10 18:47:21.530854"]]
  [1m[36m (0.0ms)[0m  [1mRELEASE SAVEPOINT active_record_1[0m
  [1m[35m (0.0ms)[0m  SAVEPOINT active_record_1
  [1m[36mSQL (0.1ms)[0m  [1mINSERT INTO "movies" ("title", "rating", "director", "release_date", "created_at", "updated_at") VALUES (?, ?, ?, ?, ?, ?)[0m  [["title", "Alien"], ["rating", "R"], ["director", ""], ["release_date", "1979-05-25 00:00:00.000000"], ["created_at", "2020-03-10 18:47:21.532261"], ["updated_at", "2020-03-10 18:47:21.532261"]]
  [1m[35m (0.0ms)[0m  RELEASE SAVEPOINT active_record_1
  [1m[36m (0.0ms)[0m  [1mSAVEPOINT active_record_1[0m
  [1m[35mSQL (0.1ms)[0m  INSERT INTO "movies" ("title", "rating", "director", "release_date", "created_at", "updated_at") VALUES (?, ?, ?, ?, ?, ?)  [["title", "THX-1138"], ["rating", "R"], ["director", "George Lucas"], ["release_date", "1971-03-11 00:00:00.000000"], ["created_at", "2020-03-10 18:47:21.533617"], ["updated_at", "2020-03-10 18:47:21.533617"]]
  [1m[36m (0.0ms)[0m  [1mRELEASE SAVEPOINT active_record_1[0m
  [1m[35mMovie Load (0.0ms)[0m  SELECT  "movies".* FROM "movies" WHERE "movies"."title" = ? LIMIT 1  [["title", "Alien"]]
Started GET "/movies/3" for 127.0.0.1 at 2020-03-10 18:47:21 +0000
Processing by MoviesController#show as HTML
  Parameters: {"id"=>"3"}
  [1m[36mMovie Load (0.0ms)[0m  [1mSELECT  "movies".* FROM "movies" WHERE "movies"."id" = ? LIMIT 1[0m  [["id", 3]]
  Rendered movies/show.html.haml within layouts/application (0.5ms)
Completed 200 OK in 2ms (Views: 1.8ms | ActiveRecord: 0.0ms)
Started GET "/movies/director/3" for 127.0.0.1 at 2020-03-10 18:47:21 +0000
Processing by MoviesController#director as HTML
  Parameters: {"id"=>"3"}
  [1m[35mMovie Load (0.0ms)[0m  SELECT  "movies".* FROM "movies" WHERE "movies"."id" = ? LIMIT 1  [["id", 3]]
Redirected to http://www.example.com/movies
Completed 302 Found in 1ms (ActiveRecord: 0.0ms)
Started GET "/movies" for 127.0.0.1 at 2020-03-10 18:47:21 +0000
Processing by MoviesController#index as HTML
  [1m[36mMovie Load (0.1ms)[0m  [1mSELECT "movies".* FROM "movies" WHERE "movies"."rating" IN ('G', 'PG', 'PG-13', 'NC-17', 'R')[0m
  Rendered movies/index.html.haml within layouts/application (4.6ms)
Completed 200 OK in 6ms (Views: 5.8ms | ActiveRecord: 0.1ms)
  [1m[35m (0.2ms)[0m  rollback transaction
  [1m[36m (0.1ms)[0m  [1mbegin transaction[0m
  [1m[35m (0.0ms)[0m  commit transaction
  [1m[36m (0.0ms)[0m  [1mbegin transaction[0m
  [1m[35m (0.1ms)[0m  SAVEPOINT active_record_1
  [1m[36mSQL (0.2ms)[0m  [1mINSERT INTO "movies" ("title", "rating", "release_date", "created_at", "updated_at") VALUES (?, ?, ?, ?, ?)[0m  [["title", "Aladdin"], ["rating", "G"], ["release_date", "1992-11-25 00:00:00.000000"], ["created_at", "2020-03-10 18:47:21.576518"], ["updated_at", "2020-03-10 18:47:21.576518"]]
  [1m[35m (0.0ms)[0m  RELEASE SAVEPOINT active_record_1
  [1m[36m (0.0ms)[0m  [1mSAVEPOINT active_record_1[0m
  [1m[35mSQL (0.1ms)[0m  INSERT INTO "movies" ("title", "rating", "release_date", "created_at", "updated_at") VALUES (?, ?, ?, ?, ?)  [["title", "The Terminator"], ["rating", "R"], ["release_date", "1984-10-26 00:00:00.000000"], ["created_at", "2020-03-10 18:47:21.578220"], ["updated_at", "2020-03-10 18:47:21.578220"]]
  [1m[36m (0.0ms)[0m  [1mRELEASE SAVEPOINT active_record_1[0m
  [1m[35m (0.0ms)[0m  SAVEPOINT active_record_1
  [1m[36mSQL (0.1ms)[0m  [1mINSERT INTO "movies" ("title", "rating", "release_date", "created_at", "updated_at") VALUES (?, ?, ?, ?, ?)[0m  [["title", "When Harry Met Sally"], ["rating", "R"], ["release_date", "1989-07-21 00:00:00.000000"], ["created_at", "2020-03-10 18:47:21.579567"], ["updated_at", "2020-03-10 18:47:21.579567"]]
  [1m[35m (0.1ms)[0m  RELEASE SAVEPOINT active_record_1
  [1m[36m (0.0ms)[0m  [1mSAVEPOINT active_record_1[0m
  [1m[35mSQL (0.1ms)[0m  INSERT INTO "movies" ("title", "rating", "release_date", "created_at", "updated_at") VALUES (?, ?, ?, ?, ?)  [["title", "The Help"], ["rating", "PG-13"], ["release_date", "2011-08-10 00:00:00.000000"], ["created_at", "2020-03-10 18:47:21.580884"], ["updated_at", "2020-03-10 18:47:21.580884"]]
  [1m[36m (0.1ms)[0m  [1mRELEASE SAVEPOINT active_record_1[0m
  [1m[35m (0.0ms)[0m  SAVEPOINT active_record_1
  [1m[36mSQL (0.1ms)[0m  [1mINSERT INTO "movies" ("title", "rating", "release_date", "created_at", "updated_at") VALUES (?, ?, ?, ?, ?)[0m  [["title", "Chocolat"], ["rating", "PG-13"], ["release_date", "2001-01-05 00:00:00.000000"], ["created_at", "2020-03-10 18:47:21.582161"], ["updated_at", "2020-03-10 18:47:21.582161"]]
  [1m[35m (0.0ms)[0m  RELEASE SAVEPOINT active_record_1
  [1m[36m (0.0ms)[0m  [1mSAVEPOINT active_record_1[0m
  [1m[35mSQL (0.1ms)[0m  INSERT INTO "movies" ("title", "rating", "release_date", "created_at", "updated_at") VALUES (?, ?, ?, ?, ?)  [["title", "Amelie"], ["rating", "R"], ["release_date", "2001-04-25 00:00:00.000000"], ["created_at", "2020-03-10 18:47:21.583446"], ["updated_at", "2020-03-10 18:47:21.583446"]]
  [1m[36m (0.0ms)[0m  [1mRELEASE SAVEPOINT active_record_1[0m
  [1m[35m (0.0ms)[0m  SAVEPOINT active_record_1
  [1m[36mSQL (0.1ms)[0m  [1mINSERT INTO "movies" ("title", "rating", "release_date", "created_at", "updated_at") VALUES (?, ?, ?, ?, ?)[0m  [["title", "2001: A Space Odyssey"], ["rating", "G"], ["release_date", "1968-04-06 00:00:00.000000"], ["created_at", "2020-03-10 18:47:21.584757"], ["updated_at", "2020-03-10 18:47:21.584757"]]
  [1m[35m (0.1ms)[0m  RELEASE SAVEPOINT active_record_1
  [1m[36m (0.0ms)[0m  [1mSAVEPOINT active_record_1[0m
  [1m[35mSQL (0.1ms)[0m  INSERT INTO "movies" ("title", "rating", "release_date", "created_at", "updated_at") VALUES (?, ?, ?, ?, ?)  [["title", "The Incredibles"], ["rating", "PG"], ["release_date", "2004-11-05 00:00:00.000000"], ["created_at", "2020-03-10 18:47:21.586052"], ["updated_at", "2020-03-10 18:47:21.586052"]]
  [1m[36m (0.0ms)[0m  [1mRELEASE SAVEPOINT active_record_1[0m
  [1m[35m (0.0ms)[0m  SAVEPOINT active_record_1
  [1m[36mSQL (0.1ms)[0m  [1mINSERT INTO "movies" ("title", "rating", "release_date", "created_at", "updated_at") VALUES (?, ?, ?, ?, ?)[0m  [["title", "Raiders of the Lost Ark"], ["rating", "PG"], ["release_date", "1981-06-12 00:00:00.000000"], ["created_at", "2020-03-10 18:47:21.587320"], ["updated_at", "2020-03-10 18:47:21.587320"]]
  [1m[35m (0.0ms)[0m  RELEASE SAVEPOINT active_record_1
  [1m[36m (0.0ms)[0m  [1mSAVEPOINT active_record_1[0m
  [1m[35mSQL (0.1ms)[0m  INSERT INTO "movies" ("title", "rating", "release_date", "created_at", "updated_at") VALUES (?, ?, ?, ?, ?)  [["title", "Chicken Run"], ["rating", "G"], ["release_date", "2000-06-21 00:00:00.000000"], ["created_at", "2020-03-10 18:47:21.588644"], ["updated_at", "2020-03-10 18:47:21.588644"]]
  [1m[36m (0.0ms)[0m  [1mRELEASE SAVEPOINT active_record_1[0m
Started GET "/movies" for 127.0.0.1 at 2020-03-10 18:47:21 +0000
Processing by MoviesController#index as HTML
  [1m[35mMovie Load (0.2ms)[0m  SELECT "movies".* FROM "movies" WHERE "movies"."rating" IN ('G', 'PG', 'PG-13', 'NC-17', 'R')
  Rendered movies/index.html.haml within layouts/application (3.3ms)
Completed 200 OK in 5ms (Views: 4.4ms | ActiveRecord: 0.2ms)
Started GET "/movies?utf8=%E2%9C%93&ratings[PG]=1&ratings[NC-17]=1&ratings[R]=1&commit=Refresh" for 127.0.0.1 at 2020-03-10 18:47:21 +0000
Processing by MoviesController#index as HTML
  Parameters: {"utf8"=>"✓", "ratings"=>{"PG"=>"1", "NC-17"=>"1", "R"=>"1"}, "commit"=>"Refresh"}
Redirected to http://www.example.com/movies?ratings%5BNC-17%5D=1&ratings%5BPG%5D=1&ratings%5BR%5D=1
Completed 302 Found in 1ms (ActiveRecord: 0.0ms)
Started GET "/movies?ratings[NC-17]=1&ratings[PG]=1&ratings[R]=1" for 127.0.0.1 at 2020-03-10 18:47:21 +0000
Processing by MoviesController#index as HTML
  Parameters: {"ratings"=>{"NC-17"=>"1", "PG"=>"1", "R"=>"1"}}
  [1m[36mMovie Load (0.2ms)[0m  [1mSELECT "movies".* FROM "movies" WHERE "movies"."rating" IN ('NC-17', 'PG', 'R')[0m
  Rendered movies/index.html.haml within layouts/application (2.7ms)
Completed 200 OK in 33ms (Views: 3.8ms | ActiveRecord: 0.2ms)
  [1m[35m (0.2ms)[0m  rollback transaction
  [1m[36m (0.1ms)[0m  [1mbegin transaction[0m
  [1m[35m (0.0ms)[0m  commit transaction
  [1m[36m (0.0ms)[0m  [1mbegin transaction[0m
  [1m[35m (0.0ms)[0m  SAVEPOINT active_record_1
  [1m[36mSQL (0.1ms)[0m  [1mINSERT INTO "movies" ("title", "rating", "release_date", "created_at", "updated_at") VALUES (?, ?, ?, ?, ?)[0m  [["title", "Aladdin"], ["rating", "G"], ["release_date", "1992-11-25 00:00:00.000000"], ["created_at", "2020-03-10 18:47:21.658664"], ["updated_at", "2020-03-10 18:47:21.658664"]]
  [1m[35m (0.0ms)[0m  RELEASE SAVEPOINT active_record_1
  [1m[36m (0.0ms)[0m  [1mSAVEPOINT active_record_1[0m
  [1m[35mSQL (0.1ms)[0m  INSERT INTO "movies" ("title", "rating", "release_date", "created_at", "updated_at") VALUES (?, ?, ?, ?, ?)  [["title", "The Terminator"], ["rating", "R"], ["release_date", "1984-10-26 00:00:00.000000"], ["created_at", "2020-03-10 18:47:21.660190"], ["updated_at", "2020-03-10 18:47:21.660190"]]
  [1m[36m (0.0ms)[0m  [1mRELEASE SAVEPOINT active_record_1[0m
  [1m[35m (0.0ms)[0m  SAVEPOINT active_record_1
  [1m[36mSQL (0.1ms)[0m  [1mINSERT INTO "movies" ("title", "rating", "release_date", "created_at", "updated_at") VALUES (?, ?, ?, ?, ?)[0m  [["title", "When Harry Met Sally"], ["rating", "R"], ["release_date", "1989-07-21 00:00:00.000000"], ["created_at", "2020-03-10 18:47:21.661530"], ["updated_at", "2020-03-10 18:47:21.661530"]]
  [1m[35m (0.0ms)[0m  RELEASE SAVEPOINT active_record_1
  [1m[36m (0.0ms)[0m  [1mSAVEPOINT active_record_1[0m
  [1m[35mSQL (0.1ms)[0m  INSERT INTO "movies" ("title", "rating", "release_date", "created_at", "updated_at") VALUES (?, ?, ?, ?, ?)  [["title", "The Help"], ["rating", "PG-13"], ["release_date", "2011-08-10 00:00:00.000000"], ["created_at", "2020-03-10 18:47:21.662815"], ["updated_at", "2020-03-10 18:47:21.662815"]]
  [1m[36m (0.0ms)[0m  [1mRELEASE SAVEPOINT active_record_1[0m
  [1m[35m (0.0ms)[0m  SAVEPOINT active_record_1
  [1m[36mSQL (0.1ms)[0m  [1mINSERT INTO "movies" ("title", "rating", "release_date", "created_at", "updated_at") VALUES (?, ?, ?, ?, ?)[0m  [["title", "Chocolat"], ["rating", "PG-13"], ["release_date", "2001-01-05 00:00:00.000000"], ["created_at", "2020-03-10 18:47:21.664132"], ["updated_at", "2020-03-10 18:47:21.664132"]]
  [1m[35m (0.0ms)[0m  RELEASE SAVEPOINT active_record_1
  [1m[36m (0.0ms)[0m  [1mSAVEPOINT active_record_1[0m
  [1m[35mSQL (0.1ms)[0m  INSERT INTO "movies" ("title", "rating", "release_date", "created_at", "updated_at") VALUES (?, ?, ?, ?, ?)  [["title", "Amelie"], ["rating", "R"], ["release_date", "2001-04-25 00:00:00.000000"], ["created_at", "2020-03-10 18:47:21.665404"], ["updated_at", "2020-03-10 18:47:21.665404"]]
  [1m[36m (0.0ms)[0m  [1mRELEASE SAVEPOINT active_record_1[0m
  [1m[35m (0.0ms)[0m  SAVEPOINT active_record_1
  [1m[36mSQL (0.1ms)[0m  [1mINSERT INTO "movies" ("title", "rating", "release_date", "created_at", "updated_at") VALUES (?, ?, ?, ?, ?)[0m  [["title", "2001: A Space Odyssey"], ["rating", "G"], ["release_date", "1968-04-06 00:00:00.000000"], ["created_at", "2020-03-10 18:47:21.666712"], ["updated_at", "2020-03-10 18:47:21.666712"]]
  [1m[35m (0.0ms)[0m  RELEASE SAVEPOINT active_record_1
  [1m[36m (0.0ms)[0m  [1mSAVEPOINT active_record_1[0m
  [1m[35mSQL (0.1ms)[0m  INSERT INTO "movies" ("title", "rating", "release_date", "created_at", "updated_at") VALUES (?, ?, ?, ?, ?)  [["title", "The Incredibles"], ["rating", "PG"], ["release_date", "2004-11-05 00:00:00.000000"], ["created_at", "2020-03-10 18:47:21.668028"], ["updated_at", "2020-03-10 18:47:21.668028"]]
  [1m[36m (0.0ms)[0m  [1mRELEASE SAVEPOINT active_record_1[0m
  [1m[35m (0.0ms)[0m  SAVEPOINT active_record_1
  [1m[36mSQL (0.1ms)[0m  [1mINSERT INTO "movies" ("title", "rating", "release_date", "created_at", "updated_at") VALUES (?, ?, ?, ?, ?)[0m  [["title", "Raiders of the Lost Ark"], ["rating", "PG"], ["release_date", "1981-06-12 00:00:00.000000"], ["created_at", "2020-03-10 18:47:21.669324"], ["updated_at", "2020-03-10 18:47:21.669324"]]
  [1m[35m (0.1ms)[0m  RELEASE SAVEPOINT active_record_1
  [1m[36m (0.0ms)[0m  [1mSAVEPOINT active_record_1[0m
  [1m[35mSQL (0.1ms)[0m  INSERT INTO "movies" ("title", "rating", "release_date", "created_at", "updated_at") VALUES (?, ?, ?, ?, ?)  [["title", "Chicken Run"], ["rating", "G"], ["release_date", "2000-06-21 00:00:00.000000"], ["created_at", "2020-03-10 18:47:21.670653"], ["updated_at", "2020-03-10 18:47:21.670653"]]
  [1m[36m (0.0ms)[0m  [1mRELEASE SAVEPOINT active_record_1[0m
Started GET "/movies" for 127.0.0.1 at 2020-03-10 18:47:21 +0000
Processing by MoviesController#index as HTML
  [1m[35mMovie Load (0.2ms)[0m  SELECT "movies".* FROM "movies" WHERE "movies"."rating" IN ('G', 'PG', 'PG-13', 'NC-17', 'R')
  Rendered movies/index.html.haml within layouts/application (3.0ms)
Completed 200 OK in 5ms (Views: 3.9ms | ActiveRecord: 0.2ms)
Started GET "/movies?utf8=%E2%9C%93&ratings[G]=1&ratings[PG]=1&ratings[PG-13]=1&ratings[NC-17]=1&ratings[R]=1&commit=Refresh" for 127.0.0.1 at 2020-03-10 18:47:21 +0000
Processing by MoviesController#index as HTML
  Parameters: {"utf8"=>"✓", "ratings"=>{"G"=>"1", "PG"=>"1", "PG-13"=>"1", "NC-17"=>"1", "R"=>"1"}, "commit"=>"Refresh"}
Redirected to http://www.example.com/movies?ratings%5BG%5D=1&ratings%5BNC-17%5D=1&ratings%5BPG%5D=1&ratings%5BPG-13%5D=1&ratings%5BR%5D=1
Completed 302 Found in 1ms (ActiveRecord: 0.0ms)
Started GET "/movies?ratings[G]=1&ratings[NC-17]=1&ratings[PG]=1&ratings[PG-13]=1&ratings[R]=1" for 127.0.0.1 at 2020-03-10 18:47:21 +0000
Processing by MoviesController#index as HTML
  Parameters: {"ratings"=>{"G"=>"1", "NC-17"=>"1", "PG"=>"1", "PG-13"=>"1", "R"=>"1"}}
  [1m[36mMovie Load (0.1ms)[0m  [1mSELECT "movies".* FROM "movies" WHERE "movies"."rating" IN ('G', 'NC-17', 'PG', 'PG-13', 'R')[0m
  Rendered movies/index.html.haml within layouts/application (2.8ms)
Completed 200 OK in 4ms (Views: 3.6ms | ActiveRecord: 0.1ms)
  [1m[35mMovie Load (0.1ms)[0m  SELECT "movies".* FROM "movies"
  [1m[36m (0.2ms)[0m  [1mrollback transaction[0m
  [1m[35m (0.0ms)[0m  begin transaction
  [1m[36m (0.0ms)[0m  [1mcommit transaction[0m
  [1m[35m (0.0ms)[0m  begin transaction
  [1m[36m (0.0ms)[0m  [1mSAVEPOINT active_record_1[0m
  [1m[35mSQL (0.1ms)[0m  INSERT INTO "movies" ("title", "rating", "release_date", "created_at", "updated_at") VALUES (?, ?, ?, ?, ?)  [["title", "Aladdin"], ["rating", "G"], ["release_date", "1992-11-25 00:00:00.000000"], ["created_at", "2020-03-10 18:47:21.717421"], ["updated_at", "2020-03-10 18:47:21.717421"]]
  [1m[36m (0.1ms)[0m  [1mRELEASE SAVEPOINT active_record_1[0m
  [1m[35m (0.0ms)[0m  SAVEPOINT active_record_1
  [1m[36mSQL (0.1ms)[0m  [1mINSERT INTO "movies" ("title", "rating", "release_date", "created_at", "updated_at") VALUES (?, ?, ?, ?, ?)[0m  [["title", "The Terminator"], ["rating", "R"], ["release_date", "1984-10-26 00:00:00.000000"], ["created_at", "2020-03-10 18:47:21.720577"], ["updated_at", "2020-03-10 18:47:21.720577"]]
  [1m[35m (0.0ms)[0m  RELEASE SAVEPOINT active_record_1
  [1m[36m (0.0ms)[0m  [1mSAVEPOINT active_record_1[0m
  [1m[35mSQL (0.1ms)[0m  INSERT INTO "movies" ("title", "rating", "release_date", "created_at", "updated_at") VALUES (?, ?, ?, ?, ?)  [["title", "When Harry Met Sally"], ["rating", "R"], ["release_date", "1989-07-21 00:00:00.000000"], ["created_at", "2020-03-10 18:47:21.723428"], ["updated_at", "2020-03-10 18:47:21.723428"]]
  [1m[36m (0.0ms)[0m  [1mRELEASE SAVEPOINT active_record_1[0m
  [1m[35m (0.0ms)[0m  SAVEPOINT active_record_1
  [1m[36mSQL (0.1ms)[0m  [1mINSERT INTO "movies" ("title", "rating", "release_date", "created_at", "updated_at") VALUES (?, ?, ?, ?, ?)[0m  [["title", "The Help"], ["rating", "PG-13"], ["release_date", "2011-08-10 00:00:00.000000"], ["created_at", "2020-03-10 18:47:21.725670"], ["updated_at", "2020-03-10 18:47:21.725670"]]
  [1m[35m (0.0ms)[0m  RELEASE SAVEPOINT active_record_1
  [1m[36m (0.0ms)[0m  [1mSAVEPOINT active_record_1[0m
  [1m[35mSQL (0.1ms)[0m  INSERT INTO "movies" ("title", "rating", "release_date", "created_at", "updated_at") VALUES (?, ?, ?, ?, ?)  [["title", "Chocolat"], ["rating", "PG-13"], ["release_date", "2001-01-05 00:00:00.000000"], ["created_at", "2020-03-10 18:47:21.727891"], ["updated_at", "2020-03-10 18:47:21.727891"]]
  [1m[36m (0.1ms)[0m  [1mRELEASE SAVEPOINT active_record_1[0m
  [1m[35m (0.0ms)[0m  SAVEPOINT active_record_1
  [1m[36mSQL (0.1ms)[0m  [1mINSERT INTO "movies" ("title", "rating", "release_date", "created_at", "updated_at") VALUES (?, ?, ?, ?, ?)[0m  [["title", "Amelie"], ["rating", "R"], ["release_date", "2001-04-25 00:00:00.000000"], ["created_at", "2020-03-10 18:47:21.732901"], ["updated_at", "2020-03-10 18:47:21.732901"]]
  [1m[35m (0.0ms)[0m  RELEASE SAVEPOINT active_record_1
  [1m[36m (0.0ms)[0m  [1mSAVEPOINT active_record_1[0m
  [1m[35mSQL (0.1ms)[0m  INSERT INTO "movies" ("title", "rating", "release_date", "created_at", "updated_at") VALUES (?, ?, ?, ?, ?)  [["title", "2001: A Space Odyssey"], ["rating", "G"], ["release_date", "1968-04-06 00:00:00.000000"], ["created_at", "2020-03-10 18:47:21.734474"], ["updated_at", "2020-03-10 18:47:21.734474"]]
  [1m[36m (0.0ms)[0m  [1mRELEASE SAVEPOINT active_record_1[0m
  [1m[35m (0.0ms)[0m  SAVEPOINT active_record_1
  [1m[36mSQL (0.4ms)[0m  [1mINSERT INTO "movies" ("title", "rating", "release_date", "created_at", "updated_at") VALUES (?, ?, ?, ?, ?)[0m  [["title", "The Incredibles"], ["rating", "PG"], ["release_date", "2004-11-05 00:00:00.000000"], ["created_at", "2020-03-10 18:47:21.736349"], ["updated_at", "2020-03-10 18:47:21.736349"]]
  [1m[35m (0.0ms)[0m  RELEASE SAVEPOINT active_record_1
  [1m[36m (0.0ms)[0m  [1mSAVEPOINT active_record_1[0m
  [1m[35mSQL (0.1ms)[0m  INSERT INTO "movies" ("title", "rating", "release_date", "created_at", "updated_at") VALUES (?, ?, ?, ?, ?)  [["title", "Raiders of the Lost Ark"], ["rating", "PG"], ["release_date", "1981-06-12 00:00:00.000000"], ["created_at", "2020-03-10 18:47:21.737919"], ["updated_at", "2020-03-10 18:47:21.737919"]]
  [1m[36m (0.1ms)[0m  [1mRELEASE SAVEPOINT active_record_1[0m
  [1m[35m (0.0ms)[0m  SAVEPOINT active_record_1
  [1m[36mSQL (0.1ms)[0m  [1mINSERT INTO "movies" ("title", "rating", "release_date", "created_at", "updated_at") VALUES (?, ?, ?, ?, ?)[0m  [["title", "Chicken Run"], ["rating", "G"], ["release_date", "2000-06-21 00:00:00.000000"], ["created_at", "2020-03-10 18:47:21.739763"], ["updated_at", "2020-03-10 18:47:21.739763"]]
  [1m[35m (0.0ms)[0m  RELEASE SAVEPOINT active_record_1
Started GET "/movies" for 127.0.0.1 at 2020-03-10 18:47:21 +0000
Processing by MoviesController#index as HTML
  [1m[36mMovie Load (0.2ms)[0m  [1mSELECT "movies".* FROM "movies" WHERE "movies"."rating" IN ('G', 'PG', 'PG-13', 'NC-17', 'R')[0m
  Rendered movies/index.html.haml within layouts/application (10.4ms)
Completed 200 OK in 15ms (Views: 13.8ms | ActiveRecord: 0.2ms)
Started GET "/movies?ratings[G]=G&ratings[NC-17]=NC-17&ratings[PG]=PG&ratings[PG-13]=PG-13&ratings[R]=R&sort=title" for 127.0.0.1 at 2020-03-10 18:47:21 +0000
Processing by MoviesController#index as HTML
  Parameters: {"ratings"=>{"G"=>"G", "NC-17"=>"NC-17", "PG"=>"PG", "PG-13"=>"PG-13", "R"=>"R"}, "sort"=>"title"}
Redirected to http://www.example.com/movies?ratings%5BG%5D=G&ratings%5BNC-17%5D=NC-17&ratings%5BPG%5D=PG&ratings%5BPG-13%5D=PG-13&ratings%5BR%5D=R&sort=title
Completed 302 Found in 1ms (ActiveRecord: 0.0ms)
Started GET "/movies?ratings[G]=G&ratings[NC-17]=NC-17&ratings[PG]=PG&ratings[PG-13]=PG-13&ratings[R]=R&sort=title" for 127.0.0.1 at 2020-03-10 18:47:21 +0000
Processing by MoviesController#index as HTML
  Parameters: {"ratings"=>{"G"=>"G", "NC-17"=>"NC-17", "PG"=>"PG", "PG-13"=>"PG-13", "R"=>"R"}, "sort"=>"title"}
  [1m[35mMovie Load (0.2ms)[0m  SELECT "movies".* FROM "movies" WHERE "movies"."rating" IN ('G', 'NC-17', 'PG', 'PG-13', 'R')  ORDER BY "movies"."title" ASC
  Rendered movies/index.html.haml within layouts/application (4.7ms)
Completed 200 OK in 7ms (Views: 6.4ms | ActiveRecord: 0.2ms)
  [1m[36m (0.2ms)[0m  [1mrollback transaction[0m
  [1m[35m (0.1ms)[0m  begin transaction
  [1m[36m (0.7ms)[0m  [1mcommit transaction[0m
  [1m[35m (0.0ms)[0m  begin transaction
  [1m[36m (0.0ms)[0m  [1mSAVEPOINT active_record_1[0m
  [1m[35mSQL (0.1ms)[0m  INSERT INTO "movies" ("title", "rating", "release_date", "created_at", "updated_at") VALUES (?, ?, ?, ?, ?)  [["title", "Aladdin"], ["rating", "G"], ["release_date", "1992-11-25 00:00:00.000000"], ["created_at", "2020-03-10 18:47:21.793266"], ["updated_at", "2020-03-10 18:47:21.793266"]]
  [1m[36m (0.1ms)[0m  [1mRELEASE SAVEPOINT active_record_1[0m
  [1m[35m (0.0ms)[0m  SAVEPOINT active_record_1
  [1m[36mSQL (0.1ms)[0m  [1mINSERT INTO "movies" ("title", "rating", "release_date", "created_at", "updated_at") VALUES (?, ?, ?, ?, ?)[0m  [["title", "The Terminator"], ["rating", "R"], ["release_date", "1984-10-26 00:00:00.000000"], ["created_at", "2020-03-10 18:47:21.795615"], ["updated_at", "2020-03-10 18:47:21.795615"]]
  [1m[35m (0.1ms)[0m  RELEASE SAVEPOINT active_record_1
  [1m[36m (0.0ms)[0m  [1mSAVEPOINT active_record_1[0m
  [1m[35mSQL (0.1ms)[0m  INSERT INTO "movies" ("title", "rating", "release_date", "created_at", "updated_at") VALUES (?, ?, ?, ?, ?)  [["title", "When Harry Met Sally"], ["rating", "R"], ["release_date", "1989-07-21 00:00:00.000000"], ["created_at", "2020-03-10 18:47:21.797995"], ["updated_at", "2020-03-10 18:47:21.797995"]]
  [1m[36m (0.1ms)[0m  [1mRELEASE SAVEPOINT active_record_1[0m
  [1m[35m (0.0ms)[0m  SAVEPOINT active_record_1
  [1m[36mSQL (0.1ms)[0m  [1mINSERT INTO "movies" ("title", "rating", "release_date", "created_at", "updated_at") VALUES (?, ?, ?, ?, ?)[0m  [["title", "The Help"], ["rating", "PG-13"], ["release_date", "2011-08-10 00:00:00.000000"], ["created_at", "2020-03-10 18:47:21.800218"], ["updated_at", "2020-03-10 18:47:21.800218"]]
  [1m[35m (0.0ms)[0m  RELEASE SAVEPOINT active_record_1
  [1m[36m (0.0ms)[0m  [1mSAVEPOINT active_record_1[0m
  [1m[35mSQL (0.1ms)[0m  INSERT INTO "movies" ("title", "rating", "release_date", "created_at", "updated_at") VALUES (?, ?, ?, ?, ?)  [["title", "Chocolat"], ["rating", "PG-13"], ["release_date", "2001-01-05 00:00:00.000000"], ["created_at", "2020-03-10 18:47:21.801523"], ["updated_at", "2020-03-10 18:47:21.801523"]]
  [1m[36m (0.0ms)[0m  [1mRELEASE SAVEPOINT active_record_1[0m
  [1m[35m (0.0ms)[0m  SAVEPOINT active_record_1
  [1m[36mSQL (0.1ms)[0m  [1mINSERT INTO "movies" ("title", "rating", "release_date", "created_at", "updated_at") VALUES (?, ?, ?, ?, ?)[0m  [["title", "Amelie"], ["rating", "R"], ["release_date", "2001-04-25 00:00:00.000000"], ["created_at", "2020-03-10 18:47:21.803653"], ["updated_at", "2020-03-10 18:47:21.803653"]]
  [1m[35m (0.0ms)[0m  RELEASE SAVEPOINT active_record_1
  [1m[36m (0.0ms)[0m  [1mSAVEPOINT active_record_1[0m
  [1m[35mSQL (0.1ms)[0m  INSERT INTO "movies" ("title", "rating", "release_date", "created_at", "updated_at") VALUES (?, ?, ?, ?, ?)  [["title", "2001: A Space Odyssey"], ["rating", "G"], ["release_date", "1968-04-06 00:00:00.000000"], ["created_at", "2020-03-10 18:47:21.805885"], ["updated_at", "2020-03-10 18:47:21.805885"]]
  [1m[36m (0.0ms)[0m  [1mRELEASE SAVEPOINT active_record_1[0m
  [1m[35m (0.0ms)[0m  SAVEPOINT active_record_1
  [1m[36mSQL (0.1ms)[0m  [1mINSERT INTO "movies" ("title", "rating", "release_date", "created_at", "updated_at") VALUES (?, ?, ?, ?, ?)[0m  [["title", "The Incredibles"], ["rating", "PG"], ["release_date", "2004-11-05 00:00:00.000000"], ["created_at", "2020-03-10 18:47:21.807795"], ["updated_at", "2020-03-10 18:47:21.807795"]]
  [1m[35m (0.7ms)[0m  RELEASE SAVEPOINT active_record_1
  [1m[36m (0.0ms)[0m  [1mSAVEPOINT active_record_1[0m
  [1m[35mSQL (0.1ms)[0m  INSERT INTO "movies" ("title", "rating", "release_date", "created_at", "updated_at") VALUES (?, ?, ?, ?, ?)  [["title", "Raiders of the Lost Ark"], ["rating", "PG"], ["release_date", "1981-06-12 00:00:00.000000"], ["created_at", "2020-03-10 18:47:21.809713"], ["updated_at", "2020-03-10 18:47:21.809713"]]
  [1m[36m (0.0ms)[0m  [1mRELEASE SAVEPOINT active_record_1[0m
  [1m[35m (0.0ms)[0m  SAVEPOINT active_record_1
  [1m[36mSQL (0.1ms)[0m  [1mINSERT INTO "movies" ("title", "rating", "release_date", "created_at", "updated_at") VALUES (?, ?, ?, ?, ?)[0m  [["title", "Chicken Run"], ["rating", "G"], ["release_date", "2000-06-21 00:00:00.000000"], ["created_at", "2020-03-10 18:47:21.811648"], ["updated_at", "2020-03-10 18:47:21.811648"]]
  [1m[35m (0.0ms)[0m  RELEASE SAVEPOINT active_record_1
Started GET "/movies" for 127.0.0.1 at 2020-03-10 18:47:21 +0000
Processing by MoviesController#index as HTML
  [1m[36mMovie Load (0.2ms)[0m  [1mSELECT "movies".* FROM "movies" WHERE "movies"."rating" IN ('G', 'PG', 'PG-13', 'NC-17', 'R')[0m
  Rendered movies/index.html.haml within layouts/application (6.1ms)
Completed 200 OK in 9ms (Views: 8.0ms | ActiveRecord: 0.2ms)
Started GET "/movies?ratings[G]=G&ratings[NC-17]=NC-17&ratings[PG]=PG&ratings[PG-13]=PG-13&ratings[R]=R&sort=release_date" for 127.0.0.1 at 2020-03-10 18:47:21 +0000
Processing by MoviesController#index as HTML
  Parameters: {"ratings"=>{"G"=>"G", "NC-17"=>"NC-17", "PG"=>"PG", "PG-13"=>"PG-13", "R"=>"R"}, "sort"=>"release_date"}
Redirected to http://www.example.com/movies?ratings%5BG%5D=G&ratings%5BNC-17%5D=NC-17&ratings%5BPG%5D=PG&ratings%5BPG-13%5D=PG-13&ratings%5BR%5D=R&sort=release_date
Completed 302 Found in 1ms (ActiveRecord: 0.0ms)
Started GET "/movies?ratings[G]=G&ratings[NC-17]=NC-17&ratings[PG]=PG&ratings[PG-13]=PG-13&ratings[R]=R&sort=release_date" for 127.0.0.1 at 2020-03-10 18:47:21 +0000
Processing by MoviesController#index as HTML
  Parameters: {"ratings"=>{"G"=>"G", "NC-17"=>"NC-17", "PG"=>"PG", "PG-13"=>"PG-13", "R"=>"R"}, "sort"=>"release_date"}
  [1m[35mMovie Load (0.2ms)[0m  SELECT "movies".* FROM "movies" WHERE "movies"."rating" IN ('G', 'NC-17', 'PG', 'PG-13', 'R')  ORDER BY "movies"."release_date" ASC
  Rendered movies/index.html.haml within layouts/application (3.7ms)
Completed 200 OK in 6ms (Views: 5.4ms | ActiveRecord: 0.2ms)
  [1m[36m (0.2ms)[0m  [1mrollback transaction[0m
  [1m[36mActiveRecord::SchemaMigration Load (0.1ms)[0m  [1mSELECT "schema_migrations".* FROM "schema_migrations"[0m
  [1m[35m (0.1ms)[0m  begin transaction
  [1m[36m (0.0ms)[0m  [1mcommit transaction[0m
  [1m[35m (0.0ms)[0m  begin transaction
  [1m[36m (0.1ms)[0m  [1mSAVEPOINT active_record_1[0m
  [1m[35mSQL (0.2ms)[0m  INSERT INTO "movies" ("title", "rating", "director", "release_date", "created_at", "updated_at") VALUES (?, ?, ?, ?, ?, ?)  [["title", "Star Wars"], ["rating", "PG"], ["director", "George Lucas"], ["release_date", "1977-05-25 00:00:00.000000"], ["created_at", "2020-03-10 18:47:56.090851"], ["updated_at", "2020-03-10 18:47:56.090851"]]
  [1m[36m (0.1ms)[0m  [1mRELEASE SAVEPOINT active_record_1[0m
  [1m[35m (0.0ms)[0m  SAVEPOINT active_record_1
  [1m[36mSQL (0.1ms)[0m  [1mINSERT INTO "movies" ("title", "rating", "director", "release_date", "created_at", "updated_at") VALUES (?, ?, ?, ?, ?, ?)[0m  [["title", "Blade Runner"], ["rating", "PG"], ["director", "Ridley Scott"], ["release_date", "1982-06-25 00:00:00.000000"], ["created_at", "2020-03-10 18:47:56.092820"], ["updated_at", "2020-03-10 18:47:56.092820"]]
  [1m[35m (0.0ms)[0m  RELEASE SAVEPOINT active_record_1
  [1m[36m (0.0ms)[0m  [1mSAVEPOINT active_record_1[0m
  [1m[35mSQL (0.1ms)[0m  INSERT INTO "movies" ("title", "rating", "director", "release_date", "created_at", "updated_at") VALUES (?, ?, ?, ?, ?, ?)  [["title", "Alien"], ["rating", "R"], ["director", ""], ["release_date", "1979-05-25 00:00:00.000000"], ["created_at", "2020-03-10 18:47:56.094202"], ["updated_at", "2020-03-10 18:47:56.094202"]]
  [1m[36m (0.0ms)[0m  [1mRELEASE SAVEPOINT active_record_1[0m
  [1m[35m (0.0ms)[0m  SAVEPOINT active_record_1
  [1m[36mSQL (0.1ms)[0m  [1mINSERT INTO "movies" ("title", "rating", "director", "release_date", "created_at", "updated_at") VALUES (?, ?, ?, ?, ?, ?)[0m  [["title", "THX-1138"], ["rating", "R"], ["director", "George Lucas"], ["release_date", "1971-03-11 00:00:00.000000"], ["created_at", "2020-03-10 18:47:56.095512"], ["updated_at", "2020-03-10 18:47:56.095512"]]
  [1m[35m (0.0ms)[0m  RELEASE SAVEPOINT active_record_1
  [1m[36mMovie Load (0.1ms)[0m  [1mSELECT  "movies".* FROM "movies" WHERE "movies"."title" = ? LIMIT 1[0m  [["title", "Alien"]]
Started GET "/movies/3/edit" for 127.0.0.1 at 2020-03-10 18:47:56 +0000
Processing by MoviesController#edit as HTML
  Parameters: {"id"=>"3"}
  [1m[35mMovie Load (0.1ms)[0m  SELECT  "movies".* FROM "movies" WHERE "movies"."id" = ? LIMIT 1  [["id", 3]]
  Rendered movies/edit.html.haml within layouts/application (9.5ms)
Completed 200 OK in 161ms (Views: 159.6ms | ActiveRecord: 0.1ms)
Started PUT "/movies/3" for 127.0.0.1 at 2020-03-10 18:47:56 +0000
Processing by MoviesController#update as HTML
  Parameters: {"utf8"=>"✓", "movie"=>{"title"=>"Alien", "rating"=>"R", "director"=>"Ridley Scott", "release_date(1i)"=>"1979", "release_date(2i)"=>"5", "release_date(3i)"=>"25"}, "commit"=>"Update Movie Info", "id"=>"3"}
  [1m[36mMovie Load (0.1ms)[0m  [1mSELECT  "movies".* FROM "movies" WHERE "movies"."id" = ? LIMIT 1[0m  [["id", 3]]
  [1m[35m (0.1ms)[0m  SAVEPOINT active_record_1
  [1m[36mSQL (0.1ms)[0m  [1mUPDATE "movies" SET "director" = ?, "updated_at" = ? WHERE "movies"."id" = ?[0m  [["director", "Ridley Scott"], ["updated_at", "2020-03-10 18:47:56.292659"], ["id", 3]]
  [1m[35m (0.1ms)[0m  RELEASE SAVEPOINT active_record_1
Redirected to http://www.example.com/movies/3
Completed 302 Found in 3ms (ActiveRecord: 0.3ms)
Started GET "/movies/3" for 127.0.0.1 at 2020-03-10 18:47:56 +0000
Processing by MoviesController#show as HTML
  Parameters: {"id"=>"3"}
  [1m[36mMovie Load (0.0ms)[0m  [1mSELECT  "movies".* FROM "movies" WHERE "movies"."id" = ? LIMIT 1[0m  [["id", 3]]
  Rendered movies/show.html.haml within layouts/application (2.2ms)
Completed 200 OK in 4ms (Views: 4.0ms | ActiveRecord: 0.0ms)
  [1m[35mMovie Load (0.1ms)[0m  SELECT  "movies".* FROM "movies" WHERE "movies"."title" = ? LIMIT 1  [["title", "Alien"]]
  [1m[36m (0.2ms)[0m  [1mrollback transaction[0m
  [1m[35m (0.1ms)[0m  begin transaction
  [1m[36m (0.0ms)[0m  [1mcommit transaction[0m
  [1m[35m (0.0ms)[0m  begin transaction
  [1m[36m (0.1ms)[0m  [1mSAVEPOINT active_record_1[0m
  [1m[35mSQL (0.1ms)[0m  INSERT INTO "movies" ("title", "rating", "director", "release_date", "created_at", "updated_at") VALUES (?, ?, ?, ?, ?, ?)  [["title", "Star Wars"], ["rating", "PG"], ["director", "George Lucas"], ["release_date", "1977-05-25 00:00:00.000000"], ["created_at", "2020-03-10 18:47:56.307698"], ["updated_at", "2020-03-10 18:47:56.307698"]]
  [1m[36m (0.1ms)[0m  [1mRELEASE SAVEPOINT active_record_1[0m
  [1m[35m (0.0ms)[0m  SAVEPOINT active_record_1
  [1m[36mSQL (0.1ms)[0m  [1mINSERT INTO "movies" ("title", "rating", "director", "release_date", "created_at", "updated_at") VALUES (?, ?, ?, ?, ?, ?)[0m  [["title", "Blade Runner"], ["rating", "PG"], ["director", "Ridley Scott"], ["release_date", "1982-06-25 00:00:00.000000"], ["created_at", "2020-03-10 18:47:56.309348"], ["updated_at", "2020-03-10 18:47:56.309348"]]
  [1m[35m (0.1ms)[0m  RELEASE SAVEPOINT active_record_1
  [1m[36m (0.0ms)[0m  [1mSAVEPOINT active_record_1[0m
  [1m[35mSQL (0.1ms)[0m  INSERT INTO "movies" ("title", "rating", "director", "release_date", "created_at", "updated_at") VALUES (?, ?, ?, ?, ?, ?)  [["title", "Alien"], ["rating", "R"], ["director", ""], ["release_date", "1979-05-25 00:00:00.000000"], ["created_at", "2020-03-10 18:47:56.310752"], ["updated_at", "2020-03-10 18:47:56.310752"]]
  [1m[36m (0.1ms)[0m  [1mRELEASE SAVEPOINT active_record_1[0m
  [1m[35m (0.0ms)[0m  SAVEPOINT active_record_1
  [1m[36mSQL (0.1ms)[0m  [1mINSERT INTO "movies" ("title", "rating", "director", "release_date", "created_at", "updated_at") VALUES (?, ?, ?, ?, ?, ?)[0m  [["title", "THX-1138"], ["rating", "R"], ["director", "George Lucas"], ["release_date", "1971-03-11 00:00:00.000000"], ["created_at", "2020-03-10 18:47:56.312139"], ["updated_at", "2020-03-10 18:47:56.312139"]]
  [1m[35m (0.1ms)[0m  RELEASE SAVEPOINT active_record_1
  [1m[36mMovie Load (0.0ms)[0m  [1mSELECT  "movies".* FROM "movies" WHERE "movies"."title" = ? LIMIT 1[0m  [["title", "Star Wars"]]
Started GET "/movies/1" for 127.0.0.1 at 2020-03-10 18:47:56 +0000
Processing by MoviesController#show as HTML
  Parameters: {"id"=>"1"}
  [1m[35mMovie Load (0.0ms)[0m  SELECT  "movies".* FROM "movies" WHERE "movies"."id" = ? LIMIT 1  [["id", 1]]
  Rendered movies/show.html.haml within layouts/application (0.6ms)
Completed 200 OK in 2ms (Views: 1.9ms | ActiveRecord: 0.0ms)
Started GET "/movies/director/1" for 127.0.0.1 at 2020-03-10 18:47:56 +0000
Processing by MoviesController#director as HTML
  Parameters: {"id"=>"1"}
  [1m[36mMovie Load (0.1ms)[0m  [1mSELECT  "movies".* FROM "movies" WHERE "movies"."id" = ? LIMIT 1[0m  [["id", 1]]
  [1m[35mMovie Load (0.1ms)[0m  SELECT "movies".* FROM "movies" WHERE (director = 'George Lucas')
  Rendered movies/director.html.haml within layouts/application (2.8ms)
Completed 200 OK in 5ms (Views: 4.2ms | ActiveRecord: 0.2ms)
  [1m[36mMovie Load (0.1ms)[0m  [1mSELECT  "movies".* FROM "movies" WHERE "movies"."title" = ? LIMIT 1[0m  [["title", "Star Wars"]]
  [1m[35m (0.2ms)[0m  rollback transaction
  [1m[36m (0.1ms)[0m  [1mbegin transaction[0m
  [1m[35m (0.0ms)[0m  commit transaction
  [1m[36m (0.0ms)[0m  [1mbegin transaction[0m
  [1m[35m (0.0ms)[0m  SAVEPOINT active_record_1
  [1m[36mSQL (0.1ms)[0m  [1mINSERT INTO "movies" ("title", "rating", "director", "release_date", "created_at", "updated_at") VALUES (?, ?, ?, ?, ?, ?)[0m  [["title", "Star Wars"], ["rating", "PG"], ["director", "George Lucas"], ["release_date", "1977-05-25 00:00:00.000000"], ["created_at", "2020-03-10 18:47:56.340294"], ["updated_at", "2020-03-10 18:47:56.340294"]]
  [1m[35m (0.1ms)[0m  RELEASE SAVEPOINT active_record_1
  [1m[36m (0.0ms)[0m  [1mSAVEPOINT active_record_1[0m
  [1m[35mSQL (0.1ms)[0m  INSERT INTO "movies" ("title", "rating", "director", "release_date", "created_at", "updated_at") VALUES (?, ?, ?, ?, ?, ?)  [["title", "Blade Runner"], ["rating", "PG"], ["director", "Ridley Scott"], ["release_date", "1982-06-25 00:00:00.000000"], ["created_at", "2020-03-10 18:47:56.341897"], ["updated_at", "2020-03-10 18:47:56.341897"]]
  [1m[36m (0.0ms)[0m  [1mRELEASE SAVEPOINT active_record_1[0m
  [1m[35m (0.0ms)[0m  SAVEPOINT active_record_1
  [1m[36mSQL (0.1ms)[0m  [1mINSERT INTO "movies" ("title", "rating", "director", "release_date", "created_at", "updated_at") VALUES (?, ?, ?, ?, ?, ?)[0m  [["title", "Alien"], ["rating", "R"], ["director", ""], ["release_date", "1979-05-25 00:00:00.000000"], ["created_at", "2020-03-10 18:47:56.343315"], ["updated_at", "2020-03-10 18:47:56.343315"]]
  [1m[35m (0.0ms)[0m  RELEASE SAVEPOINT active_record_1
  [1m[36m (0.0ms)[0m  [1mSAVEPOINT active_record_1[0m
  [1m[35mSQL (0.1ms)[0m  INSERT INTO "movies" ("title", "rating", "director", "release_date", "created_at", "updated_at") VALUES (?, ?, ?, ?, ?, ?)  [["title", "THX-1138"], ["rating", "R"], ["director", "George Lucas"], ["release_date", "1971-03-11 00:00:00.000000"], ["created_at", "2020-03-10 18:47:56.344680"], ["updated_at", "2020-03-10 18:47:56.344680"]]
  [1m[36m (0.0ms)[0m  [1mRELEASE SAVEPOINT active_record_1[0m
  [1m[35mMovie Load (0.0ms)[0m  SELECT  "movies".* FROM "movies" WHERE "movies"."title" = ? LIMIT 1  [["title", "Alien"]]
Started GET "/movies/3" for 127.0.0.1 at 2020-03-10 18:47:56 +0000
Processing by MoviesController#show as HTML
  Parameters: {"id"=>"3"}
  [1m[36mMovie Load (0.1ms)[0m  [1mSELECT  "movies".* FROM "movies" WHERE "movies"."id" = ? LIMIT 1[0m  [["id", 3]]
  Rendered movies/show.html.haml within layouts/application (0.6ms)
Completed 200 OK in 2ms (Views: 1.9ms | ActiveRecord: 0.1ms)
Started GET "/movies/director/3" for 127.0.0.1 at 2020-03-10 18:47:56 +0000
Processing by MoviesController#director as HTML
  Parameters: {"id"=>"3"}
  [1m[35mMovie Load (0.0ms)[0m  SELECT  "movies".* FROM "movies" WHERE "movies"."id" = ? LIMIT 1  [["id", 3]]
Redirected to http://www.example.com/movies
Completed 302 Found in 1ms (ActiveRecord: 0.0ms)
Started GET "/movies" for 127.0.0.1 at 2020-03-10 18:47:56 +0000
Processing by MoviesController#index as HTML
  [1m[36mMovie Load (0.2ms)[0m  [1mSELECT "movies".* FROM "movies" WHERE "movies"."rating" IN ('G', 'PG', 'PG-13', 'NC-17', 'R')[0m
  Rendered movies/index.html.haml within layouts/application (5.0ms)
Completed 200 OK in 7ms (Views: 6.4ms | ActiveRecord: 0.2ms)
  [1m[35m (0.2ms)[0m  rollback transaction
  [1m[36m (0.1ms)[0m  [1mbegin transaction[0m
  [1m[35m (0.0ms)[0m  commit transaction
  [1m[36m (0.0ms)[0m  [1mbegin transaction[0m
  [1m[35m (0.0ms)[0m  SAVEPOINT active_record_1
  [1m[36mSQL (0.2ms)[0m  [1mINSERT INTO "movies" ("title", "rating", "release_date", "created_at", "updated_at") VALUES (?, ?, ?, ?, ?)[0m  [["title", "Aladdin"], ["rating", "G"], ["release_date", "1992-11-25 00:00:00.000000"], ["created_at", "2020-03-10 18:47:56.373598"], ["updated_at", "2020-03-10 18:47:56.373598"]]
  [1m[35m (0.1ms)[0m  RELEASE SAVEPOINT active_record_1
  [1m[36m (0.0ms)[0m  [1mSAVEPOINT active_record_1[0m
  [1m[35mSQL (0.1ms)[0m  INSERT INTO "movies" ("title", "rating", "release_date", "created_at", "updated_at") VALUES (?, ?, ?, ?, ?)  [["title", "The Terminator"], ["rating", "R"], ["release_date", "1984-10-26 00:00:00.000000"], ["created_at", "2020-03-10 18:47:56.375266"], ["updated_at", "2020-03-10 18:47:56.375266"]]
  [1m[36m (0.1ms)[0m  [1mRELEASE SAVEPOINT active_record_1[0m
  [1m[35m (0.0ms)[0m  SAVEPOINT active_record_1
  [1m[36mSQL (0.1ms)[0m  [1mINSERT INTO "movies" ("title", "rating", "release_date", "created_at", "updated_at") VALUES (?, ?, ?, ?, ?)[0m  [["title", "When Harry Met Sally"], ["rating", "R"], ["release_date", "1989-07-21 00:00:00.000000"], ["created_at", "2020-03-10 18:47:56.376672"], ["updated_at", "2020-03-10 18:47:56.376672"]]
  [1m[35m (0.1ms)[0m  RELEASE SAVEPOINT active_record_1
  [1m[36m (0.0ms)[0m  [1mSAVEPOINT active_record_1[0m
  [1m[35mSQL (0.1ms)[0m  INSERT INTO "movies" ("title", "rating", "release_date", "created_at", "updated_at") VALUES (?, ?, ?, ?, ?)  [["title", "The Help"], ["rating", "PG-13"], ["release_date", "2011-08-10 00:00:00.000000"], ["created_at", "2020-03-10 18:47:56.377998"], ["updated_at", "2020-03-10 18:47:56.377998"]]
  [1m[36m (0.0ms)[0m  [1mRELEASE SAVEPOINT active_record_1[0m
  [1m[35m (0.0ms)[0m  SAVEPOINT active_record_1
  [1m[36mSQL (0.1ms)[0m  [1mINSERT INTO "movies" ("title", "rating", "release_date", "created_at", "updated_at") VALUES (?, ?, ?, ?, ?)[0m  [["title", "Chocolat"], ["rating", "PG-13"], ["release_date", "2001-01-05 00:00:00.000000"], ["created_at", "2020-03-10 18:47:56.379329"], ["updated_at", "2020-03-10 18:47:56.379329"]]
  [1m[35m (0.1ms)[0m  RELEASE SAVEPOINT active_record_1
  [1m[36m (0.0ms)[0m  [1mSAVEPOINT active_record_1[0m
  [1m[35mSQL (0.1ms)[0m  INSERT INTO "movies" ("title", "rating", "release_date", "created_at", "updated_at") VALUES (?, ?, ?, ?, ?)  [["title", "Amelie"], ["rating", "R"], ["release_date", "2001-04-25 00:00:00.000000"], ["created_at", "2020-03-10 18:47:56.380679"], ["updated_at", "2020-03-10 18:47:56.380679"]]
  [1m[36m (0.1ms)[0m  [1mRELEASE SAVEPOINT active_record_1[0m
  [1m[35m (0.0ms)[0m  SAVEPOINT active_record_1
  [1m[36mSQL (0.1ms)[0m  [1mINSERT INTO "movies" ("title", "rating", "release_date", "created_at", "updated_at") VALUES (?, ?, ?, ?, ?)[0m  [["title", "2001: A Space Odyssey"], ["rating", "G"], ["release_date", "1968-04-06 00:00:00.000000"], ["created_at", "2020-03-10 18:47:56.382071"], ["updated_at", "2020-03-10 18:47:56.382071"]]
  [1m[35m (0.0ms)[0m  RELEASE SAVEPOINT active_record_1
  [1m[36m (0.0ms)[0m  [1mSAVEPOINT active_record_1[0m
  [1m[35mSQL (0.1ms)[0m  INSERT INTO "movies" ("title", "rating", "release_date", "created_at", "updated_at") VALUES (?, ?, ?, ?, ?)  [["title", "The Incredibles"], ["rating", "PG"], ["release_date", "2004-11-05 00:00:00.000000"], ["created_at", "2020-03-10 18:47:56.383393"], ["updated_at", "2020-03-10 18:47:56.383393"]]
  [1m[36m (0.0ms)[0m  [1mRELEASE SAVEPOINT active_record_1[0m
  [1m[35m (0.0ms)[0m  SAVEPOINT active_record_1
  [1m[36mSQL (0.1ms)[0m  [1mINSERT INTO "movies" ("title", "rating", "release_date", "created_at", "updated_at") VALUES (?, ?, ?, ?, ?)[0m  [["title", "Raiders of the Lost Ark"], ["rating", "PG"], ["release_date", "1981-06-12 00:00:00.000000"], ["created_at", "2020-03-10 18:47:56.384734"], ["updated_at", "2020-03-10 18:47:56.384734"]]
  [1m[35m (0.1ms)[0m  RELEASE SAVEPOINT active_record_1
  [1m[36m (0.0ms)[0m  [1mSAVEPOINT active_record_1[0m
  [1m[35mSQL (0.1ms)[0m  INSERT INTO "movies" ("title", "rating", "release_date", "created_at", "updated_at") VALUES (?, ?, ?, ?, ?)  [["title", "Chicken Run"], ["rating", "G"], ["release_date", "2000-06-21 00:00:00.000000"], ["created_at", "2020-03-10 18:47:56.386045"], ["updated_at", "2020-03-10 18:47:56.386045"]]
  [1m[36m (0.1ms)[0m  [1mRELEASE SAVEPOINT active_record_1[0m
Started GET "/movies" for 127.0.0.1 at 2020-03-10 18:47:56 +0000
Processing by MoviesController#index as HTML
  [1m[35mMovie Load (0.2ms)[0m  SELECT "movies".* FROM "movies" WHERE "movies"."rating" IN ('G', 'PG', 'PG-13', 'NC-17', 'R')
  Rendered movies/index.html.haml within layouts/application (3.1ms)
Completed 200 OK in 5ms (Views: 4.2ms | ActiveRecord: 0.2ms)
Started GET "/movies?utf8=%E2%9C%93&ratings[PG]=1&ratings[NC-17]=1&ratings[R]=1&commit=Refresh" for 127.0.0.1 at 2020-03-10 18:47:56 +0000
Processing by MoviesController#index as HTML
  Parameters: {"utf8"=>"✓", "ratings"=>{"PG"=>"1", "NC-17"=>"1", "R"=>"1"}, "commit"=>"Refresh"}
Redirected to http://www.example.com/movies?ratings%5BNC-17%5D=1&ratings%5BPG%5D=1&ratings%5BR%5D=1
Completed 302 Found in 1ms (ActiveRecord: 0.0ms)
Started GET "/movies?ratings[NC-17]=1&ratings[PG]=1&ratings[R]=1" for 127.0.0.1 at 2020-03-10 18:47:56 +0000
Processing by MoviesController#index as HTML
  Parameters: {"ratings"=>{"NC-17"=>"1", "PG"=>"1", "R"=>"1"}}
  [1m[36mMovie Load (0.2ms)[0m  [1mSELECT "movies".* FROM "movies" WHERE "movies"."rating" IN ('NC-17', 'PG', 'R')[0m
  Rendered movies/index.html.haml within layouts/application (2.5ms)
Completed 200 OK in 4ms (Views: 3.5ms | ActiveRecord: 0.2ms)
  [1m[35m (0.2ms)[0m  rollback transaction
  [1m[36m (0.1ms)[0m  [1mbegin transaction[0m
  [1m[35m (0.0ms)[0m  commit transaction
  [1m[36m (0.0ms)[0m  [1mbegin transaction[0m
  [1m[35m (0.0ms)[0m  SAVEPOINT active_record_1
  [1m[36mSQL (0.2ms)[0m  [1mINSERT INTO "movies" ("title", "rating", "release_date", "created_at", "updated_at") VALUES (?, ?, ?, ?, ?)[0m  [["title", "Aladdin"], ["rating", "G"], ["release_date", "1992-11-25 00:00:00.000000"], ["created_at", "2020-03-10 18:47:56.458050"], ["updated_at", "2020-03-10 18:47:56.458050"]]
  [1m[35m (0.0ms)[0m  RELEASE SAVEPOINT active_record_1
  [1m[36m (0.0ms)[0m  [1mSAVEPOINT active_record_1[0m
  [1m[35mSQL (0.1ms)[0m  INSERT INTO "movies" ("title", "rating", "release_date", "created_at", "updated_at") VALUES (?, ?, ?, ?, ?)  [["title", "The Terminator"], ["rating", "R"], ["release_date", "1984-10-26 00:00:00.000000"], ["created_at", "2020-03-10 18:47:56.459649"], ["updated_at", "2020-03-10 18:47:56.459649"]]
  [1m[36m (0.0ms)[0m  [1mRELEASE SAVEPOINT active_record_1[0m
  [1m[35m (0.0ms)[0m  SAVEPOINT active_record_1
  [1m[36mSQL (0.1ms)[0m  [1mINSERT INTO "movies" ("title", "rating", "release_date", "created_at", "updated_at") VALUES (?, ?, ?, ?, ?)[0m  [["title", "When Harry Met Sally"], ["rating", "R"], ["release_date", "1989-07-21 00:00:00.000000"], ["created_at", "2020-03-10 18:47:56.461066"], ["updated_at", "2020-03-10 18:47:56.461066"]]
  [1m[35m (0.0ms)[0m  RELEASE SAVEPOINT active_record_1
  [1m[36m (0.0ms)[0m  [1mSAVEPOINT active_record_1[0m
  [1m[35mSQL (0.1ms)[0m  INSERT INTO "movies" ("title", "rating", "release_date", "created_at", "updated_at") VALUES (?, ?, ?, ?, ?)  [["title", "The Help"], ["rating", "PG-13"], ["release_date", "2011-08-10 00:00:00.000000"], ["created_at", "2020-03-10 18:47:56.462376"], ["updated_at", "2020-03-10 18:47:56.462376"]]
  [1m[36m (0.0ms)[0m  [1mRELEASE SAVEPOINT active_record_1[0m
  [1m[35m (0.0ms)[0m  SAVEPOINT active_record_1
  [1m[36mSQL (0.1ms)[0m  [1mINSERT INTO "movies" ("title", "rating", "release_date", "created_at", "updated_at") VALUES (?, ?, ?, ?, ?)[0m  [["title", "Chocolat"], ["rating", "PG-13"], ["release_date", "2001-01-05 00:00:00.000000"], ["created_at", "2020-03-10 18:47:56.463712"], ["updated_at", "2020-03-10 18:47:56.463712"]]
  [1m[35m (0.0ms)[0m  RELEASE SAVEPOINT active_record_1
  [1m[36m (0.0ms)[0m  [1mSAVEPOINT active_record_1[0m
  [1m[35mSQL (0.1ms)[0m  INSERT INTO "movies" ("title", "rating", "release_date", "created_at", "updated_at") VALUES (?, ?, ?, ?, ?)  [["title", "Amelie"], ["rating", "R"], ["release_date", "2001-04-25 00:00:00.000000"], ["created_at", "2020-03-10 18:47:56.465053"], ["updated_at", "2020-03-10 18:47:56.465053"]]
  [1m[36m (0.0ms)[0m  [1mRELEASE SAVEPOINT active_record_1[0m
  [1m[35m (0.0ms)[0m  SAVEPOINT active_record_1
  [1m[36mSQL (0.1ms)[0m  [1mINSERT INTO "movies" ("title", "rating", "release_date", "created_at", "updated_at") VALUES (?, ?, ?, ?, ?)[0m  [["title", "2001: A Space Odyssey"], ["rating", "G"], ["release_date", "1968-04-06 00:00:00.000000"], ["created_at", "2020-03-10 18:47:56.466380"], ["updated_at", "2020-03-10 18:47:56.466380"]]
  [1m[35m (0.0ms)[0m  RELEASE SAVEPOINT active_record_1
  [1m[36m (0.0ms)[0m  [1mSAVEPOINT active_record_1[0m
  [1m[35mSQL (0.1ms)[0m  INSERT INTO "movies" ("title", "rating", "release_date", "created_at", "updated_at") VALUES (?, ?, ?, ?, ?)  [["title", "The Incredibles"], ["rating", "PG"], ["release_date", "2004-11-05 00:00:00.000000"], ["created_at", "2020-03-10 18:47:56.467665"], ["updated_at", "2020-03-10 18:47:56.467665"]]
  [1m[36m (0.0ms)[0m  [1mRELEASE SAVEPOINT active_record_1[0m
  [1m[35m (0.0ms)[0m  SAVEPOINT active_record_1
  [1m[36mSQL (0.1ms)[0m  [1mINSERT INTO "movies" ("title", "rating", "release_date", "created_at", "updated_at") VALUES (?, ?, ?, ?, ?)[0m  [["title", "Raiders of the Lost Ark"], ["rating", "PG"], ["release_date", "1981-06-12 00:00:00.000000"], ["created_at", "2020-03-10 18:47:56.469032"], ["updated_at", "2020-03-10 18:47:56.469032"]]
  [1m[35m (0.0ms)[0m  RELEASE SAVEPOINT active_record_1
  [1m[36m (0.0ms)[0m  [1mSAVEPOINT active_record_1[0m
  [1m[35mSQL (0.1ms)[0m  INSERT INTO "movies" ("title", "rating", "release_date", "created_at", "updated_at") VALUES (?, ?, ?, ?, ?)  [["title", "Chicken Run"], ["rating", "G"], ["release_date", "2000-06-21 00:00:00.000000"], ["created_at", "2020-03-10 18:47:56.470371"], ["updated_at", "2020-03-10 18:47:56.470371"]]
  [1m[36m (0.0ms)[0m  [1mRELEASE SAVEPOINT active_record_1[0m
Started GET "/movies" for 127.0.0.1 at 2020-03-10 18:47:56 +0000
Processing by MoviesController#index as HTML
  [1m[35mMovie Load (0.2ms)[0m  SELECT "movies".* FROM "movies" WHERE "movies"."rating" IN ('G', 'PG', 'PG-13', 'NC-17', 'R')
  Rendered movies/index.html.haml within layouts/application (3.1ms)
Completed 200 OK in 5ms (Views: 4.2ms | ActiveRecord: 0.2ms)
Started GET "/movies?utf8=%E2%9C%93&ratings[G]=1&ratings[PG]=1&ratings[PG-13]=1&ratings[NC-17]=1&ratings[R]=1&commit=Refresh" for 127.0.0.1 at 2020-03-10 18:47:56 +0000
Processing by MoviesController#index as HTML
  Parameters: {"utf8"=>"✓", "ratings"=>{"G"=>"1", "PG"=>"1", "PG-13"=>"1", "NC-17"=>"1", "R"=>"1"}, "commit"=>"Refresh"}
Redirected to http://www.example.com/movies?ratings%5BG%5D=1&ratings%5BNC-17%5D=1&ratings%5BPG%5D=1&ratings%5BPG-13%5D=1&ratings%5BR%5D=1
Completed 302 Found in 1ms (ActiveRecord: 0.0ms)
Started GET "/movies?ratings[G]=1&ratings[NC-17]=1&ratings[PG]=1&ratings[PG-13]=1&ratings[R]=1" for 127.0.0.1 at 2020-03-10 18:47:56 +0000
Processing by MoviesController#index as HTML
  Parameters: {"ratings"=>{"G"=>"1", "NC-17"=>"1", "PG"=>"1", "PG-13"=>"1", "R"=>"1"}}
  [1m[36mMovie Load (0.2ms)[0m  [1mSELECT "movies".* FROM "movies" WHERE "movies"."rating" IN ('G', 'NC-17', 'PG', 'PG-13', 'R')[0m
  Rendered movies/index.html.haml within layouts/application (3.1ms)
Completed 200 OK in 5ms (Views: 4.1ms | ActiveRecord: 0.2ms)
  [1m[35mMovie Load (0.1ms)[0m  SELECT "movies".* FROM "movies"
  [1m[36m (0.2ms)[0m  [1mrollback transaction[0m
  [1m[35m (0.1ms)[0m  begin transaction
  [1m[36m (0.0ms)[0m  [1mcommit transaction[0m
  [1m[35m (0.0ms)[0m  begin transaction
  [1m[36m (0.1ms)[0m  [1mSAVEPOINT active_record_1[0m
  [1m[35mSQL (0.1ms)[0m  INSERT INTO "movies" ("title", "rating", "release_date", "created_at", "updated_at") VALUES (?, ?, ?, ?, ?)  [["title", "Aladdin"], ["rating", "G"], ["release_date", "1992-11-25 00:00:00.000000"], ["created_at", "2020-03-10 18:47:56.517095"], ["updated_at", "2020-03-10 18:47:56.517095"]]
  [1m[36m (0.1ms)[0m  [1mRELEASE SAVEPOINT active_record_1[0m
  [1m[35m (0.0ms)[0m  SAVEPOINT active_record_1
  [1m[36mSQL (0.1ms)[0m  [1mINSERT INTO "movies" ("title", "rating", "release_date", "created_at", "updated_at") VALUES (?, ?, ?, ?, ?)[0m  [["title", "The Terminator"], ["rating", "R"], ["release_date", "1984-10-26 00:00:00.000000"], ["created_at", "2020-03-10 18:47:56.518683"], ["updated_at", "2020-03-10 18:47:56.518683"]]
  [1m[35m (0.0ms)[0m  RELEASE SAVEPOINT active_record_1
  [1m[36m (0.0ms)[0m  [1mSAVEPOINT active_record_1[0m
  [1m[35mSQL (0.1ms)[0m  INSERT INTO "movies" ("title", "rating", "release_date", "created_at", "updated_at") VALUES (?, ?, ?, ?, ?)  [["title", "When Harry Met Sally"], ["rating", "R"], ["release_date", "1989-07-21 00:00:00.000000"], ["created_at", "2020-03-10 18:47:56.520073"], ["updated_at", "2020-03-10 18:47:56.520073"]]
  [1m[36m (0.0ms)[0m  [1mRELEASE SAVEPOINT active_record_1[0m
  [1m[35m (0.0ms)[0m  SAVEPOINT active_record_1
  [1m[36mSQL (0.1ms)[0m  [1mINSERT INTO "movies" ("title", "rating", "release_date", "created_at", "updated_at") VALUES (?, ?, ?, ?, ?)[0m  [["title", "The Help"], ["rating", "PG-13"], ["release_date", "2011-08-10 00:00:00.000000"], ["created_at", "2020-03-10 18:47:56.521375"], ["updated_at", "2020-03-10 18:47:56.521375"]]
  [1m[35m (0.0ms)[0m  RELEASE SAVEPOINT active_record_1
  [1m[36m (0.0ms)[0m  [1mSAVEPOINT active_record_1[0m
  [1m[35mSQL (0.1ms)[0m  INSERT INTO "movies" ("title", "rating", "release_date", "created_at", "updated_at") VALUES (?, ?, ?, ?, ?)  [["title", "Chocolat"], ["rating", "PG-13"], ["release_date", "2001-01-05 00:00:00.000000"], ["created_at", "2020-03-10 18:47:56.522676"], ["updated_at", "2020-03-10 18:47:56.522676"]]
  [1m[36m (0.0ms)[0m  [1mRELEASE SAVEPOINT active_record_1[0m
  [1m[35m (0.1ms)[0m  SAVEPOINT active_record_1
  [1m[36mSQL (0.1ms)[0m  [1mINSERT INTO "movies" ("title", "rating", "release_date", "created_at", "updated_at") VALUES (?, ?, ?, ?, ?)[0m  [["title", "Amelie"], ["rating", "R"], ["release_date", "2001-04-25 00:00:00.000000"], ["created_at", "2020-03-10 18:47:56.524005"], ["updated_at", "2020-03-10 18:47:56.524005"]]
  [1m[35m (0.0ms)[0m  RELEASE SAVEPOINT active_record_1
  [1m[36m (0.0ms)[0m  [1mSAVEPOINT active_record_1[0m
  [1m[35mSQL (0.1ms)[0m  INSERT INTO "movies" ("title", "rating", "release_date", "created_at", "updated_at") VALUES (?, ?, ?, ?, ?)  [["title", "2001: A Space Odyssey"], ["rating", "G"], ["release_date", "1968-04-06 00:00:00.000000"], ["created_at", "2020-03-10 18:47:56.525304"], ["updated_at", "2020-03-10 18:47:56.525304"]]
  [1m[36m (0.0ms)[0m  [1mRELEASE SAVEPOINT active_record_1[0m
  [1m[35m (0.0ms)[0m  SAVEPOINT active_record_1
  [1m[36mSQL (0.1ms)[0m  [1mINSERT INTO "movies" ("title", "rating", "release_date", "created_at", "updated_at") VALUES (?, ?, ?, ?, ?)[0m  [["title", "The Incredibles"], ["rating", "PG"], ["release_date", "2004-11-05 00:00:00.000000"], ["created_at", "2020-03-10 18:47:56.526598"], ["updated_at", "2020-03-10 18:47:56.526598"]]
  [1m[35m (0.0ms)[0m  RELEASE SAVEPOINT active_record_1
  [1m[36m (0.0ms)[0m  [1mSAVEPOINT active_record_1[0m
  [1m[35mSQL (0.1ms)[0m  INSERT INTO "movies" ("title", "rating", "release_date", "created_at", "updated_at") VALUES (?, ?, ?, ?, ?)  [["title", "Raiders of the Lost Ark"], ["rating", "PG"], ["release_date", "1981-06-12 00:00:00.000000"], ["created_at", "2020-03-10 18:47:56.527905"], ["updated_at", "2020-03-10 18:47:56.527905"]]
  [1m[36m (0.1ms)[0m  [1mRELEASE SAVEPOINT active_record_1[0m
  [1m[35m (0.0ms)[0m  SAVEPOINT active_record_1
  [1m[36mSQL (0.1ms)[0m  [1mINSERT INTO "movies" ("title", "rating", "release_date", "created_at", "updated_at") VALUES (?, ?, ?, ?, ?)[0m  [["title", "Chicken Run"], ["rating", "G"], ["release_date", "2000-06-21 00:00:00.000000"], ["created_at", "2020-03-10 18:47:56.529216"], ["updated_at", "2020-03-10 18:47:56.529216"]]
  [1m[35m (0.1ms)[0m  RELEASE SAVEPOINT active_record_1
Started GET "/movies" for 127.0.0.1 at 2020-03-10 18:47:56 +0000
Processing by MoviesController#index as HTML
  [1m[36mMovie Load (0.2ms)[0m  [1mSELECT "movies".* FROM "movies" WHERE "movies"."rating" IN ('G', 'PG', 'PG-13', 'NC-17', 'R')[0m
  Rendered movies/index.html.haml within layouts/application (4.9ms)
Completed 200 OK in 7ms (Views: 6.3ms | ActiveRecord: 0.2ms)
Started GET "/movies?ratings[G]=G&ratings[NC-17]=NC-17&ratings[PG]=PG&ratings[PG-13]=PG-13&ratings[R]=R&sort=title" for 127.0.0.1 at 2020-03-10 18:47:56 +0000
Processing by MoviesController#index as HTML
  Parameters: {"ratings"=>{"G"=>"G", "NC-17"=>"NC-17", "PG"=>"PG", "PG-13"=>"PG-13", "R"=>"R"}, "sort"=>"title"}
Redirected to http://www.example.com/movies?ratings%5BG%5D=G&ratings%5BNC-17%5D=NC-17&ratings%5BPG%5D=PG&ratings%5BPG-13%5D=PG-13&ratings%5BR%5D=R&sort=title
Completed 302 Found in 1ms (ActiveRecord: 0.0ms)
Started GET "/movies?ratings[G]=G&ratings[NC-17]=NC-17&ratings[PG]=PG&ratings[PG-13]=PG-13&ratings[R]=R&sort=title" for 127.0.0.1 at 2020-03-10 18:47:56 +0000
Processing by MoviesController#index as HTML
  Parameters: {"ratings"=>{"G"=>"G", "NC-17"=>"NC-17", "PG"=>"PG", "PG-13"=>"PG-13", "R"=>"R"}, "sort"=>"title"}
  [1m[35mMovie Load (0.2ms)[0m  SELECT "movies".* FROM "movies" WHERE "movies"."rating" IN ('G', 'NC-17', 'PG', 'PG-13', 'R')  ORDER BY "movies"."title" ASC
  Rendered movies/index.html.haml within layouts/application (9.3ms)
Completed 200 OK in 22ms (Views: 13.3ms | ActiveRecord: 0.2ms)
  [1m[36m (0.2ms)[0m  [1mrollback transaction[0m
  [1m[35m (0.1ms)[0m  begin transaction
  [1m[36m (0.0ms)[0m  [1mcommit transaction[0m
  [1m[35m (0.0ms)[0m  begin transaction
  [1m[36m (0.1ms)[0m  [1mSAVEPOINT active_record_1[0m
  [1m[35mSQL (0.2ms)[0m  INSERT INTO "movies" ("title", "rating", "release_date", "created_at", "updated_at") VALUES (?, ?, ?, ?, ?)  [["title", "Aladdin"], ["rating", "G"], ["release_date", "1992-11-25 00:00:00.000000"], ["created_at", "2020-03-10 18:47:56.600537"], ["updated_at", "2020-03-10 18:47:56.600537"]]
  [1m[36m (0.0ms)[0m  [1mRELEASE SAVEPOINT active_record_1[0m
  [1m[35m (0.0ms)[0m  SAVEPOINT active_record_1
  [1m[36mSQL (0.1ms)[0m  [1mINSERT INTO "movies" ("title", "rating", "release_date", "created_at", "updated_at") VALUES (?, ?, ?, ?, ?)[0m  [["title", "The Terminator"], ["rating", "R"], ["release_date", "1984-10-26 00:00:00.000000"], ["created_at", "2020-03-10 18:47:56.602428"], ["updated_at", "2020-03-10 18:47:56.602428"]]
  [1m[35m (0.1ms)[0m  RELEASE SAVEPOINT active_record_1
  [1m[36m (0.0ms)[0m  [1mSAVEPOINT active_record_1[0m
  [1m[35mSQL (0.1ms)[0m  INSERT INTO "movies" ("title", "rating", "release_date", "created_at", "updated_at") VALUES (?, ?, ?, ?, ?)  [["title", "When Harry Met Sally"], ["rating", "R"], ["release_date", "1989-07-21 00:00:00.000000"], ["created_at", "2020-03-10 18:47:56.604608"], ["updated_at", "2020-03-10 18:47:56.604608"]]
  [1m[36m (0.0ms)[0m  [1mRELEASE SAVEPOINT active_record_1[0m
  [1m[35m (0.0ms)[0m  SAVEPOINT active_record_1
  [1m[36mSQL (0.1ms)[0m  [1mINSERT INTO "movies" ("title", "rating", "release_date", "created_at", "updated_at") VALUES (?, ?, ?, ?, ?)[0m  [["title", "The Help"], ["rating", "PG-13"], ["release_date", "2011-08-10 00:00:00.000000"], ["created_at", "2020-03-10 18:47:56.606266"], ["updated_at", "2020-03-10 18:47:56.606266"]]
  [1m[35m (0.1ms)[0m  RELEASE SAVEPOINT active_record_1
  [1m[36m (0.0ms)[0m  [1mSAVEPOINT active_record_1[0m
  [1m[35mSQL (0.1ms)[0m  INSERT INTO "movies" ("title", "rating", "release_date", "created_at", "updated_at") VALUES (?, ?, ?, ?, ?)  [["title", "Chocolat"], ["rating", "PG-13"], ["release_date", "2001-01-05 00:00:00.000000"], ["created_at", "2020-03-10 18:47:56.607949"], ["updated_at", "2020-03-10 18:47:56.607949"]]
  [1m[36m (0.0ms)[0m  [1mRELEASE SAVEPOINT active_record_1[0m
  [1m[35m (0.0ms)[0m  SAVEPOINT active_record_1
  [1m[36mSQL (0.1ms)[0m  [1mINSERT INTO "movies" ("title", "rating", "release_date", "created_at", "updated_at") VALUES (?, ?, ?, ?, ?)[0m  [["title", "Amelie"], ["rating", "R"], ["release_date", "2001-04-25 00:00:00.000000"], ["created_at", "2020-03-10 18:47:56.609597"], ["updated_at", "2020-03-10 18:47:56.609597"]]
  [1m[35m (0.1ms)[0m  RELEASE SAVEPOINT active_record_1
  [1m[36m (0.0ms)[0m  [1mSAVEPOINT active_record_1[0m
  [1m[35mSQL (0.1ms)[0m  INSERT INTO "movies" ("title", "rating", "release_date", "created_at", "updated_at") VALUES (?, ?, ?, ?, ?)  [["title", "2001: A Space Odyssey"], ["rating", "G"], ["release_date", "1968-04-06 00:00:00.000000"], ["created_at", "2020-03-10 18:47:56.611510"], ["updated_at", "2020-03-10 18:47:56.611510"]]
  [1m[36m (0.0ms)[0m  [1mRELEASE SAVEPOINT active_record_1[0m
  [1m[35m (0.0ms)[0m  SAVEPOINT active_record_1
  [1m[36mSQL (0.1ms)[0m  [1mINSERT INTO "movies" ("title", "rating", "release_date", "created_at", "updated_at") VALUES (?, ?, ?, ?, ?)[0m  [["title", "The Incredibles"], ["rating", "PG"], ["release_date", "2004-11-05 00:00:00.000000"], ["created_at", "2020-03-10 18:47:56.612851"], ["updated_at", "2020-03-10 18:47:56.612851"]]
  [1m[35m (0.1ms)[0m  RELEASE SAVEPOINT active_record_1
  [1m[36m (0.1ms)[0m  [1mSAVEPOINT active_record_1[0m
  [1m[35mSQL (0.1ms)[0m  INSERT INTO "movies" ("title", "rating", "release_date", "created_at", "updated_at") VALUES (?, ?, ?, ?, ?)  [["title", "Raiders of the Lost Ark"], ["rating", "PG"], ["release_date", "1981-06-12 00:00:00.000000"], ["created_at", "2020-03-10 18:47:56.614451"], ["updated_at", "2020-03-10 18:47:56.614451"]]
  [1m[36m (0.0ms)[0m  [1mRELEASE SAVEPOINT active_record_1[0m
  [1m[35m (0.0ms)[0m  SAVEPOINT active_record_1
  [1m[36mSQL (0.3ms)[0m  [1mINSERT INTO "movies" ("title", "rating", "release_date", "created_at", "updated_at") VALUES (?, ?, ?, ?, ?)[0m  [["title", "Chicken Run"], ["rating", "G"], ["release_date", "2000-06-21 00:00:00.000000"], ["created_at", "2020-03-10 18:47:56.616027"], ["updated_at", "2020-03-10 18:47:56.616027"]]
  [1m[35m (0.1ms)[0m  RELEASE SAVEPOINT active_record_1
Started GET "/movies" for 127.0.0.1 at 2020-03-10 18:47:56 +0000
Processing by MoviesController#index as HTML
  [1m[36mMovie Load (0.2ms)[0m  [1mSELECT "movies".* FROM "movies" WHERE "movies"."rating" IN ('G', 'PG', 'PG-13', 'NC-17', 'R')[0m
  Rendered movies/index.html.haml within layouts/application (5.6ms)
Completed 200 OK in 9ms (Views: 8.3ms | ActiveRecord: 0.2ms)
Started GET "/movies?ratings[G]=G&ratings[NC-17]=NC-17&ratings[PG]=PG&ratings[PG-13]=PG-13&ratings[R]=R&sort=release_date" for 127.0.0.1 at 2020-03-10 18:47:56 +0000
Processing by MoviesController#index as HTML
  Parameters: {"ratings"=>{"G"=>"G", "NC-17"=>"NC-17", "PG"=>"PG", "PG-13"=>"PG-13", "R"=>"R"}, "sort"=>"release_date"}
Redirected to http://www.example.com/movies?ratings%5BG%5D=G&ratings%5BNC-17%5D=NC-17&ratings%5BPG%5D=PG&ratings%5BPG-13%5D=PG-13&ratings%5BR%5D=R&sort=release_date
Completed 302 Found in 1ms (ActiveRecord: 0.0ms)
Started GET "/movies?ratings[G]=G&ratings[NC-17]=NC-17&ratings[PG]=PG&ratings[PG-13]=PG-13&ratings[R]=R&sort=release_date" for 127.0.0.1 at 2020-03-10 18:47:56 +0000
Processing by MoviesController#index as HTML
  Parameters: {"ratings"=>{"G"=>"G", "NC-17"=>"NC-17", "PG"=>"PG", "PG-13"=>"PG-13", "R"=>"R"}, "sort"=>"release_date"}
  [1m[35mMovie Load (1.1ms)[0m  SELECT "movies".* FROM "movies" WHERE "movies"."rating" IN ('G', 'NC-17', 'PG', 'PG-13', 'R')  ORDER BY "movies"."release_date" ASC
  Rendered movies/index.html.haml within layouts/application (7.2ms)
Completed 200 OK in 10ms (Views: 8.2ms | ActiveRecord: 1.1ms)
  [1m[36m (0.2ms)[0m  [1mrollback transaction[0m
  [1m[36mActiveRecord::SchemaMigration Load (0.1ms)[0m  [1mSELECT "schema_migrations".* FROM "schema_migrations"[0m
  [1m[35m (0.1ms)[0m  begin transaction
  [1m[36m (0.1ms)[0m  [1mrollback transaction[0m
  [1m[35m (0.1ms)[0m  begin transaction
  [1m[36m (0.0ms)[0m  [1mrollback transaction[0m
  [1m[35m (0.0ms)[0m  begin transaction
  [1m[36m (0.0ms)[0m  [1mrollback transaction[0m
  [1m[35m (0.0ms)[0m  begin transaction
  [1m[36m (0.0ms)[0m  [1mrollback transaction[0m
  [1m[35m (0.0ms)[0m  begin transaction
  [1m[36m (0.0ms)[0m  [1mrollback transaction[0m
  [1m[35m (0.0ms)[0m  begin transaction
  [1m[36m (0.0ms)[0m  [1mrollback transaction[0m
  [1m[35m (0.0ms)[0m  begin transaction
  [1m[36m (0.0ms)[0m  [1mrollback transaction[0m
  [1m[36mActiveRecord::SchemaMigration Load (0.1ms)[0m  [1mSELECT "schema_migrations".* FROM "schema_migrations"[0m
  [1m[35m (0.1ms)[0m  begin transaction
  [1m[36m (0.1ms)[0m  [1mrollback transaction[0m
  [1m[35m (0.0ms)[0m  begin transaction
  [1m[36m (0.0ms)[0m  [1mrollback transaction[0m
  [1m[36mActiveRecord::SchemaMigration Load (0.1ms)[0m  [1mSELECT "schema_migrations".* FROM "schema_migrations"[0m
  [1m[35m (0.1ms)[0m  begin transaction
Processing by MoviesController#director as HTML
  Parameters: {"id"=>"1234"}
  Template rendering was prevented by rspec-rails. Use `render_views` to verify rendered view contents if necessary.
  Rendered movies/director.html.haml within layouts/application (0.3ms)
  Template rendering was prevented by rspec-rails. Use `render_views` to verify rendered view contents if necessary.
Completed 200 OK in 15ms (Views: 14.2ms | ActiveRecord: 0.0ms)
  [1m[36m (0.1ms)[0m  [1mrollback transaction[0m
  [1m[35m (0.1ms)[0m  begin transaction
Processing by MoviesController#director as HTML
  Parameters: {"id"=>"1234"}
Redirected to http://test.host/movies
Completed 302 Found in 0ms (ActiveRecord: 0.0ms)
  [1m[36m (0.1ms)[0m  [1mrollback transaction[0m
  [1m[36mActiveRecord::SchemaMigration Load (0.1ms)[0m  [1mSELECT "schema_migrations".* FROM "schema_migrations"[0m
  [1m[35m (0.1ms)[0m  begin transaction
Processing by MoviesController#director as HTML
  Parameters: {"id"=>"1234"}
  Template rendering was prevented by rspec-rails. Use `render_views` to verify rendered view contents if necessary.
  Rendered movies/director.html.haml within layouts/application (1.0ms)
  Template rendering was prevented by rspec-rails. Use `render_views` to verify rendered view contents if necessary.
Completed 200 OK in 13ms (Views: 12.9ms | ActiveRecord: 0.0ms)
  [1m[36m (0.1ms)[0m  [1mrollback transaction[0m
  [1m[35m (0.1ms)[0m  begin transaction
Processing by MoviesController#director as HTML
  Parameters: {"id"=>"1234"}
Redirected to http://test.host/movies
Completed 302 Found in 1ms (ActiveRecord: 0.0ms)
  [1m[36m (0.1ms)[0m  [1mrollback transaction[0m
  [1m[35m (0.1ms)[0m  begin transaction
Processing by MoviesController#create as HTML
  Parameters: {"movie"=>{"title"=>"Terrible Movie", "rating"=>"G", "director"=>"Dr. V"}}
Redirected to http://test.host/movies
Completed 302 Found in 1ms (ActiveRecord: 0.0ms)
  [1m[36m (0.1ms)[0m  [1mrollback transaction[0m
  [1m[35m (0.1ms)[0m  begin transaction
Processing by MoviesController#show as HTML
  Parameters: {"id"=>"1234"}
  Template rendering was prevented by rspec-rails. Use `render_views` to verify rendered view contents if necessary.
  Rendered movies/show.html.haml within layouts/application (0.9ms)
Completed 200 OK in 2ms (Views: 2.1ms | ActiveRecord: 0.0ms)
  [1m[36m (0.1ms)[0m  [1mrollback transaction[0m
  [1m[35m (0.1ms)[0m  begin transaction
Processing by MoviesController#destroy as HTML
  Parameters: {"id"=>"1234"}
Redirected to http://test.host/movies
Completed 302 Found in 1ms (ActiveRecord: 0.0ms)
  [1m[36m (0.1ms)[0m  [1mrollback transaction[0m
  [1m[35m (0.1ms)[0m  begin transaction
Processing by MoviesController#edit as HTML
  Parameters: {"id"=>"1234"}
  Template rendering was prevented by rspec-rails. Use `render_views` to verify rendered view contents if necessary.
  Rendered movies/edit.html.haml within layouts/application (0.2ms)
Completed 200 OK in 2ms (Views: 2.0ms | ActiveRecord: 0.0ms)
  [1m[36m (0.1ms)[0m  [1mrollback transaction[0m
  [1m[35m (0.1ms)[0m  begin transaction
Processing by MoviesController#new as HTML
  Template rendering was prevented by rspec-rails. Use `render_views` to verify rendered view contents if necessary.
  Rendered movies/new.html.haml within layouts/application (0.9ms)
Completed 200 OK in 2ms (Views: 1.9ms | ActiveRecord: 0.0ms)
  [1m[36m (0.1ms)[0m  [1mrollback transaction[0m
  [1m[36mActiveRecord::SchemaMigration Load (0.1ms)[0m  [1mSELECT "schema_migrations".* FROM "schema_migrations"[0m
  [1m[35m (0.1ms)[0m  begin transaction
  [1m[36m (0.0ms)[0m  [1mcommit transaction[0m
  [1m[35m (0.0ms)[0m  begin transaction
  [1m[36m (0.1ms)[0m  [1mSAVEPOINT active_record_1[0m
  [1m[35mSQL (0.2ms)[0m  INSERT INTO "movies" ("title", "rating", "director", "release_date", "created_at", "updated_at") VALUES (?, ?, ?, ?, ?, ?)  [["title", "Star Wars"], ["rating", "PG"], ["director", "George Lucas"], ["release_date", "1977-05-25 00:00:00.000000"], ["created_at", "2020-03-10 19:21:17.125066"], ["updated_at", "2020-03-10 19:21:17.125066"]]
  [1m[36m (0.0ms)[0m  [1mRELEASE SAVEPOINT active_record_1[0m
  [1m[35m (0.0ms)[0m  SAVEPOINT active_record_1
  [1m[36mSQL (0.1ms)[0m  [1mINSERT INTO "movies" ("title", "rating", "director", "release_date", "created_at", "updated_at") VALUES (?, ?, ?, ?, ?, ?)[0m  [["title", "Blade Runner"], ["rating", "PG"], ["director", "Ridley Scott"], ["release_date", "1982-06-25 00:00:00.000000"], ["created_at", "2020-03-10 19:21:17.127036"], ["updated_at", "2020-03-10 19:21:17.127036"]]
  [1m[35m (0.0ms)[0m  RELEASE SAVEPOINT active_record_1
  [1m[36m (0.0ms)[0m  [1mSAVEPOINT active_record_1[0m
  [1m[35mSQL (0.1ms)[0m  INSERT INTO "movies" ("title", "rating", "director", "release_date", "created_at", "updated_at") VALUES (?, ?, ?, ?, ?, ?)  [["title", "Alien"], ["rating", "R"], ["director", ""], ["release_date", "1979-05-25 00:00:00.000000"], ["created_at", "2020-03-10 19:21:17.128508"], ["updated_at", "2020-03-10 19:21:17.128508"]]
  [1m[36m (0.0ms)[0m  [1mRELEASE SAVEPOINT active_record_1[0m
  [1m[35m (0.0ms)[0m  SAVEPOINT active_record_1
  [1m[36mSQL (0.1ms)[0m  [1mINSERT INTO "movies" ("title", "rating", "director", "release_date", "created_at", "updated_at") VALUES (?, ?, ?, ?, ?, ?)[0m  [["title", "THX-1138"], ["rating", "R"], ["director", "George Lucas"], ["release_date", "1971-03-11 00:00:00.000000"], ["created_at", "2020-03-10 19:21:17.130017"], ["updated_at", "2020-03-10 19:21:17.130017"]]
  [1m[35m (0.0ms)[0m  RELEASE SAVEPOINT active_record_1
  [1m[36mMovie Load (0.1ms)[0m  [1mSELECT  "movies".* FROM "movies" WHERE "movies"."title" = ? LIMIT 1[0m  [["title", "Alien"]]
Started GET "/movies/3/edit" for 127.0.0.1 at 2020-03-10 19:21:17 +0000
Processing by MoviesController#edit as HTML
  Parameters: {"id"=>"3"}
  [1m[35mMovie Load (0.1ms)[0m  SELECT  "movies".* FROM "movies" WHERE "movies"."id" = ? LIMIT 1  [["id", 3]]
  Rendered movies/edit.html.haml within layouts/application (16.5ms)
Completed 200 OK in 250ms (Views: 249.3ms | ActiveRecord: 0.1ms)
Started PUT "/movies/3" for 127.0.0.1 at 2020-03-10 19:21:17 +0000
Processing by MoviesController#update as HTML
  Parameters: {"utf8"=>"✓", "movie"=>{"title"=>"Alien", "rating"=>"R", "director"=>"Ridley Scott", "release_date(1i)"=>"1979", "release_date(2i)"=>"5", "release_date(3i)"=>"25"}, "commit"=>"Update Movie Info", "id"=>"3"}
  [1m[36mMovie Load (0.1ms)[0m  [1mSELECT  "movies".* FROM "movies" WHERE "movies"."id" = ? LIMIT 1[0m  [["id", 3]]
  [1m[35m (0.1ms)[0m  SAVEPOINT active_record_1
  [1m[36mSQL (0.1ms)[0m  [1mUPDATE "movies" SET "director" = ?, "updated_at" = ? WHERE "movies"."id" = ?[0m  [["director", "Ridley Scott"], ["updated_at", "2020-03-10 19:21:17.442814"], ["id", 3]]
  [1m[35m (0.0ms)[0m  RELEASE SAVEPOINT active_record_1
Redirected to http://www.example.com/movies/3
Completed 302 Found in 3ms (ActiveRecord: 0.3ms)
Started GET "/movies/3" for 127.0.0.1 at 2020-03-10 19:21:17 +0000
Processing by MoviesController#show as HTML
  Parameters: {"id"=>"3"}
  [1m[36mMovie Load (0.0ms)[0m  [1mSELECT  "movies".* FROM "movies" WHERE "movies"."id" = ? LIMIT 1[0m  [["id", 3]]
  Rendered movies/show.html.haml within layouts/application (2.3ms)
Completed 200 OK in 5ms (Views: 4.2ms | ActiveRecord: 0.0ms)
  [1m[35mMovie Load (0.1ms)[0m  SELECT  "movies".* FROM "movies" WHERE "movies"."title" = ? LIMIT 1  [["title", "Alien"]]
  [1m[36m (0.2ms)[0m  [1mrollback transaction[0m
  [1m[35m (0.1ms)[0m  begin transaction
  [1m[36m (0.0ms)[0m  [1mcommit transaction[0m
  [1m[35m (0.0ms)[0m  begin transaction
  [1m[36m (0.1ms)[0m  [1mSAVEPOINT active_record_1[0m
  [1m[35mSQL (0.1ms)[0m  INSERT INTO "movies" ("title", "rating", "director", "release_date", "created_at", "updated_at") VALUES (?, ?, ?, ?, ?, ?)  [["title", "Star Wars"], ["rating", "PG"], ["director", "George Lucas"], ["release_date", "1977-05-25 00:00:00.000000"], ["created_at", "2020-03-10 19:21:17.462055"], ["updated_at", "2020-03-10 19:21:17.462055"]]
  [1m[36m (0.1ms)[0m  [1mRELEASE SAVEPOINT active_record_1[0m
  [1m[35m (0.0ms)[0m  SAVEPOINT active_record_1
  [1m[36mSQL (0.1ms)[0m  [1mINSERT INTO "movies" ("title", "rating", "director", "release_date", "created_at", "updated_at") VALUES (?, ?, ?, ?, ?, ?)[0m  [["title", "Blade Runner"], ["rating", "PG"], ["director", "Ridley Scott"], ["release_date", "1982-06-25 00:00:00.000000"], ["created_at", "2020-03-10 19:21:17.463712"], ["updated_at", "2020-03-10 19:21:17.463712"]]
  [1m[35m (0.1ms)[0m  RELEASE SAVEPOINT active_record_1
  [1m[36m (0.0ms)[0m  [1mSAVEPOINT active_record_1[0m
  [1m[35mSQL (0.1ms)[0m  INSERT INTO "movies" ("title", "rating", "director", "release_date", "created_at", "updated_at") VALUES (?, ?, ?, ?, ?, ?)  [["title", "Alien"], ["rating", "R"], ["director", ""], ["release_date", "1979-05-25 00:00:00.000000"], ["created_at", "2020-03-10 19:21:17.465186"], ["updated_at", "2020-03-10 19:21:17.465186"]]
  [1m[36m (0.0ms)[0m  [1mRELEASE SAVEPOINT active_record_1[0m
  [1m[35m (0.0ms)[0m  SAVEPOINT active_record_1
  [1m[36mSQL (0.1ms)[0m  [1mINSERT INTO "movies" ("title", "rating", "director", "release_date", "created_at", "updated_at") VALUES (?, ?, ?, ?, ?, ?)[0m  [["title", "THX-1138"], ["rating", "R"], ["director", "George Lucas"], ["release_date", "1971-03-11 00:00:00.000000"], ["created_at", "2020-03-10 19:21:17.466605"], ["updated_at", "2020-03-10 19:21:17.466605"]]
  [1m[35m (0.1ms)[0m  RELEASE SAVEPOINT active_record_1
  [1m[36mMovie Load (0.1ms)[0m  [1mSELECT  "movies".* FROM "movies" WHERE "movies"."title" = ? LIMIT 1[0m  [["title", "Star Wars"]]
Started GET "/movies/1" for 127.0.0.1 at 2020-03-10 19:21:17 +0000
Processing by MoviesController#show as HTML
  Parameters: {"id"=>"1"}
  [1m[35mMovie Load (0.0ms)[0m  SELECT  "movies".* FROM "movies" WHERE "movies"."id" = ? LIMIT 1  [["id", 1]]
  Rendered movies/show.html.haml within layouts/application (0.6ms)
Completed 200 OK in 2ms (Views: 2.0ms | ActiveRecord: 0.0ms)
Started GET "/movies/director/1" for 127.0.0.1 at 2020-03-10 19:21:17 +0000
Processing by MoviesController#director as HTML
  Parameters: {"id"=>"1"}
  [1m[36mMovie Load (0.0ms)[0m  [1mSELECT  "movies".* FROM "movies" WHERE "movies"."id" = ? LIMIT 1[0m  [["id", 1]]
  [1m[35mMovie Load (0.1ms)[0m  SELECT "movies".* FROM "movies" WHERE (director = 'George Lucas')
  Rendered movies/director.html.haml within layouts/application (2.8ms)
Completed 200 OK in 5ms (Views: 4.3ms | ActiveRecord: 0.2ms)
  [1m[36mMovie Load (0.1ms)[0m  [1mSELECT  "movies".* FROM "movies" WHERE "movies"."title" = ? LIMIT 1[0m  [["title", "Star Wars"]]
  [1m[35m (0.2ms)[0m  rollback transaction
  [1m[36m (0.1ms)[0m  [1mbegin transaction[0m
  [1m[35m (0.0ms)[0m  commit transaction
  [1m[36m (0.0ms)[0m  [1mbegin transaction[0m
  [1m[35m (0.0ms)[0m  SAVEPOINT active_record_1
  [1m[36mSQL (0.1ms)[0m  [1mINSERT INTO "movies" ("title", "rating", "director", "release_date", "created_at", "updated_at") VALUES (?, ?, ?, ?, ?, ?)[0m  [["title", "Star Wars"], ["rating", "PG"], ["director", "George Lucas"], ["release_date", "1977-05-25 00:00:00.000000"], ["created_at", "2020-03-10 19:21:17.498254"], ["updated_at", "2020-03-10 19:21:17.498254"]]
  [1m[35m (0.1ms)[0m  RELEASE SAVEPOINT active_record_1
  [1m[36m (0.0ms)[0m  [1mSAVEPOINT active_record_1[0m
  [1m[35mSQL (0.1ms)[0m  INSERT INTO "movies" ("title", "rating", "director", "release_date", "created_at", "updated_at") VALUES (?, ?, ?, ?, ?, ?)  [["title", "Blade Runner"], ["rating", "PG"], ["director", "Ridley Scott"], ["release_date", "1982-06-25 00:00:00.000000"], ["created_at", "2020-03-10 19:21:17.499948"], ["updated_at", "2020-03-10 19:21:17.499948"]]
  [1m[36m (0.0ms)[0m  [1mRELEASE SAVEPOINT active_record_1[0m
  [1m[35m (0.0ms)[0m  SAVEPOINT active_record_1
  [1m[36mSQL (0.1ms)[0m  [1mINSERT INTO "movies" ("title", "rating", "director", "release_date", "created_at", "updated_at") VALUES (?, ?, ?, ?, ?, ?)[0m  [["title", "Alien"], ["rating", "R"], ["director", ""], ["release_date", "1979-05-25 00:00:00.000000"], ["created_at", "2020-03-10 19:21:17.501382"], ["updated_at", "2020-03-10 19:21:17.501382"]]
  [1m[35m (0.1ms)[0m  RELEASE SAVEPOINT active_record_1
  [1m[36m (0.0ms)[0m  [1mSAVEPOINT active_record_1[0m
  [1m[35mSQL (0.1ms)[0m  INSERT INTO "movies" ("title", "rating", "director", "release_date", "created_at", "updated_at") VALUES (?, ?, ?, ?, ?, ?)  [["title", "THX-1138"], ["rating", "R"], ["director", "George Lucas"], ["release_date", "1971-03-11 00:00:00.000000"], ["created_at", "2020-03-10 19:21:17.502755"], ["updated_at", "2020-03-10 19:21:17.502755"]]
  [1m[36m (0.0ms)[0m  [1mRELEASE SAVEPOINT active_record_1[0m
  [1m[35mMovie Load (0.0ms)[0m  SELECT  "movies".* FROM "movies" WHERE "movies"."title" = ? LIMIT 1  [["title", "Alien"]]
Started GET "/movies/3" for 127.0.0.1 at 2020-03-10 19:21:17 +0000
Processing by MoviesController#show as HTML
  Parameters: {"id"=>"3"}
  [1m[36mMovie Load (0.0ms)[0m  [1mSELECT  "movies".* FROM "movies" WHERE "movies"."id" = ? LIMIT 1[0m  [["id", 3]]
  Rendered movies/show.html.haml within layouts/application (0.6ms)
Completed 200 OK in 2ms (Views: 2.0ms | ActiveRecord: 0.0ms)
Started GET "/movies/director/3" for 127.0.0.1 at 2020-03-10 19:21:17 +0000
Processing by MoviesController#director as HTML
  Parameters: {"id"=>"3"}
  [1m[35mMovie Load (0.1ms)[0m  SELECT  "movies".* FROM "movies" WHERE "movies"."id" = ? LIMIT 1  [["id", 3]]
Redirected to http://www.example.com/movies
Completed 302 Found in 1ms (ActiveRecord: 0.1ms)
Started GET "/movies" for 127.0.0.1 at 2020-03-10 19:21:17 +0000
Processing by MoviesController#index as HTML
  [1m[36mMovie Load (0.2ms)[0m  [1mSELECT "movies".* FROM "movies" WHERE "movies"."rating" IN ('G', 'PG', 'PG-13', 'NC-17', 'R')[0m
  Rendered movies/index.html.haml within layouts/application (4.8ms)
Completed 200 OK in 7ms (Views: 6.3ms | ActiveRecord: 0.2ms)
  [1m[35m (0.2ms)[0m  rollback transaction
  [1m[36m (0.1ms)[0m  [1mbegin transaction[0m
  [1m[35m (0.0ms)[0m  commit transaction
  [1m[36m (0.0ms)[0m  [1mbegin transaction[0m
  [1m[35m (0.0ms)[0m  SAVEPOINT active_record_1
  [1m[36mSQL (0.2ms)[0m  [1mINSERT INTO "movies" ("title", "rating", "release_date", "created_at", "updated_at") VALUES (?, ?, ?, ?, ?)[0m  [["title", "Aladdin"], ["rating", "G"], ["release_date", "1992-11-25 00:00:00.000000"], ["created_at", "2020-03-10 19:21:17.534477"], ["updated_at", "2020-03-10 19:21:17.534477"]]
  [1m[35m (0.1ms)[0m  RELEASE SAVEPOINT active_record_1
  [1m[36m (0.0ms)[0m  [1mSAVEPOINT active_record_1[0m
  [1m[35mSQL (0.1ms)[0m  INSERT INTO "movies" ("title", "rating", "release_date", "created_at", "updated_at") VALUES (?, ?, ?, ?, ?)  [["title", "The Terminator"], ["rating", "R"], ["release_date", "1984-10-26 00:00:00.000000"], ["created_at", "2020-03-10 19:21:17.536254"], ["updated_at", "2020-03-10 19:21:17.536254"]]
  [1m[36m (0.0ms)[0m  [1mRELEASE SAVEPOINT active_record_1[0m
  [1m[35m (0.0ms)[0m  SAVEPOINT active_record_1
  [1m[36mSQL (0.1ms)[0m  [1mINSERT INTO "movies" ("title", "rating", "release_date", "created_at", "updated_at") VALUES (?, ?, ?, ?, ?)[0m  [["title", "When Harry Met Sally"], ["rating", "R"], ["release_date", "1989-07-21 00:00:00.000000"], ["created_at", "2020-03-10 19:21:17.537827"], ["updated_at", "2020-03-10 19:21:17.537827"]]
  [1m[35m (0.0ms)[0m  RELEASE SAVEPOINT active_record_1
  [1m[36m (0.0ms)[0m  [1mSAVEPOINT active_record_1[0m
  [1m[35mSQL (0.1ms)[0m  INSERT INTO "movies" ("title", "rating", "release_date", "created_at", "updated_at") VALUES (?, ?, ?, ?, ?)  [["title", "The Help"], ["rating", "PG-13"], ["release_date", "2011-08-10 00:00:00.000000"], ["created_at", "2020-03-10 19:21:17.539192"], ["updated_at", "2020-03-10 19:21:17.539192"]]
  [1m[36m (0.1ms)[0m  [1mRELEASE SAVEPOINT active_record_1[0m
  [1m[35m (0.0ms)[0m  SAVEPOINT active_record_1
  [1m[36mSQL (0.1ms)[0m  [1mINSERT INTO "movies" ("title", "rating", "release_date", "created_at", "updated_at") VALUES (?, ?, ?, ?, ?)[0m  [["title", "Chocolat"], ["rating", "PG-13"], ["release_date", "2001-01-05 00:00:00.000000"], ["created_at", "2020-03-10 19:21:17.540656"], ["updated_at", "2020-03-10 19:21:17.540656"]]
  [1m[35m (0.1ms)[0m  RELEASE SAVEPOINT active_record_1
  [1m[36m (0.0ms)[0m  [1mSAVEPOINT active_record_1[0m
  [1m[35mSQL (0.1ms)[0m  INSERT INTO "movies" ("title", "rating", "release_date", "created_at", "updated_at") VALUES (?, ?, ?, ?, ?)  [["title", "Amelie"], ["rating", "R"], ["release_date", "2001-04-25 00:00:00.000000"], ["created_at", "2020-03-10 19:21:17.542041"], ["updated_at", "2020-03-10 19:21:17.542041"]]
  [1m[36m (0.0ms)[0m  [1mRELEASE SAVEPOINT active_record_1[0m
  [1m[35m (0.0ms)[0m  SAVEPOINT active_record_1
  [1m[36mSQL (0.1ms)[0m  [1mINSERT INTO "movies" ("title", "rating", "release_date", "created_at", "updated_at") VALUES (?, ?, ?, ?, ?)[0m  [["title", "2001: A Space Odyssey"], ["rating", "G"], ["release_date", "1968-04-06 00:00:00.000000"], ["created_at", "2020-03-10 19:21:17.543400"], ["updated_at", "2020-03-10 19:21:17.543400"]]
  [1m[35m (0.0ms)[0m  RELEASE SAVEPOINT active_record_1
  [1m[36m (0.0ms)[0m  [1mSAVEPOINT active_record_1[0m
  [1m[35mSQL (0.1ms)[0m  INSERT INTO "movies" ("title", "rating", "release_date", "created_at", "updated_at") VALUES (?, ?, ?, ?, ?)  [["title", "The Incredibles"], ["rating", "PG"], ["release_date", "2004-11-05 00:00:00.000000"], ["created_at", "2020-03-10 19:21:17.544853"], ["updated_at", "2020-03-10 19:21:17.544853"]]
  [1m[36m (0.1ms)[0m  [1mRELEASE SAVEPOINT active_record_1[0m
  [1m[35m (0.0ms)[0m  SAVEPOINT active_record_1
  [1m[36mSQL (0.1ms)[0m  [1mINSERT INTO "movies" ("title", "rating", "release_date", "created_at", "updated_at") VALUES (?, ?, ?, ?, ?)[0m  [["title", "Raiders of the Lost Ark"], ["rating", "PG"], ["release_date", "1981-06-12 00:00:00.000000"], ["created_at", "2020-03-10 19:21:17.546241"], ["updated_at", "2020-03-10 19:21:17.546241"]]
  [1m[35m (0.1ms)[0m  RELEASE SAVEPOINT active_record_1
  [1m[36m (0.0ms)[0m  [1mSAVEPOINT active_record_1[0m
  [1m[35mSQL (0.1ms)[0m  INSERT INTO "movies" ("title", "rating", "release_date", "created_at", "updated_at") VALUES (?, ?, ?, ?, ?)  [["title", "Chicken Run"], ["rating", "G"], ["release_date", "2000-06-21 00:00:00.000000"], ["created_at", "2020-03-10 19:21:17.547618"], ["updated_at", "2020-03-10 19:21:17.547618"]]
  [1m[36m (0.0ms)[0m  [1mRELEASE SAVEPOINT active_record_1[0m
Started GET "/movies" for 127.0.0.1 at 2020-03-10 19:21:17 +0000
Processing by MoviesController#index as HTML
  [1m[35mMovie Load (0.2ms)[0m  SELECT "movies".* FROM "movies" WHERE "movies"."rating" IN ('G', 'PG', 'PG-13', 'NC-17', 'R')
  Rendered movies/index.html.haml within layouts/application (3.3ms)
Completed 200 OK in 5ms (Views: 4.5ms | ActiveRecord: 0.2ms)
Started GET "/movies?utf8=%E2%9C%93&ratings[PG]=1&ratings[NC-17]=1&ratings[R]=1&commit=Refresh" for 127.0.0.1 at 2020-03-10 19:21:17 +0000
Processing by MoviesController#index as HTML
  Parameters: {"utf8"=>"✓", "ratings"=>{"PG"=>"1", "NC-17"=>"1", "R"=>"1"}, "commit"=>"Refresh"}
Redirected to http://www.example.com/movies?ratings%5BNC-17%5D=1&ratings%5BPG%5D=1&ratings%5BR%5D=1
Completed 302 Found in 1ms (ActiveRecord: 0.0ms)
Started GET "/movies?ratings[NC-17]=1&ratings[PG]=1&ratings[R]=1" for 127.0.0.1 at 2020-03-10 19:21:17 +0000
Processing by MoviesController#index as HTML
  Parameters: {"ratings"=>{"NC-17"=>"1", "PG"=>"1", "R"=>"1"}}
  [1m[36mMovie Load (0.2ms)[0m  [1mSELECT "movies".* FROM "movies" WHERE "movies"."rating" IN ('NC-17', 'PG', 'R')[0m
  Rendered movies/index.html.haml within layouts/application (2.3ms)
Completed 200 OK in 4ms (Views: 3.3ms | ActiveRecord: 0.2ms)
  [1m[35m (0.2ms)[0m  rollback transaction
  [1m[36m (0.1ms)[0m  [1mbegin transaction[0m
  [1m[35m (0.1ms)[0m  commit transaction
  [1m[36m (0.0ms)[0m  [1mbegin transaction[0m
  [1m[35m (0.1ms)[0m  SAVEPOINT active_record_1
  [1m[36mSQL (0.1ms)[0m  [1mINSERT INTO "movies" ("title", "rating", "release_date", "created_at", "updated_at") VALUES (?, ?, ?, ?, ?)[0m  [["title", "Aladdin"], ["rating", "G"], ["release_date", "1992-11-25 00:00:00.000000"], ["created_at", "2020-03-10 19:21:17.594151"], ["updated_at", "2020-03-10 19:21:17.594151"]]
  [1m[35m (0.0ms)[0m  RELEASE SAVEPOINT active_record_1
  [1m[36m (0.1ms)[0m  [1mSAVEPOINT active_record_1[0m
  [1m[35mSQL (0.1ms)[0m  INSERT INTO "movies" ("title", "rating", "release_date", "created_at", "updated_at") VALUES (?, ?, ?, ?, ?)  [["title", "The Terminator"], ["rating", "R"], ["release_date", "1984-10-26 00:00:00.000000"], ["created_at", "2020-03-10 19:21:17.595728"], ["updated_at", "2020-03-10 19:21:17.595728"]]
  [1m[36m (0.0ms)[0m  [1mRELEASE SAVEPOINT active_record_1[0m
  [1m[35m (0.0ms)[0m  SAVEPOINT active_record_1
  [1m[36mSQL (0.1ms)[0m  [1mINSERT INTO "movies" ("title", "rating", "release_date", "created_at", "updated_at") VALUES (?, ?, ?, ?, ?)[0m  [["title", "When Harry Met Sally"], ["rating", "R"], ["release_date", "1989-07-21 00:00:00.000000"], ["created_at", "2020-03-10 19:21:17.597193"], ["updated_at", "2020-03-10 19:21:17.597193"]]
  [1m[35m (0.0ms)[0m  RELEASE SAVEPOINT active_record_1
  [1m[36m (0.1ms)[0m  [1mSAVEPOINT active_record_1[0m
  [1m[35mSQL (0.1ms)[0m  INSERT INTO "movies" ("title", "rating", "release_date", "created_at", "updated_at") VALUES (?, ?, ?, ?, ?)  [["title", "The Help"], ["rating", "PG-13"], ["release_date", "2011-08-10 00:00:00.000000"], ["created_at", "2020-03-10 19:21:17.598552"], ["updated_at", "2020-03-10 19:21:17.598552"]]
  [1m[36m (0.0ms)[0m  [1mRELEASE SAVEPOINT active_record_1[0m
  [1m[35m (0.0ms)[0m  SAVEPOINT active_record_1
  [1m[36mSQL (0.1ms)[0m  [1mINSERT INTO "movies" ("title", "rating", "release_date", "created_at", "updated_at") VALUES (?, ?, ?, ?, ?)[0m  [["title", "Chocolat"], ["rating", "PG-13"], ["release_date", "2001-01-05 00:00:00.000000"], ["created_at", "2020-03-10 19:21:17.599938"], ["updated_at", "2020-03-10 19:21:17.599938"]]
  [1m[35m (0.0ms)[0m  RELEASE SAVEPOINT active_record_1
  [1m[36m (0.0ms)[0m  [1mSAVEPOINT active_record_1[0m
  [1m[35mSQL (0.1ms)[0m  INSERT INTO "movies" ("title", "rating", "release_date", "created_at", "updated_at") VALUES (?, ?, ?, ?, ?)  [["title", "Amelie"], ["rating", "R"], ["release_date", "2001-04-25 00:00:00.000000"], ["created_at", "2020-03-10 19:21:17.601286"], ["updated_at", "2020-03-10 19:21:17.601286"]]
  [1m[36m (0.0ms)[0m  [1mRELEASE SAVEPOINT active_record_1[0m
  [1m[35m (0.0ms)[0m  SAVEPOINT active_record_1
  [1m[36mSQL (0.1ms)[0m  [1mINSERT INTO "movies" ("title", "rating", "release_date", "created_at", "updated_at") VALUES (?, ?, ?, ?, ?)[0m  [["title", "2001: A Space Odyssey"], ["rating", "G"], ["release_date", "1968-04-06 00:00:00.000000"], ["created_at", "2020-03-10 19:21:17.602636"], ["updated_at", "2020-03-10 19:21:17.602636"]]
  [1m[35m (0.0ms)[0m  RELEASE SAVEPOINT active_record_1
  [1m[36m (0.0ms)[0m  [1mSAVEPOINT active_record_1[0m
  [1m[35mSQL (0.1ms)[0m  INSERT INTO "movies" ("title", "rating", "release_date", "created_at", "updated_at") VALUES (?, ?, ?, ?, ?)  [["title", "The Incredibles"], ["rating", "PG"], ["release_date", "2004-11-05 00:00:00.000000"], ["created_at", "2020-03-10 19:21:17.604066"], ["updated_at", "2020-03-10 19:21:17.604066"]]
  [1m[36m (0.0ms)[0m  [1mRELEASE SAVEPOINT active_record_1[0m
  [1m[35m (0.1ms)[0m  SAVEPOINT active_record_1
  [1m[36mSQL (0.1ms)[0m  [1mINSERT INTO "movies" ("title", "rating", "release_date", "created_at", "updated_at") VALUES (?, ?, ?, ?, ?)[0m  [["title", "Raiders of the Lost Ark"], ["rating", "PG"], ["release_date", "1981-06-12 00:00:00.000000"], ["created_at", "2020-03-10 19:21:17.605493"], ["updated_at", "2020-03-10 19:21:17.605493"]]
  [1m[35m (0.0ms)[0m  RELEASE SAVEPOINT active_record_1
  [1m[36m (0.0ms)[0m  [1mSAVEPOINT active_record_1[0m
  [1m[35mSQL (0.1ms)[0m  INSERT INTO "movies" ("title", "rating", "release_date", "created_at", "updated_at") VALUES (?, ?, ?, ?, ?)  [["title", "Chicken Run"], ["rating", "G"], ["release_date", "2000-06-21 00:00:00.000000"], ["created_at", "2020-03-10 19:21:17.606923"], ["updated_at", "2020-03-10 19:21:17.606923"]]
  [1m[36m (0.1ms)[0m  [1mRELEASE SAVEPOINT active_record_1[0m
Started GET "/movies" for 127.0.0.1 at 2020-03-10 19:21:17 +0000
Processing by MoviesController#index as HTML
  [1m[35mMovie Load (0.2ms)[0m  SELECT "movies".* FROM "movies" WHERE "movies"."rating" IN ('G', 'PG', 'PG-13', 'NC-17', 'R')
  Rendered movies/index.html.haml within layouts/application (3.5ms)
Completed 200 OK in 5ms (Views: 4.7ms | ActiveRecord: 0.2ms)
Started GET "/movies?utf8=%E2%9C%93&ratings[G]=1&ratings[PG]=1&ratings[PG-13]=1&ratings[NC-17]=1&ratings[R]=1&commit=Refresh" for 127.0.0.1 at 2020-03-10 19:21:17 +0000
Processing by MoviesController#index as HTML
  Parameters: {"utf8"=>"✓", "ratings"=>{"G"=>"1", "PG"=>"1", "PG-13"=>"1", "NC-17"=>"1", "R"=>"1"}, "commit"=>"Refresh"}
Redirected to http://www.example.com/movies?ratings%5BG%5D=1&ratings%5BNC-17%5D=1&ratings%5BPG%5D=1&ratings%5BPG-13%5D=1&ratings%5BR%5D=1
Completed 302 Found in 1ms (ActiveRecord: 0.0ms)
Started GET "/movies?ratings[G]=1&ratings[NC-17]=1&ratings[PG]=1&ratings[PG-13]=1&ratings[R]=1" for 127.0.0.1 at 2020-03-10 19:21:17 +0000
Processing by MoviesController#index as HTML
  Parameters: {"ratings"=>{"G"=>"1", "NC-17"=>"1", "PG"=>"1", "PG-13"=>"1", "R"=>"1"}}
  [1m[36mMovie Load (0.2ms)[0m  [1mSELECT "movies".* FROM "movies" WHERE "movies"."rating" IN ('G', 'NC-17', 'PG', 'PG-13', 'R')[0m
  Rendered movies/index.html.haml within layouts/application (3.8ms)
Completed 200 OK in 6ms (Views: 4.9ms | ActiveRecord: 0.2ms)
  [1m[35mMovie Load (0.1ms)[0m  SELECT "movies".* FROM "movies"
  [1m[36m (0.2ms)[0m  [1mrollback transaction[0m
  [1m[35m (0.1ms)[0m  begin transaction
  [1m[36m (0.0ms)[0m  [1mcommit transaction[0m
  [1m[35m (0.0ms)[0m  begin transaction
  [1m[36m (0.1ms)[0m  [1mSAVEPOINT active_record_1[0m
  [1m[35mSQL (0.1ms)[0m  INSERT INTO "movies" ("title", "rating", "release_date", "created_at", "updated_at") VALUES (?, ?, ?, ?, ?)  [["title", "Aladdin"], ["rating", "G"], ["release_date", "1992-11-25 00:00:00.000000"], ["created_at", "2020-03-10 19:21:17.677537"], ["updated_at", "2020-03-10 19:21:17.677537"]]
  [1m[36m (0.1ms)[0m  [1mRELEASE SAVEPOINT active_record_1[0m
  [1m[35m (0.1ms)[0m  SAVEPOINT active_record_1
  [1m[36mSQL (0.1ms)[0m  [1mINSERT INTO "movies" ("title", "rating", "release_date", "created_at", "updated_at") VALUES (?, ?, ?, ?, ?)[0m  [["title", "The Terminator"], ["rating", "R"], ["release_date", "1984-10-26 00:00:00.000000"], ["created_at", "2020-03-10 19:21:17.679281"], ["updated_at", "2020-03-10 19:21:17.679281"]]
  [1m[35m (0.1ms)[0m  RELEASE SAVEPOINT active_record_1
  [1m[36m (0.0ms)[0m  [1mSAVEPOINT active_record_1[0m
  [1m[35mSQL (0.1ms)[0m  INSERT INTO "movies" ("title", "rating", "release_date", "created_at", "updated_at") VALUES (?, ?, ?, ?, ?)  [["title", "When Harry Met Sally"], ["rating", "R"], ["release_date", "1989-07-21 00:00:00.000000"], ["created_at", "2020-03-10 19:21:17.680776"], ["updated_at", "2020-03-10 19:21:17.680776"]]
  [1m[36m (0.1ms)[0m  [1mRELEASE SAVEPOINT active_record_1[0m
  [1m[35m (0.0ms)[0m  SAVEPOINT active_record_1
  [1m[36mSQL (0.1ms)[0m  [1mINSERT INTO "movies" ("title", "rating", "release_date", "created_at", "updated_at") VALUES (?, ?, ?, ?, ?)[0m  [["title", "The Help"], ["rating", "PG-13"], ["release_date", "2011-08-10 00:00:00.000000"], ["created_at", "2020-03-10 19:21:17.682280"], ["updated_at", "2020-03-10 19:21:17.682280"]]
  [1m[35m (0.1ms)[0m  RELEASE SAVEPOINT active_record_1
  [1m[36m (0.0ms)[0m  [1mSAVEPOINT active_record_1[0m
  [1m[35mSQL (0.1ms)[0m  INSERT INTO "movies" ("title", "rating", "release_date", "created_at", "updated_at") VALUES (?, ?, ?, ?, ?)  [["title", "Chocolat"], ["rating", "PG-13"], ["release_date", "2001-01-05 00:00:00.000000"], ["created_at", "2020-03-10 19:21:17.683743"], ["updated_at", "2020-03-10 19:21:17.683743"]]
  [1m[36m (0.0ms)[0m  [1mRELEASE SAVEPOINT active_record_1[0m
  [1m[35m (0.0ms)[0m  SAVEPOINT active_record_1
  [1m[36mSQL (0.1ms)[0m  [1mINSERT INTO "movies" ("title", "rating", "release_date", "created_at", "updated_at") VALUES (?, ?, ?, ?, ?)[0m  [["title", "Amelie"], ["rating", "R"], ["release_date", "2001-04-25 00:00:00.000000"], ["created_at", "2020-03-10 19:21:17.685238"], ["updated_at", "2020-03-10 19:21:17.685238"]]
  [1m[35m (0.0ms)[0m  RELEASE SAVEPOINT active_record_1
  [1m[36m (0.0ms)[0m  [1mSAVEPOINT active_record_1[0m
  [1m[35mSQL (0.1ms)[0m  INSERT INTO "movies" ("title", "rating", "release_date", "created_at", "updated_at") VALUES (?, ?, ?, ?, ?)  [["title", "2001: A Space Odyssey"], ["rating", "G"], ["release_date", "1968-04-06 00:00:00.000000"], ["created_at", "2020-03-10 19:21:17.686693"], ["updated_at", "2020-03-10 19:21:17.686693"]]
  [1m[36m (0.0ms)[0m  [1mRELEASE SAVEPOINT active_record_1[0m
  [1m[35m (0.0ms)[0m  SAVEPOINT active_record_1
  [1m[36mSQL (0.1ms)[0m  [1mINSERT INTO "movies" ("title", "rating", "release_date", "created_at", "updated_at") VALUES (?, ?, ?, ?, ?)[0m  [["title", "The Incredibles"], ["rating", "PG"], ["release_date", "2004-11-05 00:00:00.000000"], ["created_at", "2020-03-10 19:21:17.688149"], ["updated_at", "2020-03-10 19:21:17.688149"]]
  [1m[35m (0.0ms)[0m  RELEASE SAVEPOINT active_record_1
  [1m[36m (0.0ms)[0m  [1mSAVEPOINT active_record_1[0m
  [1m[35mSQL (0.1ms)[0m  INSERT INTO "movies" ("title", "rating", "release_date", "created_at", "updated_at") VALUES (?, ?, ?, ?, ?)  [["title", "Raiders of the Lost Ark"], ["rating", "PG"], ["release_date", "1981-06-12 00:00:00.000000"], ["created_at", "2020-03-10 19:21:17.689620"], ["updated_at", "2020-03-10 19:21:17.689620"]]
  [1m[36m (0.1ms)[0m  [1mRELEASE SAVEPOINT active_record_1[0m
  [1m[35m (0.1ms)[0m  SAVEPOINT active_record_1
  [1m[36mSQL (0.1ms)[0m  [1mINSERT INTO "movies" ("title", "rating", "release_date", "created_at", "updated_at") VALUES (?, ?, ?, ?, ?)[0m  [["title", "Chicken Run"], ["rating", "G"], ["release_date", "2000-06-21 00:00:00.000000"], ["created_at", "2020-03-10 19:21:17.691164"], ["updated_at", "2020-03-10 19:21:17.691164"]]
  [1m[35m (0.0ms)[0m  RELEASE SAVEPOINT active_record_1
Started GET "/movies" for 127.0.0.1 at 2020-03-10 19:21:17 +0000
Processing by MoviesController#index as HTML
  [1m[36mMovie Load (0.2ms)[0m  [1mSELECT "movies".* FROM "movies" WHERE "movies"."rating" IN ('G', 'PG', 'PG-13', 'NC-17', 'R')[0m
  Rendered movies/index.html.haml within layouts/application (3.6ms)
Completed 200 OK in 6ms (Views: 4.9ms | ActiveRecord: 0.2ms)
Started GET "/movies?ratings[G]=G&ratings[NC-17]=NC-17&ratings[PG]=PG&ratings[PG-13]=PG-13&ratings[R]=R&sort=title" for 127.0.0.1 at 2020-03-10 19:21:17 +0000
Processing by MoviesController#index as HTML
  Parameters: {"ratings"=>{"G"=>"G", "NC-17"=>"NC-17", "PG"=>"PG", "PG-13"=>"PG-13", "R"=>"R"}, "sort"=>"title"}
Redirected to http://www.example.com/movies?ratings%5BG%5D=G&ratings%5BNC-17%5D=NC-17&ratings%5BPG%5D=PG&ratings%5BPG-13%5D=PG-13&ratings%5BR%5D=R&sort=title
Completed 302 Found in 1ms (ActiveRecord: 0.0ms)
Started GET "/movies?ratings[G]=G&ratings[NC-17]=NC-17&ratings[PG]=PG&ratings[PG-13]=PG-13&ratings[R]=R&sort=title" for 127.0.0.1 at 2020-03-10 19:21:17 +0000
Processing by MoviesController#index as HTML
  Parameters: {"ratings"=>{"G"=>"G", "NC-17"=>"NC-17", "PG"=>"PG", "PG-13"=>"PG-13", "R"=>"R"}, "sort"=>"title"}
  [1m[35mMovie Load (0.2ms)[0m  SELECT "movies".* FROM "movies" WHERE "movies"."rating" IN ('G', 'NC-17', 'PG', 'PG-13', 'R')  ORDER BY "movies"."title" ASC
  Rendered movies/index.html.haml within layouts/application (3.9ms)
Completed 200 OK in 6ms (Views: 5.3ms | ActiveRecord: 0.2ms)
  [1m[36m (0.2ms)[0m  [1mrollback transaction[0m
  [1m[35m (0.1ms)[0m  begin transaction
  [1m[36m (0.0ms)[0m  [1mcommit transaction[0m
  [1m[35m (0.0ms)[0m  begin transaction
  [1m[36m (0.2ms)[0m  [1mSAVEPOINT active_record_1[0m
  [1m[35mSQL (0.2ms)[0m  INSERT INTO "movies" ("title", "rating", "release_date", "created_at", "updated_at") VALUES (?, ?, ?, ?, ?)  [["title", "Aladdin"], ["rating", "G"], ["release_date", "1992-11-25 00:00:00.000000"], ["created_at", "2020-03-10 19:21:17.728157"], ["updated_at", "2020-03-10 19:21:17.728157"]]
  [1m[36m (0.1ms)[0m  [1mRELEASE SAVEPOINT active_record_1[0m
  [1m[35m (0.1ms)[0m  SAVEPOINT active_record_1
  [1m[36mSQL (0.1ms)[0m  [1mINSERT INTO "movies" ("title", "rating", "release_date", "created_at", "updated_at") VALUES (?, ?, ?, ?, ?)[0m  [["title", "The Terminator"], ["rating", "R"], ["release_date", "1984-10-26 00:00:00.000000"], ["created_at", "2020-03-10 19:21:17.729934"], ["updated_at", "2020-03-10 19:21:17.729934"]]
  [1m[35m (0.1ms)[0m  RELEASE SAVEPOINT active_record_1
  [1m[36m (0.0ms)[0m  [1mSAVEPOINT active_record_1[0m
  [1m[35mSQL (0.1ms)[0m  INSERT INTO "movies" ("title", "rating", "release_date", "created_at", "updated_at") VALUES (?, ?, ?, ?, ?)  [["title", "When Harry Met Sally"], ["rating", "R"], ["release_date", "1989-07-21 00:00:00.000000"], ["created_at", "2020-03-10 19:21:17.731480"], ["updated_at", "2020-03-10 19:21:17.731480"]]
  [1m[36m (0.0ms)[0m  [1mRELEASE SAVEPOINT active_record_1[0m
  [1m[35m (0.0ms)[0m  SAVEPOINT active_record_1
  [1m[36mSQL (0.1ms)[0m  [1mINSERT INTO "movies" ("title", "rating", "release_date", "created_at", "updated_at") VALUES (?, ?, ?, ?, ?)[0m  [["title", "The Help"], ["rating", "PG-13"], ["release_date", "2011-08-10 00:00:00.000000"], ["created_at", "2020-03-10 19:21:17.732951"], ["updated_at", "2020-03-10 19:21:17.732951"]]
  [1m[35m (0.1ms)[0m  RELEASE SAVEPOINT active_record_1
  [1m[36m (0.1ms)[0m  [1mSAVEPOINT active_record_1[0m
  [1m[35mSQL (0.1ms)[0m  INSERT INTO "movies" ("title", "rating", "release_date", "created_at", "updated_at") VALUES (?, ?, ?, ?, ?)  [["title", "Chocolat"], ["rating", "PG-13"], ["release_date", "2001-01-05 00:00:00.000000"], ["created_at", "2020-03-10 19:21:17.734530"], ["updated_at", "2020-03-10 19:21:17.734530"]]
  [1m[36m (0.1ms)[0m  [1mRELEASE SAVEPOINT active_record_1[0m
  [1m[35m (0.0ms)[0m  SAVEPOINT active_record_1
  [1m[36mSQL (0.1ms)[0m  [1mINSERT INTO "movies" ("title", "rating", "release_date", "created_at", "updated_at") VALUES (?, ?, ?, ?, ?)[0m  [["title", "Amelie"], ["rating", "R"], ["release_date", "2001-04-25 00:00:00.000000"], ["created_at", "2020-03-10 19:21:17.736187"], ["updated_at", "2020-03-10 19:21:17.736187"]]
  [1m[35m (0.1ms)[0m  RELEASE SAVEPOINT active_record_1
  [1m[36m (0.0ms)[0m  [1mSAVEPOINT active_record_1[0m
  [1m[35mSQL (0.1ms)[0m  INSERT INTO "movies" ("title", "rating", "release_date", "created_at", "updated_at") VALUES (?, ?, ?, ?, ?)  [["title", "2001: A Space Odyssey"], ["rating", "G"], ["release_date", "1968-04-06 00:00:00.000000"], ["created_at", "2020-03-10 19:21:17.737787"], ["updated_at", "2020-03-10 19:21:17.737787"]]
  [1m[36m (0.1ms)[0m  [1mRELEASE SAVEPOINT active_record_1[0m
  [1m[35m (0.1ms)[0m  SAVEPOINT active_record_1
  [1m[36mSQL (0.1ms)[0m  [1mINSERT INTO "movies" ("title", "rating", "release_date", "created_at", "updated_at") VALUES (?, ?, ?, ?, ?)[0m  [["title", "The Incredibles"], ["rating", "PG"], ["release_date", "2004-11-05 00:00:00.000000"], ["created_at", "2020-03-10 19:21:17.739367"], ["updated_at", "2020-03-10 19:21:17.739367"]]
  [1m[35m (0.1ms)[0m  RELEASE SAVEPOINT active_record_1
  [1m[36m (0.1ms)[0m  [1mSAVEPOINT active_record_1[0m
  [1m[35mSQL (0.1ms)[0m  INSERT INTO "movies" ("title", "rating", "release_date", "created_at", "updated_at") VALUES (?, ?, ?, ?, ?)  [["title", "Raiders of the Lost Ark"], ["rating", "PG"], ["release_date", "1981-06-12 00:00:00.000000"], ["created_at", "2020-03-10 19:21:17.740951"], ["updated_at", "2020-03-10 19:21:17.740951"]]
  [1m[36m (0.1ms)[0m  [1mRELEASE SAVEPOINT active_record_1[0m
  [1m[35m (0.1ms)[0m  SAVEPOINT active_record_1
  [1m[36mSQL (0.1ms)[0m  [1mINSERT INTO "movies" ("title", "rating", "release_date", "created_at", "updated_at") VALUES (?, ?, ?, ?, ?)[0m  [["title", "Chicken Run"], ["rating", "G"], ["release_date", "2000-06-21 00:00:00.000000"], ["created_at", "2020-03-10 19:21:17.742462"], ["updated_at", "2020-03-10 19:21:17.742462"]]
  [1m[35m (0.1ms)[0m  RELEASE SAVEPOINT active_record_1
Started GET "/movies" for 127.0.0.1 at 2020-03-10 19:21:17 +0000
Processing by MoviesController#index as HTML
  [1m[36mMovie Load (0.2ms)[0m  [1mSELECT "movies".* FROM "movies" WHERE "movies"."rating" IN ('G', 'PG', 'PG-13', 'NC-17', 'R')[0m
  Rendered movies/index.html.haml within layouts/application (5.7ms)
Completed 200 OK in 12ms (Views: 11.4ms | ActiveRecord: 0.2ms)
Started GET "/movies?ratings[G]=G&ratings[NC-17]=NC-17&ratings[PG]=PG&ratings[PG-13]=PG-13&ratings[R]=R&sort=release_date" for 127.0.0.1 at 2020-03-10 19:21:17 +0000
Processing by MoviesController#index as HTML
  Parameters: {"ratings"=>{"G"=>"G", "NC-17"=>"NC-17", "PG"=>"PG", "PG-13"=>"PG-13", "R"=>"R"}, "sort"=>"release_date"}
Redirected to http://www.example.com/movies?ratings%5BG%5D=G&ratings%5BNC-17%5D=NC-17&ratings%5BPG%5D=PG&ratings%5BPG-13%5D=PG-13&ratings%5BR%5D=R&sort=release_date
Completed 302 Found in 1ms (ActiveRecord: 0.0ms)
Started GET "/movies?ratings[G]=G&ratings[NC-17]=NC-17&ratings[PG]=PG&ratings[PG-13]=PG-13&ratings[R]=R&sort=release_date" for 127.0.0.1 at 2020-03-10 19:21:17 +0000
Processing by MoviesController#index as HTML
  Parameters: {"ratings"=>{"G"=>"G", "NC-17"=>"NC-17", "PG"=>"PG", "PG-13"=>"PG-13", "R"=>"R"}, "sort"=>"release_date"}
  [1m[35mMovie Load (0.2ms)[0m  SELECT "movies".* FROM "movies" WHERE "movies"."rating" IN ('G', 'NC-17', 'PG', 'PG-13', 'R')  ORDER BY "movies"."release_date" ASC
  Rendered movies/index.html.haml within layouts/application (4.9ms)
Completed 200 OK in 7ms (Views: 6.3ms | ActiveRecord: 0.2ms)
  [1m[36m (0.5ms)[0m  [1mrollback transaction[0m
  [1m[36mActiveRecord::SchemaMigration Load (0.1ms)[0m  [1mSELECT "schema_migrations".* FROM "schema_migrations"[0m
  [1m[35m (0.1ms)[0m  begin transaction
Processing by MoviesController#director as HTML
  Parameters: {"id"=>"1234"}
  Template rendering was prevented by rspec-rails. Use `render_views` to verify rendered view contents if necessary.
  Rendered movies/director.html.haml within layouts/application (0.3ms)
  Template rendering was prevented by rspec-rails. Use `render_views` to verify rendered view contents if necessary.
Completed 200 OK in 8ms (Views: 8.0ms | ActiveRecord: 0.0ms)
  [1m[36m (0.1ms)[0m  [1mrollback transaction[0m
  [1m[35m (0.1ms)[0m  begin transaction
Processing by MoviesController#director as HTML
  Parameters: {"id"=>"1234"}
Redirected to http://test.host/movies
Completed 302 Found in 0ms (ActiveRecord: 0.0ms)
  [1m[36m (0.1ms)[0m  [1mrollback transaction[0m
  [1m[36mActiveRecord::SchemaMigration Load (0.1ms)[0m  [1mSELECT "schema_migrations".* FROM "schema_migrations"[0m
  [1m[35m (0.1ms)[0m  begin transaction
  [1m[36m (0.0ms)[0m  [1mcommit transaction[0m
  [1m[35m (0.1ms)[0m  begin transaction
  [1m[36m (0.1ms)[0m  [1mSAVEPOINT active_record_1[0m
  [1m[35mSQL (0.2ms)[0m  INSERT INTO "movies" ("title", "rating", "director", "release_date", "created_at", "updated_at") VALUES (?, ?, ?, ?, ?, ?)  [["title", "Star Wars"], ["rating", "PG"], ["director", "George Lucas"], ["release_date", "1977-05-25 00:00:00.000000"], ["created_at", "2020-03-10 19:22:49.178663"], ["updated_at", "2020-03-10 19:22:49.178663"]]
  [1m[36m (0.0ms)[0m  [1mRELEASE SAVEPOINT active_record_1[0m
  [1m[35m (0.0ms)[0m  SAVEPOINT active_record_1
  [1m[36mSQL (0.1ms)[0m  [1mINSERT INTO "movies" ("title", "rating", "director", "release_date", "created_at", "updated_at") VALUES (?, ?, ?, ?, ?, ?)[0m  [["title", "Blade Runner"], ["rating", "PG"], ["director", "Ridley Scott"], ["release_date", "1982-06-25 00:00:00.000000"], ["created_at", "2020-03-10 19:22:49.180667"], ["updated_at", "2020-03-10 19:22:49.180667"]]
  [1m[35m (0.1ms)[0m  RELEASE SAVEPOINT active_record_1
  [1m[36m (0.1ms)[0m  [1mSAVEPOINT active_record_1[0m
  [1m[35mSQL (0.1ms)[0m  INSERT INTO "movies" ("title", "rating", "director", "release_date", "created_at", "updated_at") VALUES (?, ?, ?, ?, ?, ?)  [["title", "Alien"], ["rating", "R"], ["director", ""], ["release_date", "1979-05-25 00:00:00.000000"], ["created_at", "2020-03-10 19:22:49.182130"], ["updated_at", "2020-03-10 19:22:49.182130"]]
  [1m[36m (0.1ms)[0m  [1mRELEASE SAVEPOINT active_record_1[0m
  [1m[35m (0.1ms)[0m  SAVEPOINT active_record_1
  [1m[36mSQL (0.1ms)[0m  [1mINSERT INTO "movies" ("title", "rating", "director", "release_date", "created_at", "updated_at") VALUES (?, ?, ?, ?, ?, ?)[0m  [["title", "THX-1138"], ["rating", "R"], ["director", "George Lucas"], ["release_date", "1971-03-11 00:00:00.000000"], ["created_at", "2020-03-10 19:22:49.183529"], ["updated_at", "2020-03-10 19:22:49.183529"]]
  [1m[35m (0.0ms)[0m  RELEASE SAVEPOINT active_record_1
  [1m[36mMovie Load (0.1ms)[0m  [1mSELECT  "movies".* FROM "movies" WHERE "movies"."title" = ? LIMIT 1[0m  [["title", "Alien"]]
Started GET "/movies/3/edit" for 127.0.0.1 at 2020-03-10 19:22:49 +0000
Processing by MoviesController#edit as HTML
  Parameters: {"id"=>"3"}
  [1m[35mMovie Load (0.2ms)[0m  SELECT  "movies".* FROM "movies" WHERE "movies"."id" = ? LIMIT 1  [["id", 3]]
  Rendered movies/edit.html.haml within layouts/application (9.2ms)
Completed 200 OK in 140ms (Views: 138.9ms | ActiveRecord: 0.2ms)
Started PUT "/movies/3" for 127.0.0.1 at 2020-03-10 19:22:49 +0000
Processing by MoviesController#update as HTML
  Parameters: {"utf8"=>"✓", "movie"=>{"title"=>"Alien", "rating"=>"R", "director"=>"Ridley Scott", "release_date(1i)"=>"1979", "release_date(2i)"=>"5", "release_date(3i)"=>"25"}, "commit"=>"Update Movie Info", "id"=>"3"}
  [1m[36mMovie Load (0.1ms)[0m  [1mSELECT  "movies".* FROM "movies" WHERE "movies"."id" = ? LIMIT 1[0m  [["id", 3]]
  [1m[35m (0.1ms)[0m  SAVEPOINT active_record_1
  [1m[36mSQL (0.1ms)[0m  [1mUPDATE "movies" SET "director" = ?, "updated_at" = ? WHERE "movies"."id" = ?[0m  [["director", "Ridley Scott"], ["updated_at", "2020-03-10 19:22:49.365941"], ["id", 3]]
  [1m[35m (0.0ms)[0m  RELEASE SAVEPOINT active_record_1
Redirected to http://www.example.com/movies/3
Completed 302 Found in 3ms (ActiveRecord: 0.3ms)
Started GET "/movies/3" for 127.0.0.1 at 2020-03-10 19:22:49 +0000
Processing by MoviesController#show as HTML
  Parameters: {"id"=>"3"}
  [1m[36mMovie Load (0.0ms)[0m  [1mSELECT  "movies".* FROM "movies" WHERE "movies"."id" = ? LIMIT 1[0m  [["id", 3]]
  Rendered movies/show.html.haml within layouts/application (2.4ms)
Completed 200 OK in 5ms (Views: 4.3ms | ActiveRecord: 0.0ms)
  [1m[35mMovie Load (0.1ms)[0m  SELECT  "movies".* FROM "movies" WHERE "movies"."title" = ? LIMIT 1  [["title", "Alien"]]
  [1m[36m (0.2ms)[0m  [1mrollback transaction[0m
  [1m[35m (0.1ms)[0m  begin transaction
  [1m[36m (0.0ms)[0m  [1mcommit transaction[0m
  [1m[35m (0.0ms)[0m  begin transaction
  [1m[36m (0.0ms)[0m  [1mSAVEPOINT active_record_1[0m
  [1m[35mSQL (0.1ms)[0m  INSERT INTO "movies" ("title", "rating", "director", "release_date", "created_at", "updated_at") VALUES (?, ?, ?, ?, ?, ?)  [["title", "Star Wars"], ["rating", "PG"], ["director", "George Lucas"], ["release_date", "1977-05-25 00:00:00.000000"], ["created_at", "2020-03-10 19:22:49.381922"], ["updated_at", "2020-03-10 19:22:49.381922"]]
  [1m[36m (0.0ms)[0m  [1mRELEASE SAVEPOINT active_record_1[0m
  [1m[35m (0.0ms)[0m  SAVEPOINT active_record_1
  [1m[36mSQL (0.1ms)[0m  [1mINSERT INTO "movies" ("title", "rating", "director", "release_date", "created_at", "updated_at") VALUES (?, ?, ?, ?, ?, ?)[0m  [["title", "Blade Runner"], ["rating", "PG"], ["director", "Ridley Scott"], ["release_date", "1982-06-25 00:00:00.000000"], ["created_at", "2020-03-10 19:22:49.383582"], ["updated_at", "2020-03-10 19:22:49.383582"]]
  [1m[35m (0.1ms)[0m  RELEASE SAVEPOINT active_record_1
  [1m[36m (0.0ms)[0m  [1mSAVEPOINT active_record_1[0m
  [1m[35mSQL (0.1ms)[0m  INSERT INTO "movies" ("title", "rating", "director", "release_date", "created_at", "updated_at") VALUES (?, ?, ?, ?, ?, ?)  [["title", "Alien"], ["rating", "R"], ["director", ""], ["release_date", "1979-05-25 00:00:00.000000"], ["created_at", "2020-03-10 19:22:49.385071"], ["updated_at", "2020-03-10 19:22:49.385071"]]
  [1m[36m (0.0ms)[0m  [1mRELEASE SAVEPOINT active_record_1[0m
  [1m[35m (0.0ms)[0m  SAVEPOINT active_record_1
  [1m[36mSQL (0.1ms)[0m  [1mINSERT INTO "movies" ("title", "rating", "director", "release_date", "created_at", "updated_at") VALUES (?, ?, ?, ?, ?, ?)[0m  [["title", "THX-1138"], ["rating", "R"], ["director", "George Lucas"], ["release_date", "1971-03-11 00:00:00.000000"], ["created_at", "2020-03-10 19:22:49.386468"], ["updated_at", "2020-03-10 19:22:49.386468"]]
  [1m[35m (0.0ms)[0m  RELEASE SAVEPOINT active_record_1
  [1m[36mMovie Load (0.0ms)[0m  [1mSELECT  "movies".* FROM "movies" WHERE "movies"."title" = ? LIMIT 1[0m  [["title", "Star Wars"]]
Started GET "/movies/1" for 127.0.0.1 at 2020-03-10 19:22:49 +0000
Processing by MoviesController#show as HTML
  Parameters: {"id"=>"1"}
  [1m[35mMovie Load (0.1ms)[0m  SELECT  "movies".* FROM "movies" WHERE "movies"."id" = ? LIMIT 1  [["id", 1]]
  Rendered movies/show.html.haml within layouts/application (0.6ms)
Completed 200 OK in 2ms (Views: 2.0ms | ActiveRecord: 0.1ms)
Started GET "/movies/director/1" for 127.0.0.1 at 2020-03-10 19:22:49 +0000
Processing by MoviesController#director as HTML
  Parameters: {"id"=>"1"}
  [1m[36mMovie Load (0.1ms)[0m  [1mSELECT  "movies".* FROM "movies" WHERE "movies"."id" = ? LIMIT 1[0m  [["id", 1]]
  [1m[35mMovie Load (0.1ms)[0m  SELECT "movies".* FROM "movies" WHERE (director = 'George Lucas')
  Rendered movies/director.html.haml within layouts/application (3.0ms)
Completed 200 OK in 5ms (Views: 4.6ms | ActiveRecord: 0.2ms)
  [1m[36mMovie Load (0.1ms)[0m  [1mSELECT  "movies".* FROM "movies" WHERE "movies"."title" = ? LIMIT 1[0m  [["title", "Star Wars"]]
  [1m[35m (0.2ms)[0m  rollback transaction
  [1m[36m (0.1ms)[0m  [1mbegin transaction[0m
  [1m[35m (0.0ms)[0m  commit transaction
  [1m[36m (0.0ms)[0m  [1mbegin transaction[0m
  [1m[35m (0.1ms)[0m  SAVEPOINT active_record_1
  [1m[36mSQL (0.1ms)[0m  [1mINSERT INTO "movies" ("title", "rating", "director", "release_date", "created_at", "updated_at") VALUES (?, ?, ?, ?, ?, ?)[0m  [["title", "Star Wars"], ["rating", "PG"], ["director", "George Lucas"], ["release_date", "1977-05-25 00:00:00.000000"], ["created_at", "2020-03-10 19:22:49.417743"], ["updated_at", "2020-03-10 19:22:49.417743"]]
  [1m[35m (0.1ms)[0m  RELEASE SAVEPOINT active_record_1
  [1m[36m (0.0ms)[0m  [1mSAVEPOINT active_record_1[0m
  [1m[35mSQL (0.1ms)[0m  INSERT INTO "movies" ("title", "rating", "director", "release_date", "created_at", "updated_at") VALUES (?, ?, ?, ?, ?, ?)  [["title", "Blade Runner"], ["rating", "PG"], ["director", "Ridley Scott"], ["release_date", "1982-06-25 00:00:00.000000"], ["created_at", "2020-03-10 19:22:49.419509"], ["updated_at", "2020-03-10 19:22:49.419509"]]
  [1m[36m (0.1ms)[0m  [1mRELEASE SAVEPOINT active_record_1[0m
  [1m[35m (0.0ms)[0m  SAVEPOINT active_record_1
  [1m[36mSQL (0.1ms)[0m  [1mINSERT INTO "movies" ("title", "rating", "director", "release_date", "created_at", "updated_at") VALUES (?, ?, ?, ?, ?, ?)[0m  [["title", "Alien"], ["rating", "R"], ["director", ""], ["release_date", "1979-05-25 00:00:00.000000"], ["created_at", "2020-03-10 19:22:49.421085"], ["updated_at", "2020-03-10 19:22:49.421085"]]
  [1m[35m (0.1ms)[0m  RELEASE SAVEPOINT active_record_1
  [1m[36m (0.1ms)[0m  [1mSAVEPOINT active_record_1[0m
  [1m[35mSQL (0.1ms)[0m  INSERT INTO "movies" ("title", "rating", "director", "release_date", "created_at", "updated_at") VALUES (?, ?, ?, ?, ?, ?)  [["title", "THX-1138"], ["rating", "R"], ["director", "George Lucas"], ["release_date", "1971-03-11 00:00:00.000000"], ["created_at", "2020-03-10 19:22:49.422547"], ["updated_at", "2020-03-10 19:22:49.422547"]]
  [1m[36m (0.1ms)[0m  [1mRELEASE SAVEPOINT active_record_1[0m
  [1m[35mMovie Load (0.1ms)[0m  SELECT  "movies".* FROM "movies" WHERE "movies"."title" = ? LIMIT 1  [["title", "Alien"]]
Started GET "/movies/3" for 127.0.0.1 at 2020-03-10 19:22:49 +0000
Processing by MoviesController#show as HTML
  Parameters: {"id"=>"3"}
  [1m[36mMovie Load (0.1ms)[0m  [1mSELECT  "movies".* FROM "movies" WHERE "movies"."id" = ? LIMIT 1[0m  [["id", 3]]
  Rendered movies/show.html.haml within layouts/application (0.7ms)
Completed 200 OK in 3ms (Views: 2.2ms | ActiveRecord: 0.1ms)
Started GET "/movies/director/3" for 127.0.0.1 at 2020-03-10 19:22:49 +0000
Processing by MoviesController#director as HTML
  Parameters: {"id"=>"3"}
  [1m[35mMovie Load (0.1ms)[0m  SELECT  "movies".* FROM "movies" WHERE "movies"."id" = ? LIMIT 1  [["id", 3]]
Redirected to http://www.example.com/movies
Completed 302 Found in 18ms (ActiveRecord: 0.1ms)
Started GET "/movies" for 127.0.0.1 at 2020-03-10 19:22:49 +0000
Processing by MoviesController#index as HTML
  [1m[36mMovie Load (0.2ms)[0m  [1mSELECT "movies".* FROM "movies" WHERE "movies"."rating" IN ('G', 'PG', 'PG-13', 'NC-17', 'R')[0m
  Rendered movies/index.html.haml within layouts/application (5.7ms)
Completed 200 OK in 8ms (Views: 7.5ms | ActiveRecord: 0.2ms)
  [1m[35m (0.2ms)[0m  rollback transaction
  [1m[36m (0.1ms)[0m  [1mbegin transaction[0m
  [1m[35m (0.0ms)[0m  commit transaction
  [1m[36m (0.1ms)[0m  [1mbegin transaction[0m
  [1m[35m (0.1ms)[0m  SAVEPOINT active_record_1
  [1m[36mSQL (0.2ms)[0m  [1mINSERT INTO "movies" ("title", "rating", "release_date", "created_at", "updated_at") VALUES (?, ?, ?, ?, ?)[0m  [["title", "Aladdin"], ["rating", "G"], ["release_date", "1992-11-25 00:00:00.000000"], ["created_at", "2020-03-10 19:22:49.474563"], ["updated_at", "2020-03-10 19:22:49.474563"]]
  [1m[35m (0.1ms)[0m  RELEASE SAVEPOINT active_record_1
  [1m[36m (0.0ms)[0m  [1mSAVEPOINT active_record_1[0m
  [1m[35mSQL (0.1ms)[0m  INSERT INTO "movies" ("title", "rating", "release_date", "created_at", "updated_at") VALUES (?, ?, ?, ?, ?)  [["title", "The Terminator"], ["rating", "R"], ["release_date", "1984-10-26 00:00:00.000000"], ["created_at", "2020-03-10 19:22:49.476364"], ["updated_at", "2020-03-10 19:22:49.476364"]]
  [1m[36m (0.0ms)[0m  [1mRELEASE SAVEPOINT active_record_1[0m
  [1m[35m (0.0ms)[0m  SAVEPOINT active_record_1
  [1m[36mSQL (0.1ms)[0m  [1mINSERT INTO "movies" ("title", "rating", "release_date", "created_at", "updated_at") VALUES (?, ?, ?, ?, ?)[0m  [["title", "When Harry Met Sally"], ["rating", "R"], ["release_date", "1989-07-21 00:00:00.000000"], ["created_at", "2020-03-10 19:22:49.477870"], ["updated_at", "2020-03-10 19:22:49.477870"]]
  [1m[35m (0.0ms)[0m  RELEASE SAVEPOINT active_record_1
  [1m[36m (0.0ms)[0m  [1mSAVEPOINT active_record_1[0m
  [1m[35mSQL (0.1ms)[0m  INSERT INTO "movies" ("title", "rating", "release_date", "created_at", "updated_at") VALUES (?, ?, ?, ?, ?)  [["title", "The Help"], ["rating", "PG-13"], ["release_date", "2011-08-10 00:00:00.000000"], ["created_at", "2020-03-10 19:22:49.479379"], ["updated_at", "2020-03-10 19:22:49.479379"]]
  [1m[36m (0.1ms)[0m  [1mRELEASE SAVEPOINT active_record_1[0m
  [1m[35m (0.0ms)[0m  SAVEPOINT active_record_1
  [1m[36mSQL (0.1ms)[0m  [1mINSERT INTO "movies" ("title", "rating", "release_date", "created_at", "updated_at") VALUES (?, ?, ?, ?, ?)[0m  [["title", "Chocolat"], ["rating", "PG-13"], ["release_date", "2001-01-05 00:00:00.000000"], ["created_at", "2020-03-10 19:22:49.480887"], ["updated_at", "2020-03-10 19:22:49.480887"]]
  [1m[35m (0.0ms)[0m  RELEASE SAVEPOINT active_record_1
  [1m[36m (0.0ms)[0m  [1mSAVEPOINT active_record_1[0m
  [1m[35mSQL (0.1ms)[0m  INSERT INTO "movies" ("title", "rating", "release_date", "created_at", "updated_at") VALUES (?, ?, ?, ?, ?)  [["title", "Amelie"], ["rating", "R"], ["release_date", "2001-04-25 00:00:00.000000"], ["created_at", "2020-03-10 19:22:49.482370"], ["updated_at", "2020-03-10 19:22:49.482370"]]
  [1m[36m (0.1ms)[0m  [1mRELEASE SAVEPOINT active_record_1[0m
  [1m[35m (0.1ms)[0m  SAVEPOINT active_record_1
  [1m[36mSQL (0.1ms)[0m  [1mINSERT INTO "movies" ("title", "rating", "release_date", "created_at", "updated_at") VALUES (?, ?, ?, ?, ?)[0m  [["title", "2001: A Space Odyssey"], ["rating", "G"], ["release_date", "1968-04-06 00:00:00.000000"], ["created_at", "2020-03-10 19:22:49.483893"], ["updated_at", "2020-03-10 19:22:49.483893"]]
  [1m[35m (0.0ms)[0m  RELEASE SAVEPOINT active_record_1
  [1m[36m (0.0ms)[0m  [1mSAVEPOINT active_record_1[0m
  [1m[35mSQL (0.1ms)[0m  INSERT INTO "movies" ("title", "rating", "release_date", "created_at", "updated_at") VALUES (?, ?, ?, ?, ?)  [["title", "The Incredibles"], ["rating", "PG"], ["release_date", "2004-11-05 00:00:00.000000"], ["created_at", "2020-03-10 19:22:49.485366"], ["updated_at", "2020-03-10 19:22:49.485366"]]
  [1m[36m (0.0ms)[0m  [1mRELEASE SAVEPOINT active_record_1[0m
  [1m[35m (0.0ms)[0m  SAVEPOINT active_record_1
  [1m[36mSQL (0.1ms)[0m  [1mINSERT INTO "movies" ("title", "rating", "release_date", "created_at", "updated_at") VALUES (?, ?, ?, ?, ?)[0m  [["title", "Raiders of the Lost Ark"], ["rating", "PG"], ["release_date", "1981-06-12 00:00:00.000000"], ["created_at", "2020-03-10 19:22:49.486824"], ["updated_at", "2020-03-10 19:22:49.486824"]]
  [1m[35m (0.0ms)[0m  RELEASE SAVEPOINT active_record_1
  [1m[36m (0.0ms)[0m  [1mSAVEPOINT active_record_1[0m
  [1m[35mSQL (0.1ms)[0m  INSERT INTO "movies" ("title", "rating", "release_date", "created_at", "updated_at") VALUES (?, ?, ?, ?, ?)  [["title", "Chicken Run"], ["rating", "G"], ["release_date", "2000-06-21 00:00:00.000000"], ["created_at", "2020-03-10 19:22:49.488343"], ["updated_at", "2020-03-10 19:22:49.488343"]]
  [1m[36m (0.0ms)[0m  [1mRELEASE SAVEPOINT active_record_1[0m
Started GET "/movies" for 127.0.0.1 at 2020-03-10 19:22:49 +0000
Processing by MoviesController#index as HTML
  [1m[35mMovie Load (0.2ms)[0m  SELECT "movies".* FROM "movies" WHERE "movies"."rating" IN ('G', 'PG', 'PG-13', 'NC-17', 'R')
  Rendered movies/index.html.haml within layouts/application (3.6ms)
Completed 200 OK in 6ms (Views: 4.8ms | ActiveRecord: 0.2ms)
Started GET "/movies?utf8=%E2%9C%93&ratings[PG]=1&ratings[NC-17]=1&ratings[R]=1&commit=Refresh" for 127.0.0.1 at 2020-03-10 19:22:49 +0000
Processing by MoviesController#index as HTML
  Parameters: {"utf8"=>"✓", "ratings"=>{"PG"=>"1", "NC-17"=>"1", "R"=>"1"}, "commit"=>"Refresh"}
Redirected to http://www.example.com/movies?ratings%5BNC-17%5D=1&ratings%5BPG%5D=1&ratings%5BR%5D=1
Completed 302 Found in 1ms (ActiveRecord: 0.0ms)
Started GET "/movies?ratings[NC-17]=1&ratings[PG]=1&ratings[R]=1" for 127.0.0.1 at 2020-03-10 19:22:49 +0000
Processing by MoviesController#index as HTML
  Parameters: {"ratings"=>{"NC-17"=>"1", "PG"=>"1", "R"=>"1"}}
  [1m[36mMovie Load (0.2ms)[0m  [1mSELECT "movies".* FROM "movies" WHERE "movies"."rating" IN ('NC-17', 'PG', 'R')[0m
  Rendered movies/index.html.haml within layouts/application (2.9ms)
Completed 200 OK in 5ms (Views: 4.2ms | ActiveRecord: 0.2ms)
  [1m[35m (0.2ms)[0m  rollback transaction
  [1m[36m (0.1ms)[0m  [1mbegin transaction[0m
  [1m[35m (0.1ms)[0m  commit transaction
  [1m[36m (0.1ms)[0m  [1mbegin transaction[0m
  [1m[35m (0.6ms)[0m  SAVEPOINT active_record_1
  [1m[36mSQL (0.2ms)[0m  [1mINSERT INTO "movies" ("title", "rating", "release_date", "created_at", "updated_at") VALUES (?, ?, ?, ?, ?)[0m  [["title", "Aladdin"], ["rating", "G"], ["release_date", "1992-11-25 00:00:00.000000"], ["created_at", "2020-03-10 19:22:49.542648"], ["updated_at", "2020-03-10 19:22:49.542648"]]
  [1m[35m (0.1ms)[0m  RELEASE SAVEPOINT active_record_1
  [1m[36m (0.0ms)[0m  [1mSAVEPOINT active_record_1[0m
  [1m[35mSQL (0.1ms)[0m  INSERT INTO "movies" ("title", "rating", "release_date", "created_at", "updated_at") VALUES (?, ?, ?, ?, ?)  [["title", "The Terminator"], ["rating", "R"], ["release_date", "1984-10-26 00:00:00.000000"], ["created_at", "2020-03-10 19:22:49.545057"], ["updated_at", "2020-03-10 19:22:49.545057"]]
  [1m[36m (0.0ms)[0m  [1mRELEASE SAVEPOINT active_record_1[0m
  [1m[35m (0.0ms)[0m  SAVEPOINT active_record_1
  [1m[36mSQL (0.1ms)[0m  [1mINSERT INTO "movies" ("title", "rating", "release_date", "created_at", "updated_at") VALUES (?, ?, ?, ?, ?)[0m  [["title", "When Harry Met Sally"], ["rating", "R"], ["release_date", "1989-07-21 00:00:00.000000"], ["created_at", "2020-03-10 19:22:49.547703"], ["updated_at", "2020-03-10 19:22:49.547703"]]
  [1m[35m (0.0ms)[0m  RELEASE SAVEPOINT active_record_1
  [1m[36m (0.0ms)[0m  [1mSAVEPOINT active_record_1[0m
  [1m[35mSQL (0.1ms)[0m  INSERT INTO "movies" ("title", "rating", "release_date", "created_at", "updated_at") VALUES (?, ?, ?, ?, ?)  [["title", "The Help"], ["rating", "PG-13"], ["release_date", "2011-08-10 00:00:00.000000"], ["created_at", "2020-03-10 19:22:49.550399"], ["updated_at", "2020-03-10 19:22:49.550399"]]
  [1m[36m (0.1ms)[0m  [1mRELEASE SAVEPOINT active_record_1[0m
  [1m[35m (0.0ms)[0m  SAVEPOINT active_record_1
  [1m[36mSQL (0.1ms)[0m  [1mINSERT INTO "movies" ("title", "rating", "release_date", "created_at", "updated_at") VALUES (?, ?, ?, ?, ?)[0m  [["title", "Chocolat"], ["rating", "PG-13"], ["release_date", "2001-01-05 00:00:00.000000"], ["created_at", "2020-03-10 19:22:49.556429"], ["updated_at", "2020-03-10 19:22:49.556429"]]
  [1m[35m (0.0ms)[0m  RELEASE SAVEPOINT active_record_1
  [1m[36m (0.0ms)[0m  [1mSAVEPOINT active_record_1[0m
  [1m[35mSQL (0.1ms)[0m  INSERT INTO "movies" ("title", "rating", "release_date", "created_at", "updated_at") VALUES (?, ?, ?, ?, ?)  [["title", "Amelie"], ["rating", "R"], ["release_date", "2001-04-25 00:00:00.000000"], ["created_at", "2020-03-10 19:22:49.558547"], ["updated_at", "2020-03-10 19:22:49.558547"]]
  [1m[36m (0.1ms)[0m  [1mRELEASE SAVEPOINT active_record_1[0m
  [1m[35m (0.0ms)[0m  SAVEPOINT active_record_1
  [1m[36mSQL (0.1ms)[0m  [1mINSERT INTO "movies" ("title", "rating", "release_date", "created_at", "updated_at") VALUES (?, ?, ?, ?, ?)[0m  [["title", "2001: A Space Odyssey"], ["rating", "G"], ["release_date", "1968-04-06 00:00:00.000000"], ["created_at", "2020-03-10 19:22:49.560307"], ["updated_at", "2020-03-10 19:22:49.560307"]]
  [1m[35m (0.4ms)[0m  RELEASE SAVEPOINT active_record_1
  [1m[36m (0.0ms)[0m  [1mSAVEPOINT active_record_1[0m
  [1m[35mSQL (0.1ms)[0m  INSERT INTO "movies" ("title", "rating", "release_date", "created_at", "updated_at") VALUES (?, ?, ?, ?, ?)  [["title", "The Incredibles"], ["rating", "PG"], ["release_date", "2004-11-05 00:00:00.000000"], ["created_at", "2020-03-10 19:22:49.562362"], ["updated_at", "2020-03-10 19:22:49.562362"]]
  [1m[36m (0.1ms)[0m  [1mRELEASE SAVEPOINT active_record_1[0m
  [1m[35m (0.3ms)[0m  SAVEPOINT active_record_1
  [1m[36mSQL (0.4ms)[0m  [1mINSERT INTO "movies" ("title", "rating", "release_date", "created_at", "updated_at") VALUES (?, ?, ?, ?, ?)[0m  [["title", "Raiders of the Lost Ark"], ["rating", "PG"], ["release_date", "1981-06-12 00:00:00.000000"], ["created_at", "2020-03-10 19:22:49.564406"], ["updated_at", "2020-03-10 19:22:49.564406"]]
  [1m[35m (0.0ms)[0m  RELEASE SAVEPOINT active_record_1
  [1m[36m (0.0ms)[0m  [1mSAVEPOINT active_record_1[0m
  [1m[35mSQL (0.1ms)[0m  INSERT INTO "movies" ("title", "rating", "release_date", "created_at", "updated_at") VALUES (?, ?, ?, ?, ?)  [["title", "Chicken Run"], ["rating", "G"], ["release_date", "2000-06-21 00:00:00.000000"], ["created_at", "2020-03-10 19:22:49.566109"], ["updated_at", "2020-03-10 19:22:49.566109"]]
  [1m[36m (0.1ms)[0m  [1mRELEASE SAVEPOINT active_record_1[0m
Started GET "/movies" for 127.0.0.1 at 2020-03-10 19:22:49 +0000
Processing by MoviesController#index as HTML
  [1m[35mMovie Load (0.5ms)[0m  SELECT "movies".* FROM "movies" WHERE "movies"."rating" IN ('G', 'PG', 'PG-13', 'NC-17', 'R')
  Rendered movies/index.html.haml within layouts/application (5.2ms)
Completed 200 OK in 8ms (Views: 6.6ms | ActiveRecord: 0.5ms)
Started GET "/movies?utf8=%E2%9C%93&ratings[G]=1&ratings[PG]=1&ratings[PG-13]=1&ratings[NC-17]=1&ratings[R]=1&commit=Refresh" for 127.0.0.1 at 2020-03-10 19:22:49 +0000
Processing by MoviesController#index as HTML
  Parameters: {"utf8"=>"✓", "ratings"=>{"G"=>"1", "PG"=>"1", "PG-13"=>"1", "NC-17"=>"1", "R"=>"1"}, "commit"=>"Refresh"}
Redirected to http://www.example.com/movies?ratings%5BG%5D=1&ratings%5BNC-17%5D=1&ratings%5BPG%5D=1&ratings%5BPG-13%5D=1&ratings%5BR%5D=1
Completed 302 Found in 1ms (ActiveRecord: 0.0ms)
Started GET "/movies?ratings[G]=1&ratings[NC-17]=1&ratings[PG]=1&ratings[PG-13]=1&ratings[R]=1" for 127.0.0.1 at 2020-03-10 19:22:49 +0000
Processing by MoviesController#index as HTML
  Parameters: {"ratings"=>{"G"=>"1", "NC-17"=>"1", "PG"=>"1", "PG-13"=>"1", "R"=>"1"}}
  [1m[36mMovie Load (0.2ms)[0m  [1mSELECT "movies".* FROM "movies" WHERE "movies"."rating" IN ('G', 'NC-17', 'PG', 'PG-13', 'R')[0m
  Rendered movies/index.html.haml within layouts/application (6.3ms)
Completed 200 OK in 10ms (Views: 9.0ms | ActiveRecord: 0.2ms)
  [1m[35mMovie Load (0.1ms)[0m  SELECT "movies".* FROM "movies"
  [1m[36m (0.2ms)[0m  [1mrollback transaction[0m
  [1m[35m (0.1ms)[0m  begin transaction
  [1m[36m (0.0ms)[0m  [1mcommit transaction[0m
  [1m[35m (0.0ms)[0m  begin transaction
  [1m[36m (0.0ms)[0m  [1mSAVEPOINT active_record_1[0m
  [1m[35mSQL (0.2ms)[0m  INSERT INTO "movies" ("title", "rating", "release_date", "created_at", "updated_at") VALUES (?, ?, ?, ?, ?)  [["title", "Aladdin"], ["rating", "G"], ["release_date", "1992-11-25 00:00:00.000000"], ["created_at", "2020-03-10 19:22:49.687509"], ["updated_at", "2020-03-10 19:22:49.687509"]]
  [1m[36m (0.1ms)[0m  [1mRELEASE SAVEPOINT active_record_1[0m
  [1m[35m (0.0ms)[0m  SAVEPOINT active_record_1
  [1m[36mSQL (0.1ms)[0m  [1mINSERT INTO "movies" ("title", "rating", "release_date", "created_at", "updated_at") VALUES (?, ?, ?, ?, ?)[0m  [["title", "The Terminator"], ["rating", "R"], ["release_date", "1984-10-26 00:00:00.000000"], ["created_at", "2020-03-10 19:22:49.689193"], ["updated_at", "2020-03-10 19:22:49.689193"]]
  [1m[35m (0.1ms)[0m  RELEASE SAVEPOINT active_record_1
  [1m[36m (0.0ms)[0m  [1mSAVEPOINT active_record_1[0m
  [1m[35mSQL (0.1ms)[0m  INSERT INTO "movies" ("title", "rating", "release_date", "created_at", "updated_at") VALUES (?, ?, ?, ?, ?)  [["title", "When Harry Met Sally"], ["rating", "R"], ["release_date", "1989-07-21 00:00:00.000000"], ["created_at", "2020-03-10 19:22:49.690655"], ["updated_at", "2020-03-10 19:22:49.690655"]]
  [1m[36m (0.0ms)[0m  [1mRELEASE SAVEPOINT active_record_1[0m
  [1m[35m (0.0ms)[0m  SAVEPOINT active_record_1
  [1m[36mSQL (0.1ms)[0m  [1mINSERT INTO "movies" ("title", "rating", "release_date", "created_at", "updated_at") VALUES (?, ?, ?, ?, ?)[0m  [["title", "The Help"], ["rating", "PG-13"], ["release_date", "2011-08-10 00:00:00.000000"], ["created_at", "2020-03-10 19:22:49.692085"], ["updated_at", "2020-03-10 19:22:49.692085"]]
  [1m[35m (0.1ms)[0m  RELEASE SAVEPOINT active_record_1
  [1m[36m (0.0ms)[0m  [1mSAVEPOINT active_record_1[0m
  [1m[35mSQL (0.1ms)[0m  INSERT INTO "movies" ("title", "rating", "release_date", "created_at", "updated_at") VALUES (?, ?, ?, ?, ?)  [["title", "Chocolat"], ["rating", "PG-13"], ["release_date", "2001-01-05 00:00:00.000000"], ["created_at", "2020-03-10 19:22:49.693518"], ["updated_at", "2020-03-10 19:22:49.693518"]]
  [1m[36m (0.0ms)[0m  [1mRELEASE SAVEPOINT active_record_1[0m
  [1m[35m (0.0ms)[0m  SAVEPOINT active_record_1
  [1m[36mSQL (0.1ms)[0m  [1mINSERT INTO "movies" ("title", "rating", "release_date", "created_at", "updated_at") VALUES (?, ?, ?, ?, ?)[0m  [["title", "Amelie"], ["rating", "R"], ["release_date", "2001-04-25 00:00:00.000000"], ["created_at", "2020-03-10 19:22:49.694892"], ["updated_at", "2020-03-10 19:22:49.694892"]]
  [1m[35m (0.0ms)[0m  RELEASE SAVEPOINT active_record_1
  [1m[36m (0.0ms)[0m  [1mSAVEPOINT active_record_1[0m
  [1m[35mSQL (0.1ms)[0m  INSERT INTO "movies" ("title", "rating", "release_date", "created_at", "updated_at") VALUES (?, ?, ?, ?, ?)  [["title", "2001: A Space Odyssey"], ["rating", "G"], ["release_date", "1968-04-06 00:00:00.000000"], ["created_at", "2020-03-10 19:22:49.696284"], ["updated_at", "2020-03-10 19:22:49.696284"]]
  [1m[36m (0.0ms)[0m  [1mRELEASE SAVEPOINT active_record_1[0m
  [1m[35m (0.0ms)[0m  SAVEPOINT active_record_1
  [1m[36mSQL (0.1ms)[0m  [1mINSERT INTO "movies" ("title", "rating", "release_date", "created_at", "updated_at") VALUES (?, ?, ?, ?, ?)[0m  [["title", "The Incredibles"], ["rating", "PG"], ["release_date", "2004-11-05 00:00:00.000000"], ["created_at", "2020-03-10 19:22:49.697625"], ["updated_at", "2020-03-10 19:22:49.697625"]]
  [1m[35m (0.0ms)[0m  RELEASE SAVEPOINT active_record_1
  [1m[36m (0.0ms)[0m  [1mSAVEPOINT active_record_1[0m
  [1m[35mSQL (0.1ms)[0m  INSERT INTO "movies" ("title", "rating", "release_date", "created_at", "updated_at") VALUES (?, ?, ?, ?, ?)  [["title", "Raiders of the Lost Ark"], ["rating", "PG"], ["release_date", "1981-06-12 00:00:00.000000"], ["created_at", "2020-03-10 19:22:49.699023"], ["updated_at", "2020-03-10 19:22:49.699023"]]
  [1m[36m (0.1ms)[0m  [1mRELEASE SAVEPOINT active_record_1[0m
  [1m[35m (0.0ms)[0m  SAVEPOINT active_record_1
  [1m[36mSQL (0.1ms)[0m  [1mINSERT INTO "movies" ("title", "rating", "release_date", "created_at", "updated_at") VALUES (?, ?, ?, ?, ?)[0m  [["title", "Chicken Run"], ["rating", "G"], ["release_date", "2000-06-21 00:00:00.000000"], ["created_at", "2020-03-10 19:22:49.700465"], ["updated_at", "2020-03-10 19:22:49.700465"]]
  [1m[35m (0.0ms)[0m  RELEASE SAVEPOINT active_record_1
Started GET "/movies" for 127.0.0.1 at 2020-03-10 19:22:49 +0000
Processing by MoviesController#index as HTML
  [1m[36mMovie Load (0.2ms)[0m  [1mSELECT "movies".* FROM "movies" WHERE "movies"."rating" IN ('G', 'PG', 'PG-13', 'NC-17', 'R')[0m
  Rendered movies/index.html.haml within layouts/application (3.3ms)
Completed 200 OK in 5ms (Views: 4.6ms | ActiveRecord: 0.2ms)
Started GET "/movies?ratings[G]=G&ratings[NC-17]=NC-17&ratings[PG]=PG&ratings[PG-13]=PG-13&ratings[R]=R&sort=title" for 127.0.0.1 at 2020-03-10 19:22:49 +0000
Processing by MoviesController#index as HTML
  Parameters: {"ratings"=>{"G"=>"G", "NC-17"=>"NC-17", "PG"=>"PG", "PG-13"=>"PG-13", "R"=>"R"}, "sort"=>"title"}
Redirected to http://www.example.com/movies?ratings%5BG%5D=G&ratings%5BNC-17%5D=NC-17&ratings%5BPG%5D=PG&ratings%5BPG-13%5D=PG-13&ratings%5BR%5D=R&sort=title
Completed 302 Found in 1ms (ActiveRecord: 0.0ms)
Started GET "/movies?ratings[G]=G&ratings[NC-17]=NC-17&ratings[PG]=PG&ratings[PG-13]=PG-13&ratings[R]=R&sort=title" for 127.0.0.1 at 2020-03-10 19:22:49 +0000
Processing by MoviesController#index as HTML
  Parameters: {"ratings"=>{"G"=>"G", "NC-17"=>"NC-17", "PG"=>"PG", "PG-13"=>"PG-13", "R"=>"R"}, "sort"=>"title"}
  [1m[35mMovie Load (0.2ms)[0m  SELECT "movies".* FROM "movies" WHERE "movies"."rating" IN ('G', 'NC-17', 'PG', 'PG-13', 'R')  ORDER BY "movies"."title" ASC
  Rendered movies/index.html.haml within layouts/application (3.3ms)
Completed 200 OK in 5ms (Views: 4.2ms | ActiveRecord: 0.2ms)
  [1m[36m (0.2ms)[0m  [1mrollback transaction[0m
  [1m[35m (0.1ms)[0m  begin transaction
  [1m[36m (0.0ms)[0m  [1mcommit transaction[0m
  [1m[35m (0.0ms)[0m  begin transaction
  [1m[36m (0.0ms)[0m  [1mSAVEPOINT active_record_1[0m
  [1m[35mSQL (0.1ms)[0m  INSERT INTO "movies" ("title", "rating", "release_date", "created_at", "updated_at") VALUES (?, ?, ?, ?, ?)  [["title", "Aladdin"], ["rating", "G"], ["release_date", "1992-11-25 00:00:00.000000"], ["created_at", "2020-03-10 19:22:49.732298"], ["updated_at", "2020-03-10 19:22:49.732298"]]
  [1m[36m (0.0ms)[0m  [1mRELEASE SAVEPOINT active_record_1[0m
  [1m[35m (0.0ms)[0m  SAVEPOINT active_record_1
  [1m[36mSQL (0.1ms)[0m  [1mINSERT INTO "movies" ("title", "rating", "release_date", "created_at", "updated_at") VALUES (?, ?, ?, ?, ?)[0m  [["title", "The Terminator"], ["rating", "R"], ["release_date", "1984-10-26 00:00:00.000000"], ["created_at", "2020-03-10 19:22:49.733928"], ["updated_at", "2020-03-10 19:22:49.733928"]]
  [1m[35m (0.1ms)[0m  RELEASE SAVEPOINT active_record_1
  [1m[36m (0.1ms)[0m  [1mSAVEPOINT active_record_1[0m
  [1m[35mSQL (0.1ms)[0m  INSERT INTO "movies" ("title", "rating", "release_date", "created_at", "updated_at") VALUES (?, ?, ?, ?, ?)  [["title", "When Harry Met Sally"], ["rating", "R"], ["release_date", "1989-07-21 00:00:00.000000"], ["created_at", "2020-03-10 19:22:49.735380"], ["updated_at", "2020-03-10 19:22:49.735380"]]
  [1m[36m (0.0ms)[0m  [1mRELEASE SAVEPOINT active_record_1[0m
  [1m[35m (0.0ms)[0m  SAVEPOINT active_record_1
  [1m[36mSQL (0.1ms)[0m  [1mINSERT INTO "movies" ("title", "rating", "release_date", "created_at", "updated_at") VALUES (?, ?, ?, ?, ?)[0m  [["title", "The Help"], ["rating", "PG-13"], ["release_date", "2011-08-10 00:00:00.000000"], ["created_at", "2020-03-10 19:22:49.736797"], ["updated_at", "2020-03-10 19:22:49.736797"]]
  [1m[35m (0.1ms)[0m  RELEASE SAVEPOINT active_record_1
  [1m[36m (0.1ms)[0m  [1mSAVEPOINT active_record_1[0m
  [1m[35mSQL (0.1ms)[0m  INSERT INTO "movies" ("title", "rating", "release_date", "created_at", "updated_at") VALUES (?, ?, ?, ?, ?)  [["title", "Chocolat"], ["rating", "PG-13"], ["release_date", "2001-01-05 00:00:00.000000"], ["created_at", "2020-03-10 19:22:49.738206"], ["updated_at", "2020-03-10 19:22:49.738206"]]
  [1m[36m (0.0ms)[0m  [1mRELEASE SAVEPOINT active_record_1[0m
  [1m[35m (0.0ms)[0m  SAVEPOINT active_record_1
  [1m[36mSQL (0.1ms)[0m  [1mINSERT INTO "movies" ("title", "rating", "release_date", "created_at", "updated_at") VALUES (?, ?, ?, ?, ?)[0m  [["title", "Amelie"], ["rating", "R"], ["release_date", "2001-04-25 00:00:00.000000"], ["created_at", "2020-03-10 19:22:49.739579"], ["updated_at", "2020-03-10 19:22:49.739579"]]
  [1m[35m (0.0ms)[0m  RELEASE SAVEPOINT active_record_1
  [1m[36m (0.0ms)[0m  [1mSAVEPOINT active_record_1[0m
  [1m[35mSQL (0.1ms)[0m  INSERT INTO "movies" ("title", "rating", "release_date", "created_at", "updated_at") VALUES (?, ?, ?, ?, ?)  [["title", "2001: A Space Odyssey"], ["rating", "G"], ["release_date", "1968-04-06 00:00:00.000000"], ["created_at", "2020-03-10 19:22:49.741013"], ["updated_at", "2020-03-10 19:22:49.741013"]]
  [1m[36m (0.0ms)[0m  [1mRELEASE SAVEPOINT active_record_1[0m
  [1m[35m (0.0ms)[0m  SAVEPOINT active_record_1
  [1m[36mSQL (0.1ms)[0m  [1mINSERT INTO "movies" ("title", "rating", "release_date", "created_at", "updated_at") VALUES (?, ?, ?, ?, ?)[0m  [["title", "The Incredibles"], ["rating", "PG"], ["release_date", "2004-11-05 00:00:00.000000"], ["created_at", "2020-03-10 19:22:49.742379"], ["updated_at", "2020-03-10 19:22:49.742379"]]
  [1m[35m (0.1ms)[0m  RELEASE SAVEPOINT active_record_1
  [1m[36m (0.0ms)[0m  [1mSAVEPOINT active_record_1[0m
  [1m[35mSQL (0.1ms)[0m  INSERT INTO "movies" ("title", "rating", "release_date", "created_at", "updated_at") VALUES (?, ?, ?, ?, ?)  [["title", "Raiders of the Lost Ark"], ["rating", "PG"], ["release_date", "1981-06-12 00:00:00.000000"], ["created_at", "2020-03-10 19:22:49.743773"], ["updated_at", "2020-03-10 19:22:49.743773"]]
  [1m[36m (0.0ms)[0m  [1mRELEASE SAVEPOINT active_record_1[0m
  [1m[35m (0.0ms)[0m  SAVEPOINT active_record_1
  [1m[36mSQL (0.1ms)[0m  [1mINSERT INTO "movies" ("title", "rating", "release_date", "created_at", "updated_at") VALUES (?, ?, ?, ?, ?)[0m  [["title", "Chicken Run"], ["rating", "G"], ["release_date", "2000-06-21 00:00:00.000000"], ["created_at", "2020-03-10 19:22:49.745190"], ["updated_at", "2020-03-10 19:22:49.745190"]]
  [1m[35m (0.0ms)[0m  RELEASE SAVEPOINT active_record_1
Started GET "/movies" for 127.0.0.1 at 2020-03-10 19:22:49 +0000
Processing by MoviesController#index as HTML
  [1m[36mMovie Load (0.2ms)[0m  [1mSELECT "movies".* FROM "movies" WHERE "movies"."rating" IN ('G', 'PG', 'PG-13', 'NC-17', 'R')[0m
  Rendered movies/index.html.haml within layouts/application (3.3ms)
Completed 200 OK in 5ms (Views: 4.4ms | ActiveRecord: 0.2ms)
Started GET "/movies?ratings[G]=G&ratings[NC-17]=NC-17&ratings[PG]=PG&ratings[PG-13]=PG-13&ratings[R]=R&sort=release_date" for 127.0.0.1 at 2020-03-10 19:22:49 +0000
Processing by MoviesController#index as HTML
  Parameters: {"ratings"=>{"G"=>"G", "NC-17"=>"NC-17", "PG"=>"PG", "PG-13"=>"PG-13", "R"=>"R"}, "sort"=>"release_date"}
Redirected to http://www.example.com/movies?ratings%5BG%5D=G&ratings%5BNC-17%5D=NC-17&ratings%5BPG%5D=PG&ratings%5BPG-13%5D=PG-13&ratings%5BR%5D=R&sort=release_date
Completed 302 Found in 1ms (ActiveRecord: 0.0ms)
Started GET "/movies?ratings[G]=G&ratings[NC-17]=NC-17&ratings[PG]=PG&ratings[PG-13]=PG-13&ratings[R]=R&sort=release_date" for 127.0.0.1 at 2020-03-10 19:22:49 +0000
Processing by MoviesController#index as HTML
  Parameters: {"ratings"=>{"G"=>"G", "NC-17"=>"NC-17", "PG"=>"PG", "PG-13"=>"PG-13", "R"=>"R"}, "sort"=>"release_date"}
  [1m[35mMovie Load (0.2ms)[0m  SELECT "movies".* FROM "movies" WHERE "movies"."rating" IN ('G', 'NC-17', 'PG', 'PG-13', 'R')  ORDER BY "movies"."release_date" ASC
  Rendered movies/index.html.haml within layouts/application (3.3ms)
Completed 200 OK in 5ms (Views: 4.3ms | ActiveRecord: 0.2ms)
  [1m[36m (0.2ms)[0m  [1mrollback transaction[0m
  [1m[36mActiveRecord::SchemaMigration Load (0.1ms)[0m  [1mSELECT "schema_migrations".* FROM "schema_migrations"[0m
  [1m[35m (0.1ms)[0m  begin transaction
Processing by MoviesController#director as HTML
  Parameters: {"id"=>"1"}
  Template rendering was prevented by rspec-rails. Use `render_views` to verify rendered view contents if necessary.
  Rendered movies/director.html.haml within layouts/application (0.7ms)
  Template rendering was prevented by rspec-rails. Use `render_views` to verify rendered view contents if necessary.
Completed 200 OK in 13ms (Views: 12.5ms | ActiveRecord: 0.0ms)
  [1m[36m (0.1ms)[0m  [1mrollback transaction[0m
  [1m[35m (0.1ms)[0m  begin transaction
Processing by MoviesController#director as HTML
  Parameters: {"id"=>"1"}
Redirected to http://test.host/movies
Completed 302 Found in 1ms (ActiveRecord: 0.0ms)
  [1m[36m (0.1ms)[0m  [1mrollback transaction[0m
  [1m[35m (0.1ms)[0m  begin transaction
Processing by MoviesController#create as HTML
  Parameters: {"movie"=>{"title"=>"Terrible Movie", "rating"=>"G", "director"=>"Dr. V"}}
Redirected to http://test.host/movies
Completed 302 Found in 1ms (ActiveRecord: 0.0ms)
  [1m[36m (0.1ms)[0m  [1mrollback transaction[0m
  [1m[35m (0.4ms)[0m  begin transaction
Processing by MoviesController#show as HTML
  Parameters: {"id"=>"1"}
  Template rendering was prevented by rspec-rails. Use `render_views` to verify rendered view contents if necessary.
  Rendered movies/show.html.haml within layouts/application (0.3ms)
Completed 200 OK in 8ms (Views: 7.9ms | ActiveRecord: 0.0ms)
  [1m[36m (0.1ms)[0m  [1mrollback transaction[0m
  [1m[35m (0.0ms)[0m  begin transaction
Processing by MoviesController#destroy as HTML
  Parameters: {"id"=>"1"}
Redirected to http://test.host/movies
Completed 302 Found in 0ms (ActiveRecord: 0.0ms)
  [1m[36m (0.0ms)[0m  [1mrollback transaction[0m
  [1m[35m (0.1ms)[0m  begin transaction
Processing by MoviesController#edit as HTML
  Parameters: {"id"=>"1"}
  Template rendering was prevented by rspec-rails. Use `render_views` to verify rendered view contents if necessary.
  Rendered movies/edit.html.haml within layouts/application (0.2ms)
Completed 200 OK in 1ms (Views: 1.3ms | ActiveRecord: 0.0ms)
  [1m[36m (0.1ms)[0m  [1mrollback transaction[0m
  [1m[35m (0.1ms)[0m  begin transaction
Processing by MoviesController#new as HTML
  Template rendering was prevented by rspec-rails. Use `render_views` to verify rendered view contents if necessary.
  Rendered movies/new.html.haml within layouts/application (0.2ms)
Completed 200 OK in 1ms (Views: 1.2ms | ActiveRecord: 0.0ms)
  [1m[36m (0.1ms)[0m  [1mrollback transaction[0m
  [1m[35m (0.0ms)[0m  begin transaction
  [1m[36m (0.0ms)[0m  [1mSAVEPOINT active_record_1[0m
  [1m[35mSQL (0.2ms)[0m  INSERT INTO "movies" ("director", "created_at", "updated_at") VALUES (?, ?, ?)  [["director", "Dummy Director 1"], ["created_at", "2020-03-10 19:30:18.511673"], ["updated_at", "2020-03-10 19:30:18.511673"]]
  [1m[36m (0.0ms)[0m  [1mRELEASE SAVEPOINT active_record_1[0m
  [1m[35m (0.0ms)[0m  SAVEPOINT active_record_1
  [1m[36mSQL (0.1ms)[0m  [1mINSERT INTO "movies" ("director", "created_at", "updated_at") VALUES (?, ?, ?)[0m  [["director", "Dummy Director 1"], ["created_at", "2020-03-10 19:30:18.513458"], ["updated_at", "2020-03-10 19:30:18.513458"]]
  [1m[35m (0.0ms)[0m  RELEASE SAVEPOINT active_record_1
  [1m[36mMovie Load (0.1ms)[0m  [1mSELECT "movies".* FROM "movies" WHERE (director = 'Dummy Director 1')[0m
  [1m[35m (0.1ms)[0m  rollback transaction
  [1m[36m (0.1ms)[0m  [1mbegin transaction[0m
  [1m[35m (0.0ms)[0m  SAVEPOINT active_record_1
  [1m[36mSQL (0.1ms)[0m  [1mINSERT INTO "movies" ("director", "created_at", "updated_at") VALUES (?, ?, ?)[0m  [["director", "Dummy Director 1"], ["created_at", "2020-03-10 19:30:18.525971"], ["updated_at", "2020-03-10 19:30:18.525971"]]
  [1m[35m (0.0ms)[0m  RELEASE SAVEPOINT active_record_1
  [1m[36m (0.0ms)[0m  [1mSAVEPOINT active_record_1[0m
  [1m[35mSQL (0.1ms)[0m  INSERT INTO "movies" ("director", "created_at", "updated_at") VALUES (?, ?, ?)  [["director", "Dummy Director 2"], ["created_at", "2020-03-10 19:30:18.527253"], ["updated_at", "2020-03-10 19:30:18.527253"]]
  [1m[36m (0.0ms)[0m  [1mRELEASE SAVEPOINT active_record_1[0m
  [1m[35mMovie Load (0.1ms)[0m  SELECT "movies".* FROM "movies" WHERE (director = 'Dummy Director 1')
  [1m[36m (0.1ms)[0m  [1mrollback transaction[0m
  [1m[36mActiveRecord::SchemaMigration Load (0.1ms)[0m  [1mSELECT "schema_migrations".* FROM "schema_migrations"[0m
  [1m[35m (0.1ms)[0m  begin transaction
  [1m[36m (0.0ms)[0m  [1mcommit transaction[0m
  [1m[35m (0.0ms)[0m  begin transaction
  [1m[36m (0.1ms)[0m  [1mSAVEPOINT active_record_1[0m
  [1m[35mSQL (0.2ms)[0m  INSERT INTO "movies" ("title", "rating", "director", "release_date", "created_at", "updated_at") VALUES (?, ?, ?, ?, ?, ?)  [["title", "Star Wars"], ["rating", "PG"], ["director", "George Lucas"], ["release_date", "1977-05-25 00:00:00.000000"], ["created_at", "2020-03-10 19:30:25.090003"], ["updated_at", "2020-03-10 19:30:25.090003"]]
  [1m[36m (0.0ms)[0m  [1mRELEASE SAVEPOINT active_record_1[0m
  [1m[35m (0.0ms)[0m  SAVEPOINT active_record_1
  [1m[36mSQL (0.1ms)[0m  [1mINSERT INTO "movies" ("title", "rating", "director", "release_date", "created_at", "updated_at") VALUES (?, ?, ?, ?, ?, ?)[0m  [["title", "Blade Runner"], ["rating", "PG"], ["director", "Ridley Scott"], ["release_date", "1982-06-25 00:00:00.000000"], ["created_at", "2020-03-10 19:30:25.091988"], ["updated_at", "2020-03-10 19:30:25.091988"]]
  [1m[35m (0.1ms)[0m  RELEASE SAVEPOINT active_record_1
  [1m[36m (0.1ms)[0m  [1mSAVEPOINT active_record_1[0m
  [1m[35mSQL (0.1ms)[0m  INSERT INTO "movies" ("title", "rating", "director", "release_date", "created_at", "updated_at") VALUES (?, ?, ?, ?, ?, ?)  [["title", "Alien"], ["rating", "R"], ["director", ""], ["release_date", "1979-05-25 00:00:00.000000"], ["created_at", "2020-03-10 19:30:25.093423"], ["updated_at", "2020-03-10 19:30:25.093423"]]
  [1m[36m (0.0ms)[0m  [1mRELEASE SAVEPOINT active_record_1[0m
  [1m[35m (0.0ms)[0m  SAVEPOINT active_record_1
  [1m[36mSQL (0.1ms)[0m  [1mINSERT INTO "movies" ("title", "rating", "director", "release_date", "created_at", "updated_at") VALUES (?, ?, ?, ?, ?, ?)[0m  [["title", "THX-1138"], ["rating", "R"], ["director", "George Lucas"], ["release_date", "1971-03-11 00:00:00.000000"], ["created_at", "2020-03-10 19:30:25.094752"], ["updated_at", "2020-03-10 19:30:25.094752"]]
  [1m[35m (0.0ms)[0m  RELEASE SAVEPOINT active_record_1
  [1m[36mMovie Load (0.2ms)[0m  [1mSELECT  "movies".* FROM "movies" WHERE "movies"."title" = ? LIMIT 1[0m  [["title", "Alien"]]
Started GET "/movies/3/edit" for 127.0.0.1 at 2020-03-10 19:30:25 +0000
Processing by MoviesController#edit as HTML
  Parameters: {"id"=>"3"}
  [1m[35mMovie Load (0.2ms)[0m  SELECT  "movies".* FROM "movies" WHERE "movies"."id" = ? LIMIT 1  [["id", 3]]
  Rendered movies/edit.html.haml within layouts/application (15.3ms)
Completed 200 OK in 145ms (Views: 144.1ms | ActiveRecord: 0.2ms)
Started PUT "/movies/3" for 127.0.0.1 at 2020-03-10 19:30:25 +0000
Processing by MoviesController#update as HTML
  Parameters: {"utf8"=>"✓", "movie"=>{"title"=>"Alien", "rating"=>"R", "director"=>"Ridley Scott", "release_date(1i)"=>"1979", "release_date(2i)"=>"5", "release_date(3i)"=>"25"}, "commit"=>"Update Movie Info", "id"=>"3"}
  [1m[36mMovie Load (0.1ms)[0m  [1mSELECT  "movies".* FROM "movies" WHERE "movies"."id" = ? LIMIT 1[0m  [["id", 3]]
  [1m[35m (0.1ms)[0m  SAVEPOINT active_record_1
  [1m[36mSQL (0.1ms)[0m  [1mUPDATE "movies" SET "director" = ?, "updated_at" = ? WHERE "movies"."id" = ?[0m  [["director", "Ridley Scott"], ["updated_at", "2020-03-10 19:30:25.277810"], ["id", 3]]
  [1m[35m (0.0ms)[0m  RELEASE SAVEPOINT active_record_1
Redirected to http://www.example.com/movies/3
Completed 302 Found in 3ms (ActiveRecord: 0.3ms)
Started GET "/movies/3" for 127.0.0.1 at 2020-03-10 19:30:25 +0000
Processing by MoviesController#show as HTML
  Parameters: {"id"=>"3"}
  [1m[36mMovie Load (0.0ms)[0m  [1mSELECT  "movies".* FROM "movies" WHERE "movies"."id" = ? LIMIT 1[0m  [["id", 3]]
  Rendered movies/show.html.haml within layouts/application (2.2ms)
Completed 200 OK in 4ms (Views: 4.0ms | ActiveRecord: 0.0ms)
  [1m[35mMovie Load (0.1ms)[0m  SELECT  "movies".* FROM "movies" WHERE "movies"."title" = ? LIMIT 1  [["title", "Alien"]]
  [1m[36m (0.2ms)[0m  [1mrollback transaction[0m
  [1m[35m (0.0ms)[0m  begin transaction
  [1m[36m (0.0ms)[0m  [1mcommit transaction[0m
  [1m[35m (0.0ms)[0m  begin transaction
  [1m[36m (0.0ms)[0m  [1mSAVEPOINT active_record_1[0m
  [1m[35mSQL (0.1ms)[0m  INSERT INTO "movies" ("title", "rating", "director", "release_date", "created_at", "updated_at") VALUES (?, ?, ?, ?, ?, ?)  [["title", "Star Wars"], ["rating", "PG"], ["director", "George Lucas"], ["release_date", "1977-05-25 00:00:00.000000"], ["created_at", "2020-03-10 19:30:25.292476"], ["updated_at", "2020-03-10 19:30:25.292476"]]
  [1m[36m (0.1ms)[0m  [1mRELEASE SAVEPOINT active_record_1[0m
  [1m[35m (0.0ms)[0m  SAVEPOINT active_record_1
  [1m[36mSQL (0.1ms)[0m  [1mINSERT INTO "movies" ("title", "rating", "director", "release_date", "created_at", "updated_at") VALUES (?, ?, ?, ?, ?, ?)[0m  [["title", "Blade Runner"], ["rating", "PG"], ["director", "Ridley Scott"], ["release_date", "1982-06-25 00:00:00.000000"], ["created_at", "2020-03-10 19:30:25.294001"], ["updated_at", "2020-03-10 19:30:25.294001"]]
  [1m[35m (0.0ms)[0m  RELEASE SAVEPOINT active_record_1
  [1m[36m (0.0ms)[0m  [1mSAVEPOINT active_record_1[0m
  [1m[35mSQL (0.1ms)[0m  INSERT INTO "movies" ("title", "rating", "director", "release_date", "created_at", "updated_at") VALUES (?, ?, ?, ?, ?, ?)  [["title", "Alien"], ["rating", "R"], ["director", ""], ["release_date", "1979-05-25 00:00:00.000000"], ["created_at", "2020-03-10 19:30:25.295531"], ["updated_at", "2020-03-10 19:30:25.295531"]]
  [1m[36m (0.0ms)[0m  [1mRELEASE SAVEPOINT active_record_1[0m
  [1m[35m (0.0ms)[0m  SAVEPOINT active_record_1
  [1m[36mSQL (0.1ms)[0m  [1mINSERT INTO "movies" ("title", "rating", "director", "release_date", "created_at", "updated_at") VALUES (?, ?, ?, ?, ?, ?)[0m  [["title", "THX-1138"], ["rating", "R"], ["director", "George Lucas"], ["release_date", "1971-03-11 00:00:00.000000"], ["created_at", "2020-03-10 19:30:25.296939"], ["updated_at", "2020-03-10 19:30:25.296939"]]
  [1m[35m (0.0ms)[0m  RELEASE SAVEPOINT active_record_1
  [1m[36mMovie Load (0.0ms)[0m  [1mSELECT  "movies".* FROM "movies" WHERE "movies"."title" = ? LIMIT 1[0m  [["title", "Star Wars"]]
Started GET "/movies/1" for 127.0.0.1 at 2020-03-10 19:30:25 +0000
Processing by MoviesController#show as HTML
  Parameters: {"id"=>"1"}
  [1m[35mMovie Load (0.0ms)[0m  SELECT  "movies".* FROM "movies" WHERE "movies"."id" = ? LIMIT 1  [["id", 1]]
  Rendered movies/show.html.haml within layouts/application (0.5ms)
Completed 200 OK in 2ms (Views: 1.7ms | ActiveRecord: 0.0ms)
Started GET "/movies/director/1" for 127.0.0.1 at 2020-03-10 19:30:25 +0000
Processing by MoviesController#director as HTML
  Parameters: {"id"=>"1"}
  [1m[36mMovie Load (0.0ms)[0m  [1mSELECT  "movies".* FROM "movies" WHERE "movies"."id" = ? LIMIT 1[0m  [["id", 1]]
  [1m[35mMovie Load (0.1ms)[0m  SELECT "movies".* FROM "movies" WHERE (director = 'George Lucas')
  Rendered movies/director.html.haml within layouts/application (2.8ms)
Completed 200 OK in 5ms (Views: 4.2ms | ActiveRecord: 0.2ms)
  [1m[36mMovie Load (0.1ms)[0m  [1mSELECT  "movies".* FROM "movies" WHERE "movies"."title" = ? LIMIT 1[0m  [["title", "Star Wars"]]
  [1m[35m (0.1ms)[0m  rollback transaction
  [1m[36m (0.1ms)[0m  [1mbegin transaction[0m
  [1m[35m (0.0ms)[0m  commit transaction
  [1m[36m (0.0ms)[0m  [1mbegin transaction[0m
  [1m[35m (0.0ms)[0m  SAVEPOINT active_record_1
  [1m[36mSQL (0.1ms)[0m  [1mINSERT INTO "movies" ("title", "rating", "director", "release_date", "created_at", "updated_at") VALUES (?, ?, ?, ?, ?, ?)[0m  [["title", "Star Wars"], ["rating", "PG"], ["director", "George Lucas"], ["release_date", "1977-05-25 00:00:00.000000"], ["created_at", "2020-03-10 19:30:25.324647"], ["updated_at", "2020-03-10 19:30:25.324647"]]
  [1m[35m (0.1ms)[0m  RELEASE SAVEPOINT active_record_1
  [1m[36m (0.0ms)[0m  [1mSAVEPOINT active_record_1[0m
  [1m[35mSQL (0.1ms)[0m  INSERT INTO "movies" ("title", "rating", "director", "release_date", "created_at", "updated_at") VALUES (?, ?, ?, ?, ?, ?)  [["title", "Blade Runner"], ["rating", "PG"], ["director", "Ridley Scott"], ["release_date", "1982-06-25 00:00:00.000000"], ["created_at", "2020-03-10 19:30:25.326229"], ["updated_at", "2020-03-10 19:30:25.326229"]]
  [1m[36m (0.0ms)[0m  [1mRELEASE SAVEPOINT active_record_1[0m
  [1m[35m (0.0ms)[0m  SAVEPOINT active_record_1
  [1m[36mSQL (0.1ms)[0m  [1mINSERT INTO "movies" ("title", "rating", "director", "release_date", "created_at", "updated_at") VALUES (?, ?, ?, ?, ?, ?)[0m  [["title", "Alien"], ["rating", "R"], ["director", ""], ["release_date", "1979-05-25 00:00:00.000000"], ["created_at", "2020-03-10 19:30:25.327649"], ["updated_at", "2020-03-10 19:30:25.327649"]]
  [1m[35m (0.1ms)[0m  RELEASE SAVEPOINT active_record_1
  [1m[36m (0.0ms)[0m  [1mSAVEPOINT active_record_1[0m
  [1m[35mSQL (0.1ms)[0m  INSERT INTO "movies" ("title", "rating", "director", "release_date", "created_at", "updated_at") VALUES (?, ?, ?, ?, ?, ?)  [["title", "THX-1138"], ["rating", "R"], ["director", "George Lucas"], ["release_date", "1971-03-11 00:00:00.000000"], ["created_at", "2020-03-10 19:30:25.329024"], ["updated_at", "2020-03-10 19:30:25.329024"]]
  [1m[36m (0.0ms)[0m  [1mRELEASE SAVEPOINT active_record_1[0m
  [1m[35mMovie Load (0.0ms)[0m  SELECT  "movies".* FROM "movies" WHERE "movies"."title" = ? LIMIT 1  [["title", "Alien"]]
Started GET "/movies/3" for 127.0.0.1 at 2020-03-10 19:30:25 +0000
Processing by MoviesController#show as HTML
  Parameters: {"id"=>"3"}
  [1m[36mMovie Load (0.1ms)[0m  [1mSELECT  "movies".* FROM "movies" WHERE "movies"."id" = ? LIMIT 1[0m  [["id", 3]]
  Rendered movies/show.html.haml within layouts/application (0.6ms)
Completed 200 OK in 3ms (Views: 2.1ms | ActiveRecord: 0.1ms)
Started GET "/movies/director/3" for 127.0.0.1 at 2020-03-10 19:30:25 +0000
Processing by MoviesController#director as HTML
  Parameters: {"id"=>"3"}
  [1m[35mMovie Load (0.1ms)[0m  SELECT  "movies".* FROM "movies" WHERE "movies"."id" = ? LIMIT 1  [["id", 3]]
Redirected to http://www.example.com/movies
Completed 302 Found in 1ms (ActiveRecord: 0.1ms)
Started GET "/movies" for 127.0.0.1 at 2020-03-10 19:30:25 +0000
Processing by MoviesController#index as HTML
  [1m[36mMovie Load (0.1ms)[0m  [1mSELECT "movies".* FROM "movies" WHERE "movies"."rating" IN ('G', 'PG', 'PG-13', 'NC-17', 'R')[0m
  Rendered movies/index.html.haml within layouts/application (4.7ms)
Completed 200 OK in 7ms (Views: 6.1ms | ActiveRecord: 0.1ms)
  [1m[35m (0.1ms)[0m  rollback transaction
  [1m[36m (0.1ms)[0m  [1mbegin transaction[0m
  [1m[35m (0.0ms)[0m  commit transaction
  [1m[36m (0.1ms)[0m  [1mbegin transaction[0m
  [1m[35m (0.1ms)[0m  SAVEPOINT active_record_1
  [1m[36mSQL (0.2ms)[0m  [1mINSERT INTO "movies" ("title", "rating", "release_date", "created_at", "updated_at") VALUES (?, ?, ?, ?, ?)[0m  [["title", "Aladdin"], ["rating", "G"], ["release_date", "1992-11-25 00:00:00.000000"], ["created_at", "2020-03-10 19:30:25.357462"], ["updated_at", "2020-03-10 19:30:25.357462"]]
  [1m[35m (0.1ms)[0m  RELEASE SAVEPOINT active_record_1
  [1m[36m (0.0ms)[0m  [1mSAVEPOINT active_record_1[0m
  [1m[35mSQL (0.1ms)[0m  INSERT INTO "movies" ("title", "rating", "release_date", "created_at", "updated_at") VALUES (?, ?, ?, ?, ?)  [["title", "The Terminator"], ["rating", "R"], ["release_date", "1984-10-26 00:00:00.000000"], ["created_at", "2020-03-10 19:30:25.359160"], ["updated_at", "2020-03-10 19:30:25.359160"]]
  [1m[36m (0.0ms)[0m  [1mRELEASE SAVEPOINT active_record_1[0m
  [1m[35m (0.1ms)[0m  SAVEPOINT active_record_1
  [1m[36mSQL (0.1ms)[0m  [1mINSERT INTO "movies" ("title", "rating", "release_date", "created_at", "updated_at") VALUES (?, ?, ?, ?, ?)[0m  [["title", "When Harry Met Sally"], ["rating", "R"], ["release_date", "1989-07-21 00:00:00.000000"], ["created_at", "2020-03-10 19:30:25.360650"], ["updated_at", "2020-03-10 19:30:25.360650"]]
  [1m[35m (0.0ms)[0m  RELEASE SAVEPOINT active_record_1
  [1m[36m (0.0ms)[0m  [1mSAVEPOINT active_record_1[0m
  [1m[35mSQL (0.1ms)[0m  INSERT INTO "movies" ("title", "rating", "release_date", "created_at", "updated_at") VALUES (?, ?, ?, ?, ?)  [["title", "The Help"], ["rating", "PG-13"], ["release_date", "2011-08-10 00:00:00.000000"], ["created_at", "2020-03-10 19:30:25.362040"], ["updated_at", "2020-03-10 19:30:25.362040"]]
  [1m[36m (0.1ms)[0m  [1mRELEASE SAVEPOINT active_record_1[0m
  [1m[35m (0.0ms)[0m  SAVEPOINT active_record_1
  [1m[36mSQL (0.1ms)[0m  [1mINSERT INTO "movies" ("title", "rating", "release_date", "created_at", "updated_at") VALUES (?, ?, ?, ?, ?)[0m  [["title", "Chocolat"], ["rating", "PG-13"], ["release_date", "2001-01-05 00:00:00.000000"], ["created_at", "2020-03-10 19:30:25.363470"], ["updated_at", "2020-03-10 19:30:25.363470"]]
  [1m[35m (0.0ms)[0m  RELEASE SAVEPOINT active_record_1
  [1m[36m (0.0ms)[0m  [1mSAVEPOINT active_record_1[0m
  [1m[35mSQL (0.1ms)[0m  INSERT INTO "movies" ("title", "rating", "release_date", "created_at", "updated_at") VALUES (?, ?, ?, ?, ?)  [["title", "Amelie"], ["rating", "R"], ["release_date", "2001-04-25 00:00:00.000000"], ["created_at", "2020-03-10 19:30:25.364938"], ["updated_at", "2020-03-10 19:30:25.364938"]]
  [1m[36m (0.1ms)[0m  [1mRELEASE SAVEPOINT active_record_1[0m
  [1m[35m (0.0ms)[0m  SAVEPOINT active_record_1
  [1m[36mSQL (0.1ms)[0m  [1mINSERT INTO "movies" ("title", "rating", "release_date", "created_at", "updated_at") VALUES (?, ?, ?, ?, ?)[0m  [["title", "2001: A Space Odyssey"], ["rating", "G"], ["release_date", "1968-04-06 00:00:00.000000"], ["created_at", "2020-03-10 19:30:25.366362"], ["updated_at", "2020-03-10 19:30:25.366362"]]
  [1m[35m (0.0ms)[0m  RELEASE SAVEPOINT active_record_1
  [1m[36m (0.0ms)[0m  [1mSAVEPOINT active_record_1[0m
  [1m[35mSQL (0.1ms)[0m  INSERT INTO "movies" ("title", "rating", "release_date", "created_at", "updated_at") VALUES (?, ?, ?, ?, ?)  [["title", "The Incredibles"], ["rating", "PG"], ["release_date", "2004-11-05 00:00:00.000000"], ["created_at", "2020-03-10 19:30:25.367775"], ["updated_at", "2020-03-10 19:30:25.367775"]]
  [1m[36m (0.1ms)[0m  [1mRELEASE SAVEPOINT active_record_1[0m
  [1m[35m (0.0ms)[0m  SAVEPOINT active_record_1
  [1m[36mSQL (0.1ms)[0m  [1mINSERT INTO "movies" ("title", "rating", "release_date", "created_at", "updated_at") VALUES (?, ?, ?, ?, ?)[0m  [["title", "Raiders of the Lost Ark"], ["rating", "PG"], ["release_date", "1981-06-12 00:00:00.000000"], ["created_at", "2020-03-10 19:30:25.369338"], ["updated_at", "2020-03-10 19:30:25.369338"]]
  [1m[35m (0.1ms)[0m  RELEASE SAVEPOINT active_record_1
  [1m[36m (0.0ms)[0m  [1mSAVEPOINT active_record_1[0m
  [1m[35mSQL (0.1ms)[0m  INSERT INTO "movies" ("title", "rating", "release_date", "created_at", "updated_at") VALUES (?, ?, ?, ?, ?)  [["title", "Chicken Run"], ["rating", "G"], ["release_date", "2000-06-21 00:00:00.000000"], ["created_at", "2020-03-10 19:30:25.370809"], ["updated_at", "2020-03-10 19:30:25.370809"]]
  [1m[36m (0.1ms)[0m  [1mRELEASE SAVEPOINT active_record_1[0m
Started GET "/movies" for 127.0.0.1 at 2020-03-10 19:30:25 +0000
Processing by MoviesController#index as HTML
  [1m[35mMovie Load (0.2ms)[0m  SELECT "movies".* FROM "movies" WHERE "movies"."rating" IN ('G', 'PG', 'PG-13', 'NC-17', 'R')
  Rendered movies/index.html.haml within layouts/application (3.6ms)
Completed 200 OK in 6ms (Views: 4.8ms | ActiveRecord: 0.2ms)
Started GET "/movies?utf8=%E2%9C%93&ratings[PG]=1&ratings[NC-17]=1&ratings[R]=1&commit=Refresh" for 127.0.0.1 at 2020-03-10 19:30:25 +0000
Processing by MoviesController#index as HTML
  Parameters: {"utf8"=>"✓", "ratings"=>{"PG"=>"1", "NC-17"=>"1", "R"=>"1"}, "commit"=>"Refresh"}
Redirected to http://www.example.com/movies?ratings%5BNC-17%5D=1&ratings%5BPG%5D=1&ratings%5BR%5D=1
Completed 302 Found in 1ms (ActiveRecord: 0.0ms)
Started GET "/movies?ratings[NC-17]=1&ratings[PG]=1&ratings[R]=1" for 127.0.0.1 at 2020-03-10 19:30:25 +0000
Processing by MoviesController#index as HTML
  Parameters: {"ratings"=>{"NC-17"=>"1", "PG"=>"1", "R"=>"1"}}
  [1m[36mMovie Load (0.1ms)[0m  [1mSELECT "movies".* FROM "movies" WHERE "movies"."rating" IN ('NC-17', 'PG', 'R')[0m
  Rendered movies/index.html.haml within layouts/application (2.4ms)
Completed 200 OK in 4ms (Views: 3.4ms | ActiveRecord: 0.1ms)
  [1m[35m (0.2ms)[0m  rollback transaction
  [1m[36m (0.0ms)[0m  [1mbegin transaction[0m
  [1m[35m (0.0ms)[0m  commit transaction
  [1m[36m (0.0ms)[0m  [1mbegin transaction[0m
  [1m[35m (0.0ms)[0m  SAVEPOINT active_record_1
  [1m[36mSQL (0.1ms)[0m  [1mINSERT INTO "movies" ("title", "rating", "release_date", "created_at", "updated_at") VALUES (?, ?, ?, ?, ?)[0m  [["title", "Aladdin"], ["rating", "G"], ["release_date", "1992-11-25 00:00:00.000000"], ["created_at", "2020-03-10 19:30:25.432040"], ["updated_at", "2020-03-10 19:30:25.432040"]]
  [1m[35m (0.0ms)[0m  RELEASE SAVEPOINT active_record_1
  [1m[36m (0.0ms)[0m  [1mSAVEPOINT active_record_1[0m
  [1m[35mSQL (0.1ms)[0m  INSERT INTO "movies" ("title", "rating", "release_date", "created_at", "updated_at") VALUES (?, ?, ?, ?, ?)  [["title", "The Terminator"], ["rating", "R"], ["release_date", "1984-10-26 00:00:00.000000"], ["created_at", "2020-03-10 19:30:25.433694"], ["updated_at", "2020-03-10 19:30:25.433694"]]
  [1m[36m (0.0ms)[0m  [1mRELEASE SAVEPOINT active_record_1[0m
  [1m[35m (0.0ms)[0m  SAVEPOINT active_record_1
  [1m[36mSQL (0.1ms)[0m  [1mINSERT INTO "movies" ("title", "rating", "release_date", "created_at", "updated_at") VALUES (?, ?, ?, ?, ?)[0m  [["title", "When Harry Met Sally"], ["rating", "R"], ["release_date", "1989-07-21 00:00:00.000000"], ["created_at", "2020-03-10 19:30:25.435137"], ["updated_at", "2020-03-10 19:30:25.435137"]]
  [1m[35m (0.0ms)[0m  RELEASE SAVEPOINT active_record_1
  [1m[36m (0.0ms)[0m  [1mSAVEPOINT active_record_1[0m
  [1m[35mSQL (0.1ms)[0m  INSERT INTO "movies" ("title", "rating", "release_date", "created_at", "updated_at") VALUES (?, ?, ?, ?, ?)  [["title", "The Help"], ["rating", "PG-13"], ["release_date", "2011-08-10 00:00:00.000000"], ["created_at", "2020-03-10 19:30:25.436688"], ["updated_at", "2020-03-10 19:30:25.436688"]]
  [1m[36m (0.1ms)[0m  [1mRELEASE SAVEPOINT active_record_1[0m
  [1m[35m (0.1ms)[0m  SAVEPOINT active_record_1
  [1m[36mSQL (0.1ms)[0m  [1mINSERT INTO "movies" ("title", "rating", "release_date", "created_at", "updated_at") VALUES (?, ?, ?, ?, ?)[0m  [["title", "Chocolat"], ["rating", "PG-13"], ["release_date", "2001-01-05 00:00:00.000000"], ["created_at", "2020-03-10 19:30:25.438117"], ["updated_at", "2020-03-10 19:30:25.438117"]]
  [1m[35m (0.0ms)[0m  RELEASE SAVEPOINT active_record_1
  [1m[36m (0.0ms)[0m  [1mSAVEPOINT active_record_1[0m
  [1m[35mSQL (0.1ms)[0m  INSERT INTO "movies" ("title", "rating", "release_date", "created_at", "updated_at") VALUES (?, ?, ?, ?, ?)  [["title", "Amelie"], ["rating", "R"], ["release_date", "2001-04-25 00:00:00.000000"], ["created_at", "2020-03-10 19:30:25.439516"], ["updated_at", "2020-03-10 19:30:25.439516"]]
  [1m[36m (0.0ms)[0m  [1mRELEASE SAVEPOINT active_record_1[0m
  [1m[35m (0.0ms)[0m  SAVEPOINT active_record_1
  [1m[36mSQL (0.1ms)[0m  [1mINSERT INTO "movies" ("title", "rating", "release_date", "created_at", "updated_at") VALUES (?, ?, ?, ?, ?)[0m  [["title", "2001: A Space Odyssey"], ["rating", "G"], ["release_date", "1968-04-06 00:00:00.000000"], ["created_at", "2020-03-10 19:30:25.440931"], ["updated_at", "2020-03-10 19:30:25.440931"]]
  [1m[35m (0.0ms)[0m  RELEASE SAVEPOINT active_record_1
  [1m[36m (0.1ms)[0m  [1mSAVEPOINT active_record_1[0m
  [1m[35mSQL (0.1ms)[0m  INSERT INTO "movies" ("title", "rating", "release_date", "created_at", "updated_at") VALUES (?, ?, ?, ?, ?)  [["title", "The Incredibles"], ["rating", "PG"], ["release_date", "2004-11-05 00:00:00.000000"], ["created_at", "2020-03-10 19:30:25.442399"], ["updated_at", "2020-03-10 19:30:25.442399"]]
  [1m[36m (0.0ms)[0m  [1mRELEASE SAVEPOINT active_record_1[0m
  [1m[35m (0.0ms)[0m  SAVEPOINT active_record_1
  [1m[36mSQL (0.1ms)[0m  [1mINSERT INTO "movies" ("title", "rating", "release_date", "created_at", "updated_at") VALUES (?, ?, ?, ?, ?)[0m  [["title", "Raiders of the Lost Ark"], ["rating", "PG"], ["release_date", "1981-06-12 00:00:00.000000"], ["created_at", "2020-03-10 19:30:25.443884"], ["updated_at", "2020-03-10 19:30:25.443884"]]
  [1m[35m (0.0ms)[0m  RELEASE SAVEPOINT active_record_1
  [1m[36m (0.0ms)[0m  [1mSAVEPOINT active_record_1[0m
  [1m[35mSQL (0.1ms)[0m  INSERT INTO "movies" ("title", "rating", "release_date", "created_at", "updated_at") VALUES (?, ?, ?, ?, ?)  [["title", "Chicken Run"], ["rating", "G"], ["release_date", "2000-06-21 00:00:00.000000"], ["created_at", "2020-03-10 19:30:25.445307"], ["updated_at", "2020-03-10 19:30:25.445307"]]
  [1m[36m (0.0ms)[0m  [1mRELEASE SAVEPOINT active_record_1[0m
Started GET "/movies" for 127.0.0.1 at 2020-03-10 19:30:25 +0000
Processing by MoviesController#index as HTML
  [1m[35mMovie Load (0.2ms)[0m  SELECT "movies".* FROM "movies" WHERE "movies"."rating" IN ('G', 'PG', 'PG-13', 'NC-17', 'R')
  Rendered movies/index.html.haml within layouts/application (3.5ms)
Completed 200 OK in 5ms (Views: 4.7ms | ActiveRecord: 0.2ms)
Started GET "/movies?utf8=%E2%9C%93&ratings[G]=1&ratings[PG]=1&ratings[PG-13]=1&ratings[NC-17]=1&ratings[R]=1&commit=Refresh" for 127.0.0.1 at 2020-03-10 19:30:25 +0000
Processing by MoviesController#index as HTML
  Parameters: {"utf8"=>"✓", "ratings"=>{"G"=>"1", "PG"=>"1", "PG-13"=>"1", "NC-17"=>"1", "R"=>"1"}, "commit"=>"Refresh"}
Redirected to http://www.example.com/movies?ratings%5BG%5D=1&ratings%5BNC-17%5D=1&ratings%5BPG%5D=1&ratings%5BPG-13%5D=1&ratings%5BR%5D=1
Completed 302 Found in 1ms (ActiveRecord: 0.0ms)
Started GET "/movies?ratings[G]=1&ratings[NC-17]=1&ratings[PG]=1&ratings[PG-13]=1&ratings[R]=1" for 127.0.0.1 at 2020-03-10 19:30:25 +0000
Processing by MoviesController#index as HTML
  Parameters: {"ratings"=>{"G"=>"1", "NC-17"=>"1", "PG"=>"1", "PG-13"=>"1", "R"=>"1"}}
  [1m[36mMovie Load (0.2ms)[0m  [1mSELECT "movies".* FROM "movies" WHERE "movies"."rating" IN ('G', 'NC-17', 'PG', 'PG-13', 'R')[0m
  Rendered movies/index.html.haml within layouts/application (3.7ms)
Completed 200 OK in 6ms (Views: 4.8ms | ActiveRecord: 0.2ms)
  [1m[35mMovie Load (0.1ms)[0m  SELECT "movies".* FROM "movies"
  [1m[36m (0.2ms)[0m  [1mrollback transaction[0m
  [1m[35m (0.1ms)[0m  begin transaction
  [1m[36m (0.0ms)[0m  [1mcommit transaction[0m
  [1m[35m (0.0ms)[0m  begin transaction
  [1m[36m (0.0ms)[0m  [1mSAVEPOINT active_record_1[0m
  [1m[35mSQL (4.1ms)[0m  INSERT INTO "movies" ("title", "rating", "release_date", "created_at", "updated_at") VALUES (?, ?, ?, ?, ?)  [["title", "Aladdin"], ["rating", "G"], ["release_date", "1992-11-25 00:00:00.000000"], ["created_at", "2020-03-10 19:30:25.527075"], ["updated_at", "2020-03-10 19:30:25.527075"]]
  [1m[36m (0.0ms)[0m  [1mRELEASE SAVEPOINT active_record_1[0m
  [1m[35m (0.1ms)[0m  SAVEPOINT active_record_1
  [1m[36mSQL (0.1ms)[0m  [1mINSERT INTO "movies" ("title", "rating", "release_date", "created_at", "updated_at") VALUES (?, ?, ?, ?, ?)[0m  [["title", "The Terminator"], ["rating", "R"], ["release_date", "1984-10-26 00:00:00.000000"], ["created_at", "2020-03-10 19:30:25.533017"], ["updated_at", "2020-03-10 19:30:25.533017"]]
  [1m[35m (0.3ms)[0m  RELEASE SAVEPOINT active_record_1
  [1m[36m (0.1ms)[0m  [1mSAVEPOINT active_record_1[0m
  [1m[35mSQL (0.1ms)[0m  INSERT INTO "movies" ("title", "rating", "release_date", "created_at", "updated_at") VALUES (?, ?, ?, ?, ?)  [["title", "When Harry Met Sally"], ["rating", "R"], ["release_date", "1989-07-21 00:00:00.000000"], ["created_at", "2020-03-10 19:30:25.544308"], ["updated_at", "2020-03-10 19:30:25.544308"]]
  [1m[36m (0.0ms)[0m  [1mRELEASE SAVEPOINT active_record_1[0m
  [1m[35m (0.0ms)[0m  SAVEPOINT active_record_1
  [1m[36mSQL (0.1ms)[0m  [1mINSERT INTO "movies" ("title", "rating", "release_date", "created_at", "updated_at") VALUES (?, ?, ?, ?, ?)[0m  [["title", "The Help"], ["rating", "PG-13"], ["release_date", "2011-08-10 00:00:00.000000"], ["created_at", "2020-03-10 19:30:25.547780"], ["updated_at", "2020-03-10 19:30:25.547780"]]
  [1m[35m (0.0ms)[0m  RELEASE SAVEPOINT active_record_1
  [1m[36m (0.0ms)[0m  [1mSAVEPOINT active_record_1[0m
  [1m[35mSQL (0.1ms)[0m  INSERT INTO "movies" ("title", "rating", "release_date", "created_at", "updated_at") VALUES (?, ?, ?, ?, ?)  [["title", "Chocolat"], ["rating", "PG-13"], ["release_date", "2001-01-05 00:00:00.000000"], ["created_at", "2020-03-10 19:30:25.549761"], ["updated_at", "2020-03-10 19:30:25.549761"]]
  [1m[36m (0.0ms)[0m  [1mRELEASE SAVEPOINT active_record_1[0m
  [1m[35m (0.0ms)[0m  SAVEPOINT active_record_1
  [1m[36mSQL (0.1ms)[0m  [1mINSERT INTO "movies" ("title", "rating", "release_date", "created_at", "updated_at") VALUES (?, ?, ?, ?, ?)[0m  [["title", "Amelie"], ["rating", "R"], ["release_date", "2001-04-25 00:00:00.000000"], ["created_at", "2020-03-10 19:30:25.551453"], ["updated_at", "2020-03-10 19:30:25.551453"]]
  [1m[35m (0.0ms)[0m  RELEASE SAVEPOINT active_record_1
  [1m[36m (0.0ms)[0m  [1mSAVEPOINT active_record_1[0m
  [1m[35mSQL (0.1ms)[0m  INSERT INTO "movies" ("title", "rating", "release_date", "created_at", "updated_at") VALUES (?, ?, ?, ?, ?)  [["title", "2001: A Space Odyssey"], ["rating", "G"], ["release_date", "1968-04-06 00:00:00.000000"], ["created_at", "2020-03-10 19:30:25.554834"], ["updated_at", "2020-03-10 19:30:25.554834"]]
  [1m[36m (0.0ms)[0m  [1mRELEASE SAVEPOINT active_record_1[0m
  [1m[35m (0.0ms)[0m  SAVEPOINT active_record_1
  [1m[36mSQL (0.1ms)[0m  [1mINSERT INTO "movies" ("title", "rating", "release_date", "created_at", "updated_at") VALUES (?, ?, ?, ?, ?)[0m  [["title", "The Incredibles"], ["rating", "PG"], ["release_date", "2004-11-05 00:00:00.000000"], ["created_at", "2020-03-10 19:30:25.556710"], ["updated_at", "2020-03-10 19:30:25.556710"]]
  [1m[35m (0.0ms)[0m  RELEASE SAVEPOINT active_record_1
  [1m[36m (0.0ms)[0m  [1mSAVEPOINT active_record_1[0m
  [1m[35mSQL (0.1ms)[0m  INSERT INTO "movies" ("title", "rating", "release_date", "created_at", "updated_at") VALUES (?, ?, ?, ?, ?)  [["title", "Raiders of the Lost Ark"], ["rating", "PG"], ["release_date", "1981-06-12 00:00:00.000000"], ["created_at", "2020-03-10 19:30:25.558950"], ["updated_at", "2020-03-10 19:30:25.558950"]]
  [1m[36m (0.0ms)[0m  [1mRELEASE SAVEPOINT active_record_1[0m
  [1m[35m (0.0ms)[0m  SAVEPOINT active_record_1
  [1m[36mSQL (0.1ms)[0m  [1mINSERT INTO "movies" ("title", "rating", "release_date", "created_at", "updated_at") VALUES (?, ?, ?, ?, ?)[0m  [["title", "Chicken Run"], ["rating", "G"], ["release_date", "2000-06-21 00:00:00.000000"], ["created_at", "2020-03-10 19:30:25.560729"], ["updated_at", "2020-03-10 19:30:25.560729"]]
  [1m[35m (0.0ms)[0m  RELEASE SAVEPOINT active_record_1
Started GET "/movies" for 127.0.0.1 at 2020-03-10 19:30:25 +0000
Processing by MoviesController#index as HTML
  [1m[36mMovie Load (0.2ms)[0m  [1mSELECT "movies".* FROM "movies" WHERE "movies"."rating" IN ('G', 'PG', 'PG-13', 'NC-17', 'R')[0m
  Rendered movies/index.html.haml within layouts/application (4.9ms)
Completed 200 OK in 7ms (Views: 6.4ms | ActiveRecord: 0.2ms)
Started GET "/movies?ratings[G]=G&ratings[NC-17]=NC-17&ratings[PG]=PG&ratings[PG-13]=PG-13&ratings[R]=R&sort=title" for 127.0.0.1 at 2020-03-10 19:30:25 +0000
Processing by MoviesController#index as HTML
  Parameters: {"ratings"=>{"G"=>"G", "NC-17"=>"NC-17", "PG"=>"PG", "PG-13"=>"PG-13", "R"=>"R"}, "sort"=>"title"}
Redirected to http://www.example.com/movies?ratings%5BG%5D=G&ratings%5BNC-17%5D=NC-17&ratings%5BPG%5D=PG&ratings%5BPG-13%5D=PG-13&ratings%5BR%5D=R&sort=title
Completed 302 Found in 1ms (ActiveRecord: 0.0ms)
Started GET "/movies?ratings[G]=G&ratings[NC-17]=NC-17&ratings[PG]=PG&ratings[PG-13]=PG-13&ratings[R]=R&sort=title" for 127.0.0.1 at 2020-03-10 19:30:25 +0000
Processing by MoviesController#index as HTML
  Parameters: {"ratings"=>{"G"=>"G", "NC-17"=>"NC-17", "PG"=>"PG", "PG-13"=>"PG-13", "R"=>"R"}, "sort"=>"title"}
  [1m[35mMovie Load (0.2ms)[0m  SELECT "movies".* FROM "movies" WHERE "movies"."rating" IN ('G', 'NC-17', 'PG', 'PG-13', 'R')  ORDER BY "movies"."title" ASC
  Rendered movies/index.html.haml within layouts/application (4.3ms)
Completed 200 OK in 6ms (Views: 5.5ms | ActiveRecord: 0.2ms)
  [1m[36m (0.1ms)[0m  [1mrollback transaction[0m
  [1m[35m (0.1ms)[0m  begin transaction
  [1m[36m (0.0ms)[0m  [1mcommit transaction[0m
  [1m[35m (0.0ms)[0m  begin transaction
  [1m[36m (0.0ms)[0m  [1mSAVEPOINT active_record_1[0m
  [1m[35mSQL (0.1ms)[0m  INSERT INTO "movies" ("title", "rating", "release_date", "created_at", "updated_at") VALUES (?, ?, ?, ?, ?)  [["title", "Aladdin"], ["rating", "G"], ["release_date", "1992-11-25 00:00:00.000000"], ["created_at", "2020-03-10 19:30:25.608457"], ["updated_at", "2020-03-10 19:30:25.608457"]]
  [1m[36m (0.0ms)[0m  [1mRELEASE SAVEPOINT active_record_1[0m
  [1m[35m (0.0ms)[0m  SAVEPOINT active_record_1
  [1m[36mSQL (0.1ms)[0m  [1mINSERT INTO "movies" ("title", "rating", "release_date", "created_at", "updated_at") VALUES (?, ?, ?, ?, ?)[0m  [["title", "The Terminator"], ["rating", "R"], ["release_date", "1984-10-26 00:00:00.000000"], ["created_at", "2020-03-10 19:30:25.610593"], ["updated_at", "2020-03-10 19:30:25.610593"]]
  [1m[35m (0.0ms)[0m  RELEASE SAVEPOINT active_record_1
  [1m[36m (0.0ms)[0m  [1mSAVEPOINT active_record_1[0m
  [1m[35mSQL (0.1ms)[0m  INSERT INTO "movies" ("title", "rating", "release_date", "created_at", "updated_at") VALUES (?, ?, ?, ?, ?)  [["title", "When Harry Met Sally"], ["rating", "R"], ["release_date", "1989-07-21 00:00:00.000000"], ["created_at", "2020-03-10 19:30:25.612272"], ["updated_at", "2020-03-10 19:30:25.612272"]]
  [1m[36m (0.0ms)[0m  [1mRELEASE SAVEPOINT active_record_1[0m
  [1m[35m (0.0ms)[0m  SAVEPOINT active_record_1
  [1m[36mSQL (0.1ms)[0m  [1mINSERT INTO "movies" ("title", "rating", "release_date", "created_at", "updated_at") VALUES (?, ?, ?, ?, ?)[0m  [["title", "The Help"], ["rating", "PG-13"], ["release_date", "2011-08-10 00:00:00.000000"], ["created_at", "2020-03-10 19:30:25.613886"], ["updated_at", "2020-03-10 19:30:25.613886"]]
  [1m[35m (0.0ms)[0m  RELEASE SAVEPOINT active_record_1
  [1m[36m (0.0ms)[0m  [1mSAVEPOINT active_record_1[0m
  [1m[35mSQL (0.1ms)[0m  INSERT INTO "movies" ("title", "rating", "release_date", "created_at", "updated_at") VALUES (?, ?, ?, ?, ?)  [["title", "Chocolat"], ["rating", "PG-13"], ["release_date", "2001-01-05 00:00:00.000000"], ["created_at", "2020-03-10 19:30:25.615581"], ["updated_at", "2020-03-10 19:30:25.615581"]]
  [1m[36m (0.0ms)[0m  [1mRELEASE SAVEPOINT active_record_1[0m
  [1m[35m (0.1ms)[0m  SAVEPOINT active_record_1
  [1m[36mSQL (0.1ms)[0m  [1mINSERT INTO "movies" ("title", "rating", "release_date", "created_at", "updated_at") VALUES (?, ?, ?, ?, ?)[0m  [["title", "Amelie"], ["rating", "R"], ["release_date", "2001-04-25 00:00:00.000000"], ["created_at", "2020-03-10 19:30:25.617413"], ["updated_at", "2020-03-10 19:30:25.617413"]]
  [1m[35m (0.0ms)[0m  RELEASE SAVEPOINT active_record_1
  [1m[36m (0.0ms)[0m  [1mSAVEPOINT active_record_1[0m
  [1m[35mSQL (0.1ms)[0m  INSERT INTO "movies" ("title", "rating", "release_date", "created_at", "updated_at") VALUES (?, ?, ?, ?, ?)  [["title", "2001: A Space Odyssey"], ["rating", "G"], ["release_date", "1968-04-06 00:00:00.000000"], ["created_at", "2020-03-10 19:30:25.619204"], ["updated_at", "2020-03-10 19:30:25.619204"]]
  [1m[36m (0.0ms)[0m  [1mRELEASE SAVEPOINT active_record_1[0m
  [1m[35m (0.0ms)[0m  SAVEPOINT active_record_1
  [1m[36mSQL (0.1ms)[0m  [1mINSERT INTO "movies" ("title", "rating", "release_date", "created_at", "updated_at") VALUES (?, ?, ?, ?, ?)[0m  [["title", "The Incredibles"], ["rating", "PG"], ["release_date", "2004-11-05 00:00:00.000000"], ["created_at", "2020-03-10 19:30:25.621304"], ["updated_at", "2020-03-10 19:30:25.621304"]]
  [1m[35m (0.0ms)[0m  RELEASE SAVEPOINT active_record_1
  [1m[36m (0.0ms)[0m  [1mSAVEPOINT active_record_1[0m
  [1m[35mSQL (0.1ms)[0m  INSERT INTO "movies" ("title", "rating", "release_date", "created_at", "updated_at") VALUES (?, ?, ?, ?, ?)  [["title", "Raiders of the Lost Ark"], ["rating", "PG"], ["release_date", "1981-06-12 00:00:00.000000"], ["created_at", "2020-03-10 19:30:25.622988"], ["updated_at", "2020-03-10 19:30:25.622988"]]
  [1m[36m (0.0ms)[0m  [1mRELEASE SAVEPOINT active_record_1[0m
  [1m[35m (0.0ms)[0m  SAVEPOINT active_record_1
  [1m[36mSQL (0.1ms)[0m  [1mINSERT INTO "movies" ("title", "rating", "release_date", "created_at", "updated_at") VALUES (?, ?, ?, ?, ?)[0m  [["title", "Chicken Run"], ["rating", "G"], ["release_date", "2000-06-21 00:00:00.000000"], ["created_at", "2020-03-10 19:30:25.624734"], ["updated_at", "2020-03-10 19:30:25.624734"]]
  [1m[35m (0.0ms)[0m  RELEASE SAVEPOINT active_record_1
Started GET "/movies" for 127.0.0.1 at 2020-03-10 19:30:25 +0000
Processing by MoviesController#index as HTML
  [1m[36mMovie Load (0.2ms)[0m  [1mSELECT "movies".* FROM "movies" WHERE "movies"."rating" IN ('G', 'PG', 'PG-13', 'NC-17', 'R')[0m
  Rendered movies/index.html.haml within layouts/application (13.3ms)
Completed 200 OK in 15ms (Views: 14.6ms | ActiveRecord: 0.2ms)
Started GET "/movies?ratings[G]=G&ratings[NC-17]=NC-17&ratings[PG]=PG&ratings[PG-13]=PG-13&ratings[R]=R&sort=release_date" for 127.0.0.1 at 2020-03-10 19:30:25 +0000
Processing by MoviesController#index as HTML
  Parameters: {"ratings"=>{"G"=>"G", "NC-17"=>"NC-17", "PG"=>"PG", "PG-13"=>"PG-13", "R"=>"R"}, "sort"=>"release_date"}
Redirected to http://www.example.com/movies?ratings%5BG%5D=G&ratings%5BNC-17%5D=NC-17&ratings%5BPG%5D=PG&ratings%5BPG-13%5D=PG-13&ratings%5BR%5D=R&sort=release_date
Completed 302 Found in 1ms (ActiveRecord: 0.0ms)
Started GET "/movies?ratings[G]=G&ratings[NC-17]=NC-17&ratings[PG]=PG&ratings[PG-13]=PG-13&ratings[R]=R&sort=release_date" for 127.0.0.1 at 2020-03-10 19:30:25 +0000
Processing by MoviesController#index as HTML
  Parameters: {"ratings"=>{"G"=>"G", "NC-17"=>"NC-17", "PG"=>"PG", "PG-13"=>"PG-13", "R"=>"R"}, "sort"=>"release_date"}
  [1m[35mMovie Load (0.2ms)[0m  SELECT "movies".* FROM "movies" WHERE "movies"."rating" IN ('G', 'NC-17', 'PG', 'PG-13', 'R')  ORDER BY "movies"."release_date" ASC
  Rendered movies/index.html.haml within layouts/application (3.4ms)
Completed 200 OK in 5ms (Views: 4.4ms | ActiveRecord: 0.2ms)
  [1m[36m (0.2ms)[0m  [1mrollback transaction[0m
  [1m[36mActiveRecord::SchemaMigration Load (0.1ms)[0m  [1mSELECT "schema_migrations".* FROM "schema_migrations"[0m
  [1m[35m (0.1ms)[0m  begin transaction
  [1m[36m (0.1ms)[0m  [1mrollback transaction[0m
  [1m[35m (0.0ms)[0m  begin transaction
Processing by MoviesController#director as HTML
  Parameters: {"id"=>"1"}
Redirected to http://test.host/movies
Completed 302 Found in 0ms (ActiveRecord: 0.0ms)
  [1m[36m (0.1ms)[0m  [1mrollback transaction[0m
  [1m[35m (0.1ms)[0m  begin transaction
Processing by MoviesController#create as HTML
  Parameters: {"movie"=>{"title"=>"Terrible Movie", "rating"=>"G", "director"=>"Dr. V"}}
Redirected to http://test.host/movies
Completed 302 Found in 1ms (ActiveRecord: 0.0ms)
  [1m[36m (0.1ms)[0m  [1mrollback transaction[0m
  [1m[35m (0.1ms)[0m  begin transaction
Processing by MoviesController#show as HTML
  Parameters: {"id"=>"1"}
  Template rendering was prevented by rspec-rails. Use `render_views` to verify rendered view contents if necessary.
  Rendered movies/show.html.haml within layouts/application (0.2ms)
  Template rendering was prevented by rspec-rails. Use `render_views` to verify rendered view contents if necessary.
Completed 200 OK in 7ms (Views: 7.1ms | ActiveRecord: 0.0ms)
  [1m[36m (0.1ms)[0m  [1mrollback transaction[0m
  [1m[35m (0.1ms)[0m  begin transaction
Processing by MoviesController#destroy as HTML
  Parameters: {"id"=>"1"}
Redirected to http://test.host/movies
Completed 302 Found in 0ms (ActiveRecord: 0.0ms)
  [1m[36m (0.1ms)[0m  [1mrollback transaction[0m
  [1m[35m (0.1ms)[0m  begin transaction
Processing by MoviesController#edit as HTML
  Parameters: {"id"=>"1"}
  Template rendering was prevented by rspec-rails. Use `render_views` to verify rendered view contents if necessary.
  Rendered movies/edit.html.haml within layouts/application (0.2ms)
Completed 200 OK in 1ms (Views: 1.3ms | ActiveRecord: 0.0ms)
  [1m[36m (0.1ms)[0m  [1mrollback transaction[0m
  [1m[35m (0.1ms)[0m  begin transaction
Processing by MoviesController#new as HTML
  Template rendering was prevented by rspec-rails. Use `render_views` to verify rendered view contents if necessary.
  Rendered movies/new.html.haml within layouts/application (0.2ms)
Completed 200 OK in 1ms (Views: 1.2ms | ActiveRecord: 0.0ms)
  [1m[36m (0.1ms)[0m  [1mrollback transaction[0m
  [1m[35m (0.1ms)[0m  begin transaction
  [1m[36m (0.0ms)[0m  [1mSAVEPOINT active_record_1[0m
  [1m[35mSQL (0.3ms)[0m  INSERT INTO "movies" ("director", "created_at", "updated_at") VALUES (?, ?, ?)  [["director", "Dummy Director 1"], ["created_at", "2020-03-10 19:45:20.197305"], ["updated_at", "2020-03-10 19:45:20.197305"]]
  [1m[36m (0.1ms)[0m  [1mRELEASE SAVEPOINT active_record_1[0m
  [1m[35m (0.0ms)[0m  SAVEPOINT active_record_1
  [1m[36mSQL (0.1ms)[0m  [1mINSERT INTO "movies" ("director", "created_at", "updated_at") VALUES (?, ?, ?)[0m  [["director", "Dummy Director 1"], ["created_at", "2020-03-10 19:45:20.199114"], ["updated_at", "2020-03-10 19:45:20.199114"]]
  [1m[35m (0.1ms)[0m  RELEASE SAVEPOINT active_record_1
  [1m[36mMovie Load (0.1ms)[0m  [1mSELECT "movies".* FROM "movies" WHERE (director = 'Dummy Director 1')[0m
  [1m[35m (0.1ms)[0m  rollback transaction
  [1m[36m (0.1ms)[0m  [1mbegin transaction[0m
  [1m[35m (0.0ms)[0m  SAVEPOINT active_record_1
  [1m[36mSQL (0.1ms)[0m  [1mINSERT INTO "movies" ("director", "created_at", "updated_at") VALUES (?, ?, ?)[0m  [["director", "Dummy Director 1"], ["created_at", "2020-03-10 19:45:20.203825"], ["updated_at", "2020-03-10 19:45:20.203825"]]
  [1m[35m (0.0ms)[0m  RELEASE SAVEPOINT active_record_1
  [1m[36m (0.0ms)[0m  [1mSAVEPOINT active_record_1[0m
  [1m[35mSQL (0.1ms)[0m  INSERT INTO "movies" ("director", "created_at", "updated_at") VALUES (?, ?, ?)  [["director", "Dummy Director 2"], ["created_at", "2020-03-10 19:45:20.205089"], ["updated_at", "2020-03-10 19:45:20.205089"]]
  [1m[36m (0.0ms)[0m  [1mRELEASE SAVEPOINT active_record_1[0m
  [1m[35mMovie Load (0.1ms)[0m  SELECT "movies".* FROM "movies" WHERE (director = 'Dummy Director 1')
  [1m[36m (0.1ms)[0m  [1mrollback transaction[0m
  [1m[36mActiveRecord::SchemaMigration Load (0.1ms)[0m  [1mSELECT "schema_migrations".* FROM "schema_migrations"[0m
  [1m[35m (0.1ms)[0m  begin transaction
Processing by MoviesController#director as HTML
  Parameters: {"id"=>"1"}
  Template rendering was prevented by rspec-rails. Use `render_views` to verify rendered view contents if necessary.
  Rendered movies/director.html.haml within layouts/application (0.3ms)
  Template rendering was prevented by rspec-rails. Use `render_views` to verify rendered view contents if necessary.
Completed 200 OK in 8ms (Views: 7.8ms | ActiveRecord: 0.0ms)
  [1m[36m (0.1ms)[0m  [1mrollback transaction[0m
  [1m[35m (0.1ms)[0m  begin transaction
Processing by MoviesController#director as HTML
  Parameters: {"id"=>"1"}
Redirected to http://test.host/movies
Completed 302 Found in 0ms (ActiveRecord: 0.0ms)
  [1m[36m (0.1ms)[0m  [1mrollback transaction[0m
  [1m[35m (0.1ms)[0m  begin transaction
Processing by MoviesController#create as HTML
  Parameters: {"movie"=>{"title"=>"Terrible Movie", "rating"=>"G", "director"=>"Dr. V"}}
Redirected to http://test.host/movies
Completed 302 Found in 1ms (ActiveRecord: 0.0ms)
  [1m[36m (0.1ms)[0m  [1mrollback transaction[0m
  [1m[35m (0.1ms)[0m  begin transaction
Processing by MoviesController#show as HTML
  Parameters: {"id"=>"1"}
  Template rendering was prevented by rspec-rails. Use `render_views` to verify rendered view contents if necessary.
  Rendered movies/show.html.haml within layouts/application (0.2ms)
Completed 200 OK in 1ms (Views: 1.3ms | ActiveRecord: 0.0ms)
  [1m[36m (0.1ms)[0m  [1mrollback transaction[0m
  [1m[35m (0.0ms)[0m  begin transaction
Processing by MoviesController#destroy as HTML
  Parameters: {"id"=>"1"}
Redirected to http://test.host/movies
Completed 302 Found in 0ms (ActiveRecord: 0.0ms)
  [1m[36m (0.1ms)[0m  [1mrollback transaction[0m
  [1m[35m (0.1ms)[0m  begin transaction
Processing by MoviesController#edit as HTML
  Parameters: {"id"=>"1"}
  Template rendering was prevented by rspec-rails. Use `render_views` to verify rendered view contents if necessary.
  Rendered movies/edit.html.haml within layouts/application (0.2ms)
Completed 200 OK in 1ms (Views: 1.3ms | ActiveRecord: 0.0ms)
  [1m[36m (0.1ms)[0m  [1mrollback transaction[0m
  [1m[35m (0.1ms)[0m  begin transaction
Processing by MoviesController#new as HTML
  Template rendering was prevented by rspec-rails. Use `render_views` to verify rendered view contents if necessary.
  Rendered movies/new.html.haml within layouts/application (0.2ms)
Completed 200 OK in 1ms (Views: 1.2ms | ActiveRecord: 0.0ms)
  [1m[36m (0.1ms)[0m  [1mrollback transaction[0m
  [1m[35m (0.1ms)[0m  begin transaction
  [1m[36m (0.0ms)[0m  [1mSAVEPOINT active_record_1[0m
  [1m[35mSQL (0.2ms)[0m  INSERT INTO "movies" ("director", "created_at", "updated_at") VALUES (?, ?, ?)  [["director", "Dummy Director 1"], ["created_at", "2020-03-10 19:46:25.332022"], ["updated_at", "2020-03-10 19:46:25.332022"]]
  [1m[36m (0.0ms)[0m  [1mRELEASE SAVEPOINT active_record_1[0m
  [1m[35m (0.0ms)[0m  SAVEPOINT active_record_1
  [1m[36mSQL (0.1ms)[0m  [1mINSERT INTO "movies" ("director", "created_at", "updated_at") VALUES (?, ?, ?)[0m  [["director", "Dummy Director 1"], ["created_at", "2020-03-10 19:46:25.333804"], ["updated_at", "2020-03-10 19:46:25.333804"]]
  [1m[35m (0.1ms)[0m  RELEASE SAVEPOINT active_record_1
  [1m[36mMovie Load (0.1ms)[0m  [1mSELECT "movies".* FROM "movies" WHERE (director = 'Dummy Director 1')[0m
  [1m[35m (0.1ms)[0m  rollback transaction
  [1m[36m (0.1ms)[0m  [1mbegin transaction[0m
  [1m[35m (0.0ms)[0m  SAVEPOINT active_record_1
  [1m[36mSQL (0.2ms)[0m  [1mINSERT INTO "movies" ("director", "created_at", "updated_at") VALUES (?, ?, ?)[0m  [["director", "Dummy Director 1"], ["created_at", "2020-03-10 19:46:25.338610"], ["updated_at", "2020-03-10 19:46:25.338610"]]
  [1m[35m (0.1ms)[0m  RELEASE SAVEPOINT active_record_1
  [1m[36m (0.0ms)[0m  [1mSAVEPOINT active_record_1[0m
  [1m[35mSQL (0.1ms)[0m  INSERT INTO "movies" ("director", "created_at", "updated_at") VALUES (?, ?, ?)  [["director", "Dummy Director 2"], ["created_at", "2020-03-10 19:46:25.339968"], ["updated_at", "2020-03-10 19:46:25.339968"]]
  [1m[36m (0.1ms)[0m  [1mRELEASE SAVEPOINT active_record_1[0m
  [1m[35mMovie Load (0.1ms)[0m  SELECT "movies".* FROM "movies" WHERE (director = 'Dummy Director 1')
  [1m[36m (0.1ms)[0m  [1mrollback transaction[0m
  [1m[36mActiveRecord::SchemaMigration Load (0.1ms)[0m  [1mSELECT "schema_migrations".* FROM "schema_migrations"[0m
  [1m[35m (0.1ms)[0m  begin transaction
  [1m[36m (0.0ms)[0m  [1mcommit transaction[0m
  [1m[35m (0.1ms)[0m  begin transaction
  [1m[36m (0.1ms)[0m  [1mSAVEPOINT active_record_1[0m
  [1m[35mSQL (0.2ms)[0m  INSERT INTO "movies" ("title", "rating", "director", "release_date", "created_at", "updated_at") VALUES (?, ?, ?, ?, ?, ?)  [["title", "Star Wars"], ["rating", "PG"], ["director", "George Lucas"], ["release_date", "1977-05-25 00:00:00.000000"], ["created_at", "2020-03-10 19:46:30.850531"], ["updated_at", "2020-03-10 19:46:30.850531"]]
  [1m[36m (0.0ms)[0m  [1mRELEASE SAVEPOINT active_record_1[0m
  [1m[35m (0.0ms)[0m  SAVEPOINT active_record_1
  [1m[36mSQL (0.1ms)[0m  [1mINSERT INTO "movies" ("title", "rating", "director", "release_date", "created_at", "updated_at") VALUES (?, ?, ?, ?, ?, ?)[0m  [["title", "Blade Runner"], ["rating", "PG"], ["director", "Ridley Scott"], ["release_date", "1982-06-25 00:00:00.000000"], ["created_at", "2020-03-10 19:46:30.852569"], ["updated_at", "2020-03-10 19:46:30.852569"]]
  [1m[35m (0.0ms)[0m  RELEASE SAVEPOINT active_record_1
  [1m[36m (0.0ms)[0m  [1mSAVEPOINT active_record_1[0m
  [1m[35mSQL (0.1ms)[0m  INSERT INTO "movies" ("title", "rating", "director", "release_date", "created_at", "updated_at") VALUES (?, ?, ?, ?, ?, ?)  [["title", "Alien"], ["rating", "R"], ["director", ""], ["release_date", "1979-05-25 00:00:00.000000"], ["created_at", "2020-03-10 19:46:30.854002"], ["updated_at", "2020-03-10 19:46:30.854002"]]
  [1m[36m (0.0ms)[0m  [1mRELEASE SAVEPOINT active_record_1[0m
  [1m[35m (0.0ms)[0m  SAVEPOINT active_record_1
  [1m[36mSQL (0.1ms)[0m  [1mINSERT INTO "movies" ("title", "rating", "director", "release_date", "created_at", "updated_at") VALUES (?, ?, ?, ?, ?, ?)[0m  [["title", "THX-1138"], ["rating", "R"], ["director", "George Lucas"], ["release_date", "1971-03-11 00:00:00.000000"], ["created_at", "2020-03-10 19:46:30.855365"], ["updated_at", "2020-03-10 19:46:30.855365"]]
  [1m[35m (0.0ms)[0m  RELEASE SAVEPOINT active_record_1
  [1m[36mMovie Load (0.1ms)[0m  [1mSELECT  "movies".* FROM "movies" WHERE "movies"."title" = ? LIMIT 1[0m  [["title", "Alien"]]
Started GET "/movies/3/edit" for 127.0.0.1 at 2020-03-10 19:46:30 +0000
Processing by MoviesController#edit as HTML
  Parameters: {"id"=>"3"}
  [1m[35mMovie Load (0.1ms)[0m  SELECT  "movies".* FROM "movies" WHERE "movies"."id" = ? LIMIT 1  [["id", 3]]
  Rendered movies/edit.html.haml within layouts/application (9.3ms)
Completed 200 OK in 147ms (Views: 146.1ms | ActiveRecord: 0.1ms)
Started PUT "/movies/3" for 127.0.0.1 at 2020-03-10 19:46:31 +0000
Processing by MoviesController#update as HTML
  Parameters: {"utf8"=>"✓", "movie"=>{"title"=>"Alien", "rating"=>"R", "director"=>"Ridley Scott", "release_date(1i)"=>"1979", "release_date(2i)"=>"5", "release_date(3i)"=>"25"}, "commit"=>"Update Movie Info", "id"=>"3"}
  [1m[36mMovie Load (0.1ms)[0m  [1mSELECT  "movies".* FROM "movies" WHERE "movies"."id" = ? LIMIT 1[0m  [["id", 3]]
  [1m[35m (0.1ms)[0m  SAVEPOINT active_record_1
  [1m[36mSQL (0.1ms)[0m  [1mUPDATE "movies" SET "director" = ?, "updated_at" = ? WHERE "movies"."id" = ?[0m  [["director", "Ridley Scott"], ["updated_at", "2020-03-10 19:46:31.038062"], ["id", 3]]
  [1m[35m (0.1ms)[0m  RELEASE SAVEPOINT active_record_1
Redirected to http://www.example.com/movies/3
Completed 302 Found in 3ms (ActiveRecord: 0.3ms)
Started GET "/movies/3" for 127.0.0.1 at 2020-03-10 19:46:31 +0000
Processing by MoviesController#show as HTML
  Parameters: {"id"=>"3"}
  [1m[36mMovie Load (0.0ms)[0m  [1mSELECT  "movies".* FROM "movies" WHERE "movies"."id" = ? LIMIT 1[0m  [["id", 3]]
  Rendered movies/show.html.haml within layouts/application (2.3ms)
Completed 200 OK in 5ms (Views: 4.1ms | ActiveRecord: 0.0ms)
  [1m[35mMovie Load (0.1ms)[0m  SELECT  "movies".* FROM "movies" WHERE "movies"."title" = ? LIMIT 1  [["title", "Alien"]]
  [1m[36m (0.6ms)[0m  [1mrollback transaction[0m
  [1m[35m (0.1ms)[0m  begin transaction
  [1m[36m (0.0ms)[0m  [1mcommit transaction[0m
  [1m[35m (0.0ms)[0m  begin transaction
  [1m[36m (0.1ms)[0m  [1mSAVEPOINT active_record_1[0m
  [1m[35mSQL (0.1ms)[0m  INSERT INTO "movies" ("title", "rating", "director", "release_date", "created_at", "updated_at") VALUES (?, ?, ?, ?, ?, ?)  [["title", "Star Wars"], ["rating", "PG"], ["director", "George Lucas"], ["release_date", "1977-05-25 00:00:00.000000"], ["created_at", "2020-03-10 19:46:31.053114"], ["updated_at", "2020-03-10 19:46:31.053114"]]
  [1m[36m (0.0ms)[0m  [1mRELEASE SAVEPOINT active_record_1[0m
  [1m[35m (0.0ms)[0m  SAVEPOINT active_record_1
  [1m[36mSQL (0.1ms)[0m  [1mINSERT INTO "movies" ("title", "rating", "director", "release_date", "created_at", "updated_at") VALUES (?, ?, ?, ?, ?, ?)[0m  [["title", "Blade Runner"], ["rating", "PG"], ["director", "Ridley Scott"], ["release_date", "1982-06-25 00:00:00.000000"], ["created_at", "2020-03-10 19:46:31.054647"], ["updated_at", "2020-03-10 19:46:31.054647"]]
  [1m[35m (0.1ms)[0m  RELEASE SAVEPOINT active_record_1
  [1m[36m (0.1ms)[0m  [1mSAVEPOINT active_record_1[0m
  [1m[35mSQL (0.1ms)[0m  INSERT INTO "movies" ("title", "rating", "director", "release_date", "created_at", "updated_at") VALUES (?, ?, ?, ?, ?, ?)  [["title", "Alien"], ["rating", "R"], ["director", ""], ["release_date", "1979-05-25 00:00:00.000000"], ["created_at", "2020-03-10 19:46:31.056125"], ["updated_at", "2020-03-10 19:46:31.056125"]]
  [1m[36m (0.0ms)[0m  [1mRELEASE SAVEPOINT active_record_1[0m
  [1m[35m (0.0ms)[0m  SAVEPOINT active_record_1
  [1m[36mSQL (0.1ms)[0m  [1mINSERT INTO "movies" ("title", "rating", "director", "release_date", "created_at", "updated_at") VALUES (?, ?, ?, ?, ?, ?)[0m  [["title", "THX-1138"], ["rating", "R"], ["director", "George Lucas"], ["release_date", "1971-03-11 00:00:00.000000"], ["created_at", "2020-03-10 19:46:31.057523"], ["updated_at", "2020-03-10 19:46:31.057523"]]
  [1m[35m (0.0ms)[0m  RELEASE SAVEPOINT active_record_1
  [1m[36mMovie Load (0.0ms)[0m  [1mSELECT  "movies".* FROM "movies" WHERE "movies"."title" = ? LIMIT 1[0m  [["title", "Star Wars"]]
Started GET "/movies/1" for 127.0.0.1 at 2020-03-10 19:46:31 +0000
Processing by MoviesController#show as HTML
  Parameters: {"id"=>"1"}
  [1m[35mMovie Load (0.0ms)[0m  SELECT  "movies".* FROM "movies" WHERE "movies"."id" = ? LIMIT 1  [["id", 1]]
  Rendered movies/show.html.haml within layouts/application (0.5ms)
Completed 200 OK in 2ms (Views: 1.8ms | ActiveRecord: 0.0ms)
Started GET "/movies/director/1" for 127.0.0.1 at 2020-03-10 19:46:31 +0000
Processing by MoviesController#director as HTML
  Parameters: {"id"=>"1"}
  [1m[36mMovie Load (0.0ms)[0m  [1mSELECT  "movies".* FROM "movies" WHERE "movies"."id" = ? LIMIT 1[0m  [["id", 1]]
  [1m[35mMovie Load (0.1ms)[0m  SELECT "movies".* FROM "movies" WHERE (director = 'George Lucas')
  Rendered movies/director.html.haml within layouts/application (2.7ms)
Completed 200 OK in 5ms (Views: 4.2ms | ActiveRecord: 0.2ms)
  [1m[36mMovie Load (0.1ms)[0m  [1mSELECT  "movies".* FROM "movies" WHERE "movies"."title" = ? LIMIT 1[0m  [["title", "Star Wars"]]
  [1m[35m (0.2ms)[0m  rollback transaction
  [1m[36m (0.1ms)[0m  [1mbegin transaction[0m
  [1m[35m (0.0ms)[0m  commit transaction
  [1m[36m (0.0ms)[0m  [1mbegin transaction[0m
  [1m[35m (0.1ms)[0m  SAVEPOINT active_record_1
  [1m[36mSQL (0.1ms)[0m  [1mINSERT INTO "movies" ("title", "rating", "director", "release_date", "created_at", "updated_at") VALUES (?, ?, ?, ?, ?, ?)[0m  [["title", "Star Wars"], ["rating", "PG"], ["director", "George Lucas"], ["release_date", "1977-05-25 00:00:00.000000"], ["created_at", "2020-03-10 19:46:31.085544"], ["updated_at", "2020-03-10 19:46:31.085544"]]
  [1m[35m (0.0ms)[0m  RELEASE SAVEPOINT active_record_1
  [1m[36m (0.0ms)[0m  [1mSAVEPOINT active_record_1[0m
  [1m[35mSQL (0.1ms)[0m  INSERT INTO "movies" ("title", "rating", "director", "release_date", "created_at", "updated_at") VALUES (?, ?, ?, ?, ?, ?)  [["title", "Blade Runner"], ["rating", "PG"], ["director", "Ridley Scott"], ["release_date", "1982-06-25 00:00:00.000000"], ["created_at", "2020-03-10 19:46:31.087168"], ["updated_at", "2020-03-10 19:46:31.087168"]]
  [1m[36m (0.0ms)[0m  [1mRELEASE SAVEPOINT active_record_1[0m
  [1m[35m (0.0ms)[0m  SAVEPOINT active_record_1
  [1m[36mSQL (0.1ms)[0m  [1mINSERT INTO "movies" ("title", "rating", "director", "release_date", "created_at", "updated_at") VALUES (?, ?, ?, ?, ?, ?)[0m  [["title", "Alien"], ["rating", "R"], ["director", ""], ["release_date", "1979-05-25 00:00:00.000000"], ["created_at", "2020-03-10 19:46:31.088612"], ["updated_at", "2020-03-10 19:46:31.088612"]]
  [1m[35m (0.0ms)[0m  RELEASE SAVEPOINT active_record_1
  [1m[36m (0.0ms)[0m  [1mSAVEPOINT active_record_1[0m
  [1m[35mSQL (0.1ms)[0m  INSERT INTO "movies" ("title", "rating", "director", "release_date", "created_at", "updated_at") VALUES (?, ?, ?, ?, ?, ?)  [["title", "THX-1138"], ["rating", "R"], ["director", "George Lucas"], ["release_date", "1971-03-11 00:00:00.000000"], ["created_at", "2020-03-10 19:46:31.089997"], ["updated_at", "2020-03-10 19:46:31.089997"]]
  [1m[36m (0.0ms)[0m  [1mRELEASE SAVEPOINT active_record_1[0m
  [1m[35mMovie Load (0.1ms)[0m  SELECT  "movies".* FROM "movies" WHERE "movies"."title" = ? LIMIT 1  [["title", "Alien"]]
Started GET "/movies/3" for 127.0.0.1 at 2020-03-10 19:46:31 +0000
Processing by MoviesController#show as HTML
  Parameters: {"id"=>"3"}
  [1m[36mMovie Load (0.1ms)[0m  [1mSELECT  "movies".* FROM "movies" WHERE "movies"."id" = ? LIMIT 1[0m  [["id", 3]]
  Rendered movies/show.html.haml within layouts/application (0.6ms)
Completed 200 OK in 2ms (Views: 2.0ms | ActiveRecord: 0.1ms)
Started GET "/movies/director/3" for 127.0.0.1 at 2020-03-10 19:46:31 +0000
Processing by MoviesController#director as HTML
  Parameters: {"id"=>"3"}
  [1m[35mMovie Load (0.1ms)[0m  SELECT  "movies".* FROM "movies" WHERE "movies"."id" = ? LIMIT 1  [["id", 3]]
Redirected to http://www.example.com/movies
Completed 302 Found in 1ms (ActiveRecord: 0.1ms)
Started GET "/movies" for 127.0.0.1 at 2020-03-10 19:46:31 +0000
Processing by MoviesController#index as HTML
  [1m[36mMovie Load (0.2ms)[0m  [1mSELECT "movies".* FROM "movies" WHERE "movies"."rating" IN ('G', 'PG', 'PG-13', 'NC-17', 'R')[0m
  Rendered movies/index.html.haml within layouts/application (4.8ms)
Completed 200 OK in 7ms (Views: 6.2ms | ActiveRecord: 0.2ms)
  [1m[35m (0.1ms)[0m  rollback transaction
  [1m[36m (0.1ms)[0m  [1mbegin transaction[0m
  [1m[35m (0.0ms)[0m  commit transaction
  [1m[36m (0.0ms)[0m  [1mbegin transaction[0m
  [1m[35m (0.1ms)[0m  SAVEPOINT active_record_1
  [1m[36mSQL (0.2ms)[0m  [1mINSERT INTO "movies" ("title", "rating", "release_date", "created_at", "updated_at") VALUES (?, ?, ?, ?, ?)[0m  [["title", "Aladdin"], ["rating", "G"], ["release_date", "1992-11-25 00:00:00.000000"], ["created_at", "2020-03-10 19:46:31.119213"], ["updated_at", "2020-03-10 19:46:31.119213"]]
  [1m[35m (0.0ms)[0m  RELEASE SAVEPOINT active_record_1
  [1m[36m (0.0ms)[0m  [1mSAVEPOINT active_record_1[0m
  [1m[35mSQL (0.1ms)[0m  INSERT INTO "movies" ("title", "rating", "release_date", "created_at", "updated_at") VALUES (?, ?, ?, ?, ?)  [["title", "The Terminator"], ["rating", "R"], ["release_date", "1984-10-26 00:00:00.000000"], ["created_at", "2020-03-10 19:46:31.120884"], ["updated_at", "2020-03-10 19:46:31.120884"]]
  [1m[36m (0.0ms)[0m  [1mRELEASE SAVEPOINT active_record_1[0m
  [1m[35m (0.0ms)[0m  SAVEPOINT active_record_1
  [1m[36mSQL (0.1ms)[0m  [1mINSERT INTO "movies" ("title", "rating", "release_date", "created_at", "updated_at") VALUES (?, ?, ?, ?, ?)[0m  [["title", "When Harry Met Sally"], ["rating", "R"], ["release_date", "1989-07-21 00:00:00.000000"], ["created_at", "2020-03-10 19:46:31.122259"], ["updated_at", "2020-03-10 19:46:31.122259"]]
  [1m[35m (0.0ms)[0m  RELEASE SAVEPOINT active_record_1
  [1m[36m (0.0ms)[0m  [1mSAVEPOINT active_record_1[0m
  [1m[35mSQL (0.1ms)[0m  INSERT INTO "movies" ("title", "rating", "release_date", "created_at", "updated_at") VALUES (?, ?, ?, ?, ?)  [["title", "The Help"], ["rating", "PG-13"], ["release_date", "2011-08-10 00:00:00.000000"], ["created_at", "2020-03-10 19:46:31.123594"], ["updated_at", "2020-03-10 19:46:31.123594"]]
  [1m[36m (0.0ms)[0m  [1mRELEASE SAVEPOINT active_record_1[0m
  [1m[35m (0.0ms)[0m  SAVEPOINT active_record_1
  [1m[36mSQL (0.1ms)[0m  [1mINSERT INTO "movies" ("title", "rating", "release_date", "created_at", "updated_at") VALUES (?, ?, ?, ?, ?)[0m  [["title", "Chocolat"], ["rating", "PG-13"], ["release_date", "2001-01-05 00:00:00.000000"], ["created_at", "2020-03-10 19:46:31.124994"], ["updated_at", "2020-03-10 19:46:31.124994"]]
  [1m[35m (0.1ms)[0m  RELEASE SAVEPOINT active_record_1
  [1m[36m (0.0ms)[0m  [1mSAVEPOINT active_record_1[0m
  [1m[35mSQL (0.1ms)[0m  INSERT INTO "movies" ("title", "rating", "release_date", "created_at", "updated_at") VALUES (?, ?, ?, ?, ?)  [["title", "Amelie"], ["rating", "R"], ["release_date", "2001-04-25 00:00:00.000000"], ["created_at", "2020-03-10 19:46:31.126328"], ["updated_at", "2020-03-10 19:46:31.126328"]]
  [1m[36m (0.0ms)[0m  [1mRELEASE SAVEPOINT active_record_1[0m
  [1m[35m (0.0ms)[0m  SAVEPOINT active_record_1
  [1m[36mSQL (0.1ms)[0m  [1mINSERT INTO "movies" ("title", "rating", "release_date", "created_at", "updated_at") VALUES (?, ?, ?, ?, ?)[0m  [["title", "2001: A Space Odyssey"], ["rating", "G"], ["release_date", "1968-04-06 00:00:00.000000"], ["created_at", "2020-03-10 19:46:31.127658"], ["updated_at", "2020-03-10 19:46:31.127658"]]
  [1m[35m (0.0ms)[0m  RELEASE SAVEPOINT active_record_1
  [1m[36m (0.0ms)[0m  [1mSAVEPOINT active_record_1[0m
  [1m[35mSQL (0.1ms)[0m  INSERT INTO "movies" ("title", "rating", "release_date", "created_at", "updated_at") VALUES (?, ?, ?, ?, ?)  [["title", "The Incredibles"], ["rating", "PG"], ["release_date", "2004-11-05 00:00:00.000000"], ["created_at", "2020-03-10 19:46:31.129044"], ["updated_at", "2020-03-10 19:46:31.129044"]]
  [1m[36m (0.1ms)[0m  [1mRELEASE SAVEPOINT active_record_1[0m
  [1m[35m (0.0ms)[0m  SAVEPOINT active_record_1
  [1m[36mSQL (0.1ms)[0m  [1mINSERT INTO "movies" ("title", "rating", "release_date", "created_at", "updated_at") VALUES (?, ?, ?, ?, ?)[0m  [["title", "Raiders of the Lost Ark"], ["rating", "PG"], ["release_date", "1981-06-12 00:00:00.000000"], ["created_at", "2020-03-10 19:46:31.130381"], ["updated_at", "2020-03-10 19:46:31.130381"]]
  [1m[35m (0.0ms)[0m  RELEASE SAVEPOINT active_record_1
  [1m[36m (0.0ms)[0m  [1mSAVEPOINT active_record_1[0m
  [1m[35mSQL (0.1ms)[0m  INSERT INTO "movies" ("title", "rating", "release_date", "created_at", "updated_at") VALUES (?, ?, ?, ?, ?)  [["title", "Chicken Run"], ["rating", "G"], ["release_date", "2000-06-21 00:00:00.000000"], ["created_at", "2020-03-10 19:46:31.131711"], ["updated_at", "2020-03-10 19:46:31.131711"]]
  [1m[36m (0.0ms)[0m  [1mRELEASE SAVEPOINT active_record_1[0m
Started GET "/movies" for 127.0.0.1 at 2020-03-10 19:46:31 +0000
Processing by MoviesController#index as HTML
  [1m[35mMovie Load (0.2ms)[0m  SELECT "movies".* FROM "movies" WHERE "movies"."rating" IN ('G', 'PG', 'PG-13', 'NC-17', 'R')
  Rendered movies/index.html.haml within layouts/application (3.3ms)
Completed 200 OK in 5ms (Views: 4.4ms | ActiveRecord: 0.2ms)
Started GET "/movies?utf8=%E2%9C%93&ratings[PG]=1&ratings[NC-17]=1&ratings[R]=1&commit=Refresh" for 127.0.0.1 at 2020-03-10 19:46:31 +0000
Processing by MoviesController#index as HTML
  Parameters: {"utf8"=>"✓", "ratings"=>{"PG"=>"1", "NC-17"=>"1", "R"=>"1"}, "commit"=>"Refresh"}
Redirected to http://www.example.com/movies?ratings%5BNC-17%5D=1&ratings%5BPG%5D=1&ratings%5BR%5D=1
Completed 302 Found in 1ms (ActiveRecord: 0.0ms)
Started GET "/movies?ratings[NC-17]=1&ratings[PG]=1&ratings[R]=1" for 127.0.0.1 at 2020-03-10 19:46:31 +0000
Processing by MoviesController#index as HTML
  Parameters: {"ratings"=>{"NC-17"=>"1", "PG"=>"1", "R"=>"1"}}
  [1m[36mMovie Load (0.2ms)[0m  [1mSELECT "movies".* FROM "movies" WHERE "movies"."rating" IN ('NC-17', 'PG', 'R')[0m
  Rendered movies/index.html.haml within layouts/application (2.5ms)
Completed 200 OK in 4ms (Views: 3.5ms | ActiveRecord: 0.2ms)
  [1m[35m (0.2ms)[0m  rollback transaction
  [1m[36m (0.0ms)[0m  [1mbegin transaction[0m
  [1m[35m (0.0ms)[0m  commit transaction
  [1m[36m (0.0ms)[0m  [1mbegin transaction[0m
  [1m[35m (0.0ms)[0m  SAVEPOINT active_record_1
  [1m[36mSQL (0.1ms)[0m  [1mINSERT INTO "movies" ("title", "rating", "release_date", "created_at", "updated_at") VALUES (?, ?, ?, ?, ?)[0m  [["title", "Aladdin"], ["rating", "G"], ["release_date", "1992-11-25 00:00:00.000000"], ["created_at", "2020-03-10 19:46:31.174901"], ["updated_at", "2020-03-10 19:46:31.174901"]]
  [1m[35m (0.0ms)[0m  RELEASE SAVEPOINT active_record_1
  [1m[36m (0.0ms)[0m  [1mSAVEPOINT active_record_1[0m
  [1m[35mSQL (0.1ms)[0m  INSERT INTO "movies" ("title", "rating", "release_date", "created_at", "updated_at") VALUES (?, ?, ?, ?, ?)  [["title", "The Terminator"], ["rating", "R"], ["release_date", "1984-10-26 00:00:00.000000"], ["created_at", "2020-03-10 19:46:31.176521"], ["updated_at", "2020-03-10 19:46:31.176521"]]
  [1m[36m (0.0ms)[0m  [1mRELEASE SAVEPOINT active_record_1[0m
  [1m[35m (0.0ms)[0m  SAVEPOINT active_record_1
  [1m[36mSQL (0.1ms)[0m  [1mINSERT INTO "movies" ("title", "rating", "release_date", "created_at", "updated_at") VALUES (?, ?, ?, ?, ?)[0m  [["title", "When Harry Met Sally"], ["rating", "R"], ["release_date", "1989-07-21 00:00:00.000000"], ["created_at", "2020-03-10 19:46:31.177915"], ["updated_at", "2020-03-10 19:46:31.177915"]]
  [1m[35m (0.0ms)[0m  RELEASE SAVEPOINT active_record_1
  [1m[36m (0.0ms)[0m  [1mSAVEPOINT active_record_1[0m
  [1m[35mSQL (0.1ms)[0m  INSERT INTO "movies" ("title", "rating", "release_date", "created_at", "updated_at") VALUES (?, ?, ?, ?, ?)  [["title", "The Help"], ["rating", "PG-13"], ["release_date", "2011-08-10 00:00:00.000000"], ["created_at", "2020-03-10 19:46:31.179245"], ["updated_at", "2020-03-10 19:46:31.179245"]]
  [1m[36m (0.0ms)[0m  [1mRELEASE SAVEPOINT active_record_1[0m
  [1m[35m (0.0ms)[0m  SAVEPOINT active_record_1
  [1m[36mSQL (0.1ms)[0m  [1mINSERT INTO "movies" ("title", "rating", "release_date", "created_at", "updated_at") VALUES (?, ?, ?, ?, ?)[0m  [["title", "Chocolat"], ["rating", "PG-13"], ["release_date", "2001-01-05 00:00:00.000000"], ["created_at", "2020-03-10 19:46:31.180628"], ["updated_at", "2020-03-10 19:46:31.180628"]]
  [1m[35m (0.0ms)[0m  RELEASE SAVEPOINT active_record_1
  [1m[36m (0.0ms)[0m  [1mSAVEPOINT active_record_1[0m
  [1m[35mSQL (0.1ms)[0m  INSERT INTO "movies" ("title", "rating", "release_date", "created_at", "updated_at") VALUES (?, ?, ?, ?, ?)  [["title", "Amelie"], ["rating", "R"], ["release_date", "2001-04-25 00:00:00.000000"], ["created_at", "2020-03-10 19:46:31.181950"], ["updated_at", "2020-03-10 19:46:31.181950"]]
  [1m[36m (0.0ms)[0m  [1mRELEASE SAVEPOINT active_record_1[0m
  [1m[35m (0.0ms)[0m  SAVEPOINT active_record_1
  [1m[36mSQL (0.1ms)[0m  [1mINSERT INTO "movies" ("title", "rating", "release_date", "created_at", "updated_at") VALUES (?, ?, ?, ?, ?)[0m  [["title", "2001: A Space Odyssey"], ["rating", "G"], ["release_date", "1968-04-06 00:00:00.000000"], ["created_at", "2020-03-10 19:46:31.183286"], ["updated_at", "2020-03-10 19:46:31.183286"]]
  [1m[35m (0.0ms)[0m  RELEASE SAVEPOINT active_record_1
  [1m[36m (0.0ms)[0m  [1mSAVEPOINT active_record_1[0m
  [1m[35mSQL (0.1ms)[0m  INSERT INTO "movies" ("title", "rating", "release_date", "created_at", "updated_at") VALUES (?, ?, ?, ?, ?)  [["title", "The Incredibles"], ["rating", "PG"], ["release_date", "2004-11-05 00:00:00.000000"], ["created_at", "2020-03-10 19:46:31.184626"], ["updated_at", "2020-03-10 19:46:31.184626"]]
  [1m[36m (0.0ms)[0m  [1mRELEASE SAVEPOINT active_record_1[0m
  [1m[35m (0.0ms)[0m  SAVEPOINT active_record_1
  [1m[36mSQL (0.1ms)[0m  [1mINSERT INTO "movies" ("title", "rating", "release_date", "created_at", "updated_at") VALUES (?, ?, ?, ?, ?)[0m  [["title", "Raiders of the Lost Ark"], ["rating", "PG"], ["release_date", "1981-06-12 00:00:00.000000"], ["created_at", "2020-03-10 19:46:31.185981"], ["updated_at", "2020-03-10 19:46:31.185981"]]
  [1m[35m (0.0ms)[0m  RELEASE SAVEPOINT active_record_1
  [1m[36m (0.0ms)[0m  [1mSAVEPOINT active_record_1[0m
  [1m[35mSQL (0.1ms)[0m  INSERT INTO "movies" ("title", "rating", "release_date", "created_at", "updated_at") VALUES (?, ?, ?, ?, ?)  [["title", "Chicken Run"], ["rating", "G"], ["release_date", "2000-06-21 00:00:00.000000"], ["created_at", "2020-03-10 19:46:31.187360"], ["updated_at", "2020-03-10 19:46:31.187360"]]
  [1m[36m (0.0ms)[0m  [1mRELEASE SAVEPOINT active_record_1[0m
Started GET "/movies" for 127.0.0.1 at 2020-03-10 19:46:31 +0000
Processing by MoviesController#index as HTML
  [1m[35mMovie Load (0.2ms)[0m  SELECT "movies".* FROM "movies" WHERE "movies"."rating" IN ('G', 'PG', 'PG-13', 'NC-17', 'R')
  Rendered movies/index.html.haml within layouts/application (3.1ms)
Completed 200 OK in 5ms (Views: 4.1ms | ActiveRecord: 0.2ms)
Started GET "/movies?utf8=%E2%9C%93&ratings[G]=1&ratings[PG]=1&ratings[PG-13]=1&ratings[NC-17]=1&ratings[R]=1&commit=Refresh" for 127.0.0.1 at 2020-03-10 19:46:31 +0000
Processing by MoviesController#index as HTML
  Parameters: {"utf8"=>"✓", "ratings"=>{"G"=>"1", "PG"=>"1", "PG-13"=>"1", "NC-17"=>"1", "R"=>"1"}, "commit"=>"Refresh"}
Redirected to http://www.example.com/movies?ratings%5BG%5D=1&ratings%5BNC-17%5D=1&ratings%5BPG%5D=1&ratings%5BPG-13%5D=1&ratings%5BR%5D=1
Completed 302 Found in 1ms (ActiveRecord: 0.0ms)
Started GET "/movies?ratings[G]=1&ratings[NC-17]=1&ratings[PG]=1&ratings[PG-13]=1&ratings[R]=1" for 127.0.0.1 at 2020-03-10 19:46:31 +0000
Processing by MoviesController#index as HTML
  Parameters: {"ratings"=>{"G"=>"1", "NC-17"=>"1", "PG"=>"1", "PG-13"=>"1", "R"=>"1"}}
  [1m[36mMovie Load (0.1ms)[0m  [1mSELECT "movies".* FROM "movies" WHERE "movies"."rating" IN ('G', 'NC-17', 'PG', 'PG-13', 'R')[0m
  Rendered movies/index.html.haml within layouts/application (3.0ms)
Completed 200 OK in 5ms (Views: 3.9ms | ActiveRecord: 0.1ms)
  [1m[35mMovie Load (0.1ms)[0m  SELECT "movies".* FROM "movies"
  [1m[36m (0.2ms)[0m  [1mrollback transaction[0m
  [1m[35m (0.1ms)[0m  begin transaction
  [1m[36m (0.1ms)[0m  [1mcommit transaction[0m
  [1m[35m (0.0ms)[0m  begin transaction
  [1m[36m (0.0ms)[0m  [1mSAVEPOINT active_record_1[0m
  [1m[35mSQL (0.1ms)[0m  INSERT INTO "movies" ("title", "rating", "release_date", "created_at", "updated_at") VALUES (?, ?, ?, ?, ?)  [["title", "Aladdin"], ["rating", "G"], ["release_date", "1992-11-25 00:00:00.000000"], ["created_at", "2020-03-10 19:46:31.233163"], ["updated_at", "2020-03-10 19:46:31.233163"]]
  [1m[36m (0.0ms)[0m  [1mRELEASE SAVEPOINT active_record_1[0m
  [1m[35m (0.1ms)[0m  SAVEPOINT active_record_1
  [1m[36mSQL (0.1ms)[0m  [1mINSERT INTO "movies" ("title", "rating", "release_date", "created_at", "updated_at") VALUES (?, ?, ?, ?, ?)[0m  [["title", "The Terminator"], ["rating", "R"], ["release_date", "1984-10-26 00:00:00.000000"], ["created_at", "2020-03-10 19:46:31.234773"], ["updated_at", "2020-03-10 19:46:31.234773"]]
  [1m[35m (0.0ms)[0m  RELEASE SAVEPOINT active_record_1
  [1m[36m (0.0ms)[0m  [1mSAVEPOINT active_record_1[0m
  [1m[35mSQL (0.1ms)[0m  INSERT INTO "movies" ("title", "rating", "release_date", "created_at", "updated_at") VALUES (?, ?, ?, ?, ?)  [["title", "When Harry Met Sally"], ["rating", "R"], ["release_date", "1989-07-21 00:00:00.000000"], ["created_at", "2020-03-10 19:46:31.236167"], ["updated_at", "2020-03-10 19:46:31.236167"]]
  [1m[36m (0.0ms)[0m  [1mRELEASE SAVEPOINT active_record_1[0m
  [1m[35m (0.0ms)[0m  SAVEPOINT active_record_1
  [1m[36mSQL (0.1ms)[0m  [1mINSERT INTO "movies" ("title", "rating", "release_date", "created_at", "updated_at") VALUES (?, ?, ?, ?, ?)[0m  [["title", "The Help"], ["rating", "PG-13"], ["release_date", "2011-08-10 00:00:00.000000"], ["created_at", "2020-03-10 19:46:31.237523"], ["updated_at", "2020-03-10 19:46:31.237523"]]
  [1m[35m (0.0ms)[0m  RELEASE SAVEPOINT active_record_1
  [1m[36m (0.0ms)[0m  [1mSAVEPOINT active_record_1[0m
  [1m[35mSQL (0.1ms)[0m  INSERT INTO "movies" ("title", "rating", "release_date", "created_at", "updated_at") VALUES (?, ?, ?, ?, ?)  [["title", "Chocolat"], ["rating", "PG-13"], ["release_date", "2001-01-05 00:00:00.000000"], ["created_at", "2020-03-10 19:46:31.238876"], ["updated_at", "2020-03-10 19:46:31.238876"]]
  [1m[36m (0.0ms)[0m  [1mRELEASE SAVEPOINT active_record_1[0m
  [1m[35m (0.0ms)[0m  SAVEPOINT active_record_1
  [1m[36mSQL (0.1ms)[0m  [1mINSERT INTO "movies" ("title", "rating", "release_date", "created_at", "updated_at") VALUES (?, ?, ?, ?, ?)[0m  [["title", "Amelie"], ["rating", "R"], ["release_date", "2001-04-25 00:00:00.000000"], ["created_at", "2020-03-10 19:46:31.240228"], ["updated_at", "2020-03-10 19:46:31.240228"]]
  [1m[35m (0.0ms)[0m  RELEASE SAVEPOINT active_record_1
  [1m[36m (0.0ms)[0m  [1mSAVEPOINT active_record_1[0m
  [1m[35mSQL (0.1ms)[0m  INSERT INTO "movies" ("title", "rating", "release_date", "created_at", "updated_at") VALUES (?, ?, ?, ?, ?)  [["title", "2001: A Space Odyssey"], ["rating", "G"], ["release_date", "1968-04-06 00:00:00.000000"], ["created_at", "2020-03-10 19:46:31.241571"], ["updated_at", "2020-03-10 19:46:31.241571"]]
  [1m[36m (0.0ms)[0m  [1mRELEASE SAVEPOINT active_record_1[0m
  [1m[35m (0.1ms)[0m  SAVEPOINT active_record_1
  [1m[36mSQL (0.1ms)[0m  [1mINSERT INTO "movies" ("title", "rating", "release_date", "created_at", "updated_at") VALUES (?, ?, ?, ?, ?)[0m  [["title", "The Incredibles"], ["rating", "PG"], ["release_date", "2004-11-05 00:00:00.000000"], ["created_at", "2020-03-10 19:46:31.242904"], ["updated_at", "2020-03-10 19:46:31.242904"]]
  [1m[35m (0.0ms)[0m  RELEASE SAVEPOINT active_record_1
  [1m[36m (0.0ms)[0m  [1mSAVEPOINT active_record_1[0m
  [1m[35mSQL (0.1ms)[0m  INSERT INTO "movies" ("title", "rating", "release_date", "created_at", "updated_at") VALUES (?, ?, ?, ?, ?)  [["title", "Raiders of the Lost Ark"], ["rating", "PG"], ["release_date", "1981-06-12 00:00:00.000000"], ["created_at", "2020-03-10 19:46:31.244241"], ["updated_at", "2020-03-10 19:46:31.244241"]]
  [1m[36m (0.0ms)[0m  [1mRELEASE SAVEPOINT active_record_1[0m
  [1m[35m (0.0ms)[0m  SAVEPOINT active_record_1
  [1m[36mSQL (0.1ms)[0m  [1mINSERT INTO "movies" ("title", "rating", "release_date", "created_at", "updated_at") VALUES (?, ?, ?, ?, ?)[0m  [["title", "Chicken Run"], ["rating", "G"], ["release_date", "2000-06-21 00:00:00.000000"], ["created_at", "2020-03-10 19:46:31.245591"], ["updated_at", "2020-03-10 19:46:31.245591"]]
  [1m[35m (0.0ms)[0m  RELEASE SAVEPOINT active_record_1
Started GET "/movies" for 127.0.0.1 at 2020-03-10 19:46:31 +0000
Processing by MoviesController#index as HTML
  [1m[36mMovie Load (0.2ms)[0m  [1mSELECT "movies".* FROM "movies" WHERE "movies"."rating" IN ('G', 'PG', 'PG-13', 'NC-17', 'R')[0m
  Rendered movies/index.html.haml within layouts/application (20.1ms)
Completed 200 OK in 22ms (Views: 21.3ms | ActiveRecord: 0.2ms)
Started GET "/movies?ratings[G]=G&ratings[NC-17]=NC-17&ratings[PG]=PG&ratings[PG-13]=PG-13&ratings[R]=R&sort=title" for 127.0.0.1 at 2020-03-10 19:46:31 +0000
Processing by MoviesController#index as HTML
  Parameters: {"ratings"=>{"G"=>"G", "NC-17"=>"NC-17", "PG"=>"PG", "PG-13"=>"PG-13", "R"=>"R"}, "sort"=>"title"}
Redirected to http://www.example.com/movies?ratings%5BG%5D=G&ratings%5BNC-17%5D=NC-17&ratings%5BPG%5D=PG&ratings%5BPG-13%5D=PG-13&ratings%5BR%5D=R&sort=title
Completed 302 Found in 1ms (ActiveRecord: 0.0ms)
Started GET "/movies?ratings[G]=G&ratings[NC-17]=NC-17&ratings[PG]=PG&ratings[PG-13]=PG-13&ratings[R]=R&sort=title" for 127.0.0.1 at 2020-03-10 19:46:31 +0000
Processing by MoviesController#index as HTML
  Parameters: {"ratings"=>{"G"=>"G", "NC-17"=>"NC-17", "PG"=>"PG", "PG-13"=>"PG-13", "R"=>"R"}, "sort"=>"title"}
  [1m[35mMovie Load (0.3ms)[0m  SELECT "movies".* FROM "movies" WHERE "movies"."rating" IN ('G', 'NC-17', 'PG', 'PG-13', 'R')  ORDER BY "movies"."title" ASC
  Rendered movies/index.html.haml within layouts/application (3.9ms)
Completed 200 OK in 6ms (Views: 4.9ms | ActiveRecord: 0.3ms)
  [1m[36m (0.2ms)[0m  [1mrollback transaction[0m
  [1m[35m (0.1ms)[0m  begin transaction
  [1m[36m (0.0ms)[0m  [1mcommit transaction[0m
  [1m[35m (0.0ms)[0m  begin transaction
  [1m[36m (0.1ms)[0m  [1mSAVEPOINT active_record_1[0m
  [1m[35mSQL (0.1ms)[0m  INSERT INTO "movies" ("title", "rating", "release_date", "created_at", "updated_at") VALUES (?, ?, ?, ?, ?)  [["title", "Aladdin"], ["rating", "G"], ["release_date", "1992-11-25 00:00:00.000000"], ["created_at", "2020-03-10 19:46:31.296080"], ["updated_at", "2020-03-10 19:46:31.296080"]]
  [1m[36m (0.1ms)[0m  [1mRELEASE SAVEPOINT active_record_1[0m
  [1m[35m (0.0ms)[0m  SAVEPOINT active_record_1
  [1m[36mSQL (0.1ms)[0m  [1mINSERT INTO "movies" ("title", "rating", "release_date", "created_at", "updated_at") VALUES (?, ?, ?, ?, ?)[0m  [["title", "The Terminator"], ["rating", "R"], ["release_date", "1984-10-26 00:00:00.000000"], ["created_at", "2020-03-10 19:46:31.297735"], ["updated_at", "2020-03-10 19:46:31.297735"]]
  [1m[35m (0.0ms)[0m  RELEASE SAVEPOINT active_record_1
  [1m[36m (0.0ms)[0m  [1mSAVEPOINT active_record_1[0m
  [1m[35mSQL (0.1ms)[0m  INSERT INTO "movies" ("title", "rating", "release_date", "created_at", "updated_at") VALUES (?, ?, ?, ?, ?)  [["title", "When Harry Met Sally"], ["rating", "R"], ["release_date", "1989-07-21 00:00:00.000000"], ["created_at", "2020-03-10 19:46:31.299168"], ["updated_at", "2020-03-10 19:46:31.299168"]]
  [1m[36m (0.0ms)[0m  [1mRELEASE SAVEPOINT active_record_1[0m
  [1m[35m (0.1ms)[0m  SAVEPOINT active_record_1
  [1m[36mSQL (0.1ms)[0m  [1mINSERT INTO "movies" ("title", "rating", "release_date", "created_at", "updated_at") VALUES (?, ?, ?, ?, ?)[0m  [["title", "The Help"], ["rating", "PG-13"], ["release_date", "2011-08-10 00:00:00.000000"], ["created_at", "2020-03-10 19:46:31.300702"], ["updated_at", "2020-03-10 19:46:31.300702"]]
  [1m[35m (0.0ms)[0m  RELEASE SAVEPOINT active_record_1
  [1m[36m (0.0ms)[0m  [1mSAVEPOINT active_record_1[0m
  [1m[35mSQL (0.1ms)[0m  INSERT INTO "movies" ("title", "rating", "release_date", "created_at", "updated_at") VALUES (?, ?, ?, ?, ?)  [["title", "Chocolat"], ["rating", "PG-13"], ["release_date", "2001-01-05 00:00:00.000000"], ["created_at", "2020-03-10 19:46:31.302137"], ["updated_at", "2020-03-10 19:46:31.302137"]]
  [1m[36m (0.1ms)[0m  [1mRELEASE SAVEPOINT active_record_1[0m
  [1m[35m (0.0ms)[0m  SAVEPOINT active_record_1
  [1m[36mSQL (0.1ms)[0m  [1mINSERT INTO "movies" ("title", "rating", "release_date", "created_at", "updated_at") VALUES (?, ?, ?, ?, ?)[0m  [["title", "Amelie"], ["rating", "R"], ["release_date", "2001-04-25 00:00:00.000000"], ["created_at", "2020-03-10 19:46:31.303554"], ["updated_at", "2020-03-10 19:46:31.303554"]]
  [1m[35m (0.1ms)[0m  RELEASE SAVEPOINT active_record_1
  [1m[36m (0.0ms)[0m  [1mSAVEPOINT active_record_1[0m
  [1m[35mSQL (0.1ms)[0m  INSERT INTO "movies" ("title", "rating", "release_date", "created_at", "updated_at") VALUES (?, ?, ?, ?, ?)  [["title", "2001: A Space Odyssey"], ["rating", "G"], ["release_date", "1968-04-06 00:00:00.000000"], ["created_at", "2020-03-10 19:46:31.305080"], ["updated_at", "2020-03-10 19:46:31.305080"]]
  [1m[36m (0.0ms)[0m  [1mRELEASE SAVEPOINT active_record_1[0m
  [1m[35m (0.0ms)[0m  SAVEPOINT active_record_1
  [1m[36mSQL (0.1ms)[0m  [1mINSERT INTO "movies" ("title", "rating", "release_date", "created_at", "updated_at") VALUES (?, ?, ?, ?, ?)[0m  [["title", "The Incredibles"], ["rating", "PG"], ["release_date", "2004-11-05 00:00:00.000000"], ["created_at", "2020-03-10 19:46:31.306543"], ["updated_at", "2020-03-10 19:46:31.306543"]]
  [1m[35m (0.0ms)[0m  RELEASE SAVEPOINT active_record_1
  [1m[36m (0.0ms)[0m  [1mSAVEPOINT active_record_1[0m
  [1m[35mSQL (0.1ms)[0m  INSERT INTO "movies" ("title", "rating", "release_date", "created_at", "updated_at") VALUES (?, ?, ?, ?, ?)  [["title", "Raiders of the Lost Ark"], ["rating", "PG"], ["release_date", "1981-06-12 00:00:00.000000"], ["created_at", "2020-03-10 19:46:31.313398"], ["updated_at", "2020-03-10 19:46:31.313398"]]
  [1m[36m (1.3ms)[0m  [1mRELEASE SAVEPOINT active_record_1[0m
  [1m[35m (0.1ms)[0m  SAVEPOINT active_record_1
  [1m[36mSQL (0.2ms)[0m  [1mINSERT INTO "movies" ("title", "rating", "release_date", "created_at", "updated_at") VALUES (?, ?, ?, ?, ?)[0m  [["title", "Chicken Run"], ["rating", "G"], ["release_date", "2000-06-21 00:00:00.000000"], ["created_at", "2020-03-10 19:46:31.320585"], ["updated_at", "2020-03-10 19:46:31.320585"]]
  [1m[35m (0.1ms)[0m  RELEASE SAVEPOINT active_record_1
Started GET "/movies" for 127.0.0.1 at 2020-03-10 19:46:31 +0000
Processing by MoviesController#index as HTML
  [1m[36mMovie Load (0.2ms)[0m  [1mSELECT "movies".* FROM "movies" WHERE "movies"."rating" IN ('G', 'PG', 'PG-13', 'NC-17', 'R')[0m
  Rendered movies/index.html.haml within layouts/application (10.6ms)
Completed 200 OK in 12ms (Views: 11.7ms | ActiveRecord: 0.2ms)
Started GET "/movies?ratings[G]=G&ratings[NC-17]=NC-17&ratings[PG]=PG&ratings[PG-13]=PG-13&ratings[R]=R&sort=release_date" for 127.0.0.1 at 2020-03-10 19:46:31 +0000
Processing by MoviesController#index as HTML
  Parameters: {"ratings"=>{"G"=>"G", "NC-17"=>"NC-17", "PG"=>"PG", "PG-13"=>"PG-13", "R"=>"R"}, "sort"=>"release_date"}
Redirected to http://www.example.com/movies?ratings%5BG%5D=G&ratings%5BNC-17%5D=NC-17&ratings%5BPG%5D=PG&ratings%5BPG-13%5D=PG-13&ratings%5BR%5D=R&sort=release_date
Completed 302 Found in 1ms (ActiveRecord: 0.0ms)
Started GET "/movies?ratings[G]=G&ratings[NC-17]=NC-17&ratings[PG]=PG&ratings[PG-13]=PG-13&ratings[R]=R&sort=release_date" for 127.0.0.1 at 2020-03-10 19:46:31 +0000
Processing by MoviesController#index as HTML
  Parameters: {"ratings"=>{"G"=>"G", "NC-17"=>"NC-17", "PG"=>"PG", "PG-13"=>"PG-13", "R"=>"R"}, "sort"=>"release_date"}
  [1m[35mMovie Load (0.2ms)[0m  SELECT "movies".* FROM "movies" WHERE "movies"."rating" IN ('G', 'NC-17', 'PG', 'PG-13', 'R')  ORDER BY "movies"."release_date" ASC
  Rendered movies/index.html.haml within layouts/application (3.4ms)
Completed 200 OK in 5ms (Views: 4.3ms | ActiveRecord: 0.2ms)
  [1m[36m (0.2ms)[0m  [1mrollback transaction[0m
  [1m[36mActiveRecord::SchemaMigration Load (0.1ms)[0m  [1mSELECT "schema_migrations".* FROM "schema_migrations"[0m
  [1m[35m (0.1ms)[0m  begin transaction
  [1m[36m (0.0ms)[0m  [1mcommit transaction[0m
  [1m[35m (0.0ms)[0m  begin transaction
  [1m[36m (0.1ms)[0m  [1mSAVEPOINT active_record_1[0m
  [1m[35mSQL (0.2ms)[0m  INSERT INTO "movies" ("title", "rating", "director", "release_date", "created_at", "updated_at") VALUES (?, ?, ?, ?, ?, ?)  [["title", "Star Wars"], ["rating", "PG"], ["director", "George Lucas"], ["release_date", "1977-05-25 00:00:00.000000"], ["created_at", "2020-03-10 20:00:53.785297"], ["updated_at", "2020-03-10 20:00:53.785297"]]
  [1m[36m (0.0ms)[0m  [1mRELEASE SAVEPOINT active_record_1[0m
  [1m[35m (0.0ms)[0m  SAVEPOINT active_record_1
  [1m[36mSQL (0.1ms)[0m  [1mINSERT INTO "movies" ("title", "rating", "director", "release_date", "created_at", "updated_at") VALUES (?, ?, ?, ?, ?, ?)[0m  [["title", "Blade Runner"], ["rating", "PG"], ["director", "Ridley Scott"], ["release_date", "1982-06-25 00:00:00.000000"], ["created_at", "2020-03-10 20:00:53.787243"], ["updated_at", "2020-03-10 20:00:53.787243"]]
  [1m[35m (0.0ms)[0m  RELEASE SAVEPOINT active_record_1
  [1m[36m (0.0ms)[0m  [1mSAVEPOINT active_record_1[0m
  [1m[35mSQL (0.1ms)[0m  INSERT INTO "movies" ("title", "rating", "director", "release_date", "created_at", "updated_at") VALUES (?, ?, ?, ?, ?, ?)  [["title", "Alien"], ["rating", "R"], ["director", ""], ["release_date", "1979-05-25 00:00:00.000000"], ["created_at", "2020-03-10 20:00:53.788791"], ["updated_at", "2020-03-10 20:00:53.788791"]]
  [1m[36m (0.0ms)[0m  [1mRELEASE SAVEPOINT active_record_1[0m
  [1m[35m (0.0ms)[0m  SAVEPOINT active_record_1
  [1m[36mSQL (0.1ms)[0m  [1mINSERT INTO "movies" ("title", "rating", "director", "release_date", "created_at", "updated_at") VALUES (?, ?, ?, ?, ?, ?)[0m  [["title", "THX-1138"], ["rating", "R"], ["director", "George Lucas"], ["release_date", "1971-03-11 00:00:00.000000"], ["created_at", "2020-03-10 20:00:53.790212"], ["updated_at", "2020-03-10 20:00:53.790212"]]
  [1m[35m (0.0ms)[0m  RELEASE SAVEPOINT active_record_1
  [1m[36mMovie Load (0.1ms)[0m  [1mSELECT  "movies".* FROM "movies" WHERE "movies"."title" = ? LIMIT 1[0m  [["title", "Alien"]]
Started GET "/movies/3/edit" for 127.0.0.1 at 2020-03-10 20:00:53 +0000
Processing by MoviesController#edit as HTML
  Parameters: {"id"=>"3"}
  [1m[35mMovie Load (0.2ms)[0m  SELECT  "movies".* FROM "movies" WHERE "movies"."id" = ? LIMIT 1  [["id", 3]]
  Rendered movies/edit.html.haml within layouts/application (9.6ms)
Completed 200 OK in 209ms (Views: 208.2ms | ActiveRecord: 0.2ms)
Started PUT "/movies/3" for 127.0.0.1 at 2020-03-10 20:00:54 +0000
Processing by MoviesController#update as HTML
  Parameters: {"utf8"=>"✓", "movie"=>{"title"=>"Alien", "rating"=>"R", "director"=>"Ridley Scott", "release_date(1i)"=>"1979", "release_date(2i)"=>"5", "release_date(3i)"=>"25"}, "commit"=>"Update Movie Info", "id"=>"3"}
  [1m[36mMovie Load (0.1ms)[0m  [1mSELECT  "movies".* FROM "movies" WHERE "movies"."id" = ? LIMIT 1[0m  [["id", 3]]
  [1m[35m (0.1ms)[0m  SAVEPOINT active_record_1
  [1m[36mSQL (0.1ms)[0m  [1mUPDATE "movies" SET "director" = ?, "updated_at" = ? WHERE "movies"."id" = ?[0m  [["director", "Ridley Scott"], ["updated_at", "2020-03-10 20:00:54.035656"], ["id", 3]]
  [1m[35m (0.0ms)[0m  RELEASE SAVEPOINT active_record_1
Redirected to http://www.example.com/movies/3
Completed 302 Found in 3ms (ActiveRecord: 0.3ms)
Started GET "/movies/3" for 127.0.0.1 at 2020-03-10 20:00:54 +0000
Processing by MoviesController#show as HTML
  Parameters: {"id"=>"3"}
  [1m[36mMovie Load (0.0ms)[0m  [1mSELECT  "movies".* FROM "movies" WHERE "movies"."id" = ? LIMIT 1[0m  [["id", 3]]
  Rendered movies/show.html.haml within layouts/application (2.4ms)
Completed 200 OK in 5ms (Views: 4.3ms | ActiveRecord: 0.0ms)
  [1m[35mMovie Load (0.1ms)[0m  SELECT  "movies".* FROM "movies" WHERE "movies"."title" = ? LIMIT 1  [["title", "Alien"]]
  [1m[36m (0.1ms)[0m  [1mrollback transaction[0m
  [1m[35m (0.1ms)[0m  begin transaction
  [1m[36m (0.0ms)[0m  [1mcommit transaction[0m
  [1m[35m (0.1ms)[0m  begin transaction
  [1m[36m (0.0ms)[0m  [1mSAVEPOINT active_record_1[0m
  [1m[35mSQL (0.2ms)[0m  INSERT INTO "movies" ("title", "rating", "director", "release_date", "created_at", "updated_at") VALUES (?, ?, ?, ?, ?, ?)  [["title", "Star Wars"], ["rating", "PG"], ["director", "George Lucas"], ["release_date", "1977-05-25 00:00:00.000000"], ["created_at", "2020-03-10 20:00:54.051053"], ["updated_at", "2020-03-10 20:00:54.051053"]]
  [1m[36m (0.0ms)[0m  [1mRELEASE SAVEPOINT active_record_1[0m
  [1m[35m (0.0ms)[0m  SAVEPOINT active_record_1
  [1m[36mSQL (0.1ms)[0m  [1mINSERT INTO "movies" ("title", "rating", "director", "release_date", "created_at", "updated_at") VALUES (?, ?, ?, ?, ?, ?)[0m  [["title", "Blade Runner"], ["rating", "PG"], ["director", "Ridley Scott"], ["release_date", "1982-06-25 00:00:00.000000"], ["created_at", "2020-03-10 20:00:54.052671"], ["updated_at", "2020-03-10 20:00:54.052671"]]
  [1m[35m (0.0ms)[0m  RELEASE SAVEPOINT active_record_1
  [1m[36m (0.0ms)[0m  [1mSAVEPOINT active_record_1[0m
  [1m[35mSQL (0.1ms)[0m  INSERT INTO "movies" ("title", "rating", "director", "release_date", "created_at", "updated_at") VALUES (?, ?, ?, ?, ?, ?)  [["title", "Alien"], ["rating", "R"], ["director", ""], ["release_date", "1979-05-25 00:00:00.000000"], ["created_at", "2020-03-10 20:00:54.054090"], ["updated_at", "2020-03-10 20:00:54.054090"]]
  [1m[36m (0.0ms)[0m  [1mRELEASE SAVEPOINT active_record_1[0m
  [1m[35m (0.0ms)[0m  SAVEPOINT active_record_1
  [1m[36mSQL (0.1ms)[0m  [1mINSERT INTO "movies" ("title", "rating", "director", "release_date", "created_at", "updated_at") VALUES (?, ?, ?, ?, ?, ?)[0m  [["title", "THX-1138"], ["rating", "R"], ["director", "George Lucas"], ["release_date", "1971-03-11 00:00:00.000000"], ["created_at", "2020-03-10 20:00:54.055454"], ["updated_at", "2020-03-10 20:00:54.055454"]]
  [1m[35m (0.0ms)[0m  RELEASE SAVEPOINT active_record_1
  [1m[36mMovie Load (0.0ms)[0m  [1mSELECT  "movies".* FROM "movies" WHERE "movies"."title" = ? LIMIT 1[0m  [["title", "Star Wars"]]
Started GET "/movies/1" for 127.0.0.1 at 2020-03-10 20:00:54 +0000
Processing by MoviesController#show as HTML
  Parameters: {"id"=>"1"}
  [1m[35mMovie Load (0.1ms)[0m  SELECT  "movies".* FROM "movies" WHERE "movies"."id" = ? LIMIT 1  [["id", 1]]
  Rendered movies/show.html.haml within layouts/application (0.6ms)
Completed 200 OK in 2ms (Views: 1.9ms | ActiveRecord: 0.1ms)
Started GET "/movies/director/1" for 127.0.0.1 at 2020-03-10 20:00:54 +0000
Processing by MoviesController#director as HTML
  Parameters: {"id"=>"1"}
  [1m[36mMovie Load (0.0ms)[0m  [1mSELECT  "movies".* FROM "movies" WHERE "movies"."id" = ? LIMIT 1[0m  [["id", 1]]
  [1m[35mMovie Load (0.1ms)[0m  SELECT "movies".* FROM "movies" WHERE (director = 'George Lucas')
  Rendered movies/director.html.haml within layouts/application (2.8ms)
Completed 200 OK in 5ms (Views: 4.3ms | ActiveRecord: 0.2ms)
  [1m[36mMovie Load (0.1ms)[0m  [1mSELECT  "movies".* FROM "movies" WHERE "movies"."title" = ? LIMIT 1[0m  [["title", "Star Wars"]]
  [1m[35m (0.1ms)[0m  rollback transaction
  [1m[36m (0.0ms)[0m  [1mbegin transaction[0m
  [1m[35m (0.0ms)[0m  commit transaction
  [1m[36m (0.0ms)[0m  [1mbegin transaction[0m
  [1m[35m (0.0ms)[0m  SAVEPOINT active_record_1
  [1m[36mSQL (0.1ms)[0m  [1mINSERT INTO "movies" ("title", "rating", "director", "release_date", "created_at", "updated_at") VALUES (?, ?, ?, ?, ?, ?)[0m  [["title", "Star Wars"], ["rating", "PG"], ["director", "George Lucas"], ["release_date", "1977-05-25 00:00:00.000000"], ["created_at", "2020-03-10 20:00:54.083772"], ["updated_at", "2020-03-10 20:00:54.083772"]]
  [1m[35m (0.1ms)[0m  RELEASE SAVEPOINT active_record_1
  [1m[36m (0.0ms)[0m  [1mSAVEPOINT active_record_1[0m
  [1m[35mSQL (0.1ms)[0m  INSERT INTO "movies" ("title", "rating", "director", "release_date", "created_at", "updated_at") VALUES (?, ?, ?, ?, ?, ?)  [["title", "Blade Runner"], ["rating", "PG"], ["director", "Ridley Scott"], ["release_date", "1982-06-25 00:00:00.000000"], ["created_at", "2020-03-10 20:00:54.085400"], ["updated_at", "2020-03-10 20:00:54.085400"]]
  [1m[36m (0.0ms)[0m  [1mRELEASE SAVEPOINT active_record_1[0m
  [1m[35m (0.0ms)[0m  SAVEPOINT active_record_1
  [1m[36mSQL (0.1ms)[0m  [1mINSERT INTO "movies" ("title", "rating", "director", "release_date", "created_at", "updated_at") VALUES (?, ?, ?, ?, ?, ?)[0m  [["title", "Alien"], ["rating", "R"], ["director", ""], ["release_date", "1979-05-25 00:00:00.000000"], ["created_at", "2020-03-10 20:00:54.086832"], ["updated_at", "2020-03-10 20:00:54.086832"]]
  [1m[35m (0.0ms)[0m  RELEASE SAVEPOINT active_record_1
  [1m[36m (0.0ms)[0m  [1mSAVEPOINT active_record_1[0m
  [1m[35mSQL (0.1ms)[0m  INSERT INTO "movies" ("title", "rating", "director", "release_date", "created_at", "updated_at") VALUES (?, ?, ?, ?, ?, ?)  [["title", "THX-1138"], ["rating", "R"], ["director", "George Lucas"], ["release_date", "1971-03-11 00:00:00.000000"], ["created_at", "2020-03-10 20:00:54.088282"], ["updated_at", "2020-03-10 20:00:54.088282"]]
  [1m[36m (0.0ms)[0m  [1mRELEASE SAVEPOINT active_record_1[0m
  [1m[35mMovie Load (0.1ms)[0m  SELECT  "movies".* FROM "movies" WHERE "movies"."title" = ? LIMIT 1  [["title", "Alien"]]
Started GET "/movies/3" for 127.0.0.1 at 2020-03-10 20:00:54 +0000
Processing by MoviesController#show as HTML
  Parameters: {"id"=>"3"}
  [1m[36mMovie Load (0.0ms)[0m  [1mSELECT  "movies".* FROM "movies" WHERE "movies"."id" = ? LIMIT 1[0m  [["id", 3]]
  Rendered movies/show.html.haml within layouts/application (0.6ms)
Completed 200 OK in 2ms (Views: 1.9ms | ActiveRecord: 0.0ms)
Started GET "/movies/director/3" for 127.0.0.1 at 2020-03-10 20:00:54 +0000
Processing by MoviesController#director as HTML
  Parameters: {"id"=>"3"}
  [1m[35mMovie Load (0.1ms)[0m  SELECT  "movies".* FROM "movies" WHERE "movies"."id" = ? LIMIT 1  [["id", 3]]
Redirected to http://www.example.com/movies
Completed 302 Found in 1ms (ActiveRecord: 0.1ms)
Started GET "/movies" for 127.0.0.1 at 2020-03-10 20:00:54 +0000
Processing by MoviesController#index as HTML
  [1m[36mMovie Load (0.2ms)[0m  [1mSELECT "movies".* FROM "movies" WHERE "movies"."rating" IN ('G', 'PG', 'PG-13', 'NC-17', 'R')[0m
  Rendered movies/index.html.haml within layouts/application (4.8ms)
Completed 200 OK in 7ms (Views: 6.2ms | ActiveRecord: 0.2ms)
  [1m[35m (0.1ms)[0m  rollback transaction
  [1m[36m (0.0ms)[0m  [1mbegin transaction[0m
  [1m[35m (0.0ms)[0m  commit transaction
  [1m[36m (0.0ms)[0m  [1mbegin transaction[0m
  [1m[35m (0.1ms)[0m  SAVEPOINT active_record_1
  [1m[36mSQL (0.2ms)[0m  [1mINSERT INTO "movies" ("title", "rating", "release_date", "created_at", "updated_at") VALUES (?, ?, ?, ?, ?)[0m  [["title", "Aladdin"], ["rating", "G"], ["release_date", "1992-11-25 00:00:00.000000"], ["created_at", "2020-03-10 20:00:54.116484"], ["updated_at", "2020-03-10 20:00:54.116484"]]
  [1m[35m (0.1ms)[0m  RELEASE SAVEPOINT active_record_1
  [1m[36m (0.0ms)[0m  [1mSAVEPOINT active_record_1[0m
  [1m[35mSQL (0.1ms)[0m  INSERT INTO "movies" ("title", "rating", "release_date", "created_at", "updated_at") VALUES (?, ?, ?, ?, ?)  [["title", "The Terminator"], ["rating", "R"], ["release_date", "1984-10-26 00:00:00.000000"], ["created_at", "2020-03-10 20:00:54.118073"], ["updated_at", "2020-03-10 20:00:54.118073"]]
  [1m[36m (0.1ms)[0m  [1mRELEASE SAVEPOINT active_record_1[0m
  [1m[35m (0.0ms)[0m  SAVEPOINT active_record_1
  [1m[36mSQL (0.1ms)[0m  [1mINSERT INTO "movies" ("title", "rating", "release_date", "created_at", "updated_at") VALUES (?, ?, ?, ?, ?)[0m  [["title", "When Harry Met Sally"], ["rating", "R"], ["release_date", "1989-07-21 00:00:00.000000"], ["created_at", "2020-03-10 20:00:54.119465"], ["updated_at", "2020-03-10 20:00:54.119465"]]
  [1m[35m (0.1ms)[0m  RELEASE SAVEPOINT active_record_1
  [1m[36m (0.0ms)[0m  [1mSAVEPOINT active_record_1[0m
  [1m[35mSQL (0.1ms)[0m  INSERT INTO "movies" ("title", "rating", "release_date", "created_at", "updated_at") VALUES (?, ?, ?, ?, ?)  [["title", "The Help"], ["rating", "PG-13"], ["release_date", "2011-08-10 00:00:00.000000"], ["created_at", "2020-03-10 20:00:54.120845"], ["updated_at", "2020-03-10 20:00:54.120845"]]
  [1m[36m (0.0ms)[0m  [1mRELEASE SAVEPOINT active_record_1[0m
  [1m[35m (0.0ms)[0m  SAVEPOINT active_record_1
  [1m[36mSQL (0.1ms)[0m  [1mINSERT INTO "movies" ("title", "rating", "release_date", "created_at", "updated_at") VALUES (?, ?, ?, ?, ?)[0m  [["title", "Chocolat"], ["rating", "PG-13"], ["release_date", "2001-01-05 00:00:00.000000"], ["created_at", "2020-03-10 20:00:54.122159"], ["updated_at", "2020-03-10 20:00:54.122159"]]
  [1m[35m (0.0ms)[0m  RELEASE SAVEPOINT active_record_1
  [1m[36m (0.0ms)[0m  [1mSAVEPOINT active_record_1[0m
  [1m[35mSQL (0.1ms)[0m  INSERT INTO "movies" ("title", "rating", "release_date", "created_at", "updated_at") VALUES (?, ?, ?, ?, ?)  [["title", "Amelie"], ["rating", "R"], ["release_date", "2001-04-25 00:00:00.000000"], ["created_at", "2020-03-10 20:00:54.123498"], ["updated_at", "2020-03-10 20:00:54.123498"]]
  [1m[36m (0.0ms)[0m  [1mRELEASE SAVEPOINT active_record_1[0m
  [1m[35m (0.0ms)[0m  SAVEPOINT active_record_1
  [1m[36mSQL (0.1ms)[0m  [1mINSERT INTO "movies" ("title", "rating", "release_date", "created_at", "updated_at") VALUES (?, ?, ?, ?, ?)[0m  [["title", "2001: A Space Odyssey"], ["rating", "G"], ["release_date", "1968-04-06 00:00:00.000000"], ["created_at", "2020-03-10 20:00:54.124869"], ["updated_at", "2020-03-10 20:00:54.124869"]]
  [1m[35m (0.0ms)[0m  RELEASE SAVEPOINT active_record_1
  [1m[36m (0.1ms)[0m  [1mSAVEPOINT active_record_1[0m
  [1m[35mSQL (0.1ms)[0m  INSERT INTO "movies" ("title", "rating", "release_date", "created_at", "updated_at") VALUES (?, ?, ?, ?, ?)  [["title", "The Incredibles"], ["rating", "PG"], ["release_date", "2004-11-05 00:00:00.000000"], ["created_at", "2020-03-10 20:00:54.126205"], ["updated_at", "2020-03-10 20:00:54.126205"]]
  [1m[36m (0.0ms)[0m  [1mRELEASE SAVEPOINT active_record_1[0m
  [1m[35m (0.0ms)[0m  SAVEPOINT active_record_1
  [1m[36mSQL (0.1ms)[0m  [1mINSERT INTO "movies" ("title", "rating", "release_date", "created_at", "updated_at") VALUES (?, ?, ?, ?, ?)[0m  [["title", "Raiders of the Lost Ark"], ["rating", "PG"], ["release_date", "1981-06-12 00:00:00.000000"], ["created_at", "2020-03-10 20:00:54.127513"], ["updated_at", "2020-03-10 20:00:54.127513"]]
  [1m[35m (0.0ms)[0m  RELEASE SAVEPOINT active_record_1
  [1m[36m (0.0ms)[0m  [1mSAVEPOINT active_record_1[0m
  [1m[35mSQL (0.1ms)[0m  INSERT INTO "movies" ("title", "rating", "release_date", "created_at", "updated_at") VALUES (?, ?, ?, ?, ?)  [["title", "Chicken Run"], ["rating", "G"], ["release_date", "2000-06-21 00:00:00.000000"], ["created_at", "2020-03-10 20:00:54.128880"], ["updated_at", "2020-03-10 20:00:54.128880"]]
  [1m[36m (0.0ms)[0m  [1mRELEASE SAVEPOINT active_record_1[0m
Started GET "/movies" for 127.0.0.1 at 2020-03-10 20:00:54 +0000
Processing by MoviesController#index as HTML
  [1m[35mMovie Load (0.2ms)[0m  SELECT "movies".* FROM "movies" WHERE "movies"."rating" IN ('G', 'PG', 'PG-13', 'NC-17', 'R')
  Rendered movies/index.html.haml within layouts/application (3.3ms)
Completed 200 OK in 5ms (Views: 4.4ms | ActiveRecord: 0.2ms)
Started GET "/movies?utf8=%E2%9C%93&ratings[PG]=1&ratings[NC-17]=1&ratings[R]=1&commit=Refresh" for 127.0.0.1 at 2020-03-10 20:00:54 +0000
Processing by MoviesController#index as HTML
  Parameters: {"utf8"=>"✓", "ratings"=>{"PG"=>"1", "NC-17"=>"1", "R"=>"1"}, "commit"=>"Refresh"}
Redirected to http://www.example.com/movies?ratings%5BNC-17%5D=1&ratings%5BPG%5D=1&ratings%5BR%5D=1
Completed 302 Found in 1ms (ActiveRecord: 0.0ms)
Started GET "/movies?ratings[NC-17]=1&ratings[PG]=1&ratings[R]=1" for 127.0.0.1 at 2020-03-10 20:00:54 +0000
Processing by MoviesController#index as HTML
  Parameters: {"ratings"=>{"NC-17"=>"1", "PG"=>"1", "R"=>"1"}}
  [1m[36mMovie Load (0.2ms)[0m  [1mSELECT "movies".* FROM "movies" WHERE "movies"."rating" IN ('NC-17', 'PG', 'R')[0m
  Rendered movies/index.html.haml within layouts/application (2.4ms)
Completed 200 OK in 4ms (Views: 3.3ms | ActiveRecord: 0.2ms)
  [1m[35m (0.2ms)[0m  rollback transaction
  [1m[36m (0.1ms)[0m  [1mbegin transaction[0m
  [1m[35m (0.0ms)[0m  commit transaction
  [1m[36m (0.0ms)[0m  [1mbegin transaction[0m
  [1m[35m (0.0ms)[0m  SAVEPOINT active_record_1
  [1m[36mSQL (0.1ms)[0m  [1mINSERT INTO "movies" ("title", "rating", "release_date", "created_at", "updated_at") VALUES (?, ?, ?, ?, ?)[0m  [["title", "Aladdin"], ["rating", "G"], ["release_date", "1992-11-25 00:00:00.000000"], ["created_at", "2020-03-10 20:00:54.170875"], ["updated_at", "2020-03-10 20:00:54.170875"]]
  [1m[35m (0.0ms)[0m  RELEASE SAVEPOINT active_record_1
  [1m[36m (0.0ms)[0m  [1mSAVEPOINT active_record_1[0m
  [1m[35mSQL (0.1ms)[0m  INSERT INTO "movies" ("title", "rating", "release_date", "created_at", "updated_at") VALUES (?, ?, ?, ?, ?)  [["title", "The Terminator"], ["rating", "R"], ["release_date", "1984-10-26 00:00:00.000000"], ["created_at", "2020-03-10 20:00:54.172491"], ["updated_at", "2020-03-10 20:00:54.172491"]]
  [1m[36m (0.0ms)[0m  [1mRELEASE SAVEPOINT active_record_1[0m
  [1m[35m (0.0ms)[0m  SAVEPOINT active_record_1
  [1m[36mSQL (0.1ms)[0m  [1mINSERT INTO "movies" ("title", "rating", "release_date", "created_at", "updated_at") VALUES (?, ?, ?, ?, ?)[0m  [["title", "When Harry Met Sally"], ["rating", "R"], ["release_date", "1989-07-21 00:00:00.000000"], ["created_at", "2020-03-10 20:00:54.173948"], ["updated_at", "2020-03-10 20:00:54.173948"]]
  [1m[35m (0.0ms)[0m  RELEASE SAVEPOINT active_record_1
  [1m[36m (0.0ms)[0m  [1mSAVEPOINT active_record_1[0m
  [1m[35mSQL (0.1ms)[0m  INSERT INTO "movies" ("title", "rating", "release_date", "created_at", "updated_at") VALUES (?, ?, ?, ?, ?)  [["title", "The Help"], ["rating", "PG-13"], ["release_date", "2011-08-10 00:00:00.000000"], ["created_at", "2020-03-10 20:00:54.175290"], ["updated_at", "2020-03-10 20:00:54.175290"]]
  [1m[36m (0.0ms)[0m  [1mRELEASE SAVEPOINT active_record_1[0m
  [1m[35m (0.0ms)[0m  SAVEPOINT active_record_1
  [1m[36mSQL (0.1ms)[0m  [1mINSERT INTO "movies" ("title", "rating", "release_date", "created_at", "updated_at") VALUES (?, ?, ?, ?, ?)[0m  [["title", "Chocolat"], ["rating", "PG-13"], ["release_date", "2001-01-05 00:00:00.000000"], ["created_at", "2020-03-10 20:00:54.176669"], ["updated_at", "2020-03-10 20:00:54.176669"]]
  [1m[35m (0.0ms)[0m  RELEASE SAVEPOINT active_record_1
  [1m[36m (0.0ms)[0m  [1mSAVEPOINT active_record_1[0m
  [1m[35mSQL (0.1ms)[0m  INSERT INTO "movies" ("title", "rating", "release_date", "created_at", "updated_at") VALUES (?, ?, ?, ?, ?)  [["title", "Amelie"], ["rating", "R"], ["release_date", "2001-04-25 00:00:00.000000"], ["created_at", "2020-03-10 20:00:54.178019"], ["updated_at", "2020-03-10 20:00:54.178019"]]
  [1m[36m (0.0ms)[0m  [1mRELEASE SAVEPOINT active_record_1[0m
  [1m[35m (0.1ms)[0m  SAVEPOINT active_record_1
  [1m[36mSQL (0.1ms)[0m  [1mINSERT INTO "movies" ("title", "rating", "release_date", "created_at", "updated_at") VALUES (?, ?, ?, ?, ?)[0m  [["title", "2001: A Space Odyssey"], ["rating", "G"], ["release_date", "1968-04-06 00:00:00.000000"], ["created_at", "2020-03-10 20:00:54.179375"], ["updated_at", "2020-03-10 20:00:54.179375"]]
  [1m[35m (0.0ms)[0m  RELEASE SAVEPOINT active_record_1
  [1m[36m (0.0ms)[0m  [1mSAVEPOINT active_record_1[0m
  [1m[35mSQL (0.1ms)[0m  INSERT INTO "movies" ("title", "rating", "release_date", "created_at", "updated_at") VALUES (?, ?, ?, ?, ?)  [["title", "The Incredibles"], ["rating", "PG"], ["release_date", "2004-11-05 00:00:00.000000"], ["created_at", "2020-03-10 20:00:54.180695"], ["updated_at", "2020-03-10 20:00:54.180695"]]
  [1m[36m (0.0ms)[0m  [1mRELEASE SAVEPOINT active_record_1[0m
  [1m[35m (0.0ms)[0m  SAVEPOINT active_record_1
  [1m[36mSQL (0.1ms)[0m  [1mINSERT INTO "movies" ("title", "rating", "release_date", "created_at", "updated_at") VALUES (?, ?, ?, ?, ?)[0m  [["title", "Raiders of the Lost Ark"], ["rating", "PG"], ["release_date", "1981-06-12 00:00:00.000000"], ["created_at", "2020-03-10 20:00:54.182019"], ["updated_at", "2020-03-10 20:00:54.182019"]]
  [1m[35m (0.0ms)[0m  RELEASE SAVEPOINT active_record_1
  [1m[36m (0.0ms)[0m  [1mSAVEPOINT active_record_1[0m
  [1m[35mSQL (0.1ms)[0m  INSERT INTO "movies" ("title", "rating", "release_date", "created_at", "updated_at") VALUES (?, ?, ?, ?, ?)  [["title", "Chicken Run"], ["rating", "G"], ["release_date", "2000-06-21 00:00:00.000000"], ["created_at", "2020-03-10 20:00:54.183342"], ["updated_at", "2020-03-10 20:00:54.183342"]]
  [1m[36m (0.1ms)[0m  [1mRELEASE SAVEPOINT active_record_1[0m
Started GET "/movies" for 127.0.0.1 at 2020-03-10 20:00:54 +0000
Processing by MoviesController#index as HTML
  [1m[35mMovie Load (0.2ms)[0m  SELECT "movies".* FROM "movies" WHERE "movies"."rating" IN ('G', 'PG', 'PG-13', 'NC-17', 'R')
  Rendered movies/index.html.haml within layouts/application (3.2ms)
Completed 200 OK in 5ms (Views: 4.3ms | ActiveRecord: 0.2ms)
Started GET "/movies?utf8=%E2%9C%93&ratings[G]=1&ratings[PG]=1&ratings[PG-13]=1&ratings[NC-17]=1&ratings[R]=1&commit=Refresh" for 127.0.0.1 at 2020-03-10 20:00:54 +0000
Processing by MoviesController#index as HTML
  Parameters: {"utf8"=>"✓", "ratings"=>{"G"=>"1", "PG"=>"1", "PG-13"=>"1", "NC-17"=>"1", "R"=>"1"}, "commit"=>"Refresh"}
Redirected to http://www.example.com/movies?ratings%5BG%5D=1&ratings%5BNC-17%5D=1&ratings%5BPG%5D=1&ratings%5BPG-13%5D=1&ratings%5BR%5D=1
Completed 302 Found in 1ms (ActiveRecord: 0.0ms)
Started GET "/movies?ratings[G]=1&ratings[NC-17]=1&ratings[PG]=1&ratings[PG-13]=1&ratings[R]=1" for 127.0.0.1 at 2020-03-10 20:00:54 +0000
Processing by MoviesController#index as HTML
  Parameters: {"ratings"=>{"G"=>"1", "NC-17"=>"1", "PG"=>"1", "PG-13"=>"1", "R"=>"1"}}
  [1m[36mMovie Load (0.2ms)[0m  [1mSELECT "movies".* FROM "movies" WHERE "movies"."rating" IN ('G', 'NC-17', 'PG', 'PG-13', 'R')[0m
  Rendered movies/index.html.haml within layouts/application (3.2ms)
Completed 200 OK in 5ms (Views: 4.2ms | ActiveRecord: 0.2ms)
  [1m[35mMovie Load (0.1ms)[0m  SELECT "movies".* FROM "movies"
  [1m[36m (0.2ms)[0m  [1mrollback transaction[0m
  [1m[35m (0.1ms)[0m  begin transaction
  [1m[36m (0.0ms)[0m  [1mcommit transaction[0m
  [1m[35m (0.0ms)[0m  begin transaction
  [1m[36m (0.0ms)[0m  [1mSAVEPOINT active_record_1[0m
  [1m[35mSQL (0.1ms)[0m  INSERT INTO "movies" ("title", "rating", "release_date", "created_at", "updated_at") VALUES (?, ?, ?, ?, ?)  [["title", "Aladdin"], ["rating", "G"], ["release_date", "1992-11-25 00:00:00.000000"], ["created_at", "2020-03-10 20:00:54.241278"], ["updated_at", "2020-03-10 20:00:54.241278"]]
  [1m[36m (0.0ms)[0m  [1mRELEASE SAVEPOINT active_record_1[0m
  [1m[35m (0.1ms)[0m  SAVEPOINT active_record_1
  [1m[36mSQL (0.1ms)[0m  [1mINSERT INTO "movies" ("title", "rating", "release_date", "created_at", "updated_at") VALUES (?, ?, ?, ?, ?)[0m  [["title", "The Terminator"], ["rating", "R"], ["release_date", "1984-10-26 00:00:00.000000"], ["created_at", "2020-03-10 20:00:54.242906"], ["updated_at", "2020-03-10 20:00:54.242906"]]
  [1m[35m (0.1ms)[0m  RELEASE SAVEPOINT active_record_1
  [1m[36m (0.0ms)[0m  [1mSAVEPOINT active_record_1[0m
  [1m[35mSQL (0.1ms)[0m  INSERT INTO "movies" ("title", "rating", "release_date", "created_at", "updated_at") VALUES (?, ?, ?, ?, ?)  [["title", "When Harry Met Sally"], ["rating", "R"], ["release_date", "1989-07-21 00:00:00.000000"], ["created_at", "2020-03-10 20:00:54.244296"], ["updated_at", "2020-03-10 20:00:54.244296"]]
  [1m[36m (0.0ms)[0m  [1mRELEASE SAVEPOINT active_record_1[0m
  [1m[35m (0.0ms)[0m  SAVEPOINT active_record_1
  [1m[36mSQL (0.1ms)[0m  [1mINSERT INTO "movies" ("title", "rating", "release_date", "created_at", "updated_at") VALUES (?, ?, ?, ?, ?)[0m  [["title", "The Help"], ["rating", "PG-13"], ["release_date", "2011-08-10 00:00:00.000000"], ["created_at", "2020-03-10 20:00:54.245631"], ["updated_at", "2020-03-10 20:00:54.245631"]]
  [1m[35m (0.0ms)[0m  RELEASE SAVEPOINT active_record_1
  [1m[36m (0.0ms)[0m  [1mSAVEPOINT active_record_1[0m
  [1m[35mSQL (0.1ms)[0m  INSERT INTO "movies" ("title", "rating", "release_date", "created_at", "updated_at") VALUES (?, ?, ?, ?, ?)  [["title", "Chocolat"], ["rating", "PG-13"], ["release_date", "2001-01-05 00:00:00.000000"], ["created_at", "2020-03-10 20:00:54.246962"], ["updated_at", "2020-03-10 20:00:54.246962"]]
  [1m[36m (0.0ms)[0m  [1mRELEASE SAVEPOINT active_record_1[0m
  [1m[35m (0.1ms)[0m  SAVEPOINT active_record_1
  [1m[36mSQL (0.1ms)[0m  [1mINSERT INTO "movies" ("title", "rating", "release_date", "created_at", "updated_at") VALUES (?, ?, ?, ?, ?)[0m  [["title", "Amelie"], ["rating", "R"], ["release_date", "2001-04-25 00:00:00.000000"], ["created_at", "2020-03-10 20:00:54.248301"], ["updated_at", "2020-03-10 20:00:54.248301"]]
  [1m[35m (0.1ms)[0m  RELEASE SAVEPOINT active_record_1
  [1m[36m (0.0ms)[0m  [1mSAVEPOINT active_record_1[0m
  [1m[35mSQL (0.1ms)[0m  INSERT INTO "movies" ("title", "rating", "release_date", "created_at", "updated_at") VALUES (?, ?, ?, ?, ?)  [["title", "2001: A Space Odyssey"], ["rating", "G"], ["release_date", "1968-04-06 00:00:00.000000"], ["created_at", "2020-03-10 20:00:54.249697"], ["updated_at", "2020-03-10 20:00:54.249697"]]
  [1m[36m (0.0ms)[0m  [1mRELEASE SAVEPOINT active_record_1[0m
  [1m[35m (0.0ms)[0m  SAVEPOINT active_record_1
  [1m[36mSQL (0.1ms)[0m  [1mINSERT INTO "movies" ("title", "rating", "release_date", "created_at", "updated_at") VALUES (?, ?, ?, ?, ?)[0m  [["title", "The Incredibles"], ["rating", "PG"], ["release_date", "2004-11-05 00:00:00.000000"], ["created_at", "2020-03-10 20:00:54.251026"], ["updated_at", "2020-03-10 20:00:54.251026"]]
  [1m[35m (0.1ms)[0m  RELEASE SAVEPOINT active_record_1
  [1m[36m (0.0ms)[0m  [1mSAVEPOINT active_record_1[0m
  [1m[35mSQL (0.1ms)[0m  INSERT INTO "movies" ("title", "rating", "release_date", "created_at", "updated_at") VALUES (?, ?, ?, ?, ?)  [["title", "Raiders of the Lost Ark"], ["rating", "PG"], ["release_date", "1981-06-12 00:00:00.000000"], ["created_at", "2020-03-10 20:00:54.252434"], ["updated_at", "2020-03-10 20:00:54.252434"]]
  [1m[36m (0.0ms)[0m  [1mRELEASE SAVEPOINT active_record_1[0m
  [1m[35m (0.0ms)[0m  SAVEPOINT active_record_1
  [1m[36mSQL (0.1ms)[0m  [1mINSERT INTO "movies" ("title", "rating", "release_date", "created_at", "updated_at") VALUES (?, ?, ?, ?, ?)[0m  [["title", "Chicken Run"], ["rating", "G"], ["release_date", "2000-06-21 00:00:00.000000"], ["created_at", "2020-03-10 20:00:54.253809"], ["updated_at", "2020-03-10 20:00:54.253809"]]
  [1m[35m (0.0ms)[0m  RELEASE SAVEPOINT active_record_1
Started GET "/movies" for 127.0.0.1 at 2020-03-10 20:00:54 +0000
Processing by MoviesController#index as HTML
  [1m[36mMovie Load (0.2ms)[0m  [1mSELECT "movies".* FROM "movies" WHERE "movies"."rating" IN ('G', 'PG', 'PG-13', 'NC-17', 'R')[0m
  Rendered movies/index.html.haml within layouts/application (3.2ms)
Completed 200 OK in 5ms (Views: 4.3ms | ActiveRecord: 0.2ms)
Started GET "/movies?ratings[G]=G&ratings[NC-17]=NC-17&ratings[PG]=PG&ratings[PG-13]=PG-13&ratings[R]=R&sort=title" for 127.0.0.1 at 2020-03-10 20:00:54 +0000
Processing by MoviesController#index as HTML
  Parameters: {"ratings"=>{"G"=>"G", "NC-17"=>"NC-17", "PG"=>"PG", "PG-13"=>"PG-13", "R"=>"R"}, "sort"=>"title"}
Redirected to http://www.example.com/movies?ratings%5BG%5D=G&ratings%5BNC-17%5D=NC-17&ratings%5BPG%5D=PG&ratings%5BPG-13%5D=PG-13&ratings%5BR%5D=R&sort=title
Completed 302 Found in 1ms (ActiveRecord: 0.0ms)
Started GET "/movies?ratings[G]=G&ratings[NC-17]=NC-17&ratings[PG]=PG&ratings[PG-13]=PG-13&ratings[R]=R&sort=title" for 127.0.0.1 at 2020-03-10 20:00:54 +0000
Processing by MoviesController#index as HTML
  Parameters: {"ratings"=>{"G"=>"G", "NC-17"=>"NC-17", "PG"=>"PG", "PG-13"=>"PG-13", "R"=>"R"}, "sort"=>"title"}
  [1m[35mMovie Load (0.2ms)[0m  SELECT "movies".* FROM "movies" WHERE "movies"."rating" IN ('G', 'NC-17', 'PG', 'PG-13', 'R')  ORDER BY "movies"."title" ASC
  Rendered movies/index.html.haml within layouts/application (3.5ms)
Completed 200 OK in 5ms (Views: 4.5ms | ActiveRecord: 0.2ms)
  [1m[36m (0.2ms)[0m  [1mrollback transaction[0m
  [1m[35m (0.0ms)[0m  begin transaction
  [1m[36m (0.0ms)[0m  [1mcommit transaction[0m
  [1m[35m (0.0ms)[0m  begin transaction
  [1m[36m (0.0ms)[0m  [1mSAVEPOINT active_record_1[0m
  [1m[35mSQL (0.1ms)[0m  INSERT INTO "movies" ("title", "rating", "release_date", "created_at", "updated_at") VALUES (?, ?, ?, ?, ?)  [["title", "Aladdin"], ["rating", "G"], ["release_date", "1992-11-25 00:00:00.000000"], ["created_at", "2020-03-10 20:00:54.286203"], ["updated_at", "2020-03-10 20:00:54.286203"]]
  [1m[36m (0.0ms)[0m  [1mRELEASE SAVEPOINT active_record_1[0m
  [1m[35m (0.0ms)[0m  SAVEPOINT active_record_1
  [1m[36mSQL (0.1ms)[0m  [1mINSERT INTO "movies" ("title", "rating", "release_date", "created_at", "updated_at") VALUES (?, ?, ?, ?, ?)[0m  [["title", "The Terminator"], ["rating", "R"], ["release_date", "1984-10-26 00:00:00.000000"], ["created_at", "2020-03-10 20:00:54.287724"], ["updated_at", "2020-03-10 20:00:54.287724"]]
  [1m[35m (0.0ms)[0m  RELEASE SAVEPOINT active_record_1
  [1m[36m (0.0ms)[0m  [1mSAVEPOINT active_record_1[0m
  [1m[35mSQL (0.1ms)[0m  INSERT INTO "movies" ("title", "rating", "release_date", "created_at", "updated_at") VALUES (?, ?, ?, ?, ?)  [["title", "When Harry Met Sally"], ["rating", "R"], ["release_date", "1989-07-21 00:00:00.000000"], ["created_at", "2020-03-10 20:00:54.289122"], ["updated_at", "2020-03-10 20:00:54.289122"]]
  [1m[36m (0.0ms)[0m  [1mRELEASE SAVEPOINT active_record_1[0m
  [1m[35m (0.0ms)[0m  SAVEPOINT active_record_1
  [1m[36mSQL (0.1ms)[0m  [1mINSERT INTO "movies" ("title", "rating", "release_date", "created_at", "updated_at") VALUES (?, ?, ?, ?, ?)[0m  [["title", "The Help"], ["rating", "PG-13"], ["release_date", "2011-08-10 00:00:00.000000"], ["created_at", "2020-03-10 20:00:54.290437"], ["updated_at", "2020-03-10 20:00:54.290437"]]
  [1m[35m (0.0ms)[0m  RELEASE SAVEPOINT active_record_1
  [1m[36m (0.0ms)[0m  [1mSAVEPOINT active_record_1[0m
  [1m[35mSQL (0.1ms)[0m  INSERT INTO "movies" ("title", "rating", "release_date", "created_at", "updated_at") VALUES (?, ?, ?, ?, ?)  [["title", "Chocolat"], ["rating", "PG-13"], ["release_date", "2001-01-05 00:00:00.000000"], ["created_at", "2020-03-10 20:00:54.291758"], ["updated_at", "2020-03-10 20:00:54.291758"]]
  [1m[36m (0.0ms)[0m  [1mRELEASE SAVEPOINT active_record_1[0m
  [1m[35m (0.0ms)[0m  SAVEPOINT active_record_1
  [1m[36mSQL (0.1ms)[0m  [1mINSERT INTO "movies" ("title", "rating", "release_date", "created_at", "updated_at") VALUES (?, ?, ?, ?, ?)[0m  [["title", "Amelie"], ["rating", "R"], ["release_date", "2001-04-25 00:00:00.000000"], ["created_at", "2020-03-10 20:00:54.293145"], ["updated_at", "2020-03-10 20:00:54.293145"]]
  [1m[35m (0.0ms)[0m  RELEASE SAVEPOINT active_record_1
  [1m[36m (0.0ms)[0m  [1mSAVEPOINT active_record_1[0m
  [1m[35mSQL (0.1ms)[0m  INSERT INTO "movies" ("title", "rating", "release_date", "created_at", "updated_at") VALUES (?, ?, ?, ?, ?)  [["title", "2001: A Space Odyssey"], ["rating", "G"], ["release_date", "1968-04-06 00:00:00.000000"], ["created_at", "2020-03-10 20:00:54.294495"], ["updated_at", "2020-03-10 20:00:54.294495"]]
  [1m[36m (0.0ms)[0m  [1mRELEASE SAVEPOINT active_record_1[0m
  [1m[35m (0.0ms)[0m  SAVEPOINT active_record_1
  [1m[36mSQL (0.1ms)[0m  [1mINSERT INTO "movies" ("title", "rating", "release_date", "created_at", "updated_at") VALUES (?, ?, ?, ?, ?)[0m  [["title", "The Incredibles"], ["rating", "PG"], ["release_date", "2004-11-05 00:00:00.000000"], ["created_at", "2020-03-10 20:00:54.295910"], ["updated_at", "2020-03-10 20:00:54.295910"]]
  [1m[35m (0.0ms)[0m  RELEASE SAVEPOINT active_record_1
  [1m[36m (0.1ms)[0m  [1mSAVEPOINT active_record_1[0m
  [1m[35mSQL (0.1ms)[0m  INSERT INTO "movies" ("title", "rating", "release_date", "created_at", "updated_at") VALUES (?, ?, ?, ?, ?)  [["title", "Raiders of the Lost Ark"], ["rating", "PG"], ["release_date", "1981-06-12 00:00:00.000000"], ["created_at", "2020-03-10 20:00:54.297283"], ["updated_at", "2020-03-10 20:00:54.297283"]]
  [1m[36m (0.0ms)[0m  [1mRELEASE SAVEPOINT active_record_1[0m
  [1m[35m (0.1ms)[0m  SAVEPOINT active_record_1
  [1m[36mSQL (0.1ms)[0m  [1mINSERT INTO "movies" ("title", "rating", "release_date", "created_at", "updated_at") VALUES (?, ?, ?, ?, ?)[0m  [["title", "Chicken Run"], ["rating", "G"], ["release_date", "2000-06-21 00:00:00.000000"], ["created_at", "2020-03-10 20:00:54.298700"], ["updated_at", "2020-03-10 20:00:54.298700"]]
  [1m[35m (0.0ms)[0m  RELEASE SAVEPOINT active_record_1
Started GET "/movies" for 127.0.0.1 at 2020-03-10 20:00:54 +0000
Processing by MoviesController#index as HTML
  [1m[36mMovie Load (0.2ms)[0m  [1mSELECT "movies".* FROM "movies" WHERE "movies"."rating" IN ('G', 'PG', 'PG-13', 'NC-17', 'R')[0m
  Rendered movies/index.html.haml within layouts/application (3.2ms)
Completed 200 OK in 5ms (Views: 4.2ms | ActiveRecord: 0.2ms)
Started GET "/movies?ratings[G]=G&ratings[NC-17]=NC-17&ratings[PG]=PG&ratings[PG-13]=PG-13&ratings[R]=R&sort=release_date" for 127.0.0.1 at 2020-03-10 20:00:54 +0000
Processing by MoviesController#index as HTML
  Parameters: {"ratings"=>{"G"=>"G", "NC-17"=>"NC-17", "PG"=>"PG", "PG-13"=>"PG-13", "R"=>"R"}, "sort"=>"release_date"}
Redirected to http://www.example.com/movies?ratings%5BG%5D=G&ratings%5BNC-17%5D=NC-17&ratings%5BPG%5D=PG&ratings%5BPG-13%5D=PG-13&ratings%5BR%5D=R&sort=release_date
Completed 302 Found in 1ms (ActiveRecord: 0.0ms)
Started GET "/movies?ratings[G]=G&ratings[NC-17]=NC-17&ratings[PG]=PG&ratings[PG-13]=PG-13&ratings[R]=R&sort=release_date" for 127.0.0.1 at 2020-03-10 20:00:54 +0000
Processing by MoviesController#index as HTML
  Parameters: {"ratings"=>{"G"=>"G", "NC-17"=>"NC-17", "PG"=>"PG", "PG-13"=>"PG-13", "R"=>"R"}, "sort"=>"release_date"}
  [1m[35mMovie Load (0.2ms)[0m  SELECT "movies".* FROM "movies" WHERE "movies"."rating" IN ('G', 'NC-17', 'PG', 'PG-13', 'R')  ORDER BY "movies"."release_date" ASC
  Rendered movies/index.html.haml within layouts/application (3.5ms)
Completed 200 OK in 5ms (Views: 4.5ms | ActiveRecord: 0.2ms)
  [1m[36m (0.2ms)[0m  [1mrollback transaction[0m
  [1m[36mActiveRecord::SchemaMigration Load (0.1ms)[0m  [1mSELECT "schema_migrations".* FROM "schema_migrations"[0m
  [1m[35m (0.1ms)[0m  begin transaction
Processing by MoviesController#director as HTML
  Parameters: {"id"=>"1"}
  Template rendering was prevented by rspec-rails. Use `render_views` to verify rendered view contents if necessary.
  Rendered movies/director.html.haml within layouts/application (0.3ms)
  Template rendering was prevented by rspec-rails. Use `render_views` to verify rendered view contents if necessary.
Completed 200 OK in 9ms (Views: 9.1ms | ActiveRecord: 0.0ms)
  [1m[36m (0.6ms)[0m  [1mrollback transaction[0m
  [1m[35m (0.1ms)[0m  begin transaction
Processing by MoviesController#director as HTML
  Parameters: {"id"=>"1"}
Redirected to http://test.host/movies
Completed 302 Found in 0ms (ActiveRecord: 0.0ms)
  [1m[36m (0.1ms)[0m  [1mrollback transaction[0m
  [1m[35m (0.1ms)[0m  begin transaction
Processing by MoviesController#create as HTML
  Parameters: {"movie"=>{"title"=>"Terrible Movie", "rating"=>"G", "director"=>"Dr. V"}}
Redirected to http://test.host/movies
Completed 302 Found in 1ms (ActiveRecord: 0.0ms)
  [1m[36m (0.1ms)[0m  [1mrollback transaction[0m
  [1m[35m (0.1ms)[0m  begin transaction
Processing by MoviesController#show as HTML
  Parameters: {"id"=>"1"}
  Template rendering was prevented by rspec-rails. Use `render_views` to verify rendered view contents if necessary.
  Rendered movies/show.html.haml within layouts/application (0.3ms)
Completed 200 OK in 2ms (Views: 1.5ms | ActiveRecord: 0.0ms)
  [1m[36m (0.1ms)[0m  [1mrollback transaction[0m
  [1m[35m (0.1ms)[0m  begin transaction
Processing by MoviesController#destroy as HTML
  Parameters: {"id"=>"1"}
Redirected to http://test.host/movies
Completed 302 Found in 0ms (ActiveRecord: 0.0ms)
  [1m[36m (0.1ms)[0m  [1mrollback transaction[0m
  [1m[35m (0.1ms)[0m  begin transaction
Processing by MoviesController#edit as HTML
  Parameters: {"id"=>"1"}
  Template rendering was prevented by rspec-rails. Use `render_views` to verify rendered view contents if necessary.
  Rendered movies/edit.html.haml within layouts/application (0.2ms)
Completed 200 OK in 2ms (Views: 1.4ms | ActiveRecord: 0.0ms)
  [1m[36m (0.1ms)[0m  [1mrollback transaction[0m
  [1m[35m (0.1ms)[0m  begin transaction
Processing by MoviesController#new as HTML
  Template rendering was prevented by rspec-rails. Use `render_views` to verify rendered view contents if necessary.
  Rendered movies/new.html.haml within layouts/application (0.3ms)
Completed 200 OK in 2ms (Views: 1.5ms | ActiveRecord: 0.0ms)
  [1m[36m (0.1ms)[0m  [1mrollback transaction[0m
  [1m[35m (0.1ms)[0m  begin transaction
  [1m[36m (0.0ms)[0m  [1mSAVEPOINT active_record_1[0m
  [1m[35mSQL (0.3ms)[0m  INSERT INTO "movies" ("director", "created_at", "updated_at") VALUES (?, ?, ?)  [["director", "Dummy Director 1"], ["created_at", "2020-03-10 20:01:01.985397"], ["updated_at", "2020-03-10 20:01:01.985397"]]
  [1m[36m (0.1ms)[0m  [1mRELEASE SAVEPOINT active_record_1[0m
  [1m[35m (0.0ms)[0m  SAVEPOINT active_record_1
  [1m[36mSQL (0.2ms)[0m  [1mINSERT INTO "movies" ("director", "created_at", "updated_at") VALUES (?, ?, ?)[0m  [["director", "Dummy Director 1"], ["created_at", "2020-03-10 20:01:01.987343"], ["updated_at", "2020-03-10 20:01:01.987343"]]
  [1m[35m (0.0ms)[0m  RELEASE SAVEPOINT active_record_1
  [1m[36mMovie Load (0.1ms)[0m  [1mSELECT "movies".* FROM "movies" WHERE (director = 'Dummy Director 1')[0m
  [1m[35m (0.1ms)[0m  rollback transaction
  [1m[36m (0.1ms)[0m  [1mbegin transaction[0m
  [1m[35m (0.0ms)[0m  SAVEPOINT active_record_1
  [1m[36mSQL (0.2ms)[0m  [1mINSERT INTO "movies" ("director", "created_at", "updated_at") VALUES (?, ?, ?)[0m  [["director", "Dummy Director 1"], ["created_at", "2020-03-10 20:01:01.993696"], ["updated_at", "2020-03-10 20:01:01.993696"]]
  [1m[35m (0.0ms)[0m  RELEASE SAVEPOINT active_record_1
  [1m[36m (0.0ms)[0m  [1mSAVEPOINT active_record_1[0m
  [1m[35mSQL (0.1ms)[0m  INSERT INTO "movies" ("director", "created_at", "updated_at") VALUES (?, ?, ?)  [["director", "Dummy Director 2"], ["created_at", "2020-03-10 20:01:01.995159"], ["updated_at", "2020-03-10 20:01:01.995159"]]
  [1m[36m (0.0ms)[0m  [1mRELEASE SAVEPOINT active_record_1[0m
  [1m[35mMovie Load (0.1ms)[0m  SELECT "movies".* FROM "movies" WHERE (director = 'Dummy Director 1')
  [1m[36m (0.1ms)[0m  [1mrollback transaction[0m
  [1m[36mActiveRecord::SchemaMigration Load (0.1ms)[0m  [1mSELECT "schema_migrations".* FROM "schema_migrations"[0m
  [1m[35m (0.1ms)[0m  begin transaction
  [1m[36m (0.0ms)[0m  [1mcommit transaction[0m
  [1m[35m (0.0ms)[0m  begin transaction
  [1m[36m (0.0ms)[0m  [1mSAVEPOINT active_record_1[0m
  [1m[35mSQL (0.2ms)[0m  INSERT INTO "movies" ("title", "rating", "director", "release_date", "created_at", "updated_at") VALUES (?, ?, ?, ?, ?, ?)  [["title", "Star Wars"], ["rating", "PG"], ["director", "George Lucas"], ["release_date", "1977-05-25 00:00:00.000000"], ["created_at", "2020-03-10 20:14:22.852727"], ["updated_at", "2020-03-10 20:14:22.852727"]]
  [1m[36m (0.1ms)[0m  [1mRELEASE SAVEPOINT active_record_1[0m
  [1m[35m (0.0ms)[0m  SAVEPOINT active_record_1
  [1m[36mSQL (0.1ms)[0m  [1mINSERT INTO "movies" ("title", "rating", "director", "release_date", "created_at", "updated_at") VALUES (?, ?, ?, ?, ?, ?)[0m  [["title", "Blade Runner"], ["rating", "PG"], ["director", "Ridley Scott"], ["release_date", "1982-06-25 00:00:00.000000"], ["created_at", "2020-03-10 20:14:22.854722"], ["updated_at", "2020-03-10 20:14:22.854722"]]
  [1m[35m (0.0ms)[0m  RELEASE SAVEPOINT active_record_1
  [1m[36m (0.0ms)[0m  [1mSAVEPOINT active_record_1[0m
  [1m[35mSQL (0.1ms)[0m  INSERT INTO "movies" ("title", "rating", "director", "release_date", "created_at", "updated_at") VALUES (?, ?, ?, ?, ?, ?)  [["title", "Alien"], ["rating", "R"], ["director", ""], ["release_date", "1979-05-25 00:00:00.000000"], ["created_at", "2020-03-10 20:14:22.856742"], ["updated_at", "2020-03-10 20:14:22.856742"]]
  [1m[36m (0.0ms)[0m  [1mRELEASE SAVEPOINT active_record_1[0m
  [1m[35m (0.0ms)[0m  SAVEPOINT active_record_1
  [1m[36mSQL (0.1ms)[0m  [1mINSERT INTO "movies" ("title", "rating", "director", "release_date", "created_at", "updated_at") VALUES (?, ?, ?, ?, ?, ?)[0m  [["title", "THX-1138"], ["rating", "R"], ["director", "George Lucas"], ["release_date", "1971-03-11 00:00:00.000000"], ["created_at", "2020-03-10 20:14:22.858165"], ["updated_at", "2020-03-10 20:14:22.858165"]]
  [1m[35m (0.0ms)[0m  RELEASE SAVEPOINT active_record_1
  [1m[36mMovie Load (0.1ms)[0m  [1mSELECT  "movies".* FROM "movies" WHERE "movies"."title" = ? LIMIT 1[0m  [["title", "Alien"]]
Started GET "/movies/3/edit" for 127.0.0.1 at 2020-03-10 20:14:22 +0000
Processing by MoviesController#edit as HTML
  Parameters: {"id"=>"3"}
  [1m[35mMovie Load (0.1ms)[0m  SELECT  "movies".* FROM "movies" WHERE "movies"."id" = ? LIMIT 1  [["id", 3]]
  Rendered movies/edit.html.haml within layouts/application (9.3ms)
Completed 200 OK in 144ms (Views: 143.3ms | ActiveRecord: 0.1ms)
Started PUT "/movies/3" for 127.0.0.1 at 2020-03-10 20:14:23 +0000
Processing by MoviesController#update as HTML
  Parameters: {"utf8"=>"✓", "movie"=>{"title"=>"Alien", "rating"=>"R", "director"=>"Ridley Scott", "release_date(1i)"=>"1979", "release_date(2i)"=>"5", "release_date(3i)"=>"25"}, "commit"=>"Update Movie Info", "id"=>"3"}
  [1m[36mMovie Load (0.1ms)[0m  [1mSELECT  "movies".* FROM "movies" WHERE "movies"."id" = ? LIMIT 1[0m  [["id", 3]]
  [1m[35m (0.1ms)[0m  SAVEPOINT active_record_1
  [1m[36mSQL (0.1ms)[0m  [1mUPDATE "movies" SET "director" = ?, "updated_at" = ? WHERE "movies"."id" = ?[0m  [["director", "Ridley Scott"], ["updated_at", "2020-03-10 20:14:23.038356"], ["id", 3]]
  [1m[35m (0.0ms)[0m  RELEASE SAVEPOINT active_record_1
Redirected to http://www.example.com/movies/3
Completed 302 Found in 3ms (ActiveRecord: 0.3ms)
Started GET "/movies/3" for 127.0.0.1 at 2020-03-10 20:14:23 +0000
Processing by MoviesController#show as HTML
  Parameters: {"id"=>"3"}
  [1m[36mMovie Load (0.0ms)[0m  [1mSELECT  "movies".* FROM "movies" WHERE "movies"."id" = ? LIMIT 1[0m  [["id", 3]]
  Rendered movies/show.html.haml within layouts/application (2.4ms)
Completed 200 OK in 5ms (Views: 4.3ms | ActiveRecord: 0.0ms)
  [1m[35mMovie Load (0.1ms)[0m  SELECT  "movies".* FROM "movies" WHERE "movies"."title" = ? LIMIT 1  [["title", "Alien"]]
  [1m[36m (0.1ms)[0m  [1mrollback transaction[0m
  [1m[35m (0.1ms)[0m  begin transaction
  [1m[36m (0.0ms)[0m  [1mcommit transaction[0m
  [1m[35m (0.0ms)[0m  begin transaction
  [1m[36m (0.0ms)[0m  [1mSAVEPOINT active_record_1[0m
  [1m[35mSQL (0.2ms)[0m  INSERT INTO "movies" ("title", "rating", "director", "release_date", "created_at", "updated_at") VALUES (?, ?, ?, ?, ?, ?)  [["title", "Star Wars"], ["rating", "PG"], ["director", "George Lucas"], ["release_date", "1977-05-25 00:00:00.000000"], ["created_at", "2020-03-10 20:14:23.053965"], ["updated_at", "2020-03-10 20:14:23.053965"]]
  [1m[36m (0.0ms)[0m  [1mRELEASE SAVEPOINT active_record_1[0m
  [1m[35m (0.0ms)[0m  SAVEPOINT active_record_1
  [1m[36mSQL (0.1ms)[0m  [1mINSERT INTO "movies" ("title", "rating", "director", "release_date", "created_at", "updated_at") VALUES (?, ?, ?, ?, ?, ?)[0m  [["title", "Blade Runner"], ["rating", "PG"], ["director", "Ridley Scott"], ["release_date", "1982-06-25 00:00:00.000000"], ["created_at", "2020-03-10 20:14:23.055591"], ["updated_at", "2020-03-10 20:14:23.055591"]]
  [1m[35m (0.0ms)[0m  RELEASE SAVEPOINT active_record_1
  [1m[36m (0.0ms)[0m  [1mSAVEPOINT active_record_1[0m
  [1m[35mSQL (0.1ms)[0m  INSERT INTO "movies" ("title", "rating", "director", "release_date", "created_at", "updated_at") VALUES (?, ?, ?, ?, ?, ?)  [["title", "Alien"], ["rating", "R"], ["director", ""], ["release_date", "1979-05-25 00:00:00.000000"], ["created_at", "2020-03-10 20:14:23.057110"], ["updated_at", "2020-03-10 20:14:23.057110"]]
  [1m[36m (0.1ms)[0m  [1mRELEASE SAVEPOINT active_record_1[0m
  [1m[35m (0.0ms)[0m  SAVEPOINT active_record_1
  [1m[36mSQL (0.1ms)[0m  [1mINSERT INTO "movies" ("title", "rating", "director", "release_date", "created_at", "updated_at") VALUES (?, ?, ?, ?, ?, ?)[0m  [["title", "THX-1138"], ["rating", "R"], ["director", "George Lucas"], ["release_date", "1971-03-11 00:00:00.000000"], ["created_at", "2020-03-10 20:14:23.058499"], ["updated_at", "2020-03-10 20:14:23.058499"]]
  [1m[35m (0.1ms)[0m  RELEASE SAVEPOINT active_record_1
  [1m[36mMovie Load (0.0ms)[0m  [1mSELECT  "movies".* FROM "movies" WHERE "movies"."title" = ? LIMIT 1[0m  [["title", "Star Wars"]]
Started GET "/movies/1" for 127.0.0.1 at 2020-03-10 20:14:23 +0000
Processing by MoviesController#show as HTML
  Parameters: {"id"=>"1"}
  [1m[35mMovie Load (0.0ms)[0m  SELECT  "movies".* FROM "movies" WHERE "movies"."id" = ? LIMIT 1  [["id", 1]]
  Rendered movies/show.html.haml within layouts/application (0.6ms)
Completed 200 OK in 2ms (Views: 1.9ms | ActiveRecord: 0.0ms)
Started GET "/movies/director/1" for 127.0.0.1 at 2020-03-10 20:14:23 +0000
Processing by MoviesController#director as HTML
  Parameters: {"id"=>"1"}
  [1m[36mMovie Load (0.0ms)[0m  [1mSELECT  "movies".* FROM "movies" WHERE "movies"."id" = ? LIMIT 1[0m  [["id", 1]]
  [1m[35mMovie Load (0.1ms)[0m  SELECT "movies".* FROM "movies" WHERE (director = 'George Lucas')
  Rendered movies/director.html.haml within layouts/application (2.8ms)
Completed 200 OK in 5ms (Views: 4.2ms | ActiveRecord: 0.2ms)
  [1m[36mMovie Load (0.1ms)[0m  [1mSELECT  "movies".* FROM "movies" WHERE "movies"."title" = ? LIMIT 1[0m  [["title", "Star Wars"]]
  [1m[35m (0.1ms)[0m  rollback transaction
  [1m[36m (0.1ms)[0m  [1mbegin transaction[0m
  [1m[35m (0.0ms)[0m  commit transaction
  [1m[36m (0.0ms)[0m  [1mbegin transaction[0m
  [1m[35m (0.1ms)[0m  SAVEPOINT active_record_1
  [1m[36mSQL (0.1ms)[0m  [1mINSERT INTO "movies" ("title", "rating", "director", "release_date", "created_at", "updated_at") VALUES (?, ?, ?, ?, ?, ?)[0m  [["title", "Star Wars"], ["rating", "PG"], ["director", "George Lucas"], ["release_date", "1977-05-25 00:00:00.000000"], ["created_at", "2020-03-10 20:14:23.086864"], ["updated_at", "2020-03-10 20:14:23.086864"]]
  [1m[35m (0.0ms)[0m  RELEASE SAVEPOINT active_record_1
  [1m[36m (0.0ms)[0m  [1mSAVEPOINT active_record_1[0m
  [1m[35mSQL (0.1ms)[0m  INSERT INTO "movies" ("title", "rating", "director", "release_date", "created_at", "updated_at") VALUES (?, ?, ?, ?, ?, ?)  [["title", "Blade Runner"], ["rating", "PG"], ["director", "Ridley Scott"], ["release_date", "1982-06-25 00:00:00.000000"], ["created_at", "2020-03-10 20:14:23.088540"], ["updated_at", "2020-03-10 20:14:23.088540"]]
  [1m[36m (0.0ms)[0m  [1mRELEASE SAVEPOINT active_record_1[0m
  [1m[35m (0.0ms)[0m  SAVEPOINT active_record_1
  [1m[36mSQL (0.1ms)[0m  [1mINSERT INTO "movies" ("title", "rating", "director", "release_date", "created_at", "updated_at") VALUES (?, ?, ?, ?, ?, ?)[0m  [["title", "Alien"], ["rating", "R"], ["director", ""], ["release_date", "1979-05-25 00:00:00.000000"], ["created_at", "2020-03-10 20:14:23.089977"], ["updated_at", "2020-03-10 20:14:23.089977"]]
  [1m[35m (0.0ms)[0m  RELEASE SAVEPOINT active_record_1
  [1m[36m (0.0ms)[0m  [1mSAVEPOINT active_record_1[0m
  [1m[35mSQL (0.1ms)[0m  INSERT INTO "movies" ("title", "rating", "director", "release_date", "created_at", "updated_at") VALUES (?, ?, ?, ?, ?, ?)  [["title", "THX-1138"], ["rating", "R"], ["director", "George Lucas"], ["release_date", "1971-03-11 00:00:00.000000"], ["created_at", "2020-03-10 20:14:23.091392"], ["updated_at", "2020-03-10 20:14:23.091392"]]
  [1m[36m (0.0ms)[0m  [1mRELEASE SAVEPOINT active_record_1[0m
  [1m[35mMovie Load (0.0ms)[0m  SELECT  "movies".* FROM "movies" WHERE "movies"."title" = ? LIMIT 1  [["title", "Alien"]]
Started GET "/movies/3" for 127.0.0.1 at 2020-03-10 20:14:23 +0000
Processing by MoviesController#show as HTML
  Parameters: {"id"=>"3"}
  [1m[36mMovie Load (0.1ms)[0m  [1mSELECT  "movies".* FROM "movies" WHERE "movies"."id" = ? LIMIT 1[0m  [["id", 3]]
  Rendered movies/show.html.haml within layouts/application (0.6ms)
Completed 200 OK in 2ms (Views: 2.0ms | ActiveRecord: 0.1ms)
Started GET "/movies/director/3" for 127.0.0.1 at 2020-03-10 20:14:23 +0000
Processing by MoviesController#director as HTML
  Parameters: {"id"=>"3"}
  [1m[35mMovie Load (0.1ms)[0m  SELECT  "movies".* FROM "movies" WHERE "movies"."id" = ? LIMIT 1  [["id", 3]]
Redirected to http://www.example.com/movies
Completed 302 Found in 1ms (ActiveRecord: 0.1ms)
Started GET "/movies" for 127.0.0.1 at 2020-03-10 20:14:23 +0000
Processing by MoviesController#index as HTML
  [1m[36mMovie Load (0.2ms)[0m  [1mSELECT "movies".* FROM "movies" WHERE "movies"."rating" IN ('G', 'PG', 'PG-13', 'NC-17', 'R')[0m
  Rendered movies/index.html.haml within layouts/application (4.9ms)
Completed 200 OK in 7ms (Views: 6.5ms | ActiveRecord: 0.2ms)
  [1m[35m (0.2ms)[0m  rollback transaction
  [1m[36m (0.1ms)[0m  [1mbegin transaction[0m
  [1m[35m (0.0ms)[0m  commit transaction
  [1m[36m (0.0ms)[0m  [1mbegin transaction[0m
  [1m[35m (0.1ms)[0m  SAVEPOINT active_record_1
  [1m[36mSQL (0.2ms)[0m  [1mINSERT INTO "movies" ("title", "rating", "release_date", "created_at", "updated_at") VALUES (?, ?, ?, ?, ?)[0m  [["title", "Aladdin"], ["rating", "G"], ["release_date", "1992-11-25 00:00:00.000000"], ["created_at", "2020-03-10 20:14:23.121011"], ["updated_at", "2020-03-10 20:14:23.121011"]]
  [1m[35m (0.0ms)[0m  RELEASE SAVEPOINT active_record_1
  [1m[36m (0.0ms)[0m  [1mSAVEPOINT active_record_1[0m
  [1m[35mSQL (0.1ms)[0m  INSERT INTO "movies" ("title", "rating", "release_date", "created_at", "updated_at") VALUES (?, ?, ?, ?, ?)  [["title", "The Terminator"], ["rating", "R"], ["release_date", "1984-10-26 00:00:00.000000"], ["created_at", "2020-03-10 20:14:23.122714"], ["updated_at", "2020-03-10 20:14:23.122714"]]
  [1m[36m (0.0ms)[0m  [1mRELEASE SAVEPOINT active_record_1[0m
  [1m[35m (0.0ms)[0m  SAVEPOINT active_record_1
  [1m[36mSQL (0.1ms)[0m  [1mINSERT INTO "movies" ("title", "rating", "release_date", "created_at", "updated_at") VALUES (?, ?, ?, ?, ?)[0m  [["title", "When Harry Met Sally"], ["rating", "R"], ["release_date", "1989-07-21 00:00:00.000000"], ["created_at", "2020-03-10 20:14:23.124202"], ["updated_at", "2020-03-10 20:14:23.124202"]]
  [1m[35m (0.1ms)[0m  RELEASE SAVEPOINT active_record_1
  [1m[36m (0.1ms)[0m  [1mSAVEPOINT active_record_1[0m
  [1m[35mSQL (0.1ms)[0m  INSERT INTO "movies" ("title", "rating", "release_date", "created_at", "updated_at") VALUES (?, ?, ?, ?, ?)  [["title", "The Help"], ["rating", "PG-13"], ["release_date", "2011-08-10 00:00:00.000000"], ["created_at", "2020-03-10 20:14:23.125606"], ["updated_at", "2020-03-10 20:14:23.125606"]]
  [1m[36m (0.0ms)[0m  [1mRELEASE SAVEPOINT active_record_1[0m
  [1m[35m (0.0ms)[0m  SAVEPOINT active_record_1
  [1m[36mSQL (0.1ms)[0m  [1mINSERT INTO "movies" ("title", "rating", "release_date", "created_at", "updated_at") VALUES (?, ?, ?, ?, ?)[0m  [["title", "Chocolat"], ["rating", "PG-13"], ["release_date", "2001-01-05 00:00:00.000000"], ["created_at", "2020-03-10 20:14:23.126964"], ["updated_at", "2020-03-10 20:14:23.126964"]]
  [1m[35m (0.1ms)[0m  RELEASE SAVEPOINT active_record_1
  [1m[36m (0.0ms)[0m  [1mSAVEPOINT active_record_1[0m
  [1m[35mSQL (0.1ms)[0m  INSERT INTO "movies" ("title", "rating", "release_date", "created_at", "updated_at") VALUES (?, ?, ?, ?, ?)  [["title", "Amelie"], ["rating", "R"], ["release_date", "2001-04-25 00:00:00.000000"], ["created_at", "2020-03-10 20:14:23.128397"], ["updated_at", "2020-03-10 20:14:23.128397"]]
  [1m[36m (0.0ms)[0m  [1mRELEASE SAVEPOINT active_record_1[0m
  [1m[35m (0.0ms)[0m  SAVEPOINT active_record_1
  [1m[36mSQL (0.1ms)[0m  [1mINSERT INTO "movies" ("title", "rating", "release_date", "created_at", "updated_at") VALUES (?, ?, ?, ?, ?)[0m  [["title", "2001: A Space Odyssey"], ["rating", "G"], ["release_date", "1968-04-06 00:00:00.000000"], ["created_at", "2020-03-10 20:14:23.129788"], ["updated_at", "2020-03-10 20:14:23.129788"]]
  [1m[35m (0.0ms)[0m  RELEASE SAVEPOINT active_record_1
  [1m[36m (0.0ms)[0m  [1mSAVEPOINT active_record_1[0m
  [1m[35mSQL (0.1ms)[0m  INSERT INTO "movies" ("title", "rating", "release_date", "created_at", "updated_at") VALUES (?, ?, ?, ?, ?)  [["title", "The Incredibles"], ["rating", "PG"], ["release_date", "2004-11-05 00:00:00.000000"], ["created_at", "2020-03-10 20:14:23.131139"], ["updated_at", "2020-03-10 20:14:23.131139"]]
  [1m[36m (0.0ms)[0m  [1mRELEASE SAVEPOINT active_record_1[0m
  [1m[35m (0.0ms)[0m  SAVEPOINT active_record_1
  [1m[36mSQL (0.1ms)[0m  [1mINSERT INTO "movies" ("title", "rating", "release_date", "created_at", "updated_at") VALUES (?, ?, ?, ?, ?)[0m  [["title", "Raiders of the Lost Ark"], ["rating", "PG"], ["release_date", "1981-06-12 00:00:00.000000"], ["created_at", "2020-03-10 20:14:23.132549"], ["updated_at", "2020-03-10 20:14:23.132549"]]
  [1m[35m (0.1ms)[0m  RELEASE SAVEPOINT active_record_1
  [1m[36m (0.0ms)[0m  [1mSAVEPOINT active_record_1[0m
  [1m[35mSQL (0.1ms)[0m  INSERT INTO "movies" ("title", "rating", "release_date", "created_at", "updated_at") VALUES (?, ?, ?, ?, ?)  [["title", "Chicken Run"], ["rating", "G"], ["release_date", "2000-06-21 00:00:00.000000"], ["created_at", "2020-03-10 20:14:23.133966"], ["updated_at", "2020-03-10 20:14:23.133966"]]
  [1m[36m (0.0ms)[0m  [1mRELEASE SAVEPOINT active_record_1[0m
Started GET "/movies" for 127.0.0.1 at 2020-03-10 20:14:23 +0000
Processing by MoviesController#index as HTML
  [1m[35mMovie Load (0.2ms)[0m  SELECT "movies".* FROM "movies" WHERE "movies"."rating" IN ('G', 'PG', 'PG-13', 'NC-17', 'R')
  Rendered movies/index.html.haml within layouts/application (3.7ms)
Completed 200 OK in 6ms (Views: 4.9ms | ActiveRecord: 0.2ms)
Started GET "/movies?utf8=%E2%9C%93&ratings[PG]=1&ratings[NC-17]=1&ratings[R]=1&commit=Refresh" for 127.0.0.1 at 2020-03-10 20:14:23 +0000
Processing by MoviesController#index as HTML
  Parameters: {"utf8"=>"✓", "ratings"=>{"PG"=>"1", "NC-17"=>"1", "R"=>"1"}, "commit"=>"Refresh"}
Redirected to http://www.example.com/movies?ratings%5BNC-17%5D=1&ratings%5BPG%5D=1&ratings%5BR%5D=1
Completed 302 Found in 1ms (ActiveRecord: 0.0ms)
Started GET "/movies?ratings[NC-17]=1&ratings[PG]=1&ratings[R]=1" for 127.0.0.1 at 2020-03-10 20:14:23 +0000
Processing by MoviesController#index as HTML
  Parameters: {"ratings"=>{"NC-17"=>"1", "PG"=>"1", "R"=>"1"}}
  [1m[36mMovie Load (0.2ms)[0m  [1mSELECT "movies".* FROM "movies" WHERE "movies"."rating" IN ('NC-17', 'PG', 'R')[0m
  Rendered movies/index.html.haml within layouts/application (2.6ms)
Completed 200 OK in 5ms (Views: 3.8ms | ActiveRecord: 0.2ms)
  [1m[35m (0.2ms)[0m  rollback transaction
  [1m[36m (0.1ms)[0m  [1mbegin transaction[0m
  [1m[35m (0.0ms)[0m  commit transaction
  [1m[36m (0.0ms)[0m  [1mbegin transaction[0m
  [1m[35m (0.1ms)[0m  SAVEPOINT active_record_1
  [1m[36mSQL (0.2ms)[0m  [1mINSERT INTO "movies" ("title", "rating", "release_date", "created_at", "updated_at") VALUES (?, ?, ?, ?, ?)[0m  [["title", "Aladdin"], ["rating", "G"], ["release_date", "1992-11-25 00:00:00.000000"], ["created_at", "2020-03-10 20:14:23.199695"], ["updated_at", "2020-03-10 20:14:23.199695"]]
  [1m[35m (0.1ms)[0m  RELEASE SAVEPOINT active_record_1
  [1m[36m (0.1ms)[0m  [1mSAVEPOINT active_record_1[0m
  [1m[35mSQL (0.1ms)[0m  INSERT INTO "movies" ("title", "rating", "release_date", "created_at", "updated_at") VALUES (?, ?, ?, ?, ?)  [["title", "The Terminator"], ["rating", "R"], ["release_date", "1984-10-26 00:00:00.000000"], ["created_at", "2020-03-10 20:14:23.201448"], ["updated_at", "2020-03-10 20:14:23.201448"]]
  [1m[36m (0.1ms)[0m  [1mRELEASE SAVEPOINT active_record_1[0m
  [1m[35m (0.0ms)[0m  SAVEPOINT active_record_1
  [1m[36mSQL (0.1ms)[0m  [1mINSERT INTO "movies" ("title", "rating", "release_date", "created_at", "updated_at") VALUES (?, ?, ?, ?, ?)[0m  [["title", "When Harry Met Sally"], ["rating", "R"], ["release_date", "1989-07-21 00:00:00.000000"], ["created_at", "2020-03-10 20:14:23.202942"], ["updated_at", "2020-03-10 20:14:23.202942"]]
  [1m[35m (0.0ms)[0m  RELEASE SAVEPOINT active_record_1
  [1m[36m (0.0ms)[0m  [1mSAVEPOINT active_record_1[0m
  [1m[35mSQL (0.1ms)[0m  INSERT INTO "movies" ("title", "rating", "release_date", "created_at", "updated_at") VALUES (?, ?, ?, ?, ?)  [["title", "The Help"], ["rating", "PG-13"], ["release_date", "2011-08-10 00:00:00.000000"], ["created_at", "2020-03-10 20:14:23.204391"], ["updated_at", "2020-03-10 20:14:23.204391"]]
  [1m[36m (0.1ms)[0m  [1mRELEASE SAVEPOINT active_record_1[0m
  [1m[35m (0.0ms)[0m  SAVEPOINT active_record_1
  [1m[36mSQL (0.1ms)[0m  [1mINSERT INTO "movies" ("title", "rating", "release_date", "created_at", "updated_at") VALUES (?, ?, ?, ?, ?)[0m  [["title", "Chocolat"], ["rating", "PG-13"], ["release_date", "2001-01-05 00:00:00.000000"], ["created_at", "2020-03-10 20:14:23.205802"], ["updated_at", "2020-03-10 20:14:23.205802"]]
  [1m[35m (0.1ms)[0m  RELEASE SAVEPOINT active_record_1
  [1m[36m (0.0ms)[0m  [1mSAVEPOINT active_record_1[0m
  [1m[35mSQL (0.1ms)[0m  INSERT INTO "movies" ("title", "rating", "release_date", "created_at", "updated_at") VALUES (?, ?, ?, ?, ?)  [["title", "Amelie"], ["rating", "R"], ["release_date", "2001-04-25 00:00:00.000000"], ["created_at", "2020-03-10 20:14:23.207342"], ["updated_at", "2020-03-10 20:14:23.207342"]]
  [1m[36m (0.0ms)[0m  [1mRELEASE SAVEPOINT active_record_1[0m
  [1m[35m (0.0ms)[0m  SAVEPOINT active_record_1
  [1m[36mSQL (0.1ms)[0m  [1mINSERT INTO "movies" ("title", "rating", "release_date", "created_at", "updated_at") VALUES (?, ?, ?, ?, ?)[0m  [["title", "2001: A Space Odyssey"], ["rating", "G"], ["release_date", "1968-04-06 00:00:00.000000"], ["created_at", "2020-03-10 20:14:23.208820"], ["updated_at", "2020-03-10 20:14:23.208820"]]
  [1m[35m (0.1ms)[0m  RELEASE SAVEPOINT active_record_1
  [1m[36m (0.0ms)[0m  [1mSAVEPOINT active_record_1[0m
  [1m[35mSQL (0.1ms)[0m  INSERT INTO "movies" ("title", "rating", "release_date", "created_at", "updated_at") VALUES (?, ?, ?, ?, ?)  [["title", "The Incredibles"], ["rating", "PG"], ["release_date", "2004-11-05 00:00:00.000000"], ["created_at", "2020-03-10 20:14:23.210285"], ["updated_at", "2020-03-10 20:14:23.210285"]]
  [1m[36m (0.1ms)[0m  [1mRELEASE SAVEPOINT active_record_1[0m
  [1m[35m (0.1ms)[0m  SAVEPOINT active_record_1
  [1m[36mSQL (0.1ms)[0m  [1mINSERT INTO "movies" ("title", "rating", "release_date", "created_at", "updated_at") VALUES (?, ?, ?, ?, ?)[0m  [["title", "Raiders of the Lost Ark"], ["rating", "PG"], ["release_date", "1981-06-12 00:00:00.000000"], ["created_at", "2020-03-10 20:14:23.211743"], ["updated_at", "2020-03-10 20:14:23.211743"]]
  [1m[35m (0.1ms)[0m  RELEASE SAVEPOINT active_record_1
  [1m[36m (0.0ms)[0m  [1mSAVEPOINT active_record_1[0m
  [1m[35mSQL (0.1ms)[0m  INSERT INTO "movies" ("title", "rating", "release_date", "created_at", "updated_at") VALUES (?, ?, ?, ?, ?)  [["title", "Chicken Run"], ["rating", "G"], ["release_date", "2000-06-21 00:00:00.000000"], ["created_at", "2020-03-10 20:14:23.213164"], ["updated_at", "2020-03-10 20:14:23.213164"]]
  [1m[36m (0.1ms)[0m  [1mRELEASE SAVEPOINT active_record_1[0m
Started GET "/movies" for 127.0.0.1 at 2020-03-10 20:14:23 +0000
Processing by MoviesController#index as HTML
  [1m[35mMovie Load (0.2ms)[0m  SELECT "movies".* FROM "movies" WHERE "movies"."rating" IN ('G', 'PG', 'PG-13', 'NC-17', 'R')
  Rendered movies/index.html.haml within layouts/application (3.5ms)
Completed 200 OK in 6ms (Views: 4.9ms | ActiveRecord: 0.2ms)
Started GET "/movies?utf8=%E2%9C%93&ratings[G]=1&ratings[PG]=1&ratings[PG-13]=1&ratings[NC-17]=1&ratings[R]=1&commit=Refresh" for 127.0.0.1 at 2020-03-10 20:14:23 +0000
Processing by MoviesController#index as HTML
  Parameters: {"utf8"=>"✓", "ratings"=>{"G"=>"1", "PG"=>"1", "PG-13"=>"1", "NC-17"=>"1", "R"=>"1"}, "commit"=>"Refresh"}
Redirected to http://www.example.com/movies?ratings%5BG%5D=1&ratings%5BNC-17%5D=1&ratings%5BPG%5D=1&ratings%5BPG-13%5D=1&ratings%5BR%5D=1
Completed 302 Found in 1ms (ActiveRecord: 0.0ms)
Started GET "/movies?ratings[G]=1&ratings[NC-17]=1&ratings[PG]=1&ratings[PG-13]=1&ratings[R]=1" for 127.0.0.1 at 2020-03-10 20:14:23 +0000
Processing by MoviesController#index as HTML
  Parameters: {"ratings"=>{"G"=>"1", "NC-17"=>"1", "PG"=>"1", "PG-13"=>"1", "R"=>"1"}}
  [1m[36mMovie Load (0.2ms)[0m  [1mSELECT "movies".* FROM "movies" WHERE "movies"."rating" IN ('G', 'NC-17', 'PG', 'PG-13', 'R')[0m
  Rendered movies/index.html.haml within layouts/application (3.6ms)
Completed 200 OK in 5ms (Views: 4.7ms | ActiveRecord: 0.2ms)
  [1m[35mMovie Load (0.1ms)[0m  SELECT "movies".* FROM "movies"
  [1m[36m (0.2ms)[0m  [1mrollback transaction[0m
  [1m[35m (0.5ms)[0m  begin transaction
  [1m[36m (0.0ms)[0m  [1mcommit transaction[0m
  [1m[35m (0.0ms)[0m  begin transaction
  [1m[36m (0.1ms)[0m  [1mSAVEPOINT active_record_1[0m
  [1m[35mSQL (0.2ms)[0m  INSERT INTO "movies" ("title", "rating", "release_date", "created_at", "updated_at") VALUES (?, ?, ?, ?, ?)  [["title", "Aladdin"], ["rating", "G"], ["release_date", "1992-11-25 00:00:00.000000"], ["created_at", "2020-03-10 20:14:23.280271"], ["updated_at", "2020-03-10 20:14:23.280271"]]
  [1m[36m (0.0ms)[0m  [1mRELEASE SAVEPOINT active_record_1[0m
  [1m[35m (0.0ms)[0m  SAVEPOINT active_record_1
  [1m[36mSQL (0.1ms)[0m  [1mINSERT INTO "movies" ("title", "rating", "release_date", "created_at", "updated_at") VALUES (?, ?, ?, ?, ?)[0m  [["title", "The Terminator"], ["rating", "R"], ["release_date", "1984-10-26 00:00:00.000000"], ["created_at", "2020-03-10 20:14:23.282974"], ["updated_at", "2020-03-10 20:14:23.282974"]]
  [1m[35m (0.4ms)[0m  RELEASE SAVEPOINT active_record_1
  [1m[36m (0.0ms)[0m  [1mSAVEPOINT active_record_1[0m
  [1m[35mSQL (0.1ms)[0m  INSERT INTO "movies" ("title", "rating", "release_date", "created_at", "updated_at") VALUES (?, ?, ?, ?, ?)  [["title", "When Harry Met Sally"], ["rating", "R"], ["release_date", "1989-07-21 00:00:00.000000"], ["created_at", "2020-03-10 20:14:23.284888"], ["updated_at", "2020-03-10 20:14:23.284888"]]
  [1m[36m (0.0ms)[0m  [1mRELEASE SAVEPOINT active_record_1[0m
  [1m[35m (0.0ms)[0m  SAVEPOINT active_record_1
  [1m[36mSQL (0.5ms)[0m  [1mINSERT INTO "movies" ("title", "rating", "release_date", "created_at", "updated_at") VALUES (?, ?, ?, ?, ?)[0m  [["title", "The Help"], ["rating", "PG-13"], ["release_date", "2011-08-10 00:00:00.000000"], ["created_at", "2020-03-10 20:14:23.287184"], ["updated_at", "2020-03-10 20:14:23.287184"]]
  [1m[35m (0.0ms)[0m  RELEASE SAVEPOINT active_record_1
  [1m[36m (0.0ms)[0m  [1mSAVEPOINT active_record_1[0m
  [1m[35mSQL (0.1ms)[0m  INSERT INTO "movies" ("title", "rating", "release_date", "created_at", "updated_at") VALUES (?, ?, ?, ?, ?)  [["title", "Chocolat"], ["rating", "PG-13"], ["release_date", "2001-01-05 00:00:00.000000"], ["created_at", "2020-03-10 20:14:23.289114"], ["updated_at", "2020-03-10 20:14:23.289114"]]
  [1m[36m (0.0ms)[0m  [1mRELEASE SAVEPOINT active_record_1[0m
  [1m[35m (0.1ms)[0m  SAVEPOINT active_record_1
  [1m[36mSQL (0.1ms)[0m  [1mINSERT INTO "movies" ("title", "rating", "release_date", "created_at", "updated_at") VALUES (?, ?, ?, ?, ?)[0m  [["title", "Amelie"], ["rating", "R"], ["release_date", "2001-04-25 00:00:00.000000"], ["created_at", "2020-03-10 20:14:23.304434"], ["updated_at", "2020-03-10 20:14:23.304434"]]
  [1m[35m (0.1ms)[0m  RELEASE SAVEPOINT active_record_1
  [1m[36m (0.0ms)[0m  [1mSAVEPOINT active_record_1[0m
  [1m[35mSQL (0.1ms)[0m  INSERT INTO "movies" ("title", "rating", "release_date", "created_at", "updated_at") VALUES (?, ?, ?, ?, ?)  [["title", "2001: A Space Odyssey"], ["rating", "G"], ["release_date", "1968-04-06 00:00:00.000000"], ["created_at", "2020-03-10 20:14:23.306530"], ["updated_at", "2020-03-10 20:14:23.306530"]]
  [1m[36m (0.1ms)[0m  [1mRELEASE SAVEPOINT active_record_1[0m
  [1m[35m (0.1ms)[0m  SAVEPOINT active_record_1
  [1m[36mSQL (0.1ms)[0m  [1mINSERT INTO "movies" ("title", "rating", "release_date", "created_at", "updated_at") VALUES (?, ?, ?, ?, ?)[0m  [["title", "The Incredibles"], ["rating", "PG"], ["release_date", "2004-11-05 00:00:00.000000"], ["created_at", "2020-03-10 20:14:23.311479"], ["updated_at", "2020-03-10 20:14:23.311479"]]
  [1m[35m (0.0ms)[0m  RELEASE SAVEPOINT active_record_1
  [1m[36m (0.0ms)[0m  [1mSAVEPOINT active_record_1[0m
  [1m[35mSQL (0.1ms)[0m  INSERT INTO "movies" ("title", "rating", "release_date", "created_at", "updated_at") VALUES (?, ?, ?, ?, ?)  [["title", "Raiders of the Lost Ark"], ["rating", "PG"], ["release_date", "1981-06-12 00:00:00.000000"], ["created_at", "2020-03-10 20:14:23.313500"], ["updated_at", "2020-03-10 20:14:23.313500"]]
  [1m[36m (0.0ms)[0m  [1mRELEASE SAVEPOINT active_record_1[0m
  [1m[35m (0.0ms)[0m  SAVEPOINT active_record_1
  [1m[36mSQL (0.1ms)[0m  [1mINSERT INTO "movies" ("title", "rating", "release_date", "created_at", "updated_at") VALUES (?, ?, ?, ?, ?)[0m  [["title", "Chicken Run"], ["rating", "G"], ["release_date", "2000-06-21 00:00:00.000000"], ["created_at", "2020-03-10 20:14:23.315261"], ["updated_at", "2020-03-10 20:14:23.315261"]]
  [1m[35m (0.0ms)[0m  RELEASE SAVEPOINT active_record_1
Started GET "/movies" for 127.0.0.1 at 2020-03-10 20:14:23 +0000
Processing by MoviesController#index as HTML
  [1m[36mMovie Load (0.2ms)[0m  [1mSELECT "movies".* FROM "movies" WHERE "movies"."rating" IN ('G', 'PG', 'PG-13', 'NC-17', 'R')[0m
  Rendered movies/index.html.haml within layouts/application (5.8ms)
Completed 200 OK in 9ms (Views: 7.4ms | ActiveRecord: 0.2ms)
Started GET "/movies?ratings[G]=G&ratings[NC-17]=NC-17&ratings[PG]=PG&ratings[PG-13]=PG-13&ratings[R]=R&sort=title" for 127.0.0.1 at 2020-03-10 20:14:23 +0000
Processing by MoviesController#index as HTML
  Parameters: {"ratings"=>{"G"=>"G", "NC-17"=>"NC-17", "PG"=>"PG", "PG-13"=>"PG-13", "R"=>"R"}, "sort"=>"title"}
Redirected to http://www.example.com/movies?ratings%5BG%5D=G&ratings%5BNC-17%5D=NC-17&ratings%5BPG%5D=PG&ratings%5BPG-13%5D=PG-13&ratings%5BR%5D=R&sort=title
Completed 302 Found in 1ms (ActiveRecord: 0.0ms)
Started GET "/movies?ratings[G]=G&ratings[NC-17]=NC-17&ratings[PG]=PG&ratings[PG-13]=PG-13&ratings[R]=R&sort=title" for 127.0.0.1 at 2020-03-10 20:14:23 +0000
Processing by MoviesController#index as HTML
  Parameters: {"ratings"=>{"G"=>"G", "NC-17"=>"NC-17", "PG"=>"PG", "PG-13"=>"PG-13", "R"=>"R"}, "sort"=>"title"}
  [1m[35mMovie Load (0.2ms)[0m  SELECT "movies".* FROM "movies" WHERE "movies"."rating" IN ('G', 'NC-17', 'PG', 'PG-13', 'R')  ORDER BY "movies"."title" ASC
  Rendered movies/index.html.haml within layouts/application (5.2ms)
Completed 200 OK in 8ms (Views: 7.1ms | ActiveRecord: 0.2ms)
  [1m[36m (0.2ms)[0m  [1mrollback transaction[0m
  [1m[35m (0.1ms)[0m  begin transaction
  [1m[36m (0.5ms)[0m  [1mcommit transaction[0m
  [1m[35m (0.0ms)[0m  begin transaction
  [1m[36m (0.0ms)[0m  [1mSAVEPOINT active_record_1[0m
  [1m[35mSQL (0.2ms)[0m  INSERT INTO "movies" ("title", "rating", "release_date", "created_at", "updated_at") VALUES (?, ?, ?, ?, ?)  [["title", "Aladdin"], ["rating", "G"], ["release_date", "1992-11-25 00:00:00.000000"], ["created_at", "2020-03-10 20:14:23.368749"], ["updated_at", "2020-03-10 20:14:23.368749"]]
  [1m[36m (0.0ms)[0m  [1mRELEASE SAVEPOINT active_record_1[0m
  [1m[35m (0.0ms)[0m  SAVEPOINT active_record_1
  [1m[36mSQL (0.1ms)[0m  [1mINSERT INTO "movies" ("title", "rating", "release_date", "created_at", "updated_at") VALUES (?, ?, ?, ?, ?)[0m  [["title", "The Terminator"], ["rating", "R"], ["release_date", "1984-10-26 00:00:00.000000"], ["created_at", "2020-03-10 20:14:23.370448"], ["updated_at", "2020-03-10 20:14:23.370448"]]
  [1m[35m (0.0ms)[0m  RELEASE SAVEPOINT active_record_1
  [1m[36m (0.0ms)[0m  [1mSAVEPOINT active_record_1[0m
  [1m[35mSQL (0.1ms)[0m  INSERT INTO "movies" ("title", "rating", "release_date", "created_at", "updated_at") VALUES (?, ?, ?, ?, ?)  [["title", "When Harry Met Sally"], ["rating", "R"], ["release_date", "1989-07-21 00:00:00.000000"], ["created_at", "2020-03-10 20:14:23.372516"], ["updated_at", "2020-03-10 20:14:23.372516"]]
  [1m[36m (0.0ms)[0m  [1mRELEASE SAVEPOINT active_record_1[0m
  [1m[35m (0.0ms)[0m  SAVEPOINT active_record_1
  [1m[36mSQL (0.1ms)[0m  [1mINSERT INTO "movies" ("title", "rating", "release_date", "created_at", "updated_at") VALUES (?, ?, ?, ?, ?)[0m  [["title", "The Help"], ["rating", "PG-13"], ["release_date", "2011-08-10 00:00:00.000000"], ["created_at", "2020-03-10 20:14:23.374440"], ["updated_at", "2020-03-10 20:14:23.374440"]]
  [1m[35m (0.0ms)[0m  RELEASE SAVEPOINT active_record_1
  [1m[36m (0.0ms)[0m  [1mSAVEPOINT active_record_1[0m
  [1m[35mSQL (0.1ms)[0m  INSERT INTO "movies" ("title", "rating", "release_date", "created_at", "updated_at") VALUES (?, ?, ?, ?, ?)  [["title", "Chocolat"], ["rating", "PG-13"], ["release_date", "2001-01-05 00:00:00.000000"], ["created_at", "2020-03-10 20:14:23.376384"], ["updated_at", "2020-03-10 20:14:23.376384"]]
  [1m[36m (0.0ms)[0m  [1mRELEASE SAVEPOINT active_record_1[0m
  [1m[35m (0.1ms)[0m  SAVEPOINT active_record_1
  [1m[36mSQL (0.1ms)[0m  [1mINSERT INTO "movies" ("title", "rating", "release_date", "created_at", "updated_at") VALUES (?, ?, ?, ?, ?)[0m  [["title", "Amelie"], ["rating", "R"], ["release_date", "2001-04-25 00:00:00.000000"], ["created_at", "2020-03-10 20:14:23.378254"], ["updated_at", "2020-03-10 20:14:23.378254"]]
  [1m[35m (0.0ms)[0m  RELEASE SAVEPOINT active_record_1
  [1m[36m (0.0ms)[0m  [1mSAVEPOINT active_record_1[0m
  [1m[35mSQL (0.1ms)[0m  INSERT INTO "movies" ("title", "rating", "release_date", "created_at", "updated_at") VALUES (?, ?, ?, ?, ?)  [["title", "2001: A Space Odyssey"], ["rating", "G"], ["release_date", "1968-04-06 00:00:00.000000"], ["created_at", "2020-03-10 20:14:23.380183"], ["updated_at", "2020-03-10 20:14:23.380183"]]
  [1m[36m (0.0ms)[0m  [1mRELEASE SAVEPOINT active_record_1[0m
  [1m[35m (0.0ms)[0m  SAVEPOINT active_record_1
  [1m[36mSQL (0.1ms)[0m  [1mINSERT INTO "movies" ("title", "rating", "release_date", "created_at", "updated_at") VALUES (?, ?, ?, ?, ?)[0m  [["title", "The Incredibles"], ["rating", "PG"], ["release_date", "2004-11-05 00:00:00.000000"], ["created_at", "2020-03-10 20:14:23.382030"], ["updated_at", "2020-03-10 20:14:23.382030"]]
  [1m[35m (0.0ms)[0m  RELEASE SAVEPOINT active_record_1
  [1m[36m (0.0ms)[0m  [1mSAVEPOINT active_record_1[0m
  [1m[35mSQL (0.1ms)[0m  INSERT INTO "movies" ("title", "rating", "release_date", "created_at", "updated_at") VALUES (?, ?, ?, ?, ?)  [["title", "Raiders of the Lost Ark"], ["rating", "PG"], ["release_date", "1981-06-12 00:00:00.000000"], ["created_at", "2020-03-10 20:14:23.383983"], ["updated_at", "2020-03-10 20:14:23.383983"]]
  [1m[36m (0.0ms)[0m  [1mRELEASE SAVEPOINT active_record_1[0m
  [1m[35m (0.0ms)[0m  SAVEPOINT active_record_1
  [1m[36mSQL (0.1ms)[0m  [1mINSERT INTO "movies" ("title", "rating", "release_date", "created_at", "updated_at") VALUES (?, ?, ?, ?, ?)[0m  [["title", "Chicken Run"], ["rating", "G"], ["release_date", "2000-06-21 00:00:00.000000"], ["created_at", "2020-03-10 20:14:23.386500"], ["updated_at", "2020-03-10 20:14:23.386500"]]
  [1m[35m (0.0ms)[0m  RELEASE SAVEPOINT active_record_1
Started GET "/movies" for 127.0.0.1 at 2020-03-10 20:14:23 +0000
Processing by MoviesController#index as HTML
  [1m[36mMovie Load (0.2ms)[0m  [1mSELECT "movies".* FROM "movies" WHERE "movies"."rating" IN ('G', 'PG', 'PG-13', 'NC-17', 'R')[0m
  Rendered movies/index.html.haml within layouts/application (5.1ms)
Completed 200 OK in 8ms (Views: 6.7ms | ActiveRecord: 0.2ms)
Started GET "/movies?ratings[G]=G&ratings[NC-17]=NC-17&ratings[PG]=PG&ratings[PG-13]=PG-13&ratings[R]=R&sort=release_date" for 127.0.0.1 at 2020-03-10 20:14:23 +0000
Processing by MoviesController#index as HTML
  Parameters: {"ratings"=>{"G"=>"G", "NC-17"=>"NC-17", "PG"=>"PG", "PG-13"=>"PG-13", "R"=>"R"}, "sort"=>"release_date"}
Redirected to http://www.example.com/movies?ratings%5BG%5D=G&ratings%5BNC-17%5D=NC-17&ratings%5BPG%5D=PG&ratings%5BPG-13%5D=PG-13&ratings%5BR%5D=R&sort=release_date
Completed 302 Found in 5ms (ActiveRecord: 0.0ms)
Started GET "/movies?ratings[G]=G&ratings[NC-17]=NC-17&ratings[PG]=PG&ratings[PG-13]=PG-13&ratings[R]=R&sort=release_date" for 127.0.0.1 at 2020-03-10 20:14:23 +0000
Processing by MoviesController#index as HTML
  Parameters: {"ratings"=>{"G"=>"G", "NC-17"=>"NC-17", "PG"=>"PG", "PG-13"=>"PG-13", "R"=>"R"}, "sort"=>"release_date"}
  [1m[35mMovie Load (0.2ms)[0m  SELECT "movies".* FROM "movies" WHERE "movies"."rating" IN ('G', 'NC-17', 'PG', 'PG-13', 'R')  ORDER BY "movies"."release_date" ASC
  Rendered movies/index.html.haml within layouts/application (4.8ms)
Completed 200 OK in 7ms (Views: 6.1ms | ActiveRecord: 0.2ms)
  [1m[36m (0.2ms)[0m  [1mrollback transaction[0m
